CCS PCM C Compiler, Version 5.093, 4770               09-sep.-25 16:42

               Filename:   C:\Users\adrie\OneDrive\Escritorio\EDI2\TP2(Teclado+LCD)\Ejercicio_4\Pic c\Ejercicio_4.lst

               ROM used:   687 words (17%)
                           Largest free fragment is 2048
               RAM used:   15 (4%) at main() level
                           45 (12%) worst case
               Stack used: 7 locations (5 in main + 2 for interrupts)
               Stack size: 16

0000:  MOVLP  00
0001:  GOTO   27B
0002:  NOP
*
0004:  CLRF   03
0005:  MOVLP  00
0006:  MOVLB  00
0007:  MOVF   77,W
0008:  MOVWF  20
0009:  MOVF   78,W
000A:  MOVWF  21
000B:  MOVF   79,W
000C:  MOVWF  22
000D:  MOVF   7A,W
000E:  MOVWF  23
000F:  MOVLB  03
0010:  MOVF   11,W
0011:  MOVLB  00
0012:  MOVWF  24
0013:  MOVLB  03
0014:  MOVF   12,W
0015:  MOVLB  00
0016:  MOVWF  25
0017:  MOVLB  03
0018:  MOVF   13,W
0019:  MOVLB  00
001A:  MOVWF  26
001B:  MOVLB  03
001C:  MOVF   14,W
001D:  MOVLB  00
001E:  MOVWF  27
001F:  BTFSS  0B.5
0020:  GOTO   023
0021:  BTFSC  0B.2
0022:  GOTO   03C
0023:  MOVF   20,W
0024:  MOVWF  77
0025:  MOVF   21,W
0026:  MOVWF  78
0027:  MOVF   22,W
0028:  MOVWF  79
0029:  MOVF   23,W
002A:  MOVWF  7A
002B:  MOVF   24,W
002C:  MOVLB  03
002D:  MOVWF  11
002E:  MOVLB  00
002F:  MOVF   25,W
0030:  MOVLB  03
0031:  MOVWF  12
0032:  MOVLB  00
0033:  MOVF   26,W
0034:  MOVLB  03
0035:  MOVWF  13
0036:  MOVLB  00
0037:  MOVF   27,W
0038:  MOVLB  03
0039:  MOVWF  14
003A:  RETFIE
003B:  MOVLB  00
003C:  MOVLP  00
003D:  GOTO   08A
.................... #include <Ejercicio_4.h>
.................... #include <16F1827.h>
.................... //////////// Standard Header file for the PIC16F1827 device ////////////////
.................... ///////////////////////////////////////////////////////////////////////////
.................... ////        (C) Copyright 1996, 2014 Custom Computer Services          ////
.................... //// This source code may only be used by licensed users of the CCS C  ////
.................... //// compiler.  This source code may only be distributed to other      ////
.................... //// licensed users of the CCS C compiler.  No other use, reproduction ////
.................... //// or distribution is permitted without written permission.          ////
.................... //// Derivative programs created using this software in object code    ////
.................... //// form are not restricted in any way.                               ////
.................... ///////////////////////////////////////////////////////////////////////////
.................... #device PIC16F1827
*
0003:  DATA 0C,00
*
003E:  BRW
003F:  RETLW  6C
0040:  RETLW  6D
0041:  RETLW  6E
0042:  RETLW  6F
0043:  DATA C8,37
0044:  DATA EC,30
0045:  DATA A0,26
0046:  DATA 75,37
0047:  DATA E4,37
0048:  DATA 21,00
0049:  DATA 50,39
004A:  DATA 6F,31
004B:  DATA 61,37
004C:  DATA E4,37
004D:  DATA 20,26
004E:  DATA 43,22
004F:  DATA 00,00
0050:  MOVF   3A,W
0051:  ANDLW  07
0052:  MOVWF  77
0053:  RRF    3A,W
0054:  MOVWF  78
0055:  RRF    78,F
0056:  RRF    78,F
0057:  MOVLW  1F
0058:  ANDWF  78,F
0059:  MOVF   78,W
005A:  ADDWF  3B,W
005B:  MOVWF  04
005C:  MOVLW  00
005D:  ADDWFC 3C,W
005E:  MOVWF  05
005F:  MOVF   00,W
0060:  MOVWF  78
0061:  INCF   77,F
0062:  GOTO   064
0063:  RRF    78,F
0064:  DECFSZ 77,F
0065:  GOTO   063
0066:  MOVLW  01
0067:  ANDWF  78,F
0068:  MOVLP  00
0069:  GOTO   09D (RETURN)
006A:  MOVF   3A,W
006B:  ANDLW  07
006C:  MOVWF  77
006D:  RRF    3A,W
006E:  MOVWF  78
006F:  RRF    78,F
0070:  RRF    78,F
0071:  MOVLW  1F
0072:  ANDWF  78,F
0073:  MOVF   78,W
0074:  ADDWF  3C,W
0075:  MOVWF  04
0076:  MOVLW  00
0077:  ADDWFC 3D,W
0078:  MOVWF  05
0079:  CLRF   78
007A:  INCF   78,F
007B:  INCF   77,F
007C:  GOTO   07E
007D:  RLF    78,F
007E:  DECFSZ 77,F
007F:  GOTO   07D
0080:  MOVF   3B,F
0081:  BTFSC  03.2
0082:  GOTO   086
0083:  MOVF   78,W
0084:  IORWF  00,F
0085:  GOTO   089
0086:  COMF   78,F
0087:  MOVF   78,W
0088:  ANDWF  00,F
0089:  RETURN
*
0231:  MOVF   0B,W
0232:  BCF    0B.7
0233:  MOVLB  03
0234:  BSF    15.7
0235:  BSF    15.0
0236:  NOP
0237:  NOP
0238:  BTFSC  09.7
0239:  BSF    0B.7
023A:  MOVF   13,W
023B:  ANDLW  7F
023C:  BTFSC  03.2
023D:  GOTO   279
023E:  MOVLB  00
023F:  MOVWF  2B
0240:  MOVLB  03
0241:  MOVF   11,W
0242:  MOVLB  00
0243:  MOVWF  2C
0244:  MOVLB  03
0245:  MOVF   12,W
0246:  MOVLB  00
0247:  MOVWF  2D
0248:  MOVF   2B,W
0249:  MOVWF  2E
024A:  CALL   205
024B:  MOVF   2C,W
024C:  MOVLB  03
024D:  MOVWF  11
024E:  MOVLB  00
024F:  MOVF   2D,W
0250:  MOVLB  03
0251:  MOVWF  12
0252:  MOVF   0B,W
0253:  BCF    0B.7
0254:  BSF    15.7
0255:  BSF    15.0
0256:  NOP
0257:  NOP
0258:  BTFSC  09.7
0259:  BSF    0B.7
025A:  RLF    13,W
025B:  RLF    14,W
025C:  ANDLW  7F
025D:  BTFSC  03.2
025E:  GOTO   279
025F:  MOVLB  00
0260:  MOVWF  2B
0261:  MOVLB  03
0262:  MOVF   11,W
0263:  MOVLB  00
0264:  MOVWF  2C
0265:  MOVLB  03
0266:  MOVF   12,W
0267:  MOVLB  00
0268:  MOVWF  2D
0269:  MOVF   2B,W
026A:  MOVWF  2E
026B:  CALL   205
026C:  MOVF   2C,W
026D:  MOVLB  03
026E:  MOVWF  11
026F:  MOVLB  00
0270:  MOVF   2D,W
0271:  MOVLB  03
0272:  MOVWF  12
0273:  INCF   11,F
0274:  BTFSC  03.2
0275:  INCF   12,F
0276:  MOVLB  00
0277:  GOTO   231
0278:  MOVLB  03
0279:  MOVLB  00
027A:  RETURN
.................... 
.................... #list
.................... 
.................... #device ADC=10
.................... #use delay(internal=4MHz)
*
00CB:  MOVLW  20
00CC:  MOVWF  05
00CD:  MOVLW  10
00CE:  MOVWF  04
00CF:  MOVF   00,W
00D0:  BTFSC  03.2
00D1:  GOTO   0E0
00D2:  MOVLW  01
00D3:  MOVWF  78
00D4:  CLRF   77
00D5:  DECFSZ 77,F
00D6:  GOTO   0D5
00D7:  DECFSZ 78,F
00D8:  GOTO   0D4
00D9:  MOVLW  4A
00DA:  MOVWF  77
00DB:  DECFSZ 77,F
00DC:  GOTO   0DB
00DD:  GOTO   0DE
00DE:  DECFSZ 00,F
00DF:  GOTO   0D2
00E0:  RETURN
.................... 
.................... 
.................... #use fast_io(B)
.................... #fuses XT, NOWDT, NOMCLR
.................... 
.................... //=======PROTOTIPOS=======
.................... void INIT_GPIO();
.................... void INIT_TIMER_0();
.................... void INIT_INT_ICO();
.................... 
.................... //======CHAR_TECLADO=====
.................... char const teclado[4][3] = {
....................    {'1', '2', '3'},
....................    {'4', '5', '6'},
....................    {'7', '8', '9'},
....................    {'*', '0', '#'}
.................... };
.................... 
.................... //======DEFINES_LCD======
.................... #define LCD_ENABLE_PIN  PIN_A2 // Pines del LCD
.................... #define LCD_RS_PIN      PIN_A0
.................... #define LCD_RW_PIN      PIN_A1
.................... #define LCD_DATA4       PIN_A3
.................... #define LCD_DATA5       PIN_A4
.................... #define LCD_DATA6       PIN_A5
.................... #define LCD_DATA7       PIN_A6
.................... #include <lcd.c>
.................... ///////////////////////////////////////////////////////////////////////////////
.................... ////                             LCD.C                                     ////
.................... ////                 Driver for common LCD modules                         ////
.................... ////                                                                       ////
.................... ////  lcd_init()   Must be called before any other function.               ////
.................... ////                                                                       ////
.................... ////  lcd_putc(c)  Will display c on the next position of the LCD.         ////
.................... ////                 \a  Set cursor position to upper left                 ////
.................... ////                 \f  Clear display, set cursor to upper left           ////
.................... ////                 \n  Go to start of second line                        ////
.................... ////                 \b  Move back one position                            ////
.................... ////              If LCD_EXTENDED_NEWLINE is defined, the \n character     ////
.................... ////              will erase all remanining characters on the current      ////
.................... ////              line, and move the cursor to the beginning of the next   ////
.................... ////              line.                                                    ////
.................... ////              If LCD_EXTENDED_NEWLINE is defined, the \r character     ////
.................... ////              will move the cursor to the start of the current         ////
.................... ////              line.                                                    ////
.................... ////                                                                       ////
.................... ////  lcd_gotoxy(x,y) Set write position on LCD (upper left is 1,1)        ////
.................... ////                                                                       ////
.................... ////  lcd_getc(x,y)   Returns character at position x,y on LCD             ////
.................... ////                                                                       ////
.................... ////  lcd_cursor_on(int1 on)   Turn the cursor on (on=TRUE) or off         ////
.................... ////              (on=FALSE).                                              ////
.................... ////                                                                       ////
.................... ////  lcd_set_cgram_char(w, *p)   Write a custom character to the CGRAM.   ////
.................... ////                                                                       ////
.................... ////                                                                       ////
.................... ////  CONFIGURATION                                                        ////
.................... ////  The LCD can be configured in one of two ways: a.) port access or     ////
.................... ////  b.) pin access.  Port access requires the entire 7 bit interface     ////
.................... ////  connected to one GPIO port, and the data bits (D4:D7 of the LCD)     ////
.................... ////  connected to sequential pins on the GPIO.  Pin access                ////
.................... ////  has no requirements, all 7 bits of the control interface can         ////
.................... ////  can be connected to any GPIO using several ports.                    ////
.................... ////                                                                       ////
.................... ////  To use port access, #define LCD_DATA_PORT to the SFR location of     ////
.................... ////  of the GPIO port that holds the interface, -AND- edit LCD_PIN_MAP    ////
.................... ////  of this file to configure the pin order.  If you are using a         ////
.................... ////  baseline PIC (PCB), then LCD_OUTPUT_MAP and LCD_INPUT_MAP also must  ////
.................... ////  be defined.                                                          ////
.................... ////                                                                       ////
.................... ////  Example of port access:                                              ////
.................... ////     #define LCD_DATA_PORT getenv("SFR:PORTD")                         ////
.................... ////                                                                       ////
.................... ////  To use pin access, the following pins must be defined:               ////
.................... ////     LCD_ENABLE_PIN                                                    ////
.................... ////     LCD_RS_PIN                                                        ////
.................... ////     LCD_RW_PIN                                                        ////
.................... ////     LCD_DATA4                                                         ////
.................... ////     LCD_DATA5                                                         ////
.................... ////     LCD_DATA6                                                         ////
.................... ////     LCD_DATA7                                                         ////
.................... ////                                                                       ////
.................... ////  Example of pin access:                                               ////
.................... ////     #define LCD_ENABLE_PIN  PIN_E0                                    ////
.................... ////     #define LCD_RS_PIN      PIN_E1                                    ////
.................... ////     #define LCD_RW_PIN      PIN_E2                                    ////
.................... ////     #define LCD_DATA4       PIN_D4                                    ////
.................... ////     #define LCD_DATA5       PIN_D5                                    ////
.................... ////     #define LCD_DATA6       PIN_D6                                    ////
.................... ////     #define LCD_DATA7       PIN_D7                                    ////
.................... ////                                                                       ////
.................... ///////////////////////////////////////////////////////////////////////////////
.................... ////        (C) Copyright 1996,2010 Custom Computer Services           ////
.................... //// This source code may only be used by licensed users of the CCS C  ////
.................... //// compiler.  This source code may only be distributed to other      ////
.................... //// licensed users of the CCS C compiler.  No other use, reproduction ////
.................... //// or distribution is permitted without written permission.          ////
.................... //// Derivative programs created using this software in object code    ////
.................... //// form are not restricted in any way.                               ////
.................... ///////////////////////////////////////////////////////////////////////////
.................... 
.................... #ifndef __LCD_C__
.................... #define __LCD_C__
.................... 
.................... // define the pinout.
.................... // only required if port access is being used.
.................... typedef struct  
.................... {                            // This structure is overlayed
....................    int1 enable;           // on to an I/O port to gain
....................    int1 rs;               // access to the LCD pins.
....................    int1 rw;               // The bits are allocated from
....................    int1 unused;           // low order up.  ENABLE will
....................    unsigned int     data : 4;         // be LSB pin of that port.
....................   #if defined(__PCD__)       // The port used will be LCD_DATA_PORT.
....................    unsigned int    reserved: 8;
....................   #endif
.................... } LCD_PIN_MAP;
.................... 
.................... // this is to improve compatability with previous LCD drivers that accepted
.................... // a define labeled 'use_portb_lcd' that configured the LCD onto port B.
.................... #if ((defined(use_portb_lcd)) && (use_portb_lcd==TRUE))
....................  #define LCD_DATA_PORT getenv("SFR:PORTB")
.................... #endif
.................... 
.................... #if defined(__PCB__)
....................    // these definitions only need to be modified for baseline PICs.
....................    // all other PICs use LCD_PIN_MAP or individual LCD_xxx pin definitions.
.................... /*                                    EN, RS,   RW,   UNUSED,  DATA  */
....................  const LCD_PIN_MAP LCD_OUTPUT_MAP =  {0,  0,    0,    0,       0};
....................  const LCD_PIN_MAP LCD_INPUT_MAP =   {0,  0,    0,    0,       0xF};
.................... #endif
.................... 
.................... ////////////////////// END CONFIGURATION ///////////////////////////////////
.................... 
.................... #ifndef LCD_ENABLE_PIN
....................    #define lcd_output_enable(x) lcdlat.enable=x
....................    #define lcd_enable_tris()   lcdtris.enable=0
.................... #else
....................    #define lcd_output_enable(x) output_bit(LCD_ENABLE_PIN, x)
....................    #define lcd_enable_tris()  output_drive(LCD_ENABLE_PIN)
.................... #endif
.................... 
.................... #ifndef LCD_RS_PIN
....................    #define lcd_output_rs(x) lcdlat.rs=x
....................    #define lcd_rs_tris()   lcdtris.rs=0
.................... #else
....................    #define lcd_output_rs(x) output_bit(LCD_RS_PIN, x)
....................    #define lcd_rs_tris()  output_drive(LCD_RS_PIN)
.................... #endif
.................... 
.................... #ifndef LCD_RW_PIN
....................    #define lcd_output_rw(x) lcdlat.rw=x
....................    #define lcd_rw_tris()   lcdtris.rw=0
.................... #else
....................    #define lcd_output_rw(x) output_bit(LCD_RW_PIN, x)
....................    #define lcd_rw_tris()  output_drive(LCD_RW_PIN)
.................... #endif
.................... 
.................... // original version of this library incorrectly labeled LCD_DATA0 as LCD_DATA4,
.................... // LCD_DATA1 as LCD_DATA5, and so on.  this block of code makes the driver
.................... // compatible with any code written for the original library
.................... #if (defined(LCD_DATA0) && defined(LCD_DATA1) && defined(LCD_DATA2) && defined(LCD_DATA3) && !defined(LCD_DATA4) && !defined(LCD_DATA5) && !defined(LCD_DATA6) && !defined(LCD_DATA7))
....................    #define  LCD_DATA4    LCD_DATA0
....................    #define  LCD_DATA5    LCD_DATA1
....................    #define  LCD_DATA6    LCD_DATA2
....................    #define  LCD_DATA7    LCD_DATA3
.................... #endif
.................... 
.................... #ifndef LCD_DATA4
.................... #ifndef LCD_DATA_PORT
....................    #if defined(__PCB__)
....................       #define LCD_DATA_PORT      0x06     //portb
....................       #define set_tris_lcd(x)   set_tris_b(x)
....................    #else
....................      #if defined(PIN_D0)
....................       #define LCD_DATA_PORT      getenv("SFR:PORTD")     //portd
....................      #else
....................       #define LCD_DATA_PORT      getenv("SFR:PORTB")     //portb
....................      #endif
....................    #endif   
.................... #endif
.................... 
.................... #if defined(__PCB__)
....................    LCD_PIN_MAP lcd, lcdlat;
....................    #byte lcd = LCD_DATA_PORT
....................    #byte lcdlat = LCD_DATA_PORT
.................... #elif defined(__PCM__)
....................    LCD_PIN_MAP lcd, lcdlat, lcdtris;
....................    #byte lcd = LCD_DATA_PORT
....................    #byte lcdlat = LCD_DATA_PORT
....................    #byte lcdtris = LCD_DATA_PORT+0x80
.................... #elif defined(__PCH__)
....................    LCD_PIN_MAP lcd, lcdlat, lcdtris;
....................    #byte lcd = LCD_DATA_PORT
....................    #byte lcdlat = LCD_DATA_PORT+9
....................    #byte lcdtris = LCD_DATA_PORT+0x12
.................... #elif defined(__PCD__)
....................    LCD_PIN_MAP lcd, lcdlat, lcdtris;
....................    #word lcd = LCD_DATA_PORT
....................    #word lcdlat = LCD_DATA_PORT+2
....................    #word lcdtris = LCD_DATA_PORT-0x02
.................... #endif
.................... #endif   //LCD_DATA4 not defined
.................... 
.................... #ifndef LCD_TYPE
....................    #define LCD_TYPE 2           // 0=5x7, 1=5x10, 2=2 lines
.................... #endif
.................... 
.................... #ifndef LCD_LINE_TWO
....................    #define LCD_LINE_TWO 0x40    // LCD RAM address for the second line
.................... #endif
.................... 
.................... #ifndef LCD_LINE_LENGTH
....................    #define LCD_LINE_LENGTH 20
.................... #endif
.................... 
.................... unsigned int8 lcd_read_nibble(void);
.................... 
.................... unsigned int8 lcd_read_byte(void)
.................... {
....................    unsigned int8 low,high;
.................... 
....................  #if defined(__PCB__)
....................    set_tris_lcd(LCD_INPUT_MAP);
....................  #else
....................   #if (defined(LCD_DATA4) && defined(LCD_DATA5) && defined(LCD_DATA6) && defined(LCD_DATA7))
....................    output_float(LCD_DATA4);
*
0151:  BSF    0C.3
....................    output_float(LCD_DATA5);
0152:  BSF    0C.4
....................    output_float(LCD_DATA6);
0153:  BSF    0C.5
....................    output_float(LCD_DATA7);
0154:  BSF    0C.6
....................   #else
....................    lcdtris.data = 0xF;
....................   #endif
....................  #endif
....................         
....................    lcd_output_rw(1);
0155:  MOVLB  02
0156:  BSF    0C.1
0157:  MOVLB  01
0158:  BCF    0C.1
....................    delay_cycles(1);
0159:  NOP
....................    lcd_output_enable(1);
015A:  MOVLB  02
015B:  BSF    0C.2
015C:  MOVLB  01
015D:  BCF    0C.2
....................    delay_cycles(1);
015E:  NOP
....................    high = lcd_read_nibble();
015F:  MOVLB  00
0160:  CALL   118
0161:  MOVF   78,W
0162:  MOVWF  36
....................       
....................    lcd_output_enable(0);
0163:  MOVLB  02
0164:  BCF    0C.2
0165:  MOVLB  01
0166:  BCF    0C.2
....................    delay_cycles(1);
0167:  NOP
....................    lcd_output_enable(1);
0168:  MOVLB  02
0169:  BSF    0C.2
016A:  MOVLB  01
016B:  BCF    0C.2
....................    delay_us(1);
016C:  NOP
....................    low = lcd_read_nibble();
016D:  MOVLB  00
016E:  CALL   118
016F:  MOVF   78,W
0170:  MOVWF  35
....................       
....................    lcd_output_enable(0);
0171:  MOVLB  02
0172:  BCF    0C.2
0173:  MOVLB  01
0174:  BCF    0C.2
.................... 
....................  #if defined(__PCB__)
....................    set_tris_lcd(LCD_OUTPUT_MAP);
....................  #else
....................   #if (defined(LCD_DATA4) && defined(LCD_DATA5) && defined(LCD_DATA6) && defined(LCD_DATA7))
....................    output_drive(LCD_DATA4);
0175:  BCF    0C.3
....................    output_drive(LCD_DATA5);
0176:  BCF    0C.4
....................    output_drive(LCD_DATA6);
0177:  BCF    0C.5
....................    output_drive(LCD_DATA7);
0178:  BCF    0C.6
....................   #else
....................    lcdtris.data = 0x0;
....................   #endif
....................  #endif
.................... 
....................    return( (high<<4) | low);
0179:  MOVLB  00
017A:  SWAPF  36,W
017B:  MOVWF  77
017C:  MOVLW  F0
017D:  ANDWF  77,F
017E:  MOVF   77,W
017F:  IORWF  35,W
0180:  MOVWF  78
.................... }
.................... 
.................... unsigned int8 lcd_read_nibble(void)
.................... {
....................   #if (defined(LCD_DATA4) && defined(LCD_DATA5) && defined(LCD_DATA6) && defined(LCD_DATA7))
*
0118:  CLRF   37
....................    unsigned int8 n = 0x00;
.................... 
....................    /* Read the data port */
....................    n |= input(LCD_DATA4);
0119:  MOVLB  01
011A:  BSF    0C.3
011B:  MOVLW  00
011C:  MOVLB  00
011D:  BTFSC  0C.3
011E:  MOVLW  01
011F:  IORWF  37,F
....................    n |= input(LCD_DATA5) << 1;
0120:  MOVLB  01
0121:  BSF    0C.4
0122:  MOVLW  00
0123:  MOVLB  00
0124:  BTFSC  0C.4
0125:  MOVLW  01
0126:  MOVWF  77
0127:  BCF    03.0
0128:  RLF    77,F
0129:  MOVF   77,W
012A:  IORWF  37,F
....................    n |= input(LCD_DATA6) << 2;
012B:  MOVLB  01
012C:  BSF    0C.5
012D:  MOVLW  00
012E:  MOVLB  00
012F:  BTFSC  0C.5
0130:  MOVLW  01
0131:  MOVWF  77
0132:  RLF    77,F
0133:  RLF    77,F
0134:  MOVLW  FC
0135:  ANDWF  77,F
0136:  MOVF   77,W
0137:  IORWF  37,F
....................    n |= input(LCD_DATA7) << 3;
0138:  MOVLB  01
0139:  BSF    0C.6
013A:  MOVLW  00
013B:  MOVLB  00
013C:  BTFSC  0C.6
013D:  MOVLW  01
013E:  MOVWF  77
013F:  RLF    77,F
0140:  RLF    77,F
0141:  RLF    77,F
0142:  MOVLW  F8
0143:  ANDWF  77,F
0144:  MOVF   77,W
0145:  IORWF  37,F
....................    
....................    return(n);
0146:  MOVF   37,W
0147:  MOVWF  78
....................   #else
0148:  RETURN
....................    return(lcd.data);
....................   #endif
.................... }
.................... 
.................... void lcd_send_nibble(unsigned int8 n)
.................... {
....................   #if (defined(LCD_DATA4) && defined(LCD_DATA5) && defined(LCD_DATA6) && defined(LCD_DATA7))
....................    /* Write to the data port */
....................    output_bit(LCD_DATA4, bit_test(n, 0));
*
00E1:  BTFSC  36.0
00E2:  GOTO   0E7
00E3:  MOVLB  02
00E4:  BCF    0C.3
00E5:  GOTO   0E9
00E6:  MOVLB  00
00E7:  MOVLB  02
00E8:  BSF    0C.3
00E9:  MOVLB  01
00EA:  BCF    0C.3
....................    output_bit(LCD_DATA5, bit_test(n, 1));
00EB:  MOVLB  00
00EC:  BTFSC  36.1
00ED:  GOTO   0F2
00EE:  MOVLB  02
00EF:  BCF    0C.4
00F0:  GOTO   0F4
00F1:  MOVLB  00
00F2:  MOVLB  02
00F3:  BSF    0C.4
00F4:  MOVLB  01
00F5:  BCF    0C.4
....................    output_bit(LCD_DATA6, bit_test(n, 2));
00F6:  MOVLB  00
00F7:  BTFSC  36.2
00F8:  GOTO   0FD
00F9:  MOVLB  02
00FA:  BCF    0C.5
00FB:  GOTO   0FF
00FC:  MOVLB  00
00FD:  MOVLB  02
00FE:  BSF    0C.5
00FF:  MOVLB  01
0100:  BCF    0C.5
....................    output_bit(LCD_DATA7, bit_test(n, 3));
0101:  MOVLB  00
0102:  BTFSC  36.3
0103:  GOTO   108
0104:  MOVLB  02
0105:  BCF    0C.6
0106:  GOTO   10A
0107:  MOVLB  00
0108:  MOVLB  02
0109:  BSF    0C.6
010A:  MOVLB  01
010B:  BCF    0C.6
....................   #else      
....................    lcdlat.data = n;
....................   #endif
....................       
....................    delay_cycles(1);
010C:  NOP
....................    lcd_output_enable(1);
010D:  MOVLB  02
010E:  BSF    0C.2
010F:  MOVLB  01
0110:  BCF    0C.2
....................    delay_us(2);
0111:  GOTO   112
....................    lcd_output_enable(0);
0112:  MOVLB  02
0113:  BCF    0C.2
0114:  MOVLB  01
0115:  BCF    0C.2
0116:  MOVLB  00
0117:  RETURN
.................... }
.................... 
.................... void lcd_send_byte(unsigned int8 address, unsigned int8 n)
.................... {
....................   #if defined(__PCB__)
....................    set_tris_lcd(LCD_OUTPUT_MAP);
....................   #else
....................    lcd_enable_tris();
*
0149:  MOVLB  01
014A:  BCF    0C.2
....................    lcd_rs_tris();
014B:  BCF    0C.0
....................    lcd_rw_tris();
014C:  BCF    0C.1
....................   #endif
.................... 
....................    lcd_output_rs(0);
014D:  MOVLB  02
014E:  BCF    0C.0
014F:  MOVLB  01
0150:  BCF    0C.0
....................    while ( bit_test(lcd_read_byte(),7) ) ;
*
0181:  MOVF   78,W
0182:  MOVWF  35
0183:  BTFSS  35.7
0184:  GOTO   187
0185:  MOVLB  01
0186:  GOTO   151
....................    lcd_output_rs(address);
0187:  MOVF   33,F
0188:  BTFSS  03.2
0189:  GOTO   18E
018A:  MOVLB  02
018B:  BCF    0C.0
018C:  GOTO   190
018D:  MOVLB  00
018E:  MOVLB  02
018F:  BSF    0C.0
0190:  MOVLB  01
0191:  BCF    0C.0
....................    delay_cycles(1);
0192:  NOP
....................    lcd_output_rw(0);
0193:  MOVLB  02
0194:  BCF    0C.1
0195:  MOVLB  01
0196:  BCF    0C.1
....................    delay_cycles(1);
0197:  NOP
....................    lcd_output_enable(0);
0198:  MOVLB  02
0199:  BCF    0C.2
019A:  MOVLB  01
019B:  BCF    0C.2
....................    lcd_send_nibble(n >> 4);
019C:  MOVLB  00
019D:  SWAPF  34,W
019E:  MOVWF  35
019F:  MOVLW  0F
01A0:  ANDWF  35,F
01A1:  MOVF   35,W
01A2:  MOVWF  36
01A3:  CALL   0E1
....................    lcd_send_nibble(n & 0xf);
01A4:  MOVF   34,W
01A5:  ANDLW  0F
01A6:  MOVWF  35
01A7:  MOVWF  36
01A8:  CALL   0E1
01A9:  RETURN
.................... }
.................... 
.................... #if defined(LCD_EXTENDED_NEWLINE)
.................... unsigned int8 g_LcdX, g_LcdY;
.................... #endif
.................... 
.................... void lcd_init(void) 
.................... {
....................    unsigned int8 i;
....................    unsigned int8 LCD_INIT_STRING[4] = {0x20 | (LCD_TYPE << 2), 0xc, 1, 6};
01AA:  MOVLW  28
01AB:  MOVWF  2C
01AC:  MOVLW  0C
01AD:  MOVWF  2D
01AE:  MOVLW  01
01AF:  MOVWF  2E
01B0:  MOVLW  06
01B1:  MOVWF  2F
....................                              // These bytes need to be sent to the LCD
....................                              // to start it up.
....................    
.................... 
....................    lcd_output_enable(0);
01B2:  MOVLB  02
01B3:  BCF    0C.2
01B4:  MOVLB  01
01B5:  BCF    0C.2
....................    lcd_output_rs(0);
01B6:  MOVLB  02
01B7:  BCF    0C.0
01B8:  MOVLB  01
01B9:  BCF    0C.0
....................    lcd_output_rw(0);
01BA:  MOVLB  02
01BB:  BCF    0C.1
01BC:  MOVLB  01
01BD:  BCF    0C.1
.................... 
....................  #if defined(__PCB__)
....................    set_tris_lcd(LCD_OUTPUT_MAP);
....................  #else
....................   #if (defined(LCD_DATA4) && defined(LCD_DATA5) && defined(LCD_DATA6) && defined(LCD_DATA7))
....................    output_drive(LCD_DATA4);
01BE:  BCF    0C.3
....................    output_drive(LCD_DATA5);
01BF:  BCF    0C.4
....................    output_drive(LCD_DATA6);
01C0:  BCF    0C.5
....................    output_drive(LCD_DATA7);
01C1:  BCF    0C.6
....................   #else
....................    lcdtris.data = 0x0;
....................   #endif
....................    lcd_enable_tris();
01C2:  BCF    0C.2
....................    lcd_rs_tris();
01C3:  BCF    0C.0
....................    lcd_rw_tris();
01C4:  BCF    0C.1
....................  #endif
....................     
....................    delay_ms(15);
01C5:  MOVLW  0F
01C6:  MOVLB  00
01C7:  MOVWF  30
01C8:  CALL   0CB
....................    for(i=1;i<=3;++i)
01C9:  MOVLW  01
01CA:  MOVWF  2B
01CB:  MOVF   2B,W
01CC:  SUBLW  03
01CD:  BTFSS  03.0
01CE:  GOTO   1D7
....................    {
....................        lcd_send_nibble(3);
01CF:  MOVLW  03
01D0:  MOVWF  36
01D1:  CALL   0E1
....................        delay_ms(5);
01D2:  MOVLW  05
01D3:  MOVWF  30
01D4:  CALL   0CB
01D5:  INCF   2B,F
01D6:  GOTO   1CB
....................    }
....................    
....................    lcd_send_nibble(2);
01D7:  MOVLW  02
01D8:  MOVWF  36
01D9:  CALL   0E1
....................    delay_ms(5);
01DA:  MOVLW  05
01DB:  MOVWF  30
01DC:  CALL   0CB
....................    for(i=0;i<=3;++i)
01DD:  CLRF   2B
01DE:  MOVF   2B,W
01DF:  SUBLW  03
01E0:  BTFSS  03.0
01E1:  GOTO   1F1
....................       lcd_send_byte(0,LCD_INIT_STRING[i]);
01E2:  MOVLW  0C
01E3:  ADDWF  2B,W
01E4:  MOVWF  04
01E5:  MOVLW  20
01E6:  MOVWF  05
01E7:  BTFSC  03.0
01E8:  INCF   05,F
01E9:  MOVF   00,W
01EA:  MOVWF  30
01EB:  CLRF   33
01EC:  MOVF   30,W
01ED:  MOVWF  34
01EE:  CALL   149
.................... 
....................   #if defined(LCD_EXTENDED_NEWLINE)
01EF:  INCF   2B,F
01F0:  GOTO   1DE
01F1:  MOVLP  00
01F2:  GOTO   28F (RETURN)
....................    g_LcdX = 0;
....................    g_LcdY = 0;
....................   #endif
.................... }
.................... 
.................... void lcd_gotoxy(unsigned int8 x, unsigned int8 y)
.................... {
....................    unsigned int8 address;
....................    
....................    if(y!=1)
01F3:  DECFSZ 30,W
01F4:  GOTO   1F6
01F5:  GOTO   1F9
....................       address=LCD_LINE_TWO;
01F6:  MOVLW  40
01F7:  MOVWF  31
01F8:  GOTO   1FA
....................    else
....................       address=0;
01F9:  CLRF   31
....................      
....................    address+=x-1;
01FA:  MOVLW  01
01FB:  SUBWF  2F,W
01FC:  ADDWF  31,F
....................    lcd_send_byte(0,0x80|address);
01FD:  MOVF   31,W
01FE:  IORLW  80
01FF:  MOVWF  32
0200:  CLRF   33
0201:  MOVF   32,W
0202:  MOVWF  34
0203:  CALL   149
.................... 
....................   #if defined(LCD_EXTENDED_NEWLINE)
0204:  RETURN
....................    g_LcdX = x - 1;
....................    g_LcdY = y - 1;
....................   #endif
.................... }
.................... 
.................... void lcd_putc(char c)
.................... {
....................    switch (c)
0205:  MOVF   2E,W
0206:  XORLW  07
0207:  BTFSC  03.2
0208:  GOTO   213
0209:  XORLW  0B
020A:  BTFSC  03.2
020B:  GOTO   218
020C:  XORLW  06
020D:  BTFSC  03.2
020E:  GOTO   220
020F:  XORLW  02
0210:  BTFSC  03.2
0211:  GOTO   226
0212:  GOTO   22B
....................    {
....................       case '\a'   :  lcd_gotoxy(1,1);     break;
0213:  MOVLW  01
0214:  MOVWF  2F
0215:  MOVWF  30
0216:  CALL   1F3
0217:  GOTO   230
.................... 
....................       case '\f'   :  lcd_send_byte(0,1);
0218:  CLRF   33
0219:  MOVLW  01
021A:  MOVWF  34
021B:  CALL   149
....................                      delay_ms(2);
021C:  MOVLW  02
021D:  MOVWF  30
021E:  CALL   0CB
....................                     #if defined(LCD_EXTENDED_NEWLINE)
....................                      g_LcdX = 0;
....................                      g_LcdY = 0;
....................                     #endif
....................                      break;
021F:  GOTO   230
.................... 
....................      #if defined(LCD_EXTENDED_NEWLINE)
....................       case '\r'   :  lcd_gotoxy(1, g_LcdY+1);   break;
....................       case '\n'   :
....................          while (g_LcdX++ < LCD_LINE_LENGTH)
....................          {
....................             lcd_send_byte(1, ' ');
....................          }
....................          lcd_gotoxy(1, g_LcdY+2);
....................          break;
....................      #else
....................       case '\n'   : lcd_gotoxy(1,2);        break;
0220:  MOVLW  01
0221:  MOVWF  2F
0222:  MOVLW  02
0223:  MOVWF  30
0224:  CALL   1F3
0225:  GOTO   230
....................      #endif
....................      
....................       case '\b'   : lcd_send_byte(0,0x10);  break;
0226:  CLRF   33
0227:  MOVLW  10
0228:  MOVWF  34
0229:  CALL   149
022A:  GOTO   230
....................      
....................      #if defined(LCD_EXTENDED_NEWLINE)
....................       default     : 
....................          if (g_LcdX < LCD_LINE_LENGTH)
....................          {
....................             lcd_send_byte(1, c);
....................             g_LcdX++;
....................          }
....................          break;
....................      #else
....................       default     : lcd_send_byte(1,c);     break;
022B:  MOVLW  01
022C:  MOVWF  33
022D:  MOVF   2E,W
022E:  MOVWF  34
022F:  CALL   149
....................      #endif
....................    }
0230:  RETURN
.................... }
....................  
.................... char lcd_getc(unsigned int8 x, unsigned int8 y)
.................... {
....................    char value;
.................... 
....................    lcd_gotoxy(x,y);
....................    while ( bit_test(lcd_read_byte(),7) ); // wait until busy flag is low
....................    lcd_output_rs(1);
....................    value = lcd_read_byte();
....................    lcd_output_rs(0);
....................    
....................    return(value);
.................... }
.................... 
.................... // write a custom character to the ram
.................... // which is 0-7 and specifies which character array we are modifying.
.................... // ptr points to an array of 8 bytes, where each byte is the next row of
.................... //    pixels.  only bits 0-4 are used.  the last row is the cursor row, and
.................... //    usually you will want to leave this byte 0x00.
.................... void lcd_set_cgram_char(unsigned int8 which, unsigned int8 *ptr)
.................... {
....................    unsigned int i;
.................... 
....................    which <<= 3;
....................    which &= 0x38;
.................... 
....................    lcd_send_byte(0, 0x40 | which);  //set cgram address
.................... 
....................    for(i=0; i<8; i++)
....................    {
....................       lcd_send_byte(1, *ptr++);
....................    }
....................   
....................    #if defined(LCD_EXTENDED_NEWLINE)
....................     lcd_gotoxy(g_LcdX+1, g_LcdY+1);  //set ddram address
....................    #endif
.................... }
.................... 
.................... void lcd_cursor_on(int1 on)
.................... {
....................    if (on)
....................    {
....................       lcd_send_byte(0,0x0F);           //turn LCD cursor ON
....................    }
....................    else
....................    {
....................       lcd_send_byte(0,0x0C);           //turn LCD cursor OFF
....................    }
.................... }
.................... 
.................... #endif
.................... 
.................... 
.................... //======PUERTOS TECLADO========
.................... const int PuertosTecladoEntrada[] = { PIN_B0, PIN_B1, PIN_B2 };
.................... const int PuertosTecladoSalida[]  = { PIN_B4, PIN_B5, PIN_B6, PIN_B7 };
.................... 
.................... int port=0; // se pone un 0 en el numero del puerto seran los puertos b(4,5,6 o 7)
.................... 
.................... 
.................... void main()
*
027B:  MOVLW  6A
027C:  MOVLB  01
027D:  MOVWF  19
027E:  MOVLB  00
027F:  CLRF   28
0280:  CLRF   2A
0281:  CLRF   29
0282:  MOVLB  03
0283:  CLRF   0C
0284:  CLRF   0D
0285:  MOVLB  02
0286:  CLRF   12
0287:  CLRF   11
0288:  CLRF   14
0289:  CLRF   13
.................... {
....................    INIT_GPIO();
028A:  MOVLB  00
028B:  GOTO   0B3
....................    INIT_TIMER_0();
028C:  GOTO   0BD
....................    INIT_INT_ICO();
028D:  GOTO   0C9
.................... 
....................    lcd_init();                      // Inicializa el LCD
028E:  GOTO   1AA
....................    lcd_putc("\f");                  // Limpia la pantalla
028F:  MOVLW  03
0290:  MOVLB  03
0291:  MOVWF  11
0292:  MOVLW  00
0293:  MOVWF  12
0294:  MOVLB  00
0295:  CALL   231
....................    lcd_gotoxy(1,1);                 // Ubica el cursor en fila 1, col 1
0296:  MOVLW  01
0297:  MOVWF  2F
0298:  MOVWF  30
0299:  CALL   1F3
....................    lcd_putc("Hola Mundo!");         // Escribe mensaje
029A:  MOVLW  43
029B:  MOVLB  03
029C:  MOVWF  11
029D:  MOVLW  00
029E:  MOVWF  12
029F:  MOVLB  00
02A0:  CALL   231
....................    lcd_gotoxy(1,2);                 // Fila 2, col 1
02A1:  MOVLW  01
02A2:  MOVWF  2F
02A3:  MOVLW  02
02A4:  MOVWF  30
02A5:  CALL   1F3
....................    lcd_putc("Probando LCD");        // Otro mensaje
02A6:  MOVLW  49
02A7:  MOVLB  03
02A8:  MOVWF  11
02A9:  MOVLW  00
02AA:  MOVWF  12
02AB:  MOVLB  00
02AC:  CALL   231
.................... 
....................    while(TRUE)
....................    {
02AD:  GOTO   2AD
....................       // Acá podés ir imprimiendo otras cosas si querés
....................    }
.................... }
.................... 
02AE:  SLEEP
.................... 
.................... void INIT_GPIO(){
....................    set_tris_a(0x00);       // Todo el puerto A como salida (LCD)
*
00B3:  MOVLW  00
00B4:  MOVLB  01
00B5:  MOVWF  0C
....................    set_tris_b(0b00000111); // RB0-RB2 entradas (teclado), RB4-RB7 salidas
00B6:  MOVLW  07
00B7:  MOVWF  0D
....................    output_b(0x00);
00B8:  MOVLB  02
00B9:  CLRF   0D
00BA:  MOVLP  00
00BB:  MOVLB  00
00BC:  GOTO   28C (RETURN)
.................... }
.................... 
.................... 
.................... void INIT_TIMER_0() 
.................... {
....................    setup_timer_0(RTCC_INTERNAL | RTCC_DIV_256);
00BD:  MOVLB  01
00BE:  MOVF   15,W
00BF:  ANDLW  C0
00C0:  IORLW  07
00C1:  MOVWF  15
....................    set_timer0(0); 
00C2:  MOVLB  00
00C3:  CLRF   15
....................    enable_interrupts(INT_TIMER0);
00C4:  BSF    0B.5
....................    enable_interrupts(global);
00C5:  MOVLW  C0
00C6:  IORWF  0B,F
00C7:  MOVLP  00
00C8:  GOTO   28D (RETURN)
.................... }
.................... 
.................... #INT_TIMER0 
.................... void TIMER0_ISR()
.................... {
....................    set_timer0(0);
*
008A:  CLRF   15
....................    port++;
008B:  INCF   28,F
....................    if(port>3)port=0;
008C:  MOVF   28,W
008D:  SUBLW  03
008E:  BTFSS  03.0
008F:  CLRF   28
.................... 
....................    // Todos prendidos
....................    output_high(PuertosTecladoSalida[0]);
0090:  MOVLB  02
0091:  BSF    0D.4
....................    output_high(PuertosTecladoSalida[1]);
0092:  BSF    0D.5
....................    output_high(PuertosTecladoSalida[2]);
0093:  BSF    0D.6
....................    output_high(PuertosTecladoSalida[3]);
0094:  BSF    0D.7
.................... 
....................    // Apagamos el que tiene el port
....................    output_toggle(PuertosTecladoSalida[port]);
0095:  MOVLB  00
0096:  MOVF   28,W
0097:  CALL   03E
0098:  MOVWF  39
0099:  MOVWF  3A
009A:  CLRF   3C
009B:  CLRF   3B
009C:  GOTO   050
009D:  MOVLW  00
009E:  BTFSS  78.0
009F:  MOVLW  01
00A0:  MOVWF  77
00A1:  MOVF   39,W
00A2:  MOVWF  3A
00A3:  MOVF   77,W
00A4:  MOVWF  3B
00A5:  MOVLW  01
00A6:  MOVWF  3D
00A7:  CLRF   3C
00A8:  CALL   06A
00A9:  MOVF   39,W
00AA:  MOVWF  3A
00AB:  CLRF   3B
00AC:  CLRF   3D
00AD:  MOVLW  80
00AE:  MOVWF  3C
00AF:  CALL   06A
00B0:  BCF    0B.2
00B1:  MOVLP  00
00B2:  GOTO   023
.................... }
.................... 
.................... void INIT_INT_ICO()
.................... {
*
00C9:  MOVLP  00
00CA:  GOTO   28E (RETURN)
....................    // Desactivado por ahora
.................... }
.................... 

Configuration Fuses:
   Word  1: 3F81   XT NOWDT PUT NOMCLR NOPROTECT NOCPD BROWNOUT NOCLKOUT IESO FCMEN
   Word  2: 1EFF   NOWRT PLL_SW STVREN BORV19 NODEBUG NOLVP
