
ROM used:   996/4096 (24%)
            996/4096 (24%) including unused fragments

            0.6 Average locations per line
            7.2 Average locations per statement

RAM used:   16/383 (4%) at main() level
            58/383 (15%) worst case

Stack used: 13 worst case (6 in main + 7 for interrupts)
Stack size: 16

Lines Stmts  %   Files
----- ----- ---  -----
  108    39  28  Ejercicio_4.c
    5     0   0  Ejercicio_4.h
  965     0   0  ..\..\..\..\..\..\..\..\Program Files (x86)\PICC\Devices\16F1827.h
  456   100  72  ..\..\..\..\..\..\..\..\Program Files (x86)\PICC\Drivers\lcd.c
----- -----
 1534   139 Total

Page ROM  %  RAM    Vol Diff  Functions:
---- --- --- ---    --- ----  ----------
0     22   2    1             @delay_ms1
0     13   1    0    760  4.5  @const725
0     50   5    3    760  4.5  lcd_read_byte
0     49   5    2    262  3.7  lcd_read_nibble
0     55   6    1    399  2.4  lcd_send_nibble
0     49   5    3    415  3.7  lcd_send_byte
0    109  11    6    852  6.2  lcd_init
0     18   2    4    208  6.3  lcd_gotoxy
0     44   4    1    354  4.7  lcd_putc
0      5   1    0             @const768
0     64   6    0    195  2.1  MAIN
0      1   0    0             @const774
0     86   9    5             @PSTRINGC7_752
0      6   1    0             @const779
0      7   1    0     48  1.1  @const780
0     10   1    0     48  1.1  INIT_GPIO
0     12   1    0     78  1.6  INIT_TIMER_0
0     41   4    1    240  3.7  TIMER0_ISR
0     26   3    5             @READBITA
0     32   3    6             @WRITEBITA
0     13   1    0     48  1.1  INIT_INT_ICO
0     79   8    1    346  3.2  EXT_isr
0      7   1    0             @const790
0     37   4    2             @MUL88
0     80   8    5             @PSTRINGCN7_752
0      7   1    0             @const796
0      7   1    0             @const797
 Inline         0             @cinit1

Program metrics:
    Functions               15
    Statements              139
    Comments                278
    Volume (V)              8340
    Difficulty (D)          48.7
    Effort to implement (E) 406103
    Time to implement (T)   6 hours, 16 minutes
    Est Delivered Bugs (B)  2
    Cyclomatic Complexity   12
    Maintainability (MI)    121

 Segment     Used  Free
-----------  ----  ----
00000-00002     3  0  
00003-00003     1  0  
00004-00043    64  0  
00044-007FF   928  1052  
00800-00FFF     0  2048  



