CCS PCM C Compiler, Version 5.093, 4770               27-sep.-25 15:10

               Filename:   C:\Users\adrie\OneDrive\Escritorio\EDI2\TP2(Teclado+LCD)\Ejercicio_5\Pic c\Ejercicio_5.lst

               ROM used:   963 words (24%)
                           Largest free fragment is 2048
               RAM used:   24 (6%) at main() level
                           67 (17%) worst case
               Stack used: 13 locations (6 in main + 7 for interrupts)
               Stack size: 16

0000:  MOVLP  00
0001:  GOTO   398
0002:  NOP
*
0004:  CLRF   03
0005:  MOVLP  00
0006:  MOVLB  00
0007:  MOVF   77,W
0008:  MOVWF  20
0009:  MOVF   78,W
000A:  MOVWF  21
000B:  MOVF   79,W
000C:  MOVWF  22
000D:  MOVF   7A,W
000E:  MOVWF  23
000F:  MOVLB  03
0010:  MOVF   11,W
0011:  MOVLB  00
0012:  MOVWF  24
0013:  MOVLB  03
0014:  MOVF   12,W
0015:  MOVLB  00
0016:  MOVWF  25
0017:  MOVLB  03
0018:  MOVF   13,W
0019:  MOVLB  00
001A:  MOVWF  26
001B:  MOVLB  03
001C:  MOVF   14,W
001D:  MOVLB  00
001E:  MOVWF  27
001F:  BTFSS  0B.5
0020:  GOTO   023
0021:  BTFSC  0B.2
0022:  GOTO   047
0023:  CLRF   05
0024:  MOVLW  91
0025:  MOVWF  04
0026:  BTFSS  00.0
0027:  GOTO   02A
0028:  BTFSC  11.0
0029:  GOTO   049
002A:  BTFSS  0B.3
002B:  GOTO   02E
002C:  BTFSC  0B.0
002D:  GOTO   04B
002E:  MOVF   20,W
002F:  MOVWF  77
0030:  MOVF   21,W
0031:  MOVWF  78
0032:  MOVF   22,W
0033:  MOVWF  79
0034:  MOVF   23,W
0035:  MOVWF  7A
0036:  MOVF   24,W
0037:  MOVLB  03
0038:  MOVWF  11
0039:  MOVLB  00
003A:  MOVF   25,W
003B:  MOVLB  03
003C:  MOVWF  12
003D:  MOVLB  00
003E:  MOVF   26,W
003F:  MOVLB  03
0040:  MOVWF  13
0041:  MOVLB  00
0042:  MOVF   27,W
0043:  MOVLB  03
0044:  MOVWF  14
0045:  RETFIE
0046:  MOVLB  00
0047:  MOVLP  00
0048:  GOTO   0A1
0049:  MOVLP  00
004A:  GOTO   233
004B:  MOVLP  00
004C:  GOTO   272
.................... #include <Ejercicio_5.h>
.................... #include <16F1827.h>
.................... //////////// Standard Header file for the PIC16F1827 device ////////////////
.................... ///////////////////////////////////////////////////////////////////////////
.................... ////        (C) Copyright 1996, 2014 Custom Computer Services          ////
.................... //// This source code may only be used by licensed users of the CCS C  ////
.................... //// compiler.  This source code may only be distributed to other      ////
.................... //// licensed users of the CCS C compiler.  No other use, reproduction ////
.................... //// or distribution is permitted without written permission.          ////
.................... //// Derivative programs created using this software in object code    ////
.................... //// form are not restricted in any way.                               ////
.................... ///////////////////////////////////////////////////////////////////////////
.................... #device PIC16F1827
004D:  BRW
004E:  RETLW  31
004F:  RETLW  32
0050:  RETLW  33
0051:  RETLW  34
0052:  RETLW  35
0053:  RETLW  36
0054:  RETLW  37
0055:  RETLW  38
0056:  RETLW  39
0057:  RETLW  2A
0058:  RETLW  30
0059:  RETLW  23
005A:  BRW
005B:  RETLW  6C
005C:  RETLW  6D
005D:  RETLW  6E
005E:  RETLW  6F
005F:  DATA 8C,24
0060:  DATA CE,23
0061:  DATA D2,22
0062:  DATA D3,22
0063:  DATA A0,21
0064:  DATA CC,20
0065:  DATA D6,22
0066:  DATA 3A,00
0067:  MOVF   43,W
0068:  ANDLW  07
0069:  MOVWF  77
006A:  RRF    43,W
006B:  MOVWF  78
006C:  RRF    78,F
006D:  RRF    78,F
006E:  MOVLW  1F
006F:  ANDWF  78,F
0070:  MOVF   78,W
0071:  ADDWF  44,W
0072:  MOVWF  04
0073:  MOVLW  00
0074:  ADDWFC 45,W
0075:  MOVWF  05
0076:  MOVF   00,W
0077:  MOVWF  78
0078:  INCF   77,F
0079:  GOTO   07B
007A:  RRF    78,F
007B:  DECFSZ 77,F
007C:  GOTO   07A
007D:  MOVLW  01
007E:  ANDWF  78,F
007F:  MOVLP  00
0080:  GOTO   0B4 (RETURN)
0081:  MOVF   43,W
0082:  ANDLW  07
0083:  MOVWF  77
0084:  RRF    43,W
0085:  MOVWF  78
0086:  RRF    78,F
0087:  RRF    78,F
0088:  MOVLW  1F
0089:  ANDWF  78,F
008A:  MOVF   78,W
008B:  ADDWF  45,W
008C:  MOVWF  04
008D:  MOVLW  00
008E:  ADDWFC 46,W
008F:  MOVWF  05
0090:  CLRF   78
0091:  INCF   78,F
0092:  INCF   77,F
0093:  GOTO   095
0094:  RLF    78,F
0095:  DECFSZ 77,F
0096:  GOTO   094
0097:  MOVF   44,F
0098:  BTFSC  03.2
0099:  GOTO   09D
009A:  MOVF   78,W
009B:  IORWF  00,F
009C:  GOTO   0A0
009D:  COMF   78,F
009E:  MOVF   78,W
009F:  ANDWF  00,F
00A0:  RETURN
*
01E9:  MOVF   0B,W
01EA:  BCF    0B.7
01EB:  MOVLB  03
01EC:  BSF    15.7
01ED:  BSF    15.0
01EE:  NOP
01EF:  NOP
01F0:  BTFSC  09.7
01F1:  BSF    0B.7
01F2:  MOVF   13,W
01F3:  ANDLW  7F
01F4:  BTFSC  03.2
01F5:  GOTO   231
01F6:  MOVLB  00
01F7:  MOVWF  46
01F8:  MOVLB  03
01F9:  MOVF   11,W
01FA:  MOVLB  00
01FB:  MOVWF  47
01FC:  MOVLB  03
01FD:  MOVF   12,W
01FE:  MOVLB  00
01FF:  MOVWF  48
0200:  MOVF   46,W
0201:  MOVWF  49
0202:  CALL   1BD
0203:  MOVF   47,W
0204:  MOVLB  03
0205:  MOVWF  11
0206:  MOVLB  00
0207:  MOVF   48,W
0208:  MOVLB  03
0209:  MOVWF  12
020A:  MOVF   0B,W
020B:  BCF    0B.7
020C:  BSF    15.7
020D:  BSF    15.0
020E:  NOP
020F:  NOP
0210:  BTFSC  09.7
0211:  BSF    0B.7
0212:  RLF    13,W
0213:  RLF    14,W
0214:  ANDLW  7F
0215:  BTFSC  03.2
0216:  GOTO   231
0217:  MOVLB  00
0218:  MOVWF  46
0219:  MOVLB  03
021A:  MOVF   11,W
021B:  MOVLB  00
021C:  MOVWF  47
021D:  MOVLB  03
021E:  MOVF   12,W
021F:  MOVLB  00
0220:  MOVWF  48
0221:  MOVF   46,W
0222:  MOVWF  49
0223:  CALL   1BD
0224:  MOVF   47,W
0225:  MOVLB  03
0226:  MOVWF  11
0227:  MOVLB  00
0228:  MOVF   48,W
0229:  MOVLB  03
022A:  MOVWF  12
022B:  INCF   11,F
022C:  BTFSC  03.2
022D:  INCF   12,F
022E:  MOVLB  00
022F:  GOTO   1E9
0230:  MOVLB  03
0231:  MOVLB  00
0232:  RETURN
*
0245:  DATA 8C,24
0246:  DATA CE,23
0247:  DATA D2,22
0248:  DATA D3,22
0249:  DATA A0,21
024A:  DATA CC,20
024B:  DATA D6,22
024C:  DATA 3A,00
024D:  CLRF   77
024E:  CLRF   78
024F:  MOVF   44,W
0250:  BCF    03.0
0251:  BTFSC  45.0
0252:  ADDWF  77,F
0253:  RRF    77,F
0254:  RRF    78,F
0255:  BTFSC  45.1
0256:  ADDWF  77,F
0257:  RRF    77,F
0258:  RRF    78,F
0259:  BTFSC  45.2
025A:  ADDWF  77,F
025B:  RRF    77,F
025C:  RRF    78,F
025D:  BTFSC  45.3
025E:  ADDWF  77,F
025F:  RRF    77,F
0260:  RRF    78,F
0261:  BTFSC  45.4
0262:  ADDWF  77,F
0263:  RRF    77,F
0264:  RRF    78,F
0265:  BTFSC  45.5
0266:  ADDWF  77,F
0267:  RRF    77,F
0268:  RRF    78,F
0269:  BTFSC  45.6
026A:  ADDWF  77,F
026B:  RRF    77,F
026C:  RRF    78,F
026D:  BTFSC  45.7
026E:  ADDWF  77,F
026F:  RRF    77,F
0270:  RRF    78,F
0271:  RETURN
*
02EF:  DATA 8C,21
02F0:  DATA EC,30
02F1:  DATA F6,32
02F2:  DATA A0,24
02F3:  DATA EE,31
02F4:  DATA 6F,39
02F5:  DATA F2,32
02F6:  DATA 63,3A
02F7:  DATA 61,00
02F8:  DATA 8C,21
02F9:  DATA EC,30
02FA:  DATA F6,32
02FB:  DATA A0,21
02FC:  DATA 6F,39
02FD:  DATA F2,32
02FE:  DATA 63,3A
02FF:  DATA 61,00
.................... 
.................... #list
.................... 
.................... #device ADC=10
.................... #use delay(internal=4MHz)
*
01A7:  MOVLW  20
01A8:  MOVWF  05
01A9:  MOVLW  2A
01AA:  MOVWF  04
01AB:  MOVF   00,W
01AC:  BTFSC  03.2
01AD:  GOTO   1BC
01AE:  MOVLW  01
01AF:  MOVWF  78
01B0:  CLRF   77
01B1:  DECFSZ 77,F
01B2:  GOTO   1B1
01B3:  DECFSZ 78,F
01B4:  GOTO   1B0
01B5:  MOVLW  4A
01B6:  MOVWF  77
01B7:  DECFSZ 77,F
01B8:  GOTO   1B7
01B9:  GOTO   1BA
01BA:  DECFSZ 00,F
01BB:  GOTO   1AE
01BC:  RETURN
.................... 
.................... 
.................... #use fast_io(B)
.................... #fuses NOWDT, NOMCLR
.................... 
.................... //=======PROTOTIPOS=======
.................... void INIT_GPIO();
.................... void INIT_TIMER_0();
.................... void INIT_INT_ICO();
.................... void INIT_TIMER_1();
.................... 
.................... //======CHAR_TECLADO=====
.................... char const teclado[4][3] = {
....................    {'1', '2', '3'},
....................    {'4', '5', '6'},
....................    {'7', '8', '9'},
....................    {'*', '0', '#'}
.................... };
.................... 
.................... //======DEFINES_LCD======
.................... #define LCD_ENABLE_PIN  PIN_A2 // Pines del LCD
.................... #define LCD_RS_PIN      PIN_A0
.................... #define LCD_RW_PIN      PIN_A1
.................... #define LCD_DATA4       PIN_A3
.................... #define LCD_DATA5       PIN_A4
.................... #define LCD_DATA6       PIN_A6
.................... #define LCD_DATA7       PIN_A7
.................... #include <lcd.c>
.................... ///////////////////////////////////////////////////////////////////////////////
.................... ////                             LCD.C                                     ////
.................... ////                 Driver for common LCD modules                         ////
.................... ////                                                                       ////
.................... ////  lcd_init()   Must be called before any other function.               ////
.................... ////                                                                       ////
.................... ////  lcd_putc(c)  Will display c on the next position of the LCD.         ////
.................... ////                 \a  Set cursor position to upper left                 ////
.................... ////                 \f  Clear display, set cursor to upper left           ////
.................... ////                 \n  Go to start of second line                        ////
.................... ////                 \b  Move back one position                            ////
.................... ////              If LCD_EXTENDED_NEWLINE is defined, the \n character     ////
.................... ////              will erase all remanining characters on the current      ////
.................... ////              line, and move the cursor to the beginning of the next   ////
.................... ////              line.                                                    ////
.................... ////              If LCD_EXTENDED_NEWLINE is defined, the \r character     ////
.................... ////              will move the cursor to the start of the current         ////
.................... ////              line.                                                    ////
.................... ////                                                                       ////
.................... ////  lcd_gotoxy(x,y) Set write position on LCD (upper left is 1,1)        ////
.................... ////                                                                       ////
.................... ////  lcd_getc(x,y)   Returns character at position x,y on LCD             ////
.................... ////                                                                       ////
.................... ////  lcd_cursor_on(int1 on)   Turn the cursor on (on=TRUE) or off         ////
.................... ////              (on=FALSE).                                              ////
.................... ////                                                                       ////
.................... ////  lcd_set_cgram_char(w, *p)   Write a custom character to the CGRAM.   ////
.................... ////                                                                       ////
.................... ////                                                                       ////
.................... ////  CONFIGURATION                                                        ////
.................... ////  The LCD can be configured in one of two ways: a.) port access or     ////
.................... ////  b.) pin access.  Port access requires the entire 7 bit interface     ////
.................... ////  connected to one GPIO port, and the data bits (D4:D7 of the LCD)     ////
.................... ////  connected to sequential pins on the GPIO.  Pin access                ////
.................... ////  has no requirements, all 7 bits of the control interface can         ////
.................... ////  can be connected to any GPIO using several ports.                    ////
.................... ////                                                                       ////
.................... ////  To use port access, #define LCD_DATA_PORT to the SFR location of     ////
.................... ////  of the GPIO port that holds the interface, -AND- edit LCD_PIN_MAP    ////
.................... ////  of this file to configure the pin order.  If you are using a         ////
.................... ////  baseline PIC (PCB), then LCD_OUTPUT_MAP and LCD_INPUT_MAP also must  ////
.................... ////  be defined.                                                          ////
.................... ////                                                                       ////
.................... ////  Example of port access:                                              ////
.................... ////     #define LCD_DATA_PORT getenv("SFR:PORTD")                         ////
.................... ////                                                                       ////
.................... ////  To use pin access, the following pins must be defined:               ////
.................... ////     LCD_ENABLE_PIN                                                    ////
.................... ////     LCD_RS_PIN                                                        ////
.................... ////     LCD_RW_PIN                                                        ////
.................... ////     LCD_DATA4                                                         ////
.................... ////     LCD_DATA5                                                         ////
.................... ////     LCD_DATA6                                                         ////
.................... ////     LCD_DATA7                                                         ////
.................... ////                                                                       ////
.................... ////  Example of pin access:                                               ////
.................... ////     #define LCD_ENABLE_PIN  PIN_E0                                    ////
.................... ////     #define LCD_RS_PIN      PIN_E1                                    ////
.................... ////     #define LCD_RW_PIN      PIN_E2                                    ////
.................... ////     #define LCD_DATA4       PIN_D4                                    ////
.................... ////     #define LCD_DATA5       PIN_D5                                    ////
.................... ////     #define LCD_DATA6       PIN_D6                                    ////
.................... ////     #define LCD_DATA7       PIN_D7                                    ////
.................... ////                                                                       ////
.................... ///////////////////////////////////////////////////////////////////////////////
.................... ////        (C) Copyright 1996,2010 Custom Computer Services           ////
.................... //// This source code may only be used by licensed users of the CCS C  ////
.................... //// compiler.  This source code may only be distributed to other      ////
.................... //// licensed users of the CCS C compiler.  No other use, reproduction ////
.................... //// or distribution is permitted without written permission.          ////
.................... //// Derivative programs created using this software in object code    ////
.................... //// form are not restricted in any way.                               ////
.................... ///////////////////////////////////////////////////////////////////////////
.................... 
.................... #ifndef __LCD_C__
.................... #define __LCD_C__
.................... 
.................... // define the pinout.
.................... // only required if port access is being used.
.................... typedef struct  
.................... {                            // This structure is overlayed
....................    int1 enable;           // on to an I/O port to gain
....................    int1 rs;               // access to the LCD pins.
....................    int1 rw;               // The bits are allocated from
....................    int1 unused;           // low order up.  ENABLE will
....................    unsigned int     data : 4;         // be LSB pin of that port.
....................   #if defined(__PCD__)       // The port used will be LCD_DATA_PORT.
....................    unsigned int    reserved: 8;
....................   #endif
.................... } LCD_PIN_MAP;
.................... 
.................... // this is to improve compatability with previous LCD drivers that accepted
.................... // a define labeled 'use_portb_lcd' that configured the LCD onto port B.
.................... #if ((defined(use_portb_lcd)) && (use_portb_lcd==TRUE))
....................  #define LCD_DATA_PORT getenv("SFR:PORTB")
.................... #endif
.................... 
.................... #if defined(__PCB__)
....................    // these definitions only need to be modified for baseline PICs.
....................    // all other PICs use LCD_PIN_MAP or individual LCD_xxx pin definitions.
.................... /*                                    EN, RS,   RW,   UNUSED,  DATA  */
....................  const LCD_PIN_MAP LCD_OUTPUT_MAP =  {0,  0,    0,    0,       0};
....................  const LCD_PIN_MAP LCD_INPUT_MAP =   {0,  0,    0,    0,       0xF};
.................... #endif
.................... 
.................... ////////////////////// END CONFIGURATION ///////////////////////////////////
.................... 
.................... #ifndef LCD_ENABLE_PIN
....................    #define lcd_output_enable(x) lcdlat.enable=x
....................    #define lcd_enable_tris()   lcdtris.enable=0
.................... #else
....................    #define lcd_output_enable(x) output_bit(LCD_ENABLE_PIN, x)
....................    #define lcd_enable_tris()  output_drive(LCD_ENABLE_PIN)
.................... #endif
.................... 
.................... #ifndef LCD_RS_PIN
....................    #define lcd_output_rs(x) lcdlat.rs=x
....................    #define lcd_rs_tris()   lcdtris.rs=0
.................... #else
....................    #define lcd_output_rs(x) output_bit(LCD_RS_PIN, x)
....................    #define lcd_rs_tris()  output_drive(LCD_RS_PIN)
.................... #endif
.................... 
.................... #ifndef LCD_RW_PIN
....................    #define lcd_output_rw(x) lcdlat.rw=x
....................    #define lcd_rw_tris()   lcdtris.rw=0
.................... #else
....................    #define lcd_output_rw(x) output_bit(LCD_RW_PIN, x)
....................    #define lcd_rw_tris()  output_drive(LCD_RW_PIN)
.................... #endif
.................... 
.................... // original version of this library incorrectly labeled LCD_DATA0 as LCD_DATA4,
.................... // LCD_DATA1 as LCD_DATA5, and so on.  this block of code makes the driver
.................... // compatible with any code written for the original library
.................... #if (defined(LCD_DATA0) && defined(LCD_DATA1) && defined(LCD_DATA2) && defined(LCD_DATA3) && !defined(LCD_DATA4) && !defined(LCD_DATA5) && !defined(LCD_DATA6) && !defined(LCD_DATA7))
....................    #define  LCD_DATA4    LCD_DATA0
....................    #define  LCD_DATA5    LCD_DATA1
....................    #define  LCD_DATA6    LCD_DATA2
....................    #define  LCD_DATA7    LCD_DATA3
.................... #endif
.................... 
.................... #ifndef LCD_DATA4
.................... #ifndef LCD_DATA_PORT
....................    #if defined(__PCB__)
....................       #define LCD_DATA_PORT      0x06     //portb
....................       #define set_tris_lcd(x)   set_tris_b(x)
....................    #else
....................      #if defined(PIN_D0)
....................       #define LCD_DATA_PORT      getenv("SFR:PORTD")     //portd
....................      #else
....................       #define LCD_DATA_PORT      getenv("SFR:PORTB")     //portb
....................      #endif
....................    #endif   
.................... #endif
.................... 
.................... #if defined(__PCB__)
....................    LCD_PIN_MAP lcd, lcdlat;
....................    #byte lcd = LCD_DATA_PORT
....................    #byte lcdlat = LCD_DATA_PORT
.................... #elif defined(__PCM__)
....................    LCD_PIN_MAP lcd, lcdlat, lcdtris;
....................    #byte lcd = LCD_DATA_PORT
....................    #byte lcdlat = LCD_DATA_PORT
....................    #byte lcdtris = LCD_DATA_PORT+0x80
.................... #elif defined(__PCH__)
....................    LCD_PIN_MAP lcd, lcdlat, lcdtris;
....................    #byte lcd = LCD_DATA_PORT
....................    #byte lcdlat = LCD_DATA_PORT+9
....................    #byte lcdtris = LCD_DATA_PORT+0x12
.................... #elif defined(__PCD__)
....................    LCD_PIN_MAP lcd, lcdlat, lcdtris;
....................    #word lcd = LCD_DATA_PORT
....................    #word lcdlat = LCD_DATA_PORT+2
....................    #word lcdtris = LCD_DATA_PORT-0x02
.................... #endif
.................... #endif   //LCD_DATA4 not defined
.................... 
.................... #ifndef LCD_TYPE
....................    #define LCD_TYPE 2           // 0=5x7, 1=5x10, 2=2 lines
.................... #endif
.................... 
.................... #ifndef LCD_LINE_TWO
....................    #define LCD_LINE_TWO 0x40    // LCD RAM address for the second line
.................... #endif
.................... 
.................... #ifndef LCD_LINE_LENGTH
....................    #define LCD_LINE_LENGTH 20
.................... #endif
.................... 
.................... unsigned int8 lcd_read_nibble(void);
.................... 
.................... unsigned int8 lcd_read_byte(void)
.................... {
....................    unsigned int8 low,high;
.................... 
....................  #if defined(__PCB__)
....................    set_tris_lcd(LCD_INPUT_MAP);
....................  #else
....................   #if (defined(LCD_DATA4) && defined(LCD_DATA5) && defined(LCD_DATA6) && defined(LCD_DATA7))
....................    output_float(LCD_DATA4);
*
00FB:  MOVLB  01
00FC:  BSF    0C.3
....................    output_float(LCD_DATA5);
00FD:  BSF    0C.4
....................    output_float(LCD_DATA6);
00FE:  BSF    0C.6
....................    output_float(LCD_DATA7);
00FF:  BSF    0C.7
....................   #else
....................    lcdtris.data = 0xF;
....................   #endif
....................  #endif
....................         
....................    lcd_output_rw(1);
0100:  MOVLB  02
0101:  BSF    0C.1
0102:  MOVLB  01
0103:  BCF    0C.1
....................    delay_cycles(1);
0104:  NOP
....................    lcd_output_enable(1);
0105:  MOVLB  02
0106:  BSF    0C.2
0107:  MOVLB  01
0108:  BCF    0C.2
....................    delay_cycles(1);
0109:  NOP
....................    high = lcd_read_nibble();
010A:  MOVLB  00
010B:  CALL   0CA
010C:  MOVF   78,W
010D:  MOVWF  51
....................       
....................    lcd_output_enable(0);
010E:  MOVLB  02
010F:  BCF    0C.2
0110:  MOVLB  01
0111:  BCF    0C.2
....................    delay_cycles(1);
0112:  NOP
....................    lcd_output_enable(1);
0113:  MOVLB  02
0114:  BSF    0C.2
0115:  MOVLB  01
0116:  BCF    0C.2
....................    delay_us(1);
0117:  NOP
....................    low = lcd_read_nibble();
0118:  MOVLB  00
0119:  CALL   0CA
011A:  MOVF   78,W
011B:  MOVWF  50
....................       
....................    lcd_output_enable(0);
011C:  MOVLB  02
011D:  BCF    0C.2
011E:  MOVLB  01
011F:  BCF    0C.2
.................... 
....................  #if defined(__PCB__)
....................    set_tris_lcd(LCD_OUTPUT_MAP);
....................  #else
....................   #if (defined(LCD_DATA4) && defined(LCD_DATA5) && defined(LCD_DATA6) && defined(LCD_DATA7))
....................    output_drive(LCD_DATA4);
0120:  BCF    0C.3
....................    output_drive(LCD_DATA5);
0121:  BCF    0C.4
....................    output_drive(LCD_DATA6);
0122:  BCF    0C.6
....................    output_drive(LCD_DATA7);
0123:  BCF    0C.7
....................   #else
....................    lcdtris.data = 0x0;
....................   #endif
....................  #endif
.................... 
....................    return( (high<<4) | low);
0124:  MOVLB  00
0125:  SWAPF  51,W
0126:  MOVWF  77
0127:  MOVLW  F0
0128:  ANDWF  77,F
0129:  MOVF   77,W
012A:  IORWF  50,W
012B:  MOVWF  78
012C:  RETURN
.................... }
.................... 
.................... unsigned int8 lcd_read_nibble(void)
.................... {
....................   #if (defined(LCD_DATA4) && defined(LCD_DATA5) && defined(LCD_DATA6) && defined(LCD_DATA7))
*
00CA:  CLRF   52
....................    unsigned int8 n = 0x00;
.................... 
....................    /* Read the data port */
....................    n |= input(LCD_DATA4);
00CB:  MOVLB  01
00CC:  BSF    0C.3
00CD:  MOVLW  00
00CE:  MOVLB  00
00CF:  BTFSC  0C.3
00D0:  MOVLW  01
00D1:  IORWF  52,F
....................    n |= input(LCD_DATA5) << 1;
00D2:  MOVLB  01
00D3:  BSF    0C.4
00D4:  MOVLW  00
00D5:  MOVLB  00
00D6:  BTFSC  0C.4
00D7:  MOVLW  01
00D8:  MOVWF  77
00D9:  BCF    03.0
00DA:  RLF    77,F
00DB:  MOVF   77,W
00DC:  IORWF  52,F
....................    n |= input(LCD_DATA6) << 2;
00DD:  MOVLB  01
00DE:  BSF    0C.6
00DF:  MOVLW  00
00E0:  MOVLB  00
00E1:  BTFSC  0C.6
00E2:  MOVLW  01
00E3:  MOVWF  77
00E4:  RLF    77,F
00E5:  RLF    77,F
00E6:  MOVLW  FC
00E7:  ANDWF  77,F
00E8:  MOVF   77,W
00E9:  IORWF  52,F
....................    n |= input(LCD_DATA7) << 3;
00EA:  MOVLB  01
00EB:  BSF    0C.7
00EC:  MOVLW  00
00ED:  MOVLB  00
00EE:  BTFSC  0C.7
00EF:  MOVLW  01
00F0:  MOVWF  77
00F1:  RLF    77,F
00F2:  RLF    77,F
00F3:  RLF    77,F
00F4:  MOVLW  F8
00F5:  ANDWF  77,F
00F6:  MOVF   77,W
00F7:  IORWF  52,F
....................    
....................    return(n);
00F8:  MOVF   52,W
00F9:  MOVWF  78
....................   #else
00FA:  RETURN
....................    return(lcd.data);
....................   #endif
.................... }
.................... 
.................... void lcd_send_nibble(unsigned int8 n)
.................... {
....................   #if (defined(LCD_DATA4) && defined(LCD_DATA5) && defined(LCD_DATA6) && defined(LCD_DATA7))
....................    /* Write to the data port */
....................    output_bit(LCD_DATA4, bit_test(n, 0));
*
012D:  BTFSC  51.0
012E:  GOTO   133
012F:  MOVLB  02
0130:  BCF    0C.3
0131:  GOTO   135
0132:  MOVLB  00
0133:  MOVLB  02
0134:  BSF    0C.3
0135:  MOVLB  01
0136:  BCF    0C.3
....................    output_bit(LCD_DATA5, bit_test(n, 1));
0137:  MOVLB  00
0138:  BTFSC  51.1
0139:  GOTO   13E
013A:  MOVLB  02
013B:  BCF    0C.4
013C:  GOTO   140
013D:  MOVLB  00
013E:  MOVLB  02
013F:  BSF    0C.4
0140:  MOVLB  01
0141:  BCF    0C.4
....................    output_bit(LCD_DATA6, bit_test(n, 2));
0142:  MOVLB  00
0143:  BTFSC  51.2
0144:  GOTO   149
0145:  MOVLB  02
0146:  BCF    0C.6
0147:  GOTO   14B
0148:  MOVLB  00
0149:  MOVLB  02
014A:  BSF    0C.6
014B:  MOVLB  01
014C:  BCF    0C.6
....................    output_bit(LCD_DATA7, bit_test(n, 3));
014D:  MOVLB  00
014E:  BTFSC  51.3
014F:  GOTO   154
0150:  MOVLB  02
0151:  BCF    0C.7
0152:  GOTO   156
0153:  MOVLB  00
0154:  MOVLB  02
0155:  BSF    0C.7
0156:  MOVLB  01
0157:  BCF    0C.7
....................   #else      
....................    lcdlat.data = n;
....................   #endif
....................       
....................    delay_cycles(1);
0158:  NOP
....................    lcd_output_enable(1);
0159:  MOVLB  02
015A:  BSF    0C.2
015B:  MOVLB  01
015C:  BCF    0C.2
....................    delay_us(2);
015D:  GOTO   15E
....................    lcd_output_enable(0);
015E:  MOVLB  02
015F:  BCF    0C.2
0160:  MOVLB  01
0161:  BCF    0C.2
0162:  MOVLB  00
0163:  RETURN
.................... }
.................... 
.................... void lcd_send_byte(unsigned int8 address, unsigned int8 n)
.................... {
....................   #if defined(__PCB__)
....................    set_tris_lcd(LCD_OUTPUT_MAP);
....................   #else
....................    lcd_enable_tris();
0164:  MOVLB  01
0165:  BCF    0C.2
....................    lcd_rs_tris();
0166:  BCF    0C.0
....................    lcd_rw_tris();
0167:  BCF    0C.1
....................   #endif
.................... 
....................    lcd_output_rs(0);
0168:  MOVLB  02
0169:  BCF    0C.0
016A:  MOVLB  01
016B:  BCF    0C.0
....................    while ( bit_test(lcd_read_byte(),7) ) ;
016C:  MOVLB  00
016D:  CALL   0FB
016E:  MOVF   78,W
016F:  MOVWF  50
0170:  BTFSC  50.7
0171:  GOTO   16D
....................    lcd_output_rs(address);
0172:  MOVF   4E,F
0173:  BTFSS  03.2
0174:  GOTO   179
0175:  MOVLB  02
0176:  BCF    0C.0
0177:  GOTO   17B
0178:  MOVLB  00
0179:  MOVLB  02
017A:  BSF    0C.0
017B:  MOVLB  01
017C:  BCF    0C.0
....................    delay_cycles(1);
017D:  NOP
....................    lcd_output_rw(0);
017E:  MOVLB  02
017F:  BCF    0C.1
0180:  MOVLB  01
0181:  BCF    0C.1
....................    delay_cycles(1);
0182:  NOP
....................    lcd_output_enable(0);
0183:  MOVLB  02
0184:  BCF    0C.2
0185:  MOVLB  01
0186:  BCF    0C.2
....................    lcd_send_nibble(n >> 4);
0187:  MOVLB  00
0188:  SWAPF  4F,W
0189:  MOVWF  50
018A:  MOVLW  0F
018B:  ANDWF  50,F
018C:  MOVF   50,W
018D:  MOVWF  51
018E:  CALL   12D
....................    lcd_send_nibble(n & 0xf);
018F:  MOVF   4F,W
0190:  ANDLW  0F
0191:  MOVWF  50
0192:  MOVWF  51
0193:  CALL   12D
0194:  RETURN
.................... }
.................... 
.................... #if defined(LCD_EXTENDED_NEWLINE)
.................... unsigned int8 g_LcdX, g_LcdY;
.................... #endif
.................... 
.................... void lcd_init(void) 
.................... {
....................    unsigned int8 i;
....................    unsigned int8 LCD_INIT_STRING[4] = {0x20 | (LCD_TYPE << 2), 0xc, 1, 6};
*
032B:  MOVLW  28
032C:  MOVWF  35
032D:  MOVLW  0C
032E:  MOVWF  36
032F:  MOVLW  01
0330:  MOVWF  37
0331:  MOVLW  06
0332:  MOVWF  38
....................                              // These bytes need to be sent to the LCD
....................                              // to start it up.
....................    
.................... 
....................    lcd_output_enable(0);
0333:  MOVLB  02
0334:  BCF    0C.2
0335:  MOVLB  01
0336:  BCF    0C.2
....................    lcd_output_rs(0);
0337:  MOVLB  02
0338:  BCF    0C.0
0339:  MOVLB  01
033A:  BCF    0C.0
....................    lcd_output_rw(0);
033B:  MOVLB  02
033C:  BCF    0C.1
033D:  MOVLB  01
033E:  BCF    0C.1
.................... 
....................  #if defined(__PCB__)
....................    set_tris_lcd(LCD_OUTPUT_MAP);
....................  #else
....................   #if (defined(LCD_DATA4) && defined(LCD_DATA5) && defined(LCD_DATA6) && defined(LCD_DATA7))
....................    output_drive(LCD_DATA4);
033F:  BCF    0C.3
....................    output_drive(LCD_DATA5);
0340:  BCF    0C.4
....................    output_drive(LCD_DATA6);
0341:  BCF    0C.6
....................    output_drive(LCD_DATA7);
0342:  BCF    0C.7
....................   #else
....................    lcdtris.data = 0x0;
....................   #endif
....................    lcd_enable_tris();
0343:  BCF    0C.2
....................    lcd_rs_tris();
0344:  BCF    0C.0
....................    lcd_rw_tris();
0345:  BCF    0C.1
0346:  MOVLB  00
0347:  CLRF   28
0348:  BTFSC  0B.7
0349:  BSF    28.7
034A:  BCF    0B.7
....................  #endif
....................     
....................    delay_ms(15);
034B:  MOVLW  0F
034C:  MOVWF  4A
034D:  CALL   1A7
034E:  BTFSC  28.7
034F:  BSF    0B.7
....................    for(i=1;i<=3;++i)
0350:  MOVLW  01
0351:  MOVWF  34
0352:  MOVF   34,W
0353:  SUBLW  03
0354:  BTFSS  03.0
0355:  GOTO   36A
0356:  CLRF   28
0357:  BTFSC  0B.7
0358:  BSF    28.7
0359:  BCF    0B.7
....................    {
....................        lcd_send_nibble(3);
035A:  MOVLW  03
035B:  MOVWF  51
035C:  CALL   12D
035D:  BTFSC  28.7
035E:  BSF    0B.7
035F:  CLRF   28
0360:  BTFSC  0B.7
0361:  BSF    28.7
0362:  BCF    0B.7
....................        delay_ms(5);
0363:  MOVLW  05
0364:  MOVWF  4A
0365:  CALL   1A7
0366:  BTFSC  28.7
0367:  BSF    0B.7
0368:  INCF   34,F
0369:  GOTO   352
036A:  CLRF   28
036B:  BTFSC  0B.7
036C:  BSF    28.7
036D:  BCF    0B.7
....................    }
....................    
....................    lcd_send_nibble(2);
036E:  MOVLW  02
036F:  MOVWF  51
0370:  CALL   12D
0371:  BTFSC  28.7
0372:  BSF    0B.7
0373:  CLRF   28
0374:  BTFSC  0B.7
0375:  BSF    28.7
0376:  BCF    0B.7
....................    delay_ms(5);
0377:  MOVLW  05
0378:  MOVWF  4A
0379:  CALL   1A7
037A:  BTFSC  28.7
037B:  BSF    0B.7
....................    for(i=0;i<=3;++i)
037C:  CLRF   34
037D:  MOVF   34,W
037E:  SUBLW  03
037F:  BTFSS  03.0
0380:  GOTO   396
....................       lcd_send_byte(0,LCD_INIT_STRING[i]);
0381:  MOVLW  15
0382:  ADDWF  34,W
0383:  MOVWF  04
0384:  MOVLW  20
0385:  MOVWF  05
0386:  BTFSC  03.0
0387:  INCF   05,F
0388:  MOVF   00,W
0389:  MOVWF  39
038A:  CLRF   28
038B:  BTFSC  0B.7
038C:  BSF    28.7
038D:  BCF    0B.7
038E:  CLRF   4E
038F:  MOVF   39,W
0390:  MOVWF  4F
0391:  CALL   164
0392:  BTFSC  28.7
0393:  BSF    0B.7
.................... 
....................   #if defined(LCD_EXTENDED_NEWLINE)
0394:  INCF   34,F
0395:  GOTO   37D
0396:  MOVLP  00
0397:  GOTO   3B5 (RETURN)
....................    g_LcdX = 0;
....................    g_LcdY = 0;
....................   #endif
.................... }
.................... 
.................... void lcd_gotoxy(unsigned int8 x, unsigned int8 y)
.................... {
....................    unsigned int8 address;
....................    
....................    if(y!=1)
*
0195:  DECFSZ 4B,W
0196:  GOTO   198
0197:  GOTO   19B
....................       address=LCD_LINE_TWO;
0198:  MOVLW  40
0199:  MOVWF  4C
019A:  GOTO   19C
....................    else
....................       address=0;
019B:  CLRF   4C
....................      
....................    address+=x-1;
019C:  MOVLW  01
019D:  SUBWF  4A,W
019E:  ADDWF  4C,F
....................    lcd_send_byte(0,0x80|address);
019F:  MOVF   4C,W
01A0:  IORLW  80
01A1:  MOVWF  4D
01A2:  CLRF   4E
01A3:  MOVF   4D,W
01A4:  MOVWF  4F
01A5:  CALL   164
.................... 
....................   #if defined(LCD_EXTENDED_NEWLINE)
01A6:  RETURN
....................    g_LcdX = x - 1;
....................    g_LcdY = y - 1;
....................   #endif
.................... }
.................... 
.................... void lcd_putc(char c)
.................... {
....................    switch (c)
*
01BD:  MOVF   49,W
01BE:  XORLW  07
01BF:  BTFSC  03.2
01C0:  GOTO   1CB
01C1:  XORLW  0B
01C2:  BTFSC  03.2
01C3:  GOTO   1D0
01C4:  XORLW  06
01C5:  BTFSC  03.2
01C6:  GOTO   1D8
01C7:  XORLW  02
01C8:  BTFSC  03.2
01C9:  GOTO   1DE
01CA:  GOTO   1E3
....................    {
....................       case '\a'   :  lcd_gotoxy(1,1);     break;
01CB:  MOVLW  01
01CC:  MOVWF  4A
01CD:  MOVWF  4B
01CE:  CALL   195
01CF:  GOTO   1E8
.................... 
....................       case '\f'   :  lcd_send_byte(0,1);
01D0:  CLRF   4E
01D1:  MOVLW  01
01D2:  MOVWF  4F
01D3:  CALL   164
....................                      delay_ms(2);
01D4:  MOVLW  02
01D5:  MOVWF  4A
01D6:  CALL   1A7
....................                     #if defined(LCD_EXTENDED_NEWLINE)
....................                      g_LcdX = 0;
....................                      g_LcdY = 0;
....................                     #endif
....................                      break;
01D7:  GOTO   1E8
.................... 
....................      #if defined(LCD_EXTENDED_NEWLINE)
....................       case '\r'   :  lcd_gotoxy(1, g_LcdY+1);   break;
....................       case '\n'   :
....................          while (g_LcdX++ < LCD_LINE_LENGTH)
....................          {
....................             lcd_send_byte(1, ' ');
....................          }
....................          lcd_gotoxy(1, g_LcdY+2);
....................          break;
....................      #else
....................       case '\n'   : lcd_gotoxy(1,2);        break;
01D8:  MOVLW  01
01D9:  MOVWF  4A
01DA:  MOVLW  02
01DB:  MOVWF  4B
01DC:  CALL   195
01DD:  GOTO   1E8
....................      #endif
....................      
....................       case '\b'   : lcd_send_byte(0,0x10);  break;
01DE:  CLRF   4E
01DF:  MOVLW  10
01E0:  MOVWF  4F
01E1:  CALL   164
01E2:  GOTO   1E8
....................      
....................      #if defined(LCD_EXTENDED_NEWLINE)
....................       default     : 
....................          if (g_LcdX < LCD_LINE_LENGTH)
....................          {
....................             lcd_send_byte(1, c);
....................             g_LcdX++;
....................          }
....................          break;
....................      #else
....................       default     : lcd_send_byte(1,c);     break;
01E3:  MOVLW  01
01E4:  MOVWF  4E
01E5:  MOVF   49,W
01E6:  MOVWF  4F
01E7:  CALL   164
....................      #endif
....................    }
01E8:  RETURN
.................... }
....................  
.................... char lcd_getc(unsigned int8 x, unsigned int8 y)
.................... {
....................    char value;
.................... 
....................    lcd_gotoxy(x,y);
....................    while ( bit_test(lcd_read_byte(),7) ); // wait until busy flag is low
....................    lcd_output_rs(1);
....................    value = lcd_read_byte();
....................    lcd_output_rs(0);
....................    
....................    return(value);
.................... }
.................... 
.................... // write a custom character to the ram
.................... // which is 0-7 and specifies which character array we are modifying.
.................... // ptr points to an array of 8 bytes, where each byte is the next row of
.................... //    pixels.  only bits 0-4 are used.  the last row is the cursor row, and
.................... //    usually you will want to leave this byte 0x00.
.................... void lcd_set_cgram_char(unsigned int8 which, unsigned int8 *ptr)
.................... {
....................    unsigned int i;
.................... 
....................    which <<= 3;
....................    which &= 0x38;
.................... 
....................    lcd_send_byte(0, 0x40 | which);  //set cgram address
.................... 
....................    for(i=0; i<8; i++)
....................    {
....................       lcd_send_byte(1, *ptr++);
....................    }
....................   
....................    #if defined(LCD_EXTENDED_NEWLINE)
....................     lcd_gotoxy(g_LcdX+1, g_LcdY+1);  //set ddram address
....................    #endif
.................... }
.................... 
.................... void lcd_cursor_on(int1 on)
.................... {
....................    if (on)
....................    {
....................       lcd_send_byte(0,0x0F);           //turn LCD cursor ON
....................    }
....................    else
....................    {
....................       lcd_send_byte(0,0x0C);           //turn LCD cursor OFF
....................    }
.................... }
.................... 
.................... #endif
.................... 
.................... 
.................... //======PUERTOS TECLADO========
.................... const int PuertosTecladoEntrada[] = { PIN_B0, PIN_B1, PIN_B2 };
.................... const int PuertosTecladoSalida[]  = { PIN_B4, PIN_B5, PIN_B6, PIN_B7 };
.................... 
.................... int port=0; 
.................... 
.................... // ====== VARIABLES P/CONTRASEÑA ======
.................... char contrasenia[3] = {'2','5','3'};   // Contraseña fija
.................... char entrada[3];                       
.................... int indice = 0;                       
.................... 
.................... // ====== CONTROL DE TIMER1 ======
.................... volatile int contador = 0;
.................... 
.................... void main()
*
0398:  MOVLW  6A
0399:  MOVLB  01
039A:  MOVWF  19
039B:  MOVLB  00
039C:  CLRF   29
039D:  CLRF   30
039E:  CLRF   31
039F:  CLRF   33
03A0:  CLRF   32
03A1:  MOVLB  03
03A2:  CLRF   0C
03A3:  CLRF   0D
03A4:  MOVLB  02
03A5:  CLRF   12
03A6:  CLRF   11
03A7:  CLRF   14
03A8:  CLRF   13
03A9:  MOVLW  32
03AA:  MOVLB  00
03AB:  MOVWF  2A
03AC:  MOVLW  35
03AD:  MOVWF  2B
03AE:  MOVLW  33
03AF:  MOVWF  2C
.................... {
....................    INIT_GPIO();
03B0:  GOTO   300
....................    INIT_TIMER_0();
03B1:  GOTO   30A
....................    INIT_INT_ICO();
03B2:  GOTO   316
....................    INIT_TIMER_1();
03B3:  GOTO   323
.................... 
....................    lcd_init();                      
03B4:  GOTO   32B
....................    lcd_putc("\fINGRESE CLAVE:");      // Mensaje inicial
03B5:  MOVLW  5F
03B6:  MOVLB  03
03B7:  MOVWF  11
03B8:  MOVLW  00
03B9:  MOVWF  12
03BA:  MOVLB  00
03BB:  CLRF   28
03BC:  BTFSC  0B.7
03BD:  BSF    28.7
03BE:  BCF    0B.7
03BF:  CALL   1E9
03C0:  BTFSC  28.7
03C1:  BSF    0B.7
.................... 
....................    while(TRUE)
....................    {
03C2:  GOTO   3C2
....................    }
.................... }
.................... 
03C3:  SLEEP
.................... void INIT_GPIO(){
....................    set_tris_a(0x00);       
*
0300:  MOVLW  00
0301:  MOVLB  01
0302:  MOVWF  0C
....................    set_tris_b(0b00000111); 
0303:  MOVLW  07
0304:  MOVWF  0D
....................    output_b(0x00);
0305:  MOVLB  02
0306:  CLRF   0D
0307:  MOVLP  00
0308:  MOVLB  00
0309:  GOTO   3B1 (RETURN)
.................... }
.................... 
.................... void INIT_TIMER_0() 
.................... {
....................    setup_timer_0(RTCC_INTERNAL | RTCC_DIV_256);
030A:  MOVLB  01
030B:  MOVF   15,W
030C:  ANDLW  C0
030D:  IORLW  07
030E:  MOVWF  15
....................    set_timer0(0); 
030F:  MOVLB  00
0310:  CLRF   15
....................    enable_interrupts(INT_TIMER0);
0311:  BSF    0B.5
....................    enable_interrupts(global);
0312:  MOVLW  C0
0313:  IORWF  0B,F
0314:  MOVLP  00
0315:  GOTO   3B2 (RETURN)
.................... }
.................... 
.................... #INT_TIMER0 
.................... void TIMER0_ISR()
.................... {
....................    set_timer0(0);
*
00A1:  CLRF   15
....................    port++;
00A2:  INCF   29,F
....................    if(port>3)port=0;
00A3:  MOVF   29,W
00A4:  SUBLW  03
00A5:  BTFSS  03.0
00A6:  CLRF   29
.................... 
....................    // Todos prendidos
....................    output_high(PuertosTecladoSalida[0]);
00A7:  MOVLB  02
00A8:  BSF    0D.4
....................    output_high(PuertosTecladoSalida[1]);
00A9:  BSF    0D.5
....................    output_high(PuertosTecladoSalida[2]);
00AA:  BSF    0D.6
....................    output_high(PuertosTecladoSalida[3]);
00AB:  BSF    0D.7
.................... 
....................    // Apagamos el que tiene el port
....................    output_toggle(PuertosTecladoSalida[port]);
00AC:  MOVLB  00
00AD:  MOVF   29,W
00AE:  CALL   05A
00AF:  MOVWF  42
00B0:  MOVWF  43
00B1:  CLRF   45
00B2:  CLRF   44
00B3:  GOTO   067
00B4:  MOVLW  00
00B5:  BTFSS  78.0
00B6:  MOVLW  01
00B7:  MOVWF  77
00B8:  MOVF   42,W
00B9:  MOVWF  43
00BA:  MOVF   77,W
00BB:  MOVWF  44
00BC:  MOVLW  01
00BD:  MOVWF  46
00BE:  CLRF   45
00BF:  CALL   081
00C0:  MOVF   42,W
00C1:  MOVWF  43
00C2:  CLRF   44
00C3:  CLRF   46
00C4:  MOVLW  80
00C5:  MOVWF  45
00C6:  CALL   081
00C7:  BCF    0B.2
00C8:  MOVLP  00
00C9:  GOTO   02E
.................... }
.................... 
.................... void INIT_INT_ICO()
.................... {
....................    enable_interrupts(INT_EXT_H2L);
*
0316:  BSF    0B.4
0317:  MOVLB  01
0318:  BCF    15.6
....................    enable_interrupts(INT_IOC);
0319:  BSF    0B.3
031A:  MOVLW  FF
031B:  MOVLB  07
031C:  IORWF  14,F
031D:  IORWF  15,F
....................    enable_interrupts(GLOBAL);
031E:  MOVLW  C0
031F:  IORWF  0B,F
0320:  MOVLP  00
0321:  MOVLB  00
0322:  GOTO   3B3 (RETURN)
.................... }
.................... 
.................... // ====== CONFIG TIMER1 ======
.................... void INIT_TIMER_1() {
....................    setup_timer_1(T1_INTERNAL | T1_DIV_BY_8); 
0323:  MOVLW  35
0324:  MOVWF  18
0325:  CLRF   19
....................    disable_interrupts(INT_TIMER1); // apagado por defecto
0326:  MOVLB  01
0327:  BCF    11.0
0328:  MOVLP  00
0329:  MOVLB  00
032A:  GOTO   3B4 (RETURN)
.................... }
.................... 
.................... #INT_TIMER1
.................... void TIMER1_ISR(void) {
....................    contador++;
*
0233:  INCF   31,F
....................    if(contador>2){
0234:  MOVF   31,W
0235:  SUBLW  02
0236:  BTFSC  03.0
0237:  GOTO   242
....................       disable_interrupts(INT_TIMER1);   // solo cuando se habilita
0238:  MOVLB  01
0239:  BCF    11.0
....................       lcd_putc("\fINGRESE CLAVE:");
023A:  MOVLW  45
023B:  MOVLB  03
023C:  MOVWF  11
023D:  MOVLW  02
023E:  MOVWF  12
023F:  MOVLB  00
0240:  CALL   1E9
....................       contador=0;
0241:  CLRF   31
....................    }
.................... }
.................... 
.................... // ======== TECLADO MATRICIAL =========
0242:  BCF    11.0
0243:  MOVLP  00
0244:  GOTO   02E
.................... #INT_IOC 
.................... void EXT_isr(void) {
*
0272:  CLRF   42
....................    char tecla = 0;
.................... 
....................    if(!input_state(PuertosTecladoEntrada[0])) {
0273:  BTFSC  0D.0
0274:  GOTO   27E
....................       tecla = teclado[port][0]; 
0275:  MOVF   29,W
0276:  MOVWF  44
0277:  MOVLW  03
0278:  MOVWF  45
0279:  CALL   24D
027A:  MOVF   78,W
027B:  CALL   04D
027C:  MOVWF  78
027D:  MOVWF  42
....................    }
....................    if(!input_state(PuertosTecladoEntrada[1])) {
027E:  BTFSC  0D.1
027F:  GOTO   28A
....................       tecla = teclado[port][1]; 
0280:  MOVF   29,W
0281:  MOVWF  44
0282:  MOVLW  03
0283:  MOVWF  45
0284:  CALL   24D
0285:  MOVLW  01
0286:  ADDWF  78,W
0287:  CALL   04D
0288:  MOVWF  78
0289:  MOVWF  42
....................    }
....................    if(!input_state(PuertosTecladoEntrada[2])) {
028A:  BTFSC  0D.2
028B:  GOTO   296
....................       tecla = teclado[port][2]; 
028C:  MOVF   29,W
028D:  MOVWF  44
028E:  MOVLW  03
028F:  MOVWF  45
0290:  CALL   24D
0291:  MOVLW  02
0292:  ADDWF  78,W
0293:  CALL   04D
0294:  MOVWF  78
0295:  MOVWF  42
....................    }
.................... 
....................    if(tecla != 0) 
0296:  MOVF   42,F
0297:  BTFSC  03.2
0298:  GOTO   2E7
....................    {
....................       entrada[indice] = tecla; 
0299:  MOVLW  0D
029A:  ADDWF  30,W
029B:  MOVWF  04
029C:  MOVLW  20
029D:  MOVWF  05
029E:  BTFSC  03.0
029F:  INCF   05,F
02A0:  MOVF   42,W
02A1:  MOVWF  00
....................       LCD_PUTC('\f');
02A2:  MOVLW  0C
02A3:  MOVWF  49
02A4:  CALL   1BD
....................       lcd_gotoxy(9, 1); 
02A5:  MOVLW  09
02A6:  MOVWF  4A
02A7:  MOVLW  01
02A8:  MOVWF  4B
02A9:  CALL   195
....................       lcd_putc(tecla);
02AA:  MOVF   42,W
02AB:  MOVWF  49
02AC:  CALL   1BD
.................... 
....................       if(entrada[indice] != contrasenia[indice]) 
02AD:  MOVLW  0D
02AE:  ADDWF  30,W
02AF:  MOVWF  04
02B0:  MOVLW  20
02B1:  MOVWF  05
02B2:  BTFSC  03.0
02B3:  INCF   05,F
02B4:  MOVF   00,W
02B5:  MOVWF  44
02B6:  MOVLW  0A
02B7:  ADDWF  30,W
02B8:  MOVWF  04
02B9:  MOVLW  20
02BA:  MOVWF  05
02BB:  BTFSC  03.0
02BC:  INCF   05,F
02BD:  MOVF   00,W
02BE:  SUBWF  44,W
02BF:  BTFSC  03.2
02C0:  GOTO   2D3
....................       {
....................          lcd_putc("\fClave Incorrecta");
02C1:  MOVLW  EF
02C2:  MOVLB  03
02C3:  MOVWF  11
02C4:  MOVLW  02
02C5:  MOVWF  12
02C6:  MOVLB  00
02C7:  CALL   1E9
....................          indice = 0;  
02C8:  CLRF   30
.................... 
....................          // arranca Timer1 ? 500ms
....................          set_timer1(65536 - 62500/2); // Fosc=4MHz, presc=8 ? 1 tick=8us ? 62500 ticks ˜ 500ms
02C9:  CLRF   16
02CA:  MOVLW  85
02CB:  MOVWF  17
02CC:  MOVLW  EE
02CD:  MOVWF  16
....................          clear_interrupt(INT_TIMER1);
02CE:  BCF    11.0
....................          enable_interrupts(INT_TIMER1);
02CF:  MOVLB  01
02D0:  BSF    11.0
....................          return;
02D1:  GOTO   2E6
02D2:  MOVLB  00
....................       }
.................... 
....................       indice++; 
02D3:  INCF   30,F
....................       
....................       if(indice == 3) 
02D4:  MOVF   30,W
02D5:  SUBLW  03
02D6:  BTFSS  03.2
02D7:  GOTO   2E7
....................       {
....................          lcd_putc("\fClave Correcta");
02D8:  MOVLW  F8
02D9:  MOVLB  03
02DA:  MOVWF  11
02DB:  MOVLW  02
02DC:  MOVWF  12
02DD:  MOVLB  00
02DE:  CALL   1E9
....................          indice = 0;   
02DF:  CLRF   30
....................          set_timer1(0); 
02E0:  CLRF   16
02E1:  CLRF   17
02E2:  CLRF   16
....................          clear_interrupt(INT_TIMER1);
02E3:  BCF    11.0
....................          enable_interrupts(INT_TIMER1);
02E4:  MOVLB  01
02E5:  BSF    11.0
02E6:  MOVLB  00
....................       }
....................    }
02E7:  MOVLW  FF
02E8:  MOVLB  07
02E9:  XORWF  16,W
02EA:  ANDWF  16,F
02EB:  BCF    0B.0
02EC:  MOVLP  00
02ED:  MOVLB  00
02EE:  GOTO   02E
.................... }
.................... 

Configuration Fuses:
   Word  1: 3F84   INTRC_IO NOWDT PUT NOMCLR NOPROTECT NOCPD BROWNOUT NOCLKOUT IESO FCMEN
   Word  2: 1EFF   NOWRT PLL_SW STVREN BORV19 NODEBUG NOLVP
