CCS PCM C Compiler, Version 5.093, 4770               10-sep.-25 20:52

               Filename:   C:\Users\juanp\OneDrive\Desktop\Ingenieria Biomedica\EDI II\TP2(Teclado+LCD)\Ejercicio_5\Pic c\Ejercicio_5.lst

               ROM used:   902 words (22%)
                           Largest free fragment is 2048
               RAM used:   23 (6%) at main() level
                           64 (17%) worst case
               Stack used: 13 locations (6 in main + 7 for interrupts)
               Stack size: 16

0000:  MOVLP  00
0001:  GOTO   35D
0002:  NOP
*
0004:  CLRF   03
0005:  MOVLP  00
0006:  MOVLB  00
0007:  MOVF   77,W
0008:  MOVWF  20
0009:  MOVF   78,W
000A:  MOVWF  21
000B:  MOVF   79,W
000C:  MOVWF  22
000D:  MOVF   7A,W
000E:  MOVWF  23
000F:  MOVLB  03
0010:  MOVF   11,W
0011:  MOVLB  00
0012:  MOVWF  24
0013:  MOVLB  03
0014:  MOVF   12,W
0015:  MOVLB  00
0016:  MOVWF  25
0017:  MOVLB  03
0018:  MOVF   13,W
0019:  MOVLB  00
001A:  MOVWF  26
001B:  MOVLB  03
001C:  MOVF   14,W
001D:  MOVLB  00
001E:  MOVWF  27
001F:  BTFSS  0B.5
0020:  GOTO   023
0021:  BTFSC  0B.2
0022:  GOTO   040
0023:  BTFSS  0B.3
0024:  GOTO   027
0025:  BTFSC  0B.0
0026:  GOTO   042
0027:  MOVF   20,W
0028:  MOVWF  77
0029:  MOVF   21,W
002A:  MOVWF  78
002B:  MOVF   22,W
002C:  MOVWF  79
002D:  MOVF   23,W
002E:  MOVWF  7A
002F:  MOVF   24,W
0030:  MOVLB  03
0031:  MOVWF  11
0032:  MOVLB  00
0033:  MOVF   25,W
0034:  MOVLB  03
0035:  MOVWF  12
0036:  MOVLB  00
0037:  MOVF   26,W
0038:  MOVLB  03
0039:  MOVWF  13
003A:  MOVLB  00
003B:  MOVF   27,W
003C:  MOVLB  03
003D:  MOVWF  14
003E:  RETFIE
003F:  MOVLB  00
0040:  MOVLP  00
0041:  GOTO   098
0042:  MOVLP  00
0043:  GOTO   24F
.................... #include <Ejercicio_5.h>
.................... #include <16F1827.h>
.................... //////////// Standard Header file for the PIC16F1827 device ////////////////
.................... ///////////////////////////////////////////////////////////////////////////
.................... ////        (C) Copyright 1996, 2014 Custom Computer Services          ////
.................... //// This source code may only be used by licensed users of the CCS C  ////
.................... //// compiler.  This source code may only be distributed to other      ////
.................... //// licensed users of the CCS C compiler.  No other use, reproduction ////
.................... //// or distribution is permitted without written permission.          ////
.................... //// Derivative programs created using this software in object code    ////
.................... //// form are not restricted in any way.                               ////
.................... ///////////////////////////////////////////////////////////////////////////
.................... #device PIC16F1827
0044:  BRW
0045:  RETLW  31
0046:  RETLW  32
0047:  RETLW  33
0048:  RETLW  34
0049:  RETLW  35
004A:  RETLW  36
004B:  RETLW  37
004C:  RETLW  38
004D:  RETLW  39
004E:  RETLW  2A
004F:  RETLW  30
0050:  RETLW  23
0051:  BRW
0052:  RETLW  6C
0053:  RETLW  6D
0054:  RETLW  6E
0055:  RETLW  6F
0056:  DATA 8C,24
0057:  DATA CE,23
0058:  DATA D2,22
0059:  DATA D3,22
005A:  DATA A0,21
005B:  DATA CC,20
005C:  DATA D6,22
005D:  DATA 3A,00
005E:  MOVF   42,W
005F:  ANDLW  07
0060:  MOVWF  77
0061:  RRF    42,W
0062:  MOVWF  78
0063:  RRF    78,F
0064:  RRF    78,F
0065:  MOVLW  1F
0066:  ANDWF  78,F
0067:  MOVF   78,W
0068:  ADDWF  43,W
0069:  MOVWF  04
006A:  MOVLW  00
006B:  ADDWFC 44,W
006C:  MOVWF  05
006D:  MOVF   00,W
006E:  MOVWF  78
006F:  INCF   77,F
0070:  GOTO   072
0071:  RRF    78,F
0072:  DECFSZ 77,F
0073:  GOTO   071
0074:  MOVLW  01
0075:  ANDWF  78,F
0076:  MOVLP  00
0077:  GOTO   0AB (RETURN)
0078:  MOVF   42,W
0079:  ANDLW  07
007A:  MOVWF  77
007B:  RRF    42,W
007C:  MOVWF  78
007D:  RRF    78,F
007E:  RRF    78,F
007F:  MOVLW  1F
0080:  ANDWF  78,F
0081:  MOVF   78,W
0082:  ADDWF  44,W
0083:  MOVWF  04
0084:  MOVLW  00
0085:  ADDWFC 45,W
0086:  MOVWF  05
0087:  CLRF   78
0088:  INCF   78,F
0089:  INCF   77,F
008A:  GOTO   08C
008B:  RLF    78,F
008C:  DECFSZ 77,F
008D:  GOTO   08B
008E:  MOVF   43,F
008F:  BTFSC  03.2
0090:  GOTO   094
0091:  MOVF   78,W
0092:  IORWF  00,F
0093:  GOTO   097
0094:  COMF   78,F
0095:  MOVF   78,W
0096:  ANDWF  00,F
0097:  RETURN
*
00C1:  CLRF   77
00C2:  CLRF   78
00C3:  MOVF   42,W
00C4:  BCF    03.0
00C5:  BTFSC  43.0
00C6:  ADDWF  77,F
00C7:  RRF    77,F
00C8:  RRF    78,F
00C9:  BTFSC  43.1
00CA:  ADDWF  77,F
00CB:  RRF    77,F
00CC:  RRF    78,F
00CD:  BTFSC  43.2
00CE:  ADDWF  77,F
00CF:  RRF    77,F
00D0:  RRF    78,F
00D1:  BTFSC  43.3
00D2:  ADDWF  77,F
00D3:  RRF    77,F
00D4:  RRF    78,F
00D5:  BTFSC  43.4
00D6:  ADDWF  77,F
00D7:  RRF    77,F
00D8:  RRF    78,F
00D9:  BTFSC  43.5
00DA:  ADDWF  77,F
00DB:  RRF    77,F
00DC:  RRF    78,F
00DD:  BTFSC  43.6
00DE:  ADDWF  77,F
00DF:  RRF    77,F
00E0:  RRF    78,F
00E1:  BTFSC  43.7
00E2:  ADDWF  77,F
00E3:  RRF    77,F
00E4:  RRF    78,F
00E5:  RETURN
*
0205:  MOVF   0B,W
0206:  BCF    0B.7
0207:  MOVLB  03
0208:  BSF    15.7
0209:  BSF    15.0
020A:  NOP
020B:  NOP
020C:  BTFSC  09.7
020D:  BSF    0B.7
020E:  MOVF   13,W
020F:  ANDLW  7F
0210:  BTFSC  03.2
0211:  GOTO   24D
0212:  MOVLB  00
0213:  MOVWF  43
0214:  MOVLB  03
0215:  MOVF   11,W
0216:  MOVLB  00
0217:  MOVWF  44
0218:  MOVLB  03
0219:  MOVF   12,W
021A:  MOVLB  00
021B:  MOVWF  45
021C:  MOVF   43,W
021D:  MOVWF  46
021E:  CALL   1D9
021F:  MOVF   44,W
0220:  MOVLB  03
0221:  MOVWF  11
0222:  MOVLB  00
0223:  MOVF   45,W
0224:  MOVLB  03
0225:  MOVWF  12
0226:  MOVF   0B,W
0227:  BCF    0B.7
0228:  BSF    15.7
0229:  BSF    15.0
022A:  NOP
022B:  NOP
022C:  BTFSC  09.7
022D:  BSF    0B.7
022E:  RLF    13,W
022F:  RLF    14,W
0230:  ANDLW  7F
0231:  BTFSC  03.2
0232:  GOTO   24D
0233:  MOVLB  00
0234:  MOVWF  43
0235:  MOVLB  03
0236:  MOVF   11,W
0237:  MOVLB  00
0238:  MOVWF  44
0239:  MOVLB  03
023A:  MOVF   12,W
023B:  MOVLB  00
023C:  MOVWF  45
023D:  MOVF   43,W
023E:  MOVWF  46
023F:  CALL   1D9
0240:  MOVF   44,W
0241:  MOVLB  03
0242:  MOVWF  11
0243:  MOVLB  00
0244:  MOVF   45,W
0245:  MOVLB  03
0246:  MOVWF  12
0247:  INCF   11,F
0248:  BTFSC  03.2
0249:  INCF   12,F
024A:  MOVLB  00
024B:  GOTO   205
024C:  MOVLB  03
024D:  MOVLB  00
024E:  RETURN
*
02BC:  DATA 8C,21
02BD:  DATA EC,30
02BE:  DATA F6,32
02BF:  DATA A0,24
02C0:  DATA EE,31
02C1:  DATA 6F,39
02C2:  DATA F2,32
02C3:  DATA 63,3A
02C4:  DATA 61,00
02C5:  DATA 8C,21
02C6:  DATA EC,30
02C7:  DATA F6,32
02C8:  DATA A0,21
02C9:  DATA 6F,39
02CA:  DATA F2,32
02CB:  DATA 63,3A
02CC:  DATA 61,00
.................... 
.................... #list
.................... 
.................... #device ADC=10
.................... #use delay(internal=4MHz)
*
01C3:  MOVLW  20
01C4:  MOVWF  05
01C5:  MOVLW  27
01C6:  MOVWF  04
01C7:  MOVF   00,W
01C8:  BTFSC  03.2
01C9:  GOTO   1D8
01CA:  MOVLW  01
01CB:  MOVWF  78
01CC:  CLRF   77
01CD:  DECFSZ 77,F
01CE:  GOTO   1CD
01CF:  DECFSZ 78,F
01D0:  GOTO   1CC
01D1:  MOVLW  4A
01D2:  MOVWF  77
01D3:  DECFSZ 77,F
01D4:  GOTO   1D3
01D5:  GOTO   1D6
01D6:  DECFSZ 00,F
01D7:  GOTO   1CA
01D8:  RETURN
.................... 
.................... 
.................... #use fast_io(B)
.................... #fuses NOWDT, NOMCLR
.................... 
.................... //=======PROTOTIPOS=======
.................... void INIT_GPIO();
.................... void INIT_TIMER_0();
.................... void INIT_INT_ICO();
.................... 
.................... //======CHAR_TECLADO=====
.................... char const teclado[4][3] = {
....................    {'1', '2', '3'},
....................    {'4', '5', '6'},
....................    {'7', '8', '9'},
....................    {'*', '0', '#'}
.................... };
.................... 
.................... //======DEFINES_LCD======
.................... #define LCD_ENABLE_PIN  PIN_A2 // Pines del LCD
.................... #define LCD_RS_PIN      PIN_A0
.................... #define LCD_RW_PIN      PIN_A1
.................... #define LCD_DATA4       PIN_A3
.................... #define LCD_DATA5       PIN_A4
.................... #define LCD_DATA6       PIN_A6
.................... #define LCD_DATA7       PIN_A7
.................... #include <lcd.c>
.................... ///////////////////////////////////////////////////////////////////////////////
.................... ////                             LCD.C                                     ////
.................... ////                 Driver for common LCD modules                         ////
.................... ////                                                                       ////
.................... ////  lcd_init()   Must be called before any other function.               ////
.................... ////                                                                       ////
.................... ////  lcd_putc(c)  Will display c on the next position of the LCD.         ////
.................... ////                 \a  Set cursor position to upper left                 ////
.................... ////                 \f  Clear display, set cursor to upper left           ////
.................... ////                 \n  Go to start of second line                        ////
.................... ////                 \b  Move back one position                            ////
.................... ////              If LCD_EXTENDED_NEWLINE is defined, the \n character     ////
.................... ////              will erase all remanining characters on the current      ////
.................... ////              line, and move the cursor to the beginning of the next   ////
.................... ////              line.                                                    ////
.................... ////              If LCD_EXTENDED_NEWLINE is defined, the \r character     ////
.................... ////              will move the cursor to the start of the current         ////
.................... ////              line.                                                    ////
.................... ////                                                                       ////
.................... ////  lcd_gotoxy(x,y) Set write position on LCD (upper left is 1,1)        ////
.................... ////                                                                       ////
.................... ////  lcd_getc(x,y)   Returns character at position x,y on LCD             ////
.................... ////                                                                       ////
.................... ////  lcd_cursor_on(int1 on)   Turn the cursor on (on=TRUE) or off         ////
.................... ////              (on=FALSE).                                              ////
.................... ////                                                                       ////
.................... ////  lcd_set_cgram_char(w, *p)   Write a custom character to the CGRAM.   ////
.................... ////                                                                       ////
.................... ////                                                                       ////
.................... ////  CONFIGURATION                                                        ////
.................... ////  The LCD can be configured in one of two ways: a.) port access or     ////
.................... ////  b.) pin access.  Port access requires the entire 7 bit interface     ////
.................... ////  connected to one GPIO port, and the data bits (D4:D7 of the LCD)     ////
.................... ////  connected to sequential pins on the GPIO.  Pin access                ////
.................... ////  has no requirements, all 7 bits of the control interface can         ////
.................... ////  can be connected to any GPIO using several ports.                    ////
.................... ////                                                                       ////
.................... ////  To use port access, #define LCD_DATA_PORT to the SFR location of     ////
.................... ////  of the GPIO port that holds the interface, -AND- edit LCD_PIN_MAP    ////
.................... ////  of this file to configure the pin order.  If you are using a         ////
.................... ////  baseline PIC (PCB), then LCD_OUTPUT_MAP and LCD_INPUT_MAP also must  ////
.................... ////  be defined.                                                          ////
.................... ////                                                                       ////
.................... ////  Example of port access:                                              ////
.................... ////     #define LCD_DATA_PORT getenv("SFR:PORTD")                         ////
.................... ////                                                                       ////
.................... ////  To use pin access, the following pins must be defined:               ////
.................... ////     LCD_ENABLE_PIN                                                    ////
.................... ////     LCD_RS_PIN                                                        ////
.................... ////     LCD_RW_PIN                                                        ////
.................... ////     LCD_DATA4                                                         ////
.................... ////     LCD_DATA5                                                         ////
.................... ////     LCD_DATA6                                                         ////
.................... ////     LCD_DATA7                                                         ////
.................... ////                                                                       ////
.................... ////  Example of pin access:                                               ////
.................... ////     #define LCD_ENABLE_PIN  PIN_E0                                    ////
.................... ////     #define LCD_RS_PIN      PIN_E1                                    ////
.................... ////     #define LCD_RW_PIN      PIN_E2                                    ////
.................... ////     #define LCD_DATA4       PIN_D4                                    ////
.................... ////     #define LCD_DATA5       PIN_D5                                    ////
.................... ////     #define LCD_DATA6       PIN_D6                                    ////
.................... ////     #define LCD_DATA7       PIN_D7                                    ////
.................... ////                                                                       ////
.................... ///////////////////////////////////////////////////////////////////////////////
.................... ////        (C) Copyright 1996,2010 Custom Computer Services           ////
.................... //// This source code may only be used by licensed users of the CCS C  ////
.................... //// compiler.  This source code may only be distributed to other      ////
.................... //// licensed users of the CCS C compiler.  No other use, reproduction ////
.................... //// or distribution is permitted without written permission.          ////
.................... //// Derivative programs created using this software in object code    ////
.................... //// form are not restricted in any way.                               ////
.................... ///////////////////////////////////////////////////////////////////////////
.................... 
.................... #ifndef __LCD_C__
.................... #define __LCD_C__
.................... 
.................... // define the pinout.
.................... // only required if port access is being used.
.................... typedef struct  
.................... {                            // This structure is overlayed
....................    int1 enable;           // on to an I/O port to gain
....................    int1 rs;               // access to the LCD pins.
....................    int1 rw;               // The bits are allocated from
....................    int1 unused;           // low order up.  ENABLE will
....................    unsigned int     data : 4;         // be LSB pin of that port.
....................   #if defined(__PCD__)       // The port used will be LCD_DATA_PORT.
....................    unsigned int    reserved: 8;
....................   #endif
.................... } LCD_PIN_MAP;
.................... 
.................... // this is to improve compatability with previous LCD drivers that accepted
.................... // a define labeled 'use_portb_lcd' that configured the LCD onto port B.
.................... #if ((defined(use_portb_lcd)) && (use_portb_lcd==TRUE))
....................  #define LCD_DATA_PORT getenv("SFR:PORTB")
.................... #endif
.................... 
.................... #if defined(__PCB__)
....................    // these definitions only need to be modified for baseline PICs.
....................    // all other PICs use LCD_PIN_MAP or individual LCD_xxx pin definitions.
.................... /*                                    EN, RS,   RW,   UNUSED,  DATA  */
....................  const LCD_PIN_MAP LCD_OUTPUT_MAP =  {0,  0,    0,    0,       0};
....................  const LCD_PIN_MAP LCD_INPUT_MAP =   {0,  0,    0,    0,       0xF};
.................... #endif
.................... 
.................... ////////////////////// END CONFIGURATION ///////////////////////////////////
.................... 
.................... #ifndef LCD_ENABLE_PIN
....................    #define lcd_output_enable(x) lcdlat.enable=x
....................    #define lcd_enable_tris()   lcdtris.enable=0
.................... #else
....................    #define lcd_output_enable(x) output_bit(LCD_ENABLE_PIN, x)
....................    #define lcd_enable_tris()  output_drive(LCD_ENABLE_PIN)
.................... #endif
.................... 
.................... #ifndef LCD_RS_PIN
....................    #define lcd_output_rs(x) lcdlat.rs=x
....................    #define lcd_rs_tris()   lcdtris.rs=0
.................... #else
....................    #define lcd_output_rs(x) output_bit(LCD_RS_PIN, x)
....................    #define lcd_rs_tris()  output_drive(LCD_RS_PIN)
.................... #endif
.................... 
.................... #ifndef LCD_RW_PIN
....................    #define lcd_output_rw(x) lcdlat.rw=x
....................    #define lcd_rw_tris()   lcdtris.rw=0
.................... #else
....................    #define lcd_output_rw(x) output_bit(LCD_RW_PIN, x)
....................    #define lcd_rw_tris()  output_drive(LCD_RW_PIN)
.................... #endif
.................... 
.................... // original version of this library incorrectly labeled LCD_DATA0 as LCD_DATA4,
.................... // LCD_DATA1 as LCD_DATA5, and so on.  this block of code makes the driver
.................... // compatible with any code written for the original library
.................... #if (defined(LCD_DATA0) && defined(LCD_DATA1) && defined(LCD_DATA2) && defined(LCD_DATA3) && !defined(LCD_DATA4) && !defined(LCD_DATA5) && !defined(LCD_DATA6) && !defined(LCD_DATA7))
....................    #define  LCD_DATA4    LCD_DATA0
....................    #define  LCD_DATA5    LCD_DATA1
....................    #define  LCD_DATA6    LCD_DATA2
....................    #define  LCD_DATA7    LCD_DATA3
.................... #endif
.................... 
.................... #ifndef LCD_DATA4
.................... #ifndef LCD_DATA_PORT
....................    #if defined(__PCB__)
....................       #define LCD_DATA_PORT      0x06     //portb
....................       #define set_tris_lcd(x)   set_tris_b(x)
....................    #else
....................      #if defined(PIN_D0)
....................       #define LCD_DATA_PORT      getenv("SFR:PORTD")     //portd
....................      #else
....................       #define LCD_DATA_PORT      getenv("SFR:PORTB")     //portb
....................      #endif
....................    #endif   
.................... #endif
.................... 
.................... #if defined(__PCB__)
....................    LCD_PIN_MAP lcd, lcdlat;
....................    #byte lcd = LCD_DATA_PORT
....................    #byte lcdlat = LCD_DATA_PORT
.................... #elif defined(__PCM__)
....................    LCD_PIN_MAP lcd, lcdlat, lcdtris;
....................    #byte lcd = LCD_DATA_PORT
....................    #byte lcdlat = LCD_DATA_PORT
....................    #byte lcdtris = LCD_DATA_PORT+0x80
.................... #elif defined(__PCH__)
....................    LCD_PIN_MAP lcd, lcdlat, lcdtris;
....................    #byte lcd = LCD_DATA_PORT
....................    #byte lcdlat = LCD_DATA_PORT+9
....................    #byte lcdtris = LCD_DATA_PORT+0x12
.................... #elif defined(__PCD__)
....................    LCD_PIN_MAP lcd, lcdlat, lcdtris;
....................    #word lcd = LCD_DATA_PORT
....................    #word lcdlat = LCD_DATA_PORT+2
....................    #word lcdtris = LCD_DATA_PORT-0x02
.................... #endif
.................... #endif   //LCD_DATA4 not defined
.................... 
.................... #ifndef LCD_TYPE
....................    #define LCD_TYPE 2           // 0=5x7, 1=5x10, 2=2 lines
.................... #endif
.................... 
.................... #ifndef LCD_LINE_TWO
....................    #define LCD_LINE_TWO 0x40    // LCD RAM address for the second line
.................... #endif
.................... 
.................... #ifndef LCD_LINE_LENGTH
....................    #define LCD_LINE_LENGTH 20
.................... #endif
.................... 
.................... unsigned int8 lcd_read_nibble(void);
.................... 
.................... unsigned int8 lcd_read_byte(void)
.................... {
....................    unsigned int8 low,high;
.................... 
....................  #if defined(__PCB__)
....................    set_tris_lcd(LCD_INPUT_MAP);
....................  #else
....................   #if (defined(LCD_DATA4) && defined(LCD_DATA5) && defined(LCD_DATA6) && defined(LCD_DATA7))
....................    output_float(LCD_DATA4);
*
0117:  MOVLB  01
0118:  BSF    0C.3
....................    output_float(LCD_DATA5);
0119:  BSF    0C.4
....................    output_float(LCD_DATA6);
011A:  BSF    0C.6
....................    output_float(LCD_DATA7);
011B:  BSF    0C.7
....................   #else
....................    lcdtris.data = 0xF;
....................   #endif
....................  #endif
....................         
....................    lcd_output_rw(1);
011C:  MOVLB  02
011D:  BSF    0C.1
011E:  MOVLB  01
011F:  BCF    0C.1
....................    delay_cycles(1);
0120:  NOP
....................    lcd_output_enable(1);
0121:  MOVLB  02
0122:  BSF    0C.2
0123:  MOVLB  01
0124:  BCF    0C.2
....................    delay_cycles(1);
0125:  NOP
....................    high = lcd_read_nibble();
0126:  MOVLB  00
0127:  CALL   0E6
0128:  MOVF   78,W
0129:  MOVWF  4E
....................       
....................    lcd_output_enable(0);
012A:  MOVLB  02
012B:  BCF    0C.2
012C:  MOVLB  01
012D:  BCF    0C.2
....................    delay_cycles(1);
012E:  NOP
....................    lcd_output_enable(1);
012F:  MOVLB  02
0130:  BSF    0C.2
0131:  MOVLB  01
0132:  BCF    0C.2
....................    delay_us(1);
0133:  NOP
....................    low = lcd_read_nibble();
0134:  MOVLB  00
0135:  CALL   0E6
0136:  MOVF   78,W
0137:  MOVWF  4D
....................       
....................    lcd_output_enable(0);
0138:  MOVLB  02
0139:  BCF    0C.2
013A:  MOVLB  01
013B:  BCF    0C.2
.................... 
....................  #if defined(__PCB__)
....................    set_tris_lcd(LCD_OUTPUT_MAP);
....................  #else
....................   #if (defined(LCD_DATA4) && defined(LCD_DATA5) && defined(LCD_DATA6) && defined(LCD_DATA7))
....................    output_drive(LCD_DATA4);
013C:  BCF    0C.3
....................    output_drive(LCD_DATA5);
013D:  BCF    0C.4
....................    output_drive(LCD_DATA6);
013E:  BCF    0C.6
....................    output_drive(LCD_DATA7);
013F:  BCF    0C.7
....................   #else
....................    lcdtris.data = 0x0;
....................   #endif
....................  #endif
.................... 
....................    return( (high<<4) | low);
0140:  MOVLB  00
0141:  SWAPF  4E,W
0142:  MOVWF  77
0143:  MOVLW  F0
0144:  ANDWF  77,F
0145:  MOVF   77,W
0146:  IORWF  4D,W
0147:  MOVWF  78
0148:  RETURN
.................... }
.................... 
.................... unsigned int8 lcd_read_nibble(void)
.................... {
....................   #if (defined(LCD_DATA4) && defined(LCD_DATA5) && defined(LCD_DATA6) && defined(LCD_DATA7))
*
00E6:  CLRF   4F
....................    unsigned int8 n = 0x00;
.................... 
....................    /* Read the data port */
....................    n |= input(LCD_DATA4);
00E7:  MOVLB  01
00E8:  BSF    0C.3
00E9:  MOVLW  00
00EA:  MOVLB  00
00EB:  BTFSC  0C.3
00EC:  MOVLW  01
00ED:  IORWF  4F,F
....................    n |= input(LCD_DATA5) << 1;
00EE:  MOVLB  01
00EF:  BSF    0C.4
00F0:  MOVLW  00
00F1:  MOVLB  00
00F2:  BTFSC  0C.4
00F3:  MOVLW  01
00F4:  MOVWF  77
00F5:  BCF    03.0
00F6:  RLF    77,F
00F7:  MOVF   77,W
00F8:  IORWF  4F,F
....................    n |= input(LCD_DATA6) << 2;
00F9:  MOVLB  01
00FA:  BSF    0C.6
00FB:  MOVLW  00
00FC:  MOVLB  00
00FD:  BTFSC  0C.6
00FE:  MOVLW  01
00FF:  MOVWF  77
0100:  RLF    77,F
0101:  RLF    77,F
0102:  MOVLW  FC
0103:  ANDWF  77,F
0104:  MOVF   77,W
0105:  IORWF  4F,F
....................    n |= input(LCD_DATA7) << 3;
0106:  MOVLB  01
0107:  BSF    0C.7
0108:  MOVLW  00
0109:  MOVLB  00
010A:  BTFSC  0C.7
010B:  MOVLW  01
010C:  MOVWF  77
010D:  RLF    77,F
010E:  RLF    77,F
010F:  RLF    77,F
0110:  MOVLW  F8
0111:  ANDWF  77,F
0112:  MOVF   77,W
0113:  IORWF  4F,F
....................    
....................    return(n);
0114:  MOVF   4F,W
0115:  MOVWF  78
....................   #else
0116:  RETURN
....................    return(lcd.data);
....................   #endif
.................... }
.................... 
.................... void lcd_send_nibble(unsigned int8 n)
.................... {
....................   #if (defined(LCD_DATA4) && defined(LCD_DATA5) && defined(LCD_DATA6) && defined(LCD_DATA7))
....................    /* Write to the data port */
....................    output_bit(LCD_DATA4, bit_test(n, 0));
*
0149:  BTFSC  4E.0
014A:  GOTO   14F
014B:  MOVLB  02
014C:  BCF    0C.3
014D:  GOTO   151
014E:  MOVLB  00
014F:  MOVLB  02
0150:  BSF    0C.3
0151:  MOVLB  01
0152:  BCF    0C.3
....................    output_bit(LCD_DATA5, bit_test(n, 1));
0153:  MOVLB  00
0154:  BTFSC  4E.1
0155:  GOTO   15A
0156:  MOVLB  02
0157:  BCF    0C.4
0158:  GOTO   15C
0159:  MOVLB  00
015A:  MOVLB  02
015B:  BSF    0C.4
015C:  MOVLB  01
015D:  BCF    0C.4
....................    output_bit(LCD_DATA6, bit_test(n, 2));
015E:  MOVLB  00
015F:  BTFSC  4E.2
0160:  GOTO   165
0161:  MOVLB  02
0162:  BCF    0C.6
0163:  GOTO   167
0164:  MOVLB  00
0165:  MOVLB  02
0166:  BSF    0C.6
0167:  MOVLB  01
0168:  BCF    0C.6
....................    output_bit(LCD_DATA7, bit_test(n, 3));
0169:  MOVLB  00
016A:  BTFSC  4E.3
016B:  GOTO   170
016C:  MOVLB  02
016D:  BCF    0C.7
016E:  GOTO   172
016F:  MOVLB  00
0170:  MOVLB  02
0171:  BSF    0C.7
0172:  MOVLB  01
0173:  BCF    0C.7
....................   #else      
....................    lcdlat.data = n;
....................   #endif
....................       
....................    delay_cycles(1);
0174:  NOP
....................    lcd_output_enable(1);
0175:  MOVLB  02
0176:  BSF    0C.2
0177:  MOVLB  01
0178:  BCF    0C.2
....................    delay_us(2);
0179:  GOTO   17A
....................    lcd_output_enable(0);
017A:  MOVLB  02
017B:  BCF    0C.2
017C:  MOVLB  01
017D:  BCF    0C.2
017E:  MOVLB  00
017F:  RETURN
.................... }
.................... 
.................... void lcd_send_byte(unsigned int8 address, unsigned int8 n)
.................... {
....................   #if defined(__PCB__)
....................    set_tris_lcd(LCD_OUTPUT_MAP);
....................   #else
....................    lcd_enable_tris();
0180:  MOVLB  01
0181:  BCF    0C.2
....................    lcd_rs_tris();
0182:  BCF    0C.0
....................    lcd_rw_tris();
0183:  BCF    0C.1
....................   #endif
.................... 
....................    lcd_output_rs(0);
0184:  MOVLB  02
0185:  BCF    0C.0
0186:  MOVLB  01
0187:  BCF    0C.0
....................    while ( bit_test(lcd_read_byte(),7) ) ;
0188:  MOVLB  00
0189:  CALL   117
018A:  MOVF   78,W
018B:  MOVWF  4D
018C:  BTFSC  4D.7
018D:  GOTO   189
....................    lcd_output_rs(address);
018E:  MOVF   4B,F
018F:  BTFSS  03.2
0190:  GOTO   195
0191:  MOVLB  02
0192:  BCF    0C.0
0193:  GOTO   197
0194:  MOVLB  00
0195:  MOVLB  02
0196:  BSF    0C.0
0197:  MOVLB  01
0198:  BCF    0C.0
....................    delay_cycles(1);
0199:  NOP
....................    lcd_output_rw(0);
019A:  MOVLB  02
019B:  BCF    0C.1
019C:  MOVLB  01
019D:  BCF    0C.1
....................    delay_cycles(1);
019E:  NOP
....................    lcd_output_enable(0);
019F:  MOVLB  02
01A0:  BCF    0C.2
01A1:  MOVLB  01
01A2:  BCF    0C.2
....................    lcd_send_nibble(n >> 4);
01A3:  MOVLB  00
01A4:  SWAPF  4C,W
01A5:  MOVWF  4D
01A6:  MOVLW  0F
01A7:  ANDWF  4D,F
01A8:  MOVF   4D,W
01A9:  MOVWF  4E
01AA:  CALL   149
....................    lcd_send_nibble(n & 0xf);
01AB:  MOVF   4C,W
01AC:  ANDLW  0F
01AD:  MOVWF  4D
01AE:  MOVWF  4E
01AF:  CALL   149
01B0:  RETURN
.................... }
.................... 
.................... #if defined(LCD_EXTENDED_NEWLINE)
.................... unsigned int8 g_LcdX, g_LcdY;
.................... #endif
.................... 
.................... void lcd_init(void) 
.................... {
....................    unsigned int8 i;
....................    unsigned int8 LCD_INIT_STRING[4] = {0x20 | (LCD_TYPE << 2), 0xc, 1, 6};
*
02F0:  MOVLW  28
02F1:  MOVWF  34
02F2:  MOVLW  0C
02F3:  MOVWF  35
02F4:  MOVLW  01
02F5:  MOVWF  36
02F6:  MOVLW  06
02F7:  MOVWF  37
....................                              // These bytes need to be sent to the LCD
....................                              // to start it up.
....................    
.................... 
....................    lcd_output_enable(0);
02F8:  MOVLB  02
02F9:  BCF    0C.2
02FA:  MOVLB  01
02FB:  BCF    0C.2
....................    lcd_output_rs(0);
02FC:  MOVLB  02
02FD:  BCF    0C.0
02FE:  MOVLB  01
02FF:  BCF    0C.0
....................    lcd_output_rw(0);
0300:  MOVLB  02
0301:  BCF    0C.1
0302:  MOVLB  01
0303:  BCF    0C.1
.................... 
....................  #if defined(__PCB__)
....................    set_tris_lcd(LCD_OUTPUT_MAP);
....................  #else
....................   #if (defined(LCD_DATA4) && defined(LCD_DATA5) && defined(LCD_DATA6) && defined(LCD_DATA7))
....................    output_drive(LCD_DATA4);
0304:  BCF    0C.3
....................    output_drive(LCD_DATA5);
0305:  BCF    0C.4
....................    output_drive(LCD_DATA6);
0306:  BCF    0C.6
....................    output_drive(LCD_DATA7);
0307:  BCF    0C.7
....................   #else
....................    lcdtris.data = 0x0;
....................   #endif
....................    lcd_enable_tris();
0308:  BCF    0C.2
....................    lcd_rs_tris();
0309:  BCF    0C.0
....................    lcd_rw_tris();
030A:  BCF    0C.1
030B:  MOVLB  00
030C:  CLRF   28
030D:  BTFSC  0B.7
030E:  BSF    28.7
030F:  BCF    0B.7
....................  #endif
....................     
....................    delay_ms(15);
0310:  MOVLW  0F
0311:  MOVWF  47
0312:  CALL   1C3
0313:  BTFSC  28.7
0314:  BSF    0B.7
....................    for(i=1;i<=3;++i)
0315:  MOVLW  01
0316:  MOVWF  33
0317:  MOVF   33,W
0318:  SUBLW  03
0319:  BTFSS  03.0
031A:  GOTO   32F
031B:  CLRF   28
031C:  BTFSC  0B.7
031D:  BSF    28.7
031E:  BCF    0B.7
....................    {
....................        lcd_send_nibble(3);
031F:  MOVLW  03
0320:  MOVWF  4E
0321:  CALL   149
0322:  BTFSC  28.7
0323:  BSF    0B.7
0324:  CLRF   28
0325:  BTFSC  0B.7
0326:  BSF    28.7
0327:  BCF    0B.7
....................        delay_ms(5);
0328:  MOVLW  05
0329:  MOVWF  47
032A:  CALL   1C3
032B:  BTFSC  28.7
032C:  BSF    0B.7
032D:  INCF   33,F
032E:  GOTO   317
032F:  CLRF   28
0330:  BTFSC  0B.7
0331:  BSF    28.7
0332:  BCF    0B.7
....................    }
....................    
....................    lcd_send_nibble(2);
0333:  MOVLW  02
0334:  MOVWF  4E
0335:  CALL   149
0336:  BTFSC  28.7
0337:  BSF    0B.7
0338:  CLRF   28
0339:  BTFSC  0B.7
033A:  BSF    28.7
033B:  BCF    0B.7
....................    delay_ms(5);
033C:  MOVLW  05
033D:  MOVWF  47
033E:  CALL   1C3
033F:  BTFSC  28.7
0340:  BSF    0B.7
....................    for(i=0;i<=3;++i)
0341:  CLRF   33
0342:  MOVF   33,W
0343:  SUBLW  03
0344:  BTFSS  03.0
0345:  GOTO   35B
....................       lcd_send_byte(0,LCD_INIT_STRING[i]);
0346:  MOVLW  14
0347:  ADDWF  33,W
0348:  MOVWF  04
0349:  MOVLW  20
034A:  MOVWF  05
034B:  BTFSC  03.0
034C:  INCF   05,F
034D:  MOVF   00,W
034E:  MOVWF  38
034F:  CLRF   28
0350:  BTFSC  0B.7
0351:  BSF    28.7
0352:  BCF    0B.7
0353:  CLRF   4B
0354:  MOVF   38,W
0355:  MOVWF  4C
0356:  CALL   180
0357:  BTFSC  28.7
0358:  BSF    0B.7
.................... 
....................   #if defined(LCD_EXTENDED_NEWLINE)
0359:  INCF   33,F
035A:  GOTO   342
035B:  MOVLP  00
035C:  GOTO   378 (RETURN)
....................    g_LcdX = 0;
....................    g_LcdY = 0;
....................   #endif
.................... }
.................... 
.................... void lcd_gotoxy(unsigned int8 x, unsigned int8 y)
.................... {
....................    unsigned int8 address;
....................    
....................    if(y!=1)
*
01B1:  DECFSZ 48,W
01B2:  GOTO   1B4
01B3:  GOTO   1B7
....................       address=LCD_LINE_TWO;
01B4:  MOVLW  40
01B5:  MOVWF  49
01B6:  GOTO   1B8
....................    else
....................       address=0;
01B7:  CLRF   49
....................      
....................    address+=x-1;
01B8:  MOVLW  01
01B9:  SUBWF  47,W
01BA:  ADDWF  49,F
....................    lcd_send_byte(0,0x80|address);
01BB:  MOVF   49,W
01BC:  IORLW  80
01BD:  MOVWF  4A
01BE:  CLRF   4B
01BF:  MOVF   4A,W
01C0:  MOVWF  4C
01C1:  CALL   180
.................... 
....................   #if defined(LCD_EXTENDED_NEWLINE)
01C2:  RETURN
....................    g_LcdX = x - 1;
....................    g_LcdY = y - 1;
....................   #endif
.................... }
.................... 
.................... void lcd_putc(char c)
.................... {
....................    switch (c)
*
01D9:  MOVF   46,W
01DA:  XORLW  07
01DB:  BTFSC  03.2
01DC:  GOTO   1E7
01DD:  XORLW  0B
01DE:  BTFSC  03.2
01DF:  GOTO   1EC
01E0:  XORLW  06
01E1:  BTFSC  03.2
01E2:  GOTO   1F4
01E3:  XORLW  02
01E4:  BTFSC  03.2
01E5:  GOTO   1FA
01E6:  GOTO   1FF
....................    {
....................       case '\a'   :  lcd_gotoxy(1,1);     break;
01E7:  MOVLW  01
01E8:  MOVWF  47
01E9:  MOVWF  48
01EA:  CALL   1B1
01EB:  GOTO   204
.................... 
....................       case '\f'   :  lcd_send_byte(0,1);
01EC:  CLRF   4B
01ED:  MOVLW  01
01EE:  MOVWF  4C
01EF:  CALL   180
....................                      delay_ms(2);
01F0:  MOVLW  02
01F1:  MOVWF  47
01F2:  CALL   1C3
....................                     #if defined(LCD_EXTENDED_NEWLINE)
....................                      g_LcdX = 0;
....................                      g_LcdY = 0;
....................                     #endif
....................                      break;
01F3:  GOTO   204
.................... 
....................      #if defined(LCD_EXTENDED_NEWLINE)
....................       case '\r'   :  lcd_gotoxy(1, g_LcdY+1);   break;
....................       case '\n'   :
....................          while (g_LcdX++ < LCD_LINE_LENGTH)
....................          {
....................             lcd_send_byte(1, ' ');
....................          }
....................          lcd_gotoxy(1, g_LcdY+2);
....................          break;
....................      #else
....................       case '\n'   : lcd_gotoxy(1,2);        break;
01F4:  MOVLW  01
01F5:  MOVWF  47
01F6:  MOVLW  02
01F7:  MOVWF  48
01F8:  CALL   1B1
01F9:  GOTO   204
....................      #endif
....................      
....................       case '\b'   : lcd_send_byte(0,0x10);  break;
01FA:  CLRF   4B
01FB:  MOVLW  10
01FC:  MOVWF  4C
01FD:  CALL   180
01FE:  GOTO   204
....................      
....................      #if defined(LCD_EXTENDED_NEWLINE)
....................       default     : 
....................          if (g_LcdX < LCD_LINE_LENGTH)
....................          {
....................             lcd_send_byte(1, c);
....................             g_LcdX++;
....................          }
....................          break;
....................      #else
....................       default     : lcd_send_byte(1,c);     break;
01FF:  MOVLW  01
0200:  MOVWF  4B
0201:  MOVF   46,W
0202:  MOVWF  4C
0203:  CALL   180
....................      #endif
....................    }
0204:  RETURN
.................... }
....................  
.................... char lcd_getc(unsigned int8 x, unsigned int8 y)
.................... {
....................    char value;
.................... 
....................    lcd_gotoxy(x,y);
....................    while ( bit_test(lcd_read_byte(),7) ); // wait until busy flag is low
....................    lcd_output_rs(1);
....................    value = lcd_read_byte();
....................    lcd_output_rs(0);
....................    
....................    return(value);
.................... }
.................... 
.................... // write a custom character to the ram
.................... // which is 0-7 and specifies which character array we are modifying.
.................... // ptr points to an array of 8 bytes, where each byte is the next row of
.................... //    pixels.  only bits 0-4 are used.  the last row is the cursor row, and
.................... //    usually you will want to leave this byte 0x00.
.................... void lcd_set_cgram_char(unsigned int8 which, unsigned int8 *ptr)
.................... {
....................    unsigned int i;
.................... 
....................    which <<= 3;
....................    which &= 0x38;
.................... 
....................    lcd_send_byte(0, 0x40 | which);  //set cgram address
.................... 
....................    for(i=0; i<8; i++)
....................    {
....................       lcd_send_byte(1, *ptr++);
....................    }
....................   
....................    #if defined(LCD_EXTENDED_NEWLINE)
....................     lcd_gotoxy(g_LcdX+1, g_LcdY+1);  //set ddram address
....................    #endif
.................... }
.................... 
.................... void lcd_cursor_on(int1 on)
.................... {
....................    if (on)
....................    {
....................       lcd_send_byte(0,0x0F);           //turn LCD cursor ON
....................    }
....................    else
....................    {
....................       lcd_send_byte(0,0x0C);           //turn LCD cursor OFF
....................    }
.................... }
.................... 
.................... #endif
.................... 
.................... 
.................... //======PUERTOS TECLADO========
.................... const int PuertosTecladoEntrada[] = { PIN_B0, PIN_B1, PIN_B2 };
.................... const int PuertosTecladoSalida[]  = { PIN_B4, PIN_B5, PIN_B6, PIN_B7 };
.................... 
.................... int port=0; 
.................... 
.................... // ====== VARIABLES P/CONTRASEÑA ======
.................... char contrasenia[3] = {'2','5','3'};   // Contraseña fija
.................... char entrada[3];                    // Array para comparar el digito ingresado contra el de la contraseña
.................... int indice = 0;                     // Posición actual, para recorrer la contraseña
.................... 
.................... 
.................... void main()
*
035D:  MOVLW  6A
035E:  MOVLB  01
035F:  MOVWF  19
0360:  MOVLB  00
0361:  CLRF   29
0362:  CLRF   30
0363:  CLRF   32
0364:  CLRF   31
0365:  MOVLB  03
0366:  CLRF   0C
0367:  CLRF   0D
0368:  MOVLB  02
0369:  CLRF   12
036A:  CLRF   11
036B:  CLRF   14
036C:  CLRF   13
036D:  MOVLW  32
036E:  MOVLB  00
036F:  MOVWF  2A
0370:  MOVLW  35
0371:  MOVWF  2B
0372:  MOVLW  33
0373:  MOVWF  2C
.................... {
....................    INIT_GPIO();
0374:  GOTO   2CD
....................    INIT_TIMER_0();
0375:  GOTO   2D7
....................    INIT_INT_ICO();
0376:  GOTO   2E3
.................... 
....................    lcd_init();                      
0377:  GOTO   2F0
....................    lcd_putc("\fINGRESE CLAVE:");      // Mensaje inicial
0378:  MOVLW  56
0379:  MOVLB  03
037A:  MOVWF  11
037B:  MOVLW  00
037C:  MOVWF  12
037D:  MOVLB  00
037E:  CLRF   28
037F:  BTFSC  0B.7
0380:  BSF    28.7
0381:  BCF    0B.7
0382:  CALL   205
0383:  BTFSC  28.7
0384:  BSF    0B.7
.................... 
....................    while(TRUE)
....................    {
0385:  GOTO   385
....................       // Hacemos todo con las interrupciones
....................    }
.................... }
.................... 
0386:  SLEEP
.................... 
.................... void INIT_GPIO(){
....................    set_tris_a(0x00);       // Todo el puerto A como salida (LCD)
*
02CD:  MOVLW  00
02CE:  MOVLB  01
02CF:  MOVWF  0C
....................    set_tris_b(0b00000111); // RB0-RB2 entradas (teclado), RB4-RB7 salidas
02D0:  MOVLW  07
02D1:  MOVWF  0D
....................    output_b(0x00);
02D2:  MOVLB  02
02D3:  CLRF   0D
02D4:  MOVLP  00
02D5:  MOVLB  00
02D6:  GOTO   375 (RETURN)
.................... }
.................... 
.................... 
.................... void INIT_TIMER_0() 
.................... {
....................    setup_timer_0(RTCC_INTERNAL | RTCC_DIV_256);
02D7:  MOVLB  01
02D8:  MOVF   15,W
02D9:  ANDLW  C0
02DA:  IORLW  07
02DB:  MOVWF  15
....................    set_timer0(0); 
02DC:  MOVLB  00
02DD:  CLRF   15
....................    enable_interrupts(INT_TIMER0);
02DE:  BSF    0B.5
....................    enable_interrupts(global);
02DF:  MOVLW  C0
02E0:  IORWF  0B,F
02E1:  MOVLP  00
02E2:  GOTO   376 (RETURN)
.................... }
.................... 
.................... #INT_TIMER0 
.................... void TIMER0_ISR()
.................... {
....................    set_timer0(0);
*
0098:  CLRF   15
....................    port++;
0099:  INCF   29,F
....................    if(port>3)port=0;
009A:  MOVF   29,W
009B:  SUBLW  03
009C:  BTFSS  03.0
009D:  CLRF   29
.................... 
....................    // Todos prendidos
....................    output_high(PuertosTecladoSalida[0]);
009E:  MOVLB  02
009F:  BSF    0D.4
....................    output_high(PuertosTecladoSalida[1]);
00A0:  BSF    0D.5
....................    output_high(PuertosTecladoSalida[2]);
00A1:  BSF    0D.6
....................    output_high(PuertosTecladoSalida[3]);
00A2:  BSF    0D.7
.................... 
....................    // Apagamos el que tiene el port
....................    output_toggle(PuertosTecladoSalida[port]);
00A3:  MOVLB  00
00A4:  MOVF   29,W
00A5:  CALL   051
00A6:  MOVWF  41
00A7:  MOVWF  42
00A8:  CLRF   44
00A9:  CLRF   43
00AA:  GOTO   05E
00AB:  MOVLW  00
00AC:  BTFSS  78.0
00AD:  MOVLW  01
00AE:  MOVWF  77
00AF:  MOVF   41,W
00B0:  MOVWF  42
00B1:  MOVF   77,W
00B2:  MOVWF  43
00B3:  MOVLW  01
00B4:  MOVWF  45
00B5:  CLRF   44
00B6:  CALL   078
00B7:  MOVF   41,W
00B8:  MOVWF  42
00B9:  CLRF   43
00BA:  CLRF   45
00BB:  MOVLW  80
00BC:  MOVWF  44
00BD:  CALL   078
00BE:  BCF    0B.2
00BF:  MOVLP  00
00C0:  GOTO   027
.................... }
.................... 
.................... void INIT_INT_ICO()
.................... {
....................    enable_interrupts(INT_EXT_H2L);
*
02E3:  BSF    0B.4
02E4:  MOVLB  01
02E5:  BCF    15.6
....................    enable_interrupts(INT_IOC);
02E6:  BSF    0B.3
02E7:  MOVLW  FF
02E8:  MOVLB  07
02E9:  IORWF  14,F
02EA:  IORWF  15,F
....................    enable_interrupts(GLOBAL);
02EB:  MOVLW  C0
02EC:  IORWF  0B,F
02ED:  MOVLP  00
02EE:  MOVLB  00
02EF:  GOTO   377 (RETURN)
.................... }
.................... 
.................... // ======== TECLADO MATRICIAL =========
.................... #INT_IOC 
.................... void EXT_isr(void) {
*
024F:  CLRF   41
....................    char tecla = 0;
.................... 
....................    if(!input_state(PuertosTecladoEntrada[0])) {
0250:  BTFSC  0D.0
0251:  GOTO   25B
....................       tecla = teclado[port][0]; //Guardo en la variable tecla, el valor de la tecla ingresado en caso de primera columna
0252:  MOVF   29,W
0253:  MOVWF  42
0254:  MOVLW  03
0255:  MOVWF  43
0256:  CALL   0C1
0257:  MOVF   78,W
0258:  CALL   044
0259:  MOVWF  78
025A:  MOVWF  41
....................    }
....................    if(!input_state(PuertosTecladoEntrada[1])) {
025B:  BTFSC  0D.1
025C:  GOTO   267
....................       tecla = teclado[port][1]; //Guardo en la variable tecla, el valor de la tecla ingresado en caso de segunda columna
025D:  MOVF   29,W
025E:  MOVWF  42
025F:  MOVLW  03
0260:  MOVWF  43
0261:  CALL   0C1
0262:  MOVLW  01
0263:  ADDWF  78,W
0264:  CALL   044
0265:  MOVWF  78
0266:  MOVWF  41
....................    }
....................    if(!input_state(PuertosTecladoEntrada[2])) {
0267:  BTFSC  0D.2
0268:  GOTO   273
....................       tecla = teclado[port][2]; //Guardo en la variable tecla, el valor de la tecla ingresado en caso de tercera columna
0269:  MOVF   29,W
026A:  MOVWF  42
026B:  MOVLW  03
026C:  MOVWF  43
026D:  CALL   0C1
026E:  MOVLW  02
026F:  ADDWF  78,W
0270:  CALL   044
0271:  MOVWF  78
0272:  MOVWF  41
....................    }
.................... 
....................    if(tecla != 0) 
0273:  MOVF   41,F
0274:  BTFSC  03.2
0275:  GOTO   2B4
....................    {
....................       entrada[indice] = tecla; 
0276:  MOVLW  0D
0277:  ADDWF  30,W
0278:  MOVWF  04
0279:  MOVLW  20
027A:  MOVWF  05
027B:  BTFSC  03.0
027C:  INCF   05,F
027D:  MOVF   41,W
027E:  MOVWF  00
....................       LCD_PUTC('\f');
027F:  MOVLW  0C
0280:  MOVWF  46
0281:  CALL   1D9
....................       lcd_gotoxy(9, 1); //Para centrar en el LCD nomas
0282:  MOVLW  09
0283:  MOVWF  47
0284:  MOVLW  01
0285:  MOVWF  48
0286:  CALL   1B1
....................       lcd_putc(tecla);
0287:  MOVF   41,W
0288:  MOVWF  46
0289:  CALL   1D9
.................... 
....................       if(entrada[indice] != contrasenia[indice]) //En caso de apreta en cierto digito un numero distinto a la contraseña entro a este if
028A:  MOVLW  0D
028B:  ADDWF  30,W
028C:  MOVWF  04
028D:  MOVLW  20
028E:  MOVWF  05
028F:  BTFSC  03.0
0290:  INCF   05,F
0291:  MOVF   00,W
0292:  MOVWF  42
0293:  MOVLW  0A
0294:  ADDWF  30,W
0295:  MOVWF  04
0296:  MOVLW  20
0297:  MOVWF  05
0298:  BTFSC  03.0
0299:  INCF   05,F
029A:  MOVF   00,W
029B:  SUBWF  42,W
029C:  BTFSC  03.2
029D:  GOTO   2A7
....................       {
....................          lcd_putc("\fClave Incorrecta");
029E:  MOVLW  BC
029F:  MOVLB  03
02A0:  MOVWF  11
02A1:  MOVLW  02
02A2:  MOVWF  12
02A3:  MOVLB  00
02A4:  CALL   205
....................          indice = 0;  // Reinicio el ingreso de los digitos
02A5:  CLRF   30
....................          return;
02A6:  GOTO   2B4
....................       }
.................... 
....................       indice++; //Paso al siguiente digito de la contraseña
02A7:  INCF   30,F
....................       
....................       if(indice == 3) //Significa que todo los digitos coinciden con la contraseña
02A8:  MOVF   30,W
02A9:  SUBLW  03
02AA:  BTFSS  03.2
02AB:  GOTO   2B4
....................       {
....................          lcd_putc("\fClave Correcta");
02AC:  MOVLW  C5
02AD:  MOVLB  03
02AE:  MOVWF  11
02AF:  MOVLW  02
02B0:  MOVWF  12
02B1:  MOVLB  00
02B2:  CALL   205
....................          indice = 0;   // Reinicio el ingreso
02B3:  CLRF   30
....................       }
....................    }
02B4:  MOVLW  FF
02B5:  MOVLB  07
02B6:  XORWF  16,W
02B7:  ANDWF  16,F
02B8:  BCF    0B.0
02B9:  MOVLP  00
02BA:  MOVLB  00
02BB:  GOTO   027
.................... }

Configuration Fuses:
   Word  1: 3F84   INTRC_IO NOWDT PUT NOMCLR NOPROTECT NOCPD BROWNOUT NOCLKOUT IESO FCMEN
   Word  2: 1EFF   NOWRT PLL_SW STVREN BORV19 NODEBUG NOLVP
