Compiling C:\Users\adrie\OneDrive\Escritorio\EDI2\TP1(Puertos-timers-contadores)\Ejercicio 8\Pic c compiler\InterrrupcionesPuertoB+Timer0 on 23-ago-25 at 20:22
*** Error 1 "C:\Program Files (x86)\PICC\Devices\16F1827.h" Line 723(1,2): Illegal C character in input file  0x80
*** Error 1 "C:\Program Files (x86)\PICC\Devices\16F1827.h" Line 723(1,2): Illegal C character in input file  0x00
*** Error 1 "C:\Program Files (x86)\PICC\Devices\16F1827.h" Line 723(1,2): Illegal C character in input file  0xBE
*** Error 1 "C:\Program Files (x86)\PICC\Devices\16F1827.h" Line 723(3,4): Illegal C character in input file  0x00
*** Error 1 "C:\Program Files (x86)\PICC\Devices\16F1827.h" Line 723(3,4): Illegal C character in input file  0x00
*** Error 1 "C:\Program Files (x86)\PICC\Devices\16F1827.h" Line 723(3,4): Illegal C character in input file  0xFF
*** Error 1 "C:\Program Files (x86)\PICC\Devices\16F1827.h" Line 723(3,4): Illegal C character in input file  0xFF
*** Error 1 "C:\Program Files (x86)\PICC\Devices\16F1827.h" Line 723(3,4): Illegal C character in input file  0xFF
*** Error 1 "C:\Program Files (x86)\PICC\Devices\16F1827.h" Line 723(3,4): Illegal C character in input file  0x00
*** Error 1 "C:\Program Files (x86)\PICC\Devices\16F1827.h" Line 723(3,4): Illegal C character in input file  0x07
*** Error 1 "C:\Program Files (x86)\PICC\Devices\16F1827.h" Line 723(3,4): Illegal C character in input file  0x00
*** Error 1 "C:\Program Files (x86)\PICC\Devices\16F1827.h" Line 723(3,4): Illegal C character in input file  0x00
*** Error 1 "C:\Program Files (x86)\PICC\Devices\16F1827.h" Line 723(3,4): Illegal C character in input file  0x00
*** Error 1 "C:\Program Files (x86)\PICC\Devices\16F1827.h" Line 723(3,4): Illegal C character in input file  0x00
*** Error 1 "C:\Program Files (x86)\PICC\Devices\16F1827.h" Line 723(3,4): Illegal C character in input file  0x00
*** Error 1 "C:\Program Files (x86)\PICC\Devices\16F1827.h" Line 723(3,4): Illegal C character in input file  0x00
*** Error 1 "C:\Program Files (x86)\PICC\Devices\16F1827.h" Line 723(3,4): Illegal C character in input file  0x00
*** Error 32 "C:\Program Files (x86)\PICC\Devices\16F1827.h" Line 723(1,2): Expecting a , or )
*** Error 1 "C:\Program Files (x86)\PICC\Devices\16F1827.h" Line 723(8,9): Illegal C character in input file  0xE3
*** Error 1 "C:\Program Files (x86)\PICC\Devices\16F1827.h" Line 723(8,9): Illegal C character in input file  0xC5
*** Error 1 "C:\Program Files (x86)\PICC\Devices\16F1827.h" Line 723(8,9): Illegal C character in input file  0xEF
*** Error 1 "C:\Program Files (x86)\PICC\Devices\16F1827.h" Line 723(8,9): Illegal C character in input file  0xE8
*** Error 1 "C:\Program Files (x86)\PICC\Devices\16F1827.h" Line 723(8,9): Illegal C character in input file  0x14
*** Error 48 "C:\Program Files (x86)\PICC\Devices\16F1827.h" Line 723(8,9): Expecting a (
*** Error 1 "C:\Program Files (x86)\PICC\Devices\16F1827.h" Line 723(14,15): Illegal C character in input file  0x9B
*** Error 1 "C:\Program Files (x86)\PICC\Devices\16F1827.h" Line 723(16,17): Illegal C character in input file  0xE6
*** Error 1 "C:\Program Files (x86)\PICC\Devices\16F1827.h" Line 723(16,17): Illegal C character in input file  0x40
*** Error 1 "C:\Program Files (x86)\PICC\Devices\16F1827.h" Line 723(16,17): Illegal C character in input file  0x00
*** Error 1 "C:\Program Files (x86)\PICC\Devices\16F1827.h" Line 723(16,17): Illegal C character in input file  0x00
*** Error 1 "C:\Program Files (x86)\PICC\Devices\16F1827.h" Line 723(16,17): Illegal C character in input file  0x00
*** Error 1 "C:\Program Files (x86)\PICC\Devices\16F1827.h" Line 723(16,17): Illegal C character in input file  0x00
*** Error 1 "C:\Program Files (x86)\PICC\Devices\16F1827.h" Line 723(16,17): Illegal C character in input file  0x00
*** Error 1 "C:\Program Files (x86)\PICC\Devices\16F1827.h" Line 723(16,17): Illegal C character in input file  0x00
*** Error 1 "C:\Program Files (x86)\PICC\Devices\16F1827.h" Line 723(16,17): Illegal C character in input file  0x00
*** Error 1 "C:\Program Files (x86)\PICC\Devices\16F1827.h" Line 723(16,17): Illegal C character in input file  0x00
*** Error 1 "C:\Program Files (x86)\PICC\Devices\16F1827.h" Line 723(16,17): Illegal C character in input file  0x00
*** Error 1 "C:\Program Files (x86)\PICC\Devices\16F1827.h" Line 723(16,17): Illegal C character in input file  0x00
*** Error 1 "C:\Program Files (x86)\PICC\Devices\16F1827.h" Line 723(16,17): Illegal C character in input file  0x00
*** Error 1 "C:\Program Files (x86)\PICC\Devices\16F1827.h" Line 723(16,17): Illegal C character in input file  0x00
*** Error 1 "C:\Program Files (x86)\PICC\Devices\16F1827.h" Line 723(16,17): Illegal C character in input file  0x00
*** Error 1 "C:\Program Files (x86)\PICC\Devices\16F1827.h" Line 723(16,17): Illegal C character in input file  0x00
*** Error 1 "C:\Program Files (x86)\PICC\Devices\16F1827.h" Line 723(16,17): Illegal C character in input file  0x00
*** Error 1 "C:\Program Files (x86)\PICC\Devices\16F1827.h" Line 723(16,17): Illegal C character in input file  0x00
*** Error 1 "C:\Program Files (x86)\PICC\Devices\16F1827.h" Line 723(16,17): Illegal C character in input file  0x00
*** Error 1 "C:\Program Files (x86)\PICC\Devices\16F1827.h" Line 723(16,17): Illegal C character in input file  0x00
*** Error 1 "C:\Program Files (x86)\PICC\Devices\16F1827.h" Line 723(16,17): Illegal C character in input file  0x00
*** Error 1 "C:\Program Files (x86)\PICC\Devices\16F1827.h" Line 723(16,17): Illegal C character in input file  0x00
*** Error 1 "C:\Program Files (x86)\PICC\Devices\16F1827.h" Line 723(16,17): Illegal C character in input file  0x00
*** Error 1 "C:\Program Files (x86)\PICC\Devices\16F1827.h" Line 723(16,17): Illegal C character in input file  0x00
*** Error 1 "C:\Program Files (x86)\PICC\Devices\16F1827.h" Line 723(16,17): Illegal C character in input file  0x00
*** Error 1 "C:\Program Files (x86)\PICC\Devices\16F1827.h" Line 723(16,17): Illegal C character in input file  0x00
*** Error 1 "C:\Program Files (x86)\PICC\Devices\16F1827.h" Line 723(16,17): Illegal C character in input file  0x00
*** Error 1 "C:\Program Files (x86)\PICC\Devices\16F1827.h" Line 723(16,17): Illegal C character in input file  0x00
*** Error 1 "C:\Program Files (x86)\PICC\Devices\16F1827.h" Line 723(16,17): Illegal C character in input file  0x00
*** Error 1 "C:\Program Files (x86)\PICC\Devices\16F1827.h" Line 723(16,17): Illegal C character in input file  0x00
*** Error 1 "C:\Program Files (x86)\PICC\Devices\16F1827.h" Line 723(16,17): Illegal C character in input file  0x00
*** Error 1 "C:\Program Files (x86)\PICC\Devices\16F1827.h" Line 723(16,17): Illegal C character in input file  0x00
*** Error 1 "C:\Program Files (x86)\PICC\Devices\16F1827.h" Line 723(16,17): Illegal C character in input file  0x00
*** Error 1 "C:\Program Files (x86)\PICC\Devices\16F1827.h" Line 723(16,17): Illegal C character in input file  0x00
*** Error 1 "C:\Program Files (x86)\PICC\Devices\16F1827.h" Line 723(16,17): Illegal C character in input file  0x00
*** Error 1 "C:\Program Files (x86)\PICC\Devices\16F1827.h" Line 723(16,17): Illegal C character in input file  0x00
*** Error 1 "C:\Program Files (x86)\PICC\Devices\16F1827.h" Line 723(16,17): Illegal C character in input file  0x00
*** Error 1 "C:\Program Files (x86)\PICC\Devices\16F1827.h" Line 723(16,17): Illegal C character in input file  0x00
*** Error 1 "C:\Program Files (x86)\PICC\Devices\16F1827.h" Line 723(16,17): Illegal C character in input file  0x00
*** Error 1 "C:\Program Files (x86)\PICC\Devices\16F1827.h" Line 723(16,17): Illegal C character in input file  0x00
*** Error 1 "C:\Program Files (x86)\PICC\Devices\16F1827.h" Line 723(16,17): Illegal C character in input file  0x00
*** Error 1 "C:\Program Files (x86)\PICC\Devices\16F1827.h" Line 723(16,17): Illegal C character in input file  0x00
*** Error 1 "C:\Program Files (x86)\PICC\Devices\16F1827.h" Line 723(16,17): Illegal C character in input file  0x00
*** Error 1 "C:\Program Files (x86)\PICC\Devices\16F1827.h" Line 723(16,17): Illegal C character in input file  0x00
*** Error 1 "C:\Program Files (x86)\PICC\Devices\16F1827.h" Line 723(16,17): Illegal C character in input file  0x00
*** Error 1 "C:\Program Files (x86)\PICC\Devices\16F1827.h" Line 723(16,17): Illegal C character in input file  0x00
*** Error 1 "C:\Program Files (x86)\PICC\Devices\16F1827.h" Line 723(16,17): Illegal C character in input file  0x00
*** Error 1 "C:\Program Files (x86)\PICC\Devices\16F1827.h" Line 723(16,17): Illegal C character in input file  0x00
*** Error 1 "C:\Program Files (x86)\PICC\Devices\16F1827.h" Line 723(16,17): Illegal C character in input file  0x00
*** Error 1 "C:\Program Files (x86)\PICC\Devices\16F1827.h" Line 723(16,17): Illegal C character in input file  0x00
*** Error 1 "C:\Program Files (x86)\PICC\Devices\16F1827.h" Line 723(16,17): Illegal C character in input file  0x00
*** Error 1 "C:\Program Files (x86)\PICC\Devices\16F1827.h" Line 723(16,17): Illegal C character in input file  0x00
*** Error 1 "C:\Program Files (x86)\PICC\Devices\16F1827.h" Line 723(16,17): Illegal C character in input file  0x00
*** Error 1 "C:\Program Files (x86)\PICC\Devices\16F1827.h" Line 723(16,17): Illegal C character in input file  0x00
*** Error 1 "C:\Program Files (x86)\PICC\Devices\16F1827.h" Line 723(16,17): Illegal C character in input file  0x00
*** Error 1 "C:\Program Files (x86)\PICC\Devices\16F1827.h" Line 723(16,17): Illegal C character in input file  0x00
*** Error 1 "C:\Program Files (x86)\PICC\Devices\16F1827.h" Line 723(16,17): Illegal C character in input file  0x00
*** Error 1 "C:\Program Files (x86)\PICC\Devices\16F1827.h" Line 723(16,17): Illegal C character in input file  0x00
*** Error 1 "C:\Program Files (x86)\PICC\Devices\16F1827.h" Line 723(16,17): Illegal C character in input file  0x00
*** Error 1 "C:\Program Files (x86)\PICC\Devices\16F1827.h" Line 723(16,17): Illegal C character in input file  0x00
*** Error 1 "C:\Program Files (x86)\PICC\Devices\16F1827.h" Line 723(16,17): Illegal C character in input file  0x00
*** Error 1 "C:\Program Files (x86)\PICC\Devices\16F1827.h" Line 723(16,17): Illegal C character in input file  0x00
*** Error 1 "C:\Program Files (x86)\PICC\Devices\16F1827.h" Line 723(16,17): Illegal C character in input file  0x00
*** Error 1 "C:\Program Files (x86)\PICC\Devices\16F1827.h" Line 723(16,17): Illegal C character in input file  0x00
*** Error 1 "C:\Program Files (x86)\PICC\Devices\16F1827.h" Line 723(16,17): Illegal C character in input file  0x00
*** Error 1 "C:\Program Files (x86)\PICC\Devices\16F1827.h" Line 723(16,17): Illegal C character in input file  0x00
*** Error 1 "C:\Program Files (x86)\PICC\Devices\16F1827.h" Line 723(16,17): Illegal C character in input file  0x00
*** Error 1 "C:\Program Files (x86)\PICC\Devices\16F1827.h" Line 723(16,17): Illegal C character in input file  0x00
*** Error 1 "C:\Program Files (x86)\PICC\Devices\16F1827.h" Line 723(16,17): Illegal C character in input file  0x00
*** Error 1 "C:\Program Files (x86)\PICC\Devices\16F1827.h" Line 723(16,17): Illegal C character in input file  0x00
*** Error 1 "C:\Program Files (x86)\PICC\Devices\16F1827.h" Line 723(16,17): Illegal C character in input file  0x00
*** Error 1 "C:\Program Files (x86)\PICC\Devices\16F1827.h" Line 723(16,17): Illegal C character in input file  0x00
*** Error 1 "C:\Program Files (x86)\PICC\Devices\16F1827.h" Line 723(16,17): Illegal C character in input file  0x00
*** Error 1 "C:\Program Files (x86)\PICC\Devices\16F1827.h" Line 723(16,17): Illegal C character in input file  0x00
*** Error 1 "C:\Program Files (x86)\PICC\Devices\16F1827.h" Line 723(16,17): Illegal C character in input file  0x00
*** Error 1 "C:\Program Files (x86)\PICC\Devices\16F1827.h" Line 723(16,17): Illegal C character in input file  0x00
