CCS PCM C Compiler, Version 5.093, 4770               23-ago-25 20:22

               Filename:   C:\Users\adrie\OneDrive\Escritorio\EDI2\TP1(Puertos-timers-contadores)\Ejercicio 8\Pic c compiler\InterrrupcionesPuertoB+Timer0.lst

               ROM used:   118 words (3%)
                           Largest free fragment is 2048
               RAM used:   10 (3%) at main() level
                           21 (5%) worst case
               Stack used: 1 locations (0 in main + 1 for interrupts)
               Stack size: 16

0000:  MOVLP  00
0001:  GOTO   05A
0002:  NOP
*
0004:  CLRF   03
0005:  MOVLP  00
0006:  MOVLB  00
0007:  MOVF   77,W
0008:  MOVWF  20
0009:  MOVF   78,W
000A:  MOVWF  21
000B:  MOVF   79,W
000C:  MOVWF  22
000D:  MOVF   7A,W
000E:  MOVWF  23
000F:  BTFSS  0B.4
0010:  GOTO   013
0011:  BTFSC  0B.1
0012:  GOTO   020
0013:  BTFSS  0B.5
0014:  GOTO   017
0015:  BTFSC  0B.2
0016:  GOTO   022
0017:  MOVF   20,W
0018:  MOVWF  77
0019:  MOVF   21,W
001A:  MOVWF  78
001B:  MOVF   22,W
001C:  MOVWF  79
001D:  MOVF   23,W
001E:  MOVWF  7A
001F:  RETFIE
0020:  MOVLP  00
0021:  GOTO   024
0022:  MOVLP  00
0023:  GOTO   02E
.................... #include <InterrrupcionesPuertoB+Timer0.h>
.................... #include <16F1827.h>
.................... //////////// Standard Header file for the PIC16F1827 device ////////////////
.................... ///////////////////////////////////////////////////////////////////////////
.................... ////        (C) Copyright 1996, 2014 Custom Computer Services          ////
.................... //// This source code may only be used by licensed users of the CCS C  ////
.................... //// compiler.  This source code may only be distributed to other      ////
.................... //// licensed users of the CCS C compiler.  No other use, reproduction ////
.................... //// or distribution is permitted without written permission.          ////
.................... //// Derivative programs created using this software in object code    ////
.................... //// form are not restricted in any way.                               ////
.................... ///////////////////////////////////////////////////////////////////////////
.................... #device PIC16F1827
.................... 
.................... #list
.................... 
.................... #device ADC=10
.................... #use delay(internal=4MHz)
.................... 
.................... 
.................... #FUSES NOWDT , NOMCLR
.................... #use delay(clock=4000000)   // Oscilador de 4 MHz
.................... 
.................... // --- Variables globales ---
.................... int contador_overflows = 0;
.................... int led_encendido = 0;
.................... 
.................... // --- Prototipos ---
.................... void INIT_GPIO();
.................... void INIT_TIMER0();
.................... 
.................... // --- MAIN ---
.................... void main() {
*
005A:  MOVLW  6A
005B:  MOVLB  01
005C:  MOVWF  19
005D:  MOVLB  00
005E:  CLRF   24
005F:  CLRF   25
0060:  MOVLB  03
0061:  CLRF   0C
0062:  CLRF   0D
0063:  MOVLB  02
0064:  CLRF   12
0065:  CLRF   11
0066:  CLRF   14
0067:  CLRF   13
....................    INIT_GPIO();
0068:  MOVLB  00
0069:  GOTO   040
....................    INIT_TIMER0();
006A:  GOTO   04F
.................... enable_interrupts(INT_RB);
006B:  BSF    0B.3
006C:  MOVLW  FF
006D:  MOVLB  07
006E:  IORWF  11,F
006F:  IORWF  12,F
....................    enable_interrupts(INT_EXT);     // Habilitar interrupción por RB0/INT
0070:  BSF    0B.4
....................    enable_interrupts(GLOBAL);      // Habilitar interrupciones globales
0071:  MOVLW  C0
0072:  IORWF  0B,F
....................    ext_int_edge (H_TO_L);
0073:  MOVLB  01
0074:  BCF    15.6
....................    while(TRUE) {
0075:  GOTO   075
....................       // Loop principal vacío
....................    }
.................... }
.................... 
0076:  SLEEP
.................... // --- Configuración Timer0 ---
.................... void INIT_TIMER0() {
....................    set_timer0(0);                             
*
004F:  CLRF   15
....................    clear_interrupt(INT_TIMER0); 
0050:  BCF    0B.2
....................    setup_timer_0(RTCC_INTERNAL | RTCC_DIV_256);  
0051:  MOVLB  01
0052:  MOVF   15,W
0053:  ANDLW  C0
0054:  IORLW  07
0055:  MOVWF  15
....................    enable_interrupts(INT_TIMER0);   // Habilitar interrupción Timer0
0056:  BSF    0B.5
0057:  MOVLP  00
0058:  MOVLB  00
0059:  GOTO   06B (RETURN)
.................... }
.................... 
.................... // --- ISR: Interrupción por RB0/INT ---
.................... #INT_EXT
.................... void EXT_ISR(void){
....................    output_high(PIN_A0);   // Encender LED en RA0
*
0024:  MOVLB  01
0025:  BCF    0C.0
0026:  MOVLB  02
0027:  BSF    0C.0
....................    led_encendido = 1;     // Flag para que Timer0 lo apague después
0028:  MOVLW  01
0029:  MOVLB  00
002A:  MOVWF  25
.................... }
.................... 
.................... // --- ISR: Interrupción Timer0 ---
002B:  BCF    0B.1
002C:  MOVLP  00
002D:  GOTO   017
.................... #INT_TIMER0
.................... void timer0_isr(void) {
....................    contador_overflows++;
002E:  INCF   24,F
.................... 
....................    if(contador_overflows >= 8) {   // ~500ms con prescaler 1:256
002F:  MOVF   24,W
0030:  SUBLW  07
0031:  BTFSC  03.0
0032:  GOTO   03D
....................       if(led_encendido) {
0033:  MOVF   25,F
0034:  BTFSC  03.2
0035:  GOTO   03C
....................          output_low(PIN_A0);   // Apagar LED
0036:  MOVLB  01
0037:  BCF    0C.0
0038:  MOVLB  02
0039:  BCF    0C.0
....................          led_encendido = 0;
003A:  MOVLB  00
003B:  CLRF   25
....................       }
....................       contador_overflows = 0;
003C:  CLRF   24
....................    }
003D:  BCF    0B.2
003E:  MOVLP  00
003F:  GOTO   017
.................... }
.................... 
.................... // --- Configuración GPIO ---
.................... void INIT_GPIO() {
....................    set_tris_a(0b00011000);  // RA0 salida para LED
0040:  MOVLW  18
0041:  MOVLB  01
0042:  MOVWF  0C
....................    set_tris_b(0b00000001);  // RB0 como entrada (INT)
0043:  MOVLW  01
0044:  MOVWF  0D
....................    output_a(0b00000000);    // Inicializar RA en 0
0045:  CLRF   0C
0046:  MOVLB  02
0047:  CLRF   0C
....................    output_b(0b00000000);    // Inicializar RB en 0
0048:  MOVLB  01
0049:  CLRF   0D
004A:  MOVLB  02
004B:  CLRF   0D
004C:  MOVLP  00
004D:  MOVLB  00
004E:  GOTO   06A (RETURN)
.................... }
.................... 

Configuration Fuses:
   Word  1: 3F84   INTRC_IO NOWDT PUT NOMCLR NOPROTECT NOCPD BROWNOUT NOCLKOUT IESO FCMEN
   Word  2: 1EFF   NOWRT PLL_SW STVREN BORV19 NODEBUG NOLVP
