CCS PCM C Compiler, Version 5.093, 4770               11-nov.-25 14:43

               Filename:   C:\Users\adrie\OneDrive\Escritorio\EDI2\TPFinal\Integrado\Pic c compiler\main.lst

               ROM used:   2249 words (55%)
                           Largest free fragment is 1791
               RAM used:   24 (6%) at main() level
                           71 (19%) worst case
               Stack used: 7 locations
               Stack size: 16

0000:  MOVLP  08
0001:  GOTO   000
0002:  NOP
.................... #include <16F1827.h>
.................... //////////// Standard Header file for the PIC16F1827 device ////////////////
.................... ///////////////////////////////////////////////////////////////////////////
.................... ////        (C) Copyright 1996, 2014 Custom Computer Services          ////
.................... //// This source code may only be used by licensed users of the CCS C  ////
.................... //// compiler.  This source code may only be distributed to other      ////
.................... //// licensed users of the CCS C compiler.  No other use, reproduction ////
.................... //// or distribution is permitted without written permission.          ////
.................... //// Derivative programs created using this software in object code    ////
.................... //// form are not restricted in any way.                               ////
.................... ///////////////////////////////////////////////////////////////////////////
.................... #device PIC16F1827
0003:  BRW
0004:  RETLW  28
0005:  RETLW  0C
0006:  RETLW  01
0007:  RETLW  06
0008:  DATA 31,1D
0009:  DATA D6,32
000A:  DATA 72,10
000B:  DATA 32,1D
000C:  DATA D2,32
000D:  DATA 63,10
000E:  DATA 33,1D
000F:  DATA D3,32
0010:  DATA 74,00
0011:  DATA D3,32
0012:  DATA 6C,1D
0013:  DATA 47,10
0014:  DATA 52,1D
0015:  DATA 25,18
0016:  DATA B3,3A
0017:  DATA 00,00
0018:  DATA C7,3A
0019:  DATA 61,39
001A:  DATA E4,30
001B:  DATA E4,37
001C:  DATA A0,11
001D:  DATA A5,3A
001E:  DATA 00,01
001F:  DATA C5,22
0020:  DATA 50,29
0021:  DATA CF,26
0022:  DATA 20,26
0023:  DATA EC,32
0024:  DATA EE,30
0025:  DATA 00,00
0026:  DATA CE,37
0027:  DATA 20,34
0028:  DATA E1,3C
0029:  DATA A0,31
002A:  DATA 6F,36
002B:  DATA 6F,39
002C:  DATA E5,39
002D:  DATA 00,01
002E:  DATA C3,37
002F:  DATA EC,37
0030:  DATA 72,10
0031:  DATA A5,3A
0032:  DATA AF,12
0033:  DATA 75,1D
0034:  DATA 20,10
0035:  DATA 20,10
0036:  DATA 20,10
0037:  DATA 00,01
0038:  DATA CE,37
0039:  DATA 20,34
003A:  DATA E1,3C
003B:  DATA A0,31
003C:  DATA 6F,36
003D:  DATA 6F,39
003E:  DATA E5,39
003F:  DATA 00,01
0040:  DATA D2,32
0041:  DATA E3,3A
0042:  DATA 70,10
0043:  DATA A5,3A
0044:  DATA AF,12
0045:  DATA 75,00
0046:  DATA C3,37
0047:  DATA EC,37
0048:  DATA 72,10
0049:  DATA 61,38
004A:  DATA EC,34
004B:  DATA E3,30
004C:  DATA E4,37
004D:  DATA 21,00
004E:  DATA C3,37
004F:  DATA 6C,1D
0050:  DATA A5,3A
0051:  DATA 20,26
0052:  DATA 69,31
0053:  DATA F2,32
0054:  DATA 73,1D
0055:  DATA A5,3A
0056:  DATA 00,01
0057:  DATA BE,29
0058:  DATA 65,3A
0059:  DATA A0,21
005A:  DATA 6F,36
005B:  DATA 6F,39
005C:  DATA 20,10
005D:  DATA 20,10
005E:  DATA 20,10
005F:  DATA 20,00
0060:  DATA 20,1F
0061:  DATA D6,32
0062:  DATA 72,10
0063:  DATA C7,3A
0064:  DATA 61,39
0065:  DATA E4,30
0066:  DATA E4,37
0067:  DATA 73,10
0068:  DATA 20,00
0069:  DATA 20,10
006A:  DATA 3E,29
006B:  DATA E5,31
006C:  DATA 75,38
006D:  DATA 65,39
006E:  DATA 61,39
006F:  DATA 20,10
0070:  DATA 20,10
0071:  DATA 20,00
*
01B1:  CLRF   77
01B2:  CLRF   78
01B3:  MOVF   47,W
01B4:  BCF    03.0
01B5:  BTFSC  48.0
01B6:  ADDWF  77,F
01B7:  RRF    77,F
01B8:  RRF    78,F
01B9:  BTFSC  48.1
01BA:  ADDWF  77,F
01BB:  RRF    77,F
01BC:  RRF    78,F
01BD:  BTFSC  48.2
01BE:  ADDWF  77,F
01BF:  RRF    77,F
01C0:  RRF    78,F
01C1:  BTFSC  48.3
01C2:  ADDWF  77,F
01C3:  RRF    77,F
01C4:  RRF    78,F
01C5:  BTFSC  48.4
01C6:  ADDWF  77,F
01C7:  RRF    77,F
01C8:  RRF    78,F
01C9:  BTFSC  48.5
01CA:  ADDWF  77,F
01CB:  RRF    77,F
01CC:  RRF    78,F
01CD:  BTFSC  48.6
01CE:  ADDWF  77,F
01CF:  RRF    77,F
01D0:  RRF    78,F
01D1:  BTFSC  48.7
01D2:  ADDWF  77,F
01D3:  RRF    77,F
01D4:  RRF    78,F
01D5:  RETURN
*
0274:  MOVF   0B,W
0275:  BCF    0B.7
0276:  MOVLB  03
0277:  BSF    15.7
0278:  BSF    15.0
0279:  NOP
027A:  NOP
027B:  BTFSC  09.7
027C:  BSF    0B.7
027D:  BTFSC  03.0
027E:  GOTO   2A5
027F:  MOVF   13,W
0280:  ANDLW  7F
0281:  MOVLB  00
0282:  MOVWF  46
0283:  MOVLB  03
0284:  MOVF   11,W
0285:  MOVLB  00
0286:  MOVWF  47
0287:  MOVLB  03
0288:  MOVF   12,W
0289:  MOVLB  00
028A:  MOVWF  48
028B:  MOVF   46,W
028C:  MOVWF  49
028D:  CALL   24F
028E:  MOVF   47,W
028F:  MOVLB  03
0290:  MOVWF  11
0291:  MOVLB  00
0292:  MOVF   48,W
0293:  MOVLB  03
0294:  MOVWF  12
0295:  MOVF   0B,W
0296:  BCF    0B.7
0297:  BSF    15.7
0298:  BSF    15.0
0299:  NOP
029A:  NOP
029B:  BTFSC  09.7
029C:  BSF    0B.7
029D:  MOVLB  00
029E:  DECFSZ 43,F
029F:  GOTO   2A1
02A0:  GOTO   2A3
02A1:  MOVLB  03
02A2:  GOTO   2A5
02A3:  GOTO   2C3
02A4:  MOVLB  03
02A5:  RLF    13,W
02A6:  RLF    14,W
02A7:  ANDLW  7F
02A8:  MOVLB  00
02A9:  MOVWF  46
02AA:  MOVLB  03
02AB:  MOVF   11,W
02AC:  MOVLB  00
02AD:  MOVWF  47
02AE:  MOVLB  03
02AF:  MOVF   12,W
02B0:  MOVLB  00
02B1:  MOVWF  48
02B2:  MOVF   46,W
02B3:  MOVWF  49
02B4:  CALL   24F
02B5:  MOVF   47,W
02B6:  MOVLB  03
02B7:  MOVWF  11
02B8:  MOVLB  00
02B9:  MOVF   48,W
02BA:  MOVLB  03
02BB:  MOVWF  12
02BC:  INCF   11,F
02BD:  BTFSC  03.2
02BE:  INCF   12,F
02BF:  BCF    03.0
02C0:  MOVLB  00
02C1:  DECFSZ 43,F
02C2:  GOTO   274
02C3:  RETURN
02C4:  MOVF   46,W
02C5:  CLRF   78
02C6:  SUBWF  45,W
02C7:  BTFSC  03.0
02C8:  GOTO   2CC
02C9:  MOVF   45,W
02CA:  MOVWF  77
02CB:  GOTO   2D8
02CC:  CLRF   77
02CD:  MOVLW  08
02CE:  MOVWF  47
02CF:  RLF    45,F
02D0:  RLF    77,F
02D1:  MOVF   46,W
02D2:  SUBWF  77,W
02D3:  BTFSC  03.0
02D4:  MOVWF  77
02D5:  RLF    78,F
02D6:  DECFSZ 47,F
02D7:  GOTO   2CF
02D8:  RETURN
02D9:  MOVF   78,W
02DA:  MOVF   43,W
02DB:  MOVWF  45
02DC:  MOVLW  64
02DD:  MOVWF  46
02DE:  CALL   2C4
02DF:  MOVF   77,W
02E0:  MOVWF  43
02E1:  MOVF   78,W
02E2:  MOVLW  30
02E3:  BTFSS  03.2
02E4:  GOTO   2EC
02E5:  BTFSS  44.1
02E6:  GOTO   2F3
02E7:  BTFSC  44.3
02E8:  GOTO   2F3
02E9:  BTFSC  44.4
02EA:  MOVLW  20
02EB:  GOTO   2EF
02EC:  BCF    44.3
02ED:  BCF    44.4
02EE:  BSF    44.0
02EF:  ADDWF  78,F
02F0:  MOVF   78,W
02F1:  MOVWF  49
02F2:  CALL   24F
02F3:  MOVF   43,W
02F4:  MOVWF  45
02F5:  MOVLW  0A
02F6:  MOVWF  46
02F7:  CALL   2C4
02F8:  MOVF   77,W
02F9:  MOVWF  43
02FA:  MOVF   78,W
02FB:  MOVLW  30
02FC:  BTFSS  03.2
02FD:  GOTO   304
02FE:  BTFSC  44.3
02FF:  GOTO   308
0300:  BTFSS  44.0
0301:  GOTO   308
0302:  BTFSC  44.4
0303:  MOVLW  20
0304:  ADDWF  78,F
0305:  MOVF   78,W
0306:  MOVWF  49
0307:  CALL   24F
0308:  MOVLW  30
0309:  ADDWF  43,F
030A:  MOVF   43,W
030B:  MOVWF  49
030C:  CALL   24F
030D:  RETURN
*
031B:  MOVF   0B,W
031C:  BCF    0B.7
031D:  MOVLB  03
031E:  BSF    15.7
031F:  BSF    15.0
0320:  NOP
0321:  NOP
0322:  BTFSC  09.7
0323:  BSF    0B.7
0324:  MOVF   13,W
0325:  ANDLW  7F
0326:  BTFSC  03.2
0327:  GOTO   363
0328:  MOVLB  00
0329:  MOVWF  43
032A:  MOVLB  03
032B:  MOVF   11,W
032C:  MOVLB  00
032D:  MOVWF  44
032E:  MOVLB  03
032F:  MOVF   12,W
0330:  MOVLB  00
0331:  MOVWF  45
0332:  MOVF   43,W
0333:  MOVWF  49
0334:  CALL   24F
0335:  MOVF   44,W
0336:  MOVLB  03
0337:  MOVWF  11
0338:  MOVLB  00
0339:  MOVF   45,W
033A:  MOVLB  03
033B:  MOVWF  12
033C:  MOVF   0B,W
033D:  BCF    0B.7
033E:  BSF    15.7
033F:  BSF    15.0
0340:  NOP
0341:  NOP
0342:  BTFSC  09.7
0343:  BSF    0B.7
0344:  RLF    13,W
0345:  RLF    14,W
0346:  ANDLW  7F
0347:  BTFSC  03.2
0348:  GOTO   363
0349:  MOVLB  00
034A:  MOVWF  43
034B:  MOVLB  03
034C:  MOVF   11,W
034D:  MOVLB  00
034E:  MOVWF  44
034F:  MOVLB  03
0350:  MOVF   12,W
0351:  MOVLB  00
0352:  MOVWF  45
0353:  MOVF   43,W
0354:  MOVWF  49
0355:  CALL   24F
0356:  MOVF   44,W
0357:  MOVLB  03
0358:  MOVWF  11
0359:  MOVLB  00
035A:  MOVF   45,W
035B:  MOVLB  03
035C:  MOVWF  12
035D:  INCF   11,F
035E:  BTFSC  03.2
035F:  INCF   12,F
0360:  MOVLB  00
0361:  GOTO   31B
0362:  MOVLB  03
0363:  MOVLB  00
0364:  RETURN
.................... 
.................... #list
.................... 
.................... #device ADC=10
.................... #fuses NOWDT, NOPROTECT, NOLVP, INTRC_IO, NOMCLR
.................... #use delay(clock=4MHz)
*
0072:  MOVLW  20
0073:  MOVWF  05
0074:  MOVLW  2A
0075:  MOVWF  04
0076:  MOVF   00,W
0077:  BTFSC  03.2
0078:  GOTO   087
0079:  MOVLW  01
007A:  MOVWF  78
007B:  CLRF   77
007C:  DECFSZ 77,F
007D:  GOTO   07C
007E:  DECFSZ 78,F
007F:  GOTO   07B
0080:  MOVLW  4A
0081:  MOVWF  77
0082:  DECFSZ 77,F
0083:  GOTO   082
0084:  GOTO   085
0085:  DECFSZ 00,F
0086:  GOTO   079
0087:  RETURN
.................... #use i2c(Master, SDA=PIN_B1, SCL=PIN_B4, slow)
0088:  MOVLB  04
0089:  BCF    15.7
008A:  MOVLB  00
008B:  BCF    11.3
008C:  MOVF   57,W
008D:  MOVLB  04
008E:  MOVWF  11
008F:  MOVLW  02
0090:  BTFSC  15.7
0091:  GOTO   099
0092:  MOVLB  00
0093:  BTFSS  11.3
0094:  GOTO   093
0095:  MOVLW  00
0096:  MOVLB  04
0097:  BTFSC  16.6
0098:  MOVLW  01
0099:  MOVWF  78
009A:  MOVLB  00
009B:  RETURN
.................... #include "i2c_Flex_LCD.c"
.................... //----------------------------------------------------------------------------- 
.................... // Title:         i2c_Flex_LCD 
.................... // Description:   Driver for common LCD with 1/2/3 or 4 rows by 1...20 columns 
.................... //                using PCF8574T interface board with I2C protocol. 
.................... // Date:          Nov-2013 
.................... // Ver.Rev.:      1.1 
.................... // Author:        Hugo Silva (sergio-hugo@bol.com.br) #Based on the routines of 
.................... //                "20X4_LCD_I2C_DRIVER.h" from Pumrin S. and "lcd4_i2c.c" from XP8100 
.................... //----------------------------------------------------------------------------- 
.................... // 
.................... // lcd_init() Must be called before any other function. 
.................... // 
.................... // lcd_putc(c) Will display c on the next position of the LCD. 
.................... //  
.................... //     \f Clear LCD display 
.................... //     \n Set write position on next lcd line 
.................... //     \b LCD backspace 
.................... //     lcd_gotoxy(x,y) Set write position on LCD (upper left is 1,1) 
.................... // 
.................... // lcd_backlight_led(ON)/lcd_backlight_led(OFF) = Turn ON/OFF LCD Backlight LED 
.................... // 
.................... //----------------------------------------------------------------------------- 
.................... // LCD pins D0-D3 are not used. 
.................... //----------------------------------------------------------------------------- 
.................... // 
.................... // Comment   : Control of a compatible LCD (1...4 rows by 1...4 columns) from 
.................... //              a bus I2C with an EXPANDER of I/O with connection I2C. 
.................... //              The tests of these routines have been programmed using the IC 
.................... //              Phillips PCF8574T. I've used 4 bits mode programming. 
.................... //              The 8 bits mode programming is possible if you use 2 x PCF8574T. 
.................... //              RW Pin is not being used. 
.................... // 
.................... // As defined in the following structure the pin connection is as follows: 
.................... // 
.................... //  PCF8574P     LCD 
.................... //  ========     ====== 
.................... //     P0        RS 
.................... //     P1        RW    (Not used!) 
.................... //     P2        Enable  
.................... //     P3        Led Backlight 
.................... //     P4        D4 
.................... //     P5        D5 
.................... //     P6        D6 
.................... //     P7        D7 
.................... // 
.................... //  The SCL and SDA pins should be pull-up resistor as shown below: 
.................... // 
.................... //             +5v 
.................... //               | 
.................... //               < 
.................... //               > 4.7K        
.................... //               <          
.................... //To PIC         |          To i2c slave 
.................... //pin xx ------------------ SDA pin  
.................... //(SDA)                      
.................... //              +5v 
.................... //               | 
.................... //               < 
.................... //               > 4.7K        
.................... //               <          
.................... //To PIC         |          To i2c slave 
.................... //pin xx ------------------ SCL pin  
.................... //(SCL) 
.................... // 
.................... //To PIC                    To i2c slave 
.................... //Vss pin ----------------- Vss or ground pin  
.................... //                | 
.................... //              ----- 
.................... //               ---  Ground 
.................... //                -  
.................... //  
.................... // THIS DOCUMENT IS PROVIDED TO THE USER "AS IS" 
.................... //----------------------------------------------------------------------------- 
.................... byte LCD_ADDR ;//             0x4E        //I2C slave address for LCD module 
.................... byte lcd_total_rows ;//       2           //Number of rows: 1,2,3 or 4 
.................... byte lcd_total_columns ;//    16          //Number of columns: 1...20   
.................... 
.................... #define RS                    0b00000001  //P0 - PCF8574T Pin connected to RS 
.................... #define RW                    0b00000010  //P1 - PCF8574T Pin connected to RW 
.................... #define ENABLE                0b00000100  //P2 - PCF8574T Pin connected to EN 
.................... #define LCD_BACKLIGHT         0b00001000  //P3 - PCF8574T Pin connected to BACKLIGHT LED 
.................... 
.................... #define addr_row_one          0x00        //LCD RAM address for row 1 
.................... #define addr_row_two          0x40        //LCD RAM address for row 2 
.................... #define addr_row_three        0x14        //LCD RAM address for row 3 
.................... #define addr_row_four         0x54        //LCD RAM address for row 4 
.................... 
.................... #define ON                    1 
.................... #define OFF                   0 
.................... #define NOT                   ~ 
.................... #define data_shifted          data<<4 
.................... int8 new_row_request=1, BACKLIGHT_LED=LCD_BACKLIGHT; 
.................... 
.................... void lcd_backlight_led(byte bl) 
.................... {  
....................       If (bl) BACKLIGHT_LED=LCD_BACKLIGHT; else BACKLIGHT_LED=OFF; 
.................... } 
.................... 
.................... void i2c_send_nibble(byte data, byte type) 
.................... {    
....................    switch (type) 
009C:  MOVF   55,W
009D:  XORLW  00
009E:  BTFSC  03.2
009F:  GOTO   0A4
00A0:  XORLW  01
00A1:  BTFSC  03.2
00A2:  GOTO   0C4
00A3:  GOTO   0E5
....................    {      
....................       case 0 :      
....................       i2c_write(data_shifted | BACKLIGHT_LED); 
00A4:  SWAPF  54,W
00A5:  MOVWF  77
00A6:  MOVLW  F0
00A7:  ANDWF  77,F
00A8:  MOVF   77,W
00A9:  IORWF  24,W
00AA:  MOVWF  56
00AB:  MOVWF  57
00AC:  CALL   088
....................       delay_cycles(1); 
00AD:  NOP
....................       i2c_write(data_shifted | ENABLE | BACKLIGHT_LED ); 
00AE:  SWAPF  54,W
00AF:  MOVWF  77
00B0:  MOVLW  F0
00B1:  ANDWF  77,F
00B2:  MOVF   77,W
00B3:  IORLW  04
00B4:  IORWF  24,W
00B5:  MOVWF  56
00B6:  MOVWF  57
00B7:  CALL   088
....................       delay_us(2); 
00B8:  GOTO   0B9
....................       i2c_write(data_shifted & NOT ENABLE | BACKLIGHT_LED); 
00B9:  SWAPF  54,W
00BA:  MOVWF  77
00BB:  MOVLW  F0
00BC:  ANDWF  77,F
00BD:  MOVF   77,W
00BE:  ANDLW  FB
00BF:  IORWF  24,W
00C0:  MOVWF  56
00C1:  MOVWF  57
00C2:  CALL   088
....................       break; 
00C3:  GOTO   0E5
....................       
....................       case 1 : 
....................       i2c_write(data_shifted | RS | BACKLIGHT_LED); 
00C4:  SWAPF  54,W
00C5:  MOVWF  77
00C6:  MOVLW  F0
00C7:  ANDWF  77,F
00C8:  MOVF   77,W
00C9:  IORLW  01
00CA:  IORWF  24,W
00CB:  MOVWF  56
00CC:  MOVWF  57
00CD:  CALL   088
....................       delay_cycles(1); 
00CE:  NOP
....................       i2c_write(data_shifted | RS | ENABLE | BACKLIGHT_LED ); 
00CF:  SWAPF  54,W
00D0:  MOVWF  77
00D1:  MOVLW  F0
00D2:  ANDWF  77,F
00D3:  MOVF   77,W
00D4:  IORLW  01
00D5:  IORLW  04
00D6:  IORWF  24,W
00D7:  MOVWF  56
00D8:  MOVWF  57
00D9:  CALL   088
....................       delay_us(2); 
00DA:  GOTO   0DB
....................       i2c_write(data_shifted | RS | BACKLIGHT_LED); 
00DB:  SWAPF  54,W
00DC:  MOVWF  77
00DD:  MOVLW  F0
00DE:  ANDWF  77,F
00DF:  MOVF   77,W
00E0:  IORLW  01
00E1:  IORWF  24,W
00E2:  MOVWF  56
00E3:  MOVWF  57
00E4:  CALL   088
....................       break; 
....................    } 
00E5:  RETURN
.................... } 
....................     
.................... void lcd_send_byte(byte data, byte type) 
....................    { 
....................         i2c_start(); 
00E6:  MOVLB  04
00E7:  BSF    16.0
00E8:  BTFSC  16.0
00E9:  GOTO   0E8
....................         i2c_write(LCD_ADDR); 
00EA:  MOVLB  00
00EB:  MOVF   20,W
00EC:  MOVWF  57
00ED:  CALL   088
....................         i2c_send_nibble(data >> 4 , type); 
00EE:  SWAPF  51,W
00EF:  MOVWF  53
00F0:  MOVLW  0F
00F1:  ANDWF  53,F
00F2:  MOVF   53,W
00F3:  MOVWF  54
00F4:  MOVF   52,W
00F5:  MOVWF  55
00F6:  CALL   09C
....................         i2c_send_nibble(data & 0xf , type); 
00F7:  MOVF   51,W
00F8:  ANDLW  0F
00F9:  MOVWF  53
00FA:  MOVWF  54
00FB:  MOVF   52,W
00FC:  MOVWF  55
00FD:  CALL   09C
....................         i2c_stop();        
00FE:  MOVLB  04
00FF:  BSF    16.2
0100:  BTFSC  16.2
0101:  GOTO   100
0102:  MOVLB  00
0103:  RETURN
....................    } 
.................... 
.................... void lcd_clear() 
.................... {  
....................         lcd_send_byte(0x01,0); 
0104:  MOVLW  01
0105:  MOVWF  51
0106:  CLRF   52
0107:  CALL   0E6
....................         delay_ms(2); 
0108:  MOVLW  02
0109:  MOVWF  4A
010A:  CALL   072
....................         new_row_request=1; 
010B:  MOVLW  01
010C:  MOVWF  23
010D:  RETURN
.................... } 
.................... 
.................... void lcd_init(byte ADDR, byte col, byte row) 
.................... { 
....................    byte i;
....................    byte CONST lcd_type=2;  // 0=5x7, 1=5x10, 2=2 lines 
....................    byte CONST LCD_INIT_STRING[4] = {0x20 | (lcd_type << 2), 0xc, 1, 6}; // These bytes need to be sent to the LCD to start it up.
....................    
....................    LCD_ADDR =ADDR;//             0x4E        //I2C slave address for LCD module 
*
0126:  MOVF   33,W
0127:  MOVWF  20
....................    lcd_total_rows =row;//       2           //Number of rows: 1,2,3 or 4 
0128:  MOVF   35,W
0129:  MOVWF  21
....................    lcd_total_columns= col ;
012A:  MOVF   34,W
012B:  MOVWF  22
....................    disable_interrupts(GLOBAL); 
012C:  BCF    0B.6
012D:  BCF    0B.7
012E:  BTFSC  0B.7
012F:  GOTO   12D
....................    delay_ms(50); //LCD power up delay 
0130:  MOVLW  32
0131:  MOVWF  4A
0132:  CALL   072
....................     
....................    i2c_start(); 
0133:  MOVLB  04
0134:  BSF    16.0
0135:  BTFSC  16.0
0136:  GOTO   135
....................    i2c_write(LCD_ADDR); 
0137:  MOVLB  00
0138:  MOVF   20,W
0139:  MOVWF  57
013A:  CALL   088
....................       i2c_send_nibble(0x00,0); 
013B:  CLRF   54
013C:  CLRF   55
013D:  CALL   09C
....................       delay_ms(15); 
013E:  MOVLW  0F
013F:  MOVWF  4A
0140:  CALL   072
....................     
....................    for (i=1;i<=3;++i)    
0141:  MOVLW  01
0142:  MOVWF  36
0143:  MOVF   36,W
0144:  SUBLW  03
0145:  BTFSS  03.0
0146:  GOTO   150
....................    { 
....................       i2c_send_nibble(0x03,0); 
0147:  MOVLW  03
0148:  MOVWF  54
0149:  CLRF   55
014A:  CALL   09C
....................       delay_ms(5); 
014B:  MOVLW  05
014C:  MOVWF  4A
014D:  CALL   072
014E:  INCF   36,F
014F:  GOTO   143
....................    }    
....................       i2c_send_nibble(0x02,0); 
0150:  MOVLW  02
0151:  MOVWF  54
0152:  CLRF   55
0153:  CALL   09C
....................       delay_ms(5); 
0154:  MOVLW  05
0155:  MOVWF  4A
0156:  CALL   072
....................    i2c_stop(); 
0157:  MOVLB  04
0158:  BSF    16.2
0159:  BTFSC  16.2
015A:  GOTO   159
....................     
....................    for (i=0;i<=3;++i) { 
015B:  MOVLB  00
015C:  CLRF   36
015D:  MOVF   36,W
015E:  SUBLW  03
015F:  BTFSS  03.0
0160:  GOTO   16C
....................    lcd_send_byte(LCD_INIT_STRING[i],0); 
0161:  MOVF   36,W
0162:  CALL   003
0163:  MOVWF  37
0164:  MOVWF  51
0165:  CLRF   52
0166:  CALL   0E6
....................    delay_ms(5); 
0167:  MOVLW  05
0168:  MOVWF  4A
0169:  CALL   072
016A:  INCF   36,F
016B:  GOTO   15D
....................    } 
....................    lcd_clear();  //Clear Display 
016C:  CALL   104
....................    enable_interrupts(GLOBAL); 
016D:  MOVLW  C0
016E:  IORWF  0B,F
.................... } 
.................... 
.................... void lcd_gotoxy( byte x, byte y) 
.................... { 
.................... byte row,column,row_addr,lcd_address; 
.................... static char data; 
.................... 
....................    if (y>lcd_total_rows) row=lcd_total_rows; else row=y; 
*
0218:  MOVF   4B,W
0219:  SUBWF  21,W
021A:  BTFSC  03.0
021B:  GOTO   21F
021C:  MOVF   21,W
021D:  MOVWF  4C
021E:  GOTO   221
021F:  MOVF   4B,W
0220:  MOVWF  4C
....................   
....................    switch(row) 
0221:  MOVF   4C,W
0222:  XORLW  01
0223:  BTFSC  03.2
0224:  GOTO   22F
0225:  XORLW  03
0226:  BTFSC  03.2
0227:  GOTO   231
0228:  XORLW  01
0229:  BTFSC  03.2
022A:  GOTO   234
022B:  XORLW  07
022C:  BTFSC  03.2
022D:  GOTO   237
022E:  GOTO   23A
....................    { 
....................       case 1:  row_addr=addr_row_one;     break; 
022F:  CLRF   4E
0230:  GOTO   23B
....................       case 2:  row_addr=addr_row_two;     break; 
0231:  MOVLW  40
0232:  MOVWF  4E
0233:  GOTO   23B
....................       case 3:  row_addr=addr_row_three;   break; 
0234:  MOVLW  14
0235:  MOVWF  4E
0236:  GOTO   23B
....................       case 4:  row_addr=addr_row_four;    break; 
0237:  MOVLW  54
0238:  MOVWF  4E
0239:  GOTO   23B
....................       default: row_addr=addr_row_one;     break;  
023A:  CLRF   4E
....................    }  
....................     
....................    if (x>lcd_total_columns) column=lcd_total_columns; else column=x;  
023B:  MOVF   4A,W
023C:  SUBWF  22,W
023D:  BTFSC  03.0
023E:  GOTO   242
023F:  MOVF   22,W
0240:  MOVWF  4D
0241:  GOTO   244
0242:  MOVF   4A,W
0243:  MOVWF  4D
....................    lcd_address=(row_addr+(column-1)); 
0244:  MOVLW  01
0245:  SUBWF  4D,W
0246:  ADDWF  4E,W
0247:  MOVWF  4F
....................    lcd_send_byte(0x80|lcd_address,0); 
0248:  MOVF   4F,W
0249:  IORLW  80
024A:  MOVWF  50
024B:  MOVWF  51
024C:  CLRF   52
024D:  CALL   0E6
024E:  RETURN
.................... } 
.................... 
.................... //Display the character on LCD screen. 
.................... void LCD_PUTC(char in_data) 
.................... {    
....................   switch(in_data) 
024F:  MOVF   49,W
0250:  XORLW  0C
0251:  BTFSC  03.2
0252:  GOTO   25A
0253:  XORLW  06
0254:  BTFSC  03.2
0255:  GOTO   25C
0256:  XORLW  02
0257:  BTFSC  03.2
0258:  GOTO   269
0259:  GOTO   26E
....................    {  
....................      case '\f': lcd_clear();                       break;                
025A:  CALL   104
025B:  GOTO   273
....................       
....................      case '\n': 
....................      new_row_request++; 
025C:  INCF   23,F
....................      if (new_row_request>lcd_total_rows) new_row_request=1; 
025D:  MOVF   23,W
025E:  SUBWF  21,W
025F:  BTFSC  03.0
0260:  GOTO   263
0261:  MOVLW  01
0262:  MOVWF  23
....................      lcd_gotoxy(1, new_row_request); 
0263:  MOVLW  01
0264:  MOVWF  4A
0265:  MOVF   23,W
0266:  MOVWF  4B
0267:  CALL   218
....................      break; 
0268:  GOTO   273
....................                   
....................      case '\b': lcd_send_byte(0x10,0);             break; 
0269:  MOVLW  10
026A:  MOVWF  51
026B:  CLRF   52
026C:  CALL   0E6
026D:  GOTO   273
....................         
....................      default: lcd_send_byte(in_data,1);            break;      
026E:  MOVF   49,W
026F:  MOVWF  51
0270:  MOVLW  01
0271:  MOVWF  52
0272:  CALL   0E6
....................       
....................    } 
0273:  RETURN
.................... } 
.................... 
.................... 
.................... 
.................... #define LCD_ADDR 0x27
.................... #define BUTTON_PIN PIN_B0
.................... 
.................... // EEPROM constants
.................... #define EEPROM_MAX 256
.................... #define COLOR_SIZE 3
.................... #define MAX_COLORS (EEPROM_MAX / COLOR_SIZE) // 85
.................... 
.................... // ADC channels
.................... #define ADC_X 0 // RA0 (AN0)
.................... #define ADC_Y 1 // RA1 (AN1)
.................... 
.................... // PWM pins
.................... #define PWM_R_PIN PIN_A3
.................... #define PWM_G_PIN PIN_B3
.................... #define PWM_B_PIN PIN_B6
.................... 
.................... // --- NUEVO (GOAL 2): Definiciones para el Joystick "Idle-Middle" ---
.................... #define JOY_DEADZONE_LOW 50  // Valor ADC por debajo del cual se considera "Bajo/Izquierda"
.................... #define JOY_DEADZONE_HIGH 205 // Valor ADC por encima del cual se considera "Alto/Derecha"
.................... // Cualquier valor entre LOW y HIGH es la zona muerta (idle)
.................... 
.................... typedef struct {
....................     int8 r;
....................     int8 g;
....................     int8 b;
.................... } color_t;
.................... 
.................... // Globals
.................... color_t color_actual = {0,0,0};
.................... unsigned int8 menu_opcion = 1; 
.................... int1 main_last_button_state = 1;
.................... unsigned int8 soft_pwm_duty = 0;
.................... unsigned int8 soft_pwm_counter = 0;
.................... 
.................... // Forward declarations
.................... void set_rgb(unsigned int8 r, unsigned int8 g, unsigned int8 b);
.................... void guardar_color(color_t c, unsigned int8 direccion_index);
.................... void menu_set_color();
.................... void menu_mostrar_colores_guardados();
.................... int get_color_count();
.................... void soft_pwm_isr_tick();
.................... 
.................... // ------------------ Utilidades EEPROM (Sin cambios) ------------------
.................... void guardar_color(color_t c, unsigned int8 direccion_index) {
*
04D1:  MOVF   41,W
04D2:  MOVWF  47
04D3:  MOVLW  03
04D4:  MOVWF  48
04D5:  CALL   1B1
04D6:  CLRF   43
04D7:  MOVF   78,W
04D8:  MOVWF  42
....................     unsigned int16 addr = direccion_index * COLOR_SIZE;
....................     if (direccion_index >= MAX_COLORS) return;
04D9:  MOVF   41,W
04DA:  SUBLW  54
04DB:  BTFSS  03.0
04DC:  GOTO   52E
....................     write_eeprom(addr + 0, c.r);
04DD:  MOVF   0B,W
04DE:  MOVWF  77
04DF:  BCF    0B.7
04E0:  MOVF   42,W
04E1:  MOVLB  03
04E2:  MOVWF  11
04E3:  MOVLB  00
04E4:  MOVF   3E,W
04E5:  MOVLB  03
04E6:  MOVWF  13
04E7:  BCF    15.7
04E8:  BSF    15.2
04E9:  MOVLW  55
04EA:  MOVWF  16
04EB:  MOVLW  AA
04EC:  MOVWF  16
04ED:  BSF    15.1
04EE:  BTFSC  15.1
04EF:  GOTO   4EE
04F0:  BCF    15.2
04F1:  MOVF   77,W
04F2:  IORWF  0B,F
....................     write_eeprom(addr + 1, c.g);
04F3:  MOVLW  01
04F4:  MOVLB  00
04F5:  ADDWF  42,W
04F6:  MOVWF  44
04F7:  MOVLW  00
04F8:  ADDWFC 43,W
04F9:  MOVWF  45
04FA:  MOVF   0B,W
04FB:  MOVWF  77
04FC:  BCF    0B.7
04FD:  MOVF   44,W
04FE:  MOVLB  03
04FF:  MOVWF  11
0500:  MOVLB  00
0501:  MOVF   3F,W
0502:  MOVLB  03
0503:  MOVWF  13
0504:  BCF    15.7
0505:  BSF    15.2
0506:  MOVLW  55
0507:  MOVWF  16
0508:  MOVLW  AA
0509:  MOVWF  16
050A:  BSF    15.1
050B:  BTFSC  15.1
050C:  GOTO   50B
050D:  BCF    15.2
050E:  MOVF   77,W
050F:  IORWF  0B,F
....................     write_eeprom(addr + 2, c.b);
0510:  MOVLW  02
0511:  MOVLB  00
0512:  ADDWF  42,W
0513:  MOVWF  44
0514:  MOVLW  00
0515:  ADDWFC 43,W
0516:  MOVWF  45
0517:  MOVF   0B,W
0518:  MOVWF  77
0519:  BCF    0B.7
051A:  MOVF   44,W
051B:  MOVLB  03
051C:  MOVWF  11
051D:  MOVLB  00
051E:  MOVF   40,W
051F:  MOVLB  03
0520:  MOVWF  13
0521:  BCF    15.7
0522:  BSF    15.2
0523:  MOVLW  55
0524:  MOVWF  16
0525:  MOVLW  AA
0526:  MOVWF  16
0527:  BSF    15.1
0528:  BTFSC  15.1
0529:  GOTO   528
052A:  BCF    15.2
052B:  MOVF   77,W
052C:  IORWF  0B,F
052D:  MOVLB  00
.................... }
.................... 
.................... int get_color_count() {
*
01D6:  CLRF   42
....................     int count = 0;
....................     unsigned int8 r,g,b;
....................     for (int i=0; i<MAX_COLORS; i++) {
01D7:  CLRF   46
01D8:  MOVF   46,W
01D9:  SUBLW  54
01DA:  BTFSS  03.0
01DB:  GOTO   215
....................         r = read_eeprom(i*3 + 0);
01DC:  MOVF   46,W
01DD:  MOVWF  47
01DE:  MOVLW  03
01DF:  MOVWF  48
01E0:  CALL   1B1
01E1:  MOVF   78,W
01E2:  MOVWF  47
01E3:  MOVF   47,W
01E4:  MOVLB  03
01E5:  MOVWF  11
01E6:  BCF    15.7
01E7:  BSF    15.0
01E8:  MOVF   13,W
01E9:  MOVLB  00
01EA:  MOVWF  43
....................         g = read_eeprom(i*3 + 1);
01EB:  MOVF   46,W
01EC:  MOVWF  47
01ED:  MOVLW  03
01EE:  MOVWF  48
01EF:  CALL   1B1
01F0:  MOVLW  01
01F1:  ADDWF  78,W
01F2:  MOVWF  47
01F3:  MOVF   47,W
01F4:  MOVLB  03
01F5:  MOVWF  11
01F6:  BCF    15.7
01F7:  BSF    15.0
01F8:  MOVF   13,W
01F9:  MOVLB  00
01FA:  MOVWF  44
....................         b = read_eeprom(i*3 + 2);
01FB:  MOVF   46,W
01FC:  MOVWF  47
01FD:  MOVLW  03
01FE:  MOVWF  48
01FF:  CALL   1B1
0200:  MOVLW  02
0201:  ADDWF  78,W
0202:  MOVWF  47
0203:  MOVF   47,W
0204:  MOVLB  03
0205:  MOVWF  11
0206:  BCF    15.7
0207:  BSF    15.0
0208:  MOVF   13,W
0209:  MOVLB  00
020A:  MOVWF  45
....................         // 0xFF es el valor por defecto de una EEPROM borrada
....................         if (r == 0xFF && g == 0xFF && b == 0xFF) break;
020B:  INCFSZ 43,W
020C:  GOTO   212
020D:  INCFSZ 44,W
020E:  GOTO   212
020F:  INCFSZ 45,W
0210:  GOTO   212
0211:  GOTO   215
....................         count++;
0212:  INCF   42,F
0213:  INCF   46,F
0214:  GOTO   1D8
....................     }
....................     return count;
0215:  MOVF   42,W
0216:  MOVWF  78
0217:  RETURN
.................... }
.................... 
.................... // ------------------ PWM (Sin Cambios) ------------------
.................... void set_rgb(unsigned int8 r, unsigned int8 g, unsigned int8 b) {
....................     set_pwm1_duty(r);
*
030E:  MOVF   42,W
030F:  MOVLB  05
0310:  MOVWF  11
....................     set_pwm2_duty(g);
0311:  MOVLB  00
0312:  MOVF   43,W
0313:  MOVLB  05
0314:  MOVWF  18
....................     set_pwm3_duty(b);
0315:  MOVLB  00
0316:  MOVF   44,W
0317:  MOVLB  06
0318:  MOVWF  11
0319:  MOVLB  00
031A:  RETURN
.................... }
.................... 
.................... //!#int_RB
.................... //!void rb_isr() { }
.................... //!
.................... //!#int_TIMER0
.................... //!void timer0_isr() {
.................... //!    soft_pwm_counter++;
.................... //!    if (soft_pwm_counter < soft_pwm_duty) {
.................... //!        output_high(PWM_B_PIN);
.................... //!    } else {
.................... //!        output_low(PWM_B_PIN);
.................... //!    }
.................... //!}
.................... //!
.................... // ------------------ Lectura joystick (Sin Cambios) ------------------
.................... unsigned int8 read_adc_8bit(unsigned int8 channel) {
....................     unsigned int16 val;
....................     set_adc_channel(channel);
*
0373:  RLF    42,W
0374:  MOVWF  77
0375:  RLF    77,F
0376:  MOVLW  FC
0377:  ANDWF  77,F
0378:  MOVLB  01
0379:  MOVF   1D,W
037A:  ANDLW  83
037B:  IORWF  77,W
037C:  MOVWF  1D
....................     delay_us(20);
037D:  MOVLW  06
037E:  MOVWF  77
037F:  DECFSZ 77,F
0380:  GOTO   37F
0381:  NOP
....................     val = read_adc(); // 0-1023
0382:  BSF    1D.1
0383:  MOVLW  11
0384:  MOVWF  77
0385:  BTFSS  1D.1
0386:  GOTO   389
0387:  DECFSZ 77,F
0388:  GOTO   385
0389:  MOVF   1B,W
038A:  MOVWF  78
038B:  MOVF   1C,W
038C:  MOVLB  00
038D:  MOVWF  44
038E:  MOVF   78,W
038F:  MOVWF  43
....................     return (unsigned int8)(val >> 2); // 0-255
0390:  RRF    44,W
0391:  MOVWF  7A
0392:  RRF    43,W
0393:  MOVWF  79
0394:  RRF    7A,F
0395:  RRF    79,F
0396:  MOVLW  3F
0397:  ANDWF  7A,F
0398:  MOVF   79,W
0399:  MOVWF  78
039A:  RETURN
.................... }
.................... 
.................... // ------------------ Menús ------------------
.................... 
.................... void mostrar_menu_principal() {
....................     lcd_clear();
*
0365:  CALL   104
....................     lcd_gotoxy(1,1);
0366:  MOVLW  01
0367:  MOVWF  4A
0368:  MOVWF  4B
0369:  CALL   218
....................     printf(lcd_putc, "1:Ver 2:Rec 3:Set");
036A:  MOVLW  08
036B:  MOVLB  03
036C:  MOVWF  11
036D:  MOVLW  00
036E:  MOVWF  12
036F:  MOVLB  00
0370:  CALL   31B
0371:  MOVLP  08
0372:  GOTO   075 (RETURN)
.................... }
.................... 
.................... // ---------- REESCRITO (GOAL 2): Lógica "Idle-Middle" Relativa ----------
.................... void menu_set_color() {
*
039B:  MOVLW  01
039C:  MOVWF  35
039D:  MOVLW  FF
039E:  MOVWF  36
*
03A3:  BSF    3A.1
03A4:  MOVLW  05
03A5:  MOVWF  3B
03A6:  CLRF   3C
....................     unsigned int8 adc_x1, adc_y1;
....................     signed int8 current_selector = 1; // 0=R, 1=G, 2=B. Empezar en G (idle)
....................     unsigned int8 last_selector = 0xFF;
....................     color_t last_color = {1,1,1}; // Iniciar con valores != para forzar update
*
039F:  MOVLW  01
03A0:  MOVWF  37
03A1:  MOVWF  38
03A2:  MOVWF  39
....................     int1 button;
....................     int1 last_btn = 1;
....................     int8 paso = 5;
....................     
....................     // Variables para el control relativo del Eje Y
....................     signed int8 y_state = 0; // -1=down, 0=middle, 1=up
.................... 
.................... 
....................     lcd_clear();
*
03A7:  CALL   104
....................     // Empezar seleccionando G (la posición idle del joystick)
....................     printf(lcd_putc, "Sel:G R:%03u", color_actual.r);
03A8:  MOVLW  11
03A9:  MOVLB  03
03AA:  MOVWF  11
03AB:  MOVLW  00
03AC:  MOVWF  12
03AD:  BCF    03.0
03AE:  MOVLW  08
03AF:  MOVLB  00
03B0:  MOVWF  43
03B1:  CALL   274
03B2:  MOVF   26,W
03B3:  MOVWF  43
03B4:  MOVLW  03
03B5:  MOVWF  44
03B6:  CALL   2D9
....................     lcd_gotoxy(1,2);
03B7:  MOVLW  01
03B8:  MOVWF  4A
03B9:  MOVLW  02
03BA:  MOVWF  4B
03BB:  CALL   218
....................     printf(lcd_putc, "G:%03u B:%03u", color_actual.g, color_actual.b);
03BC:  MOVLW  47
03BD:  MOVWF  49
03BE:  CALL   24F
03BF:  MOVLW  3A
03C0:  MOVWF  49
03C1:  CALL   24F
03C2:  MOVF   27,W
03C3:  MOVWF  43
03C4:  MOVLW  03
03C5:  MOVWF  44
03C6:  CALL   2D9
03C7:  MOVLW  20
03C8:  MOVWF  49
03C9:  CALL   24F
03CA:  MOVLW  42
03CB:  MOVWF  49
03CC:  CALL   24F
03CD:  MOVLW  3A
03CE:  MOVWF  49
03CF:  CALL   24F
03D0:  MOVF   28,W
03D1:  MOVWF  43
03D2:  MOVLW  03
03D3:  MOVWF  44
03D4:  CALL   2D9
.................... 
....................     while(TRUE) {
....................         adc_x1 = read_adc_8bit(ADC_X);
03D5:  CLRF   42
03D6:  CALL   373
03D7:  MOVF   78,W
03D8:  MOVWF  33
....................         adc_y1 = read_adc_8bit(ADC_Y);
03D9:  MOVLW  01
03DA:  MOVWF  42
03DB:  CALL   373
03DC:  MOVF   78,W
03DD:  MOVWF  34
....................         button = input(BUTTON_PIN);
03DE:  MOVLB  01
03DF:  BSF    0D.0
03E0:  MOVLB  00
03E1:  BCF    3A.0
03E2:  BTFSC  0D.0
03E3:  BSF    3A.0
.................... 
....................          
....................         if (adc_x1 == 0) {
03E4:  MOVF   33,F
03E5:  BTFSS  03.2
03E6:  GOTO   3EA
....................             current_selector = current_selector - 1; // R     
03E7:  MOVLW  01
03E8:  SUBWF  35,F
....................         } else if (adc_x1 == 255) {
03E9:  GOTO   3EE
03EA:  INCFSZ 33,W
03EB:  GOTO   3EE
....................             current_selector = current_selector + 1; // B
03EC:  MOVLW  01
03ED:  ADDWF  35,F
....................         }
....................         
....................         // Esperar estado, pausa.
....................         delay_ms(250); 
03EE:  MOVLW  FA
03EF:  MOVWF  4A
03F0:  CALL   072
....................         
....................         // Si se va de rango lo devuelvo a su ultima posicion valida
....................         if(current_selector == -1) {current_selector = 0; 
03F1:  MOVF   35,W
03F2:  SUBLW  FF
03F3:  BTFSS  03.2
03F4:  GOTO   3F7
03F5:  CLRF   35
....................         } else if (current_selector == 3) {current_selector = 2;}
03F6:  GOTO   3FD
03F7:  MOVF   35,W
03F8:  SUBLW  03
03F9:  BTFSS  03.2
03FA:  GOTO   3FD
03FB:  MOVLW  02
03FC:  MOVWF  35
.................... 
....................         // 2. Lógica de Valor (Eje Y) - Relativo/Incremental
....................         
....................         if (adc_y1 <= JOY_DEADZONE_LOW) y_state = -1; // Down
03FD:  MOVF   34,W
03FE:  SUBLW  32
03FF:  BTFSS  03.0
0400:  GOTO   404
0401:  MOVLW  FF
0402:  MOVWF  3C
0403:  GOTO   40C
....................         else if (adc_y1 >= JOY_DEADZONE_HIGH) y_state = 1; // Up
0404:  MOVF   34,W
0405:  SUBLW  CC
0406:  BTFSC  03.0
0407:  GOTO   40B
0408:  MOVLW  01
0409:  MOVWF  3C
040A:  GOTO   40C
....................         else y_state = 0;
040B:  CLRF   3C
....................         
....................         switch (current_selector) {
040C:  MOVF   35,W
040D:  BTFSC  03.2
040E:  GOTO   416
040F:  XORLW  01
0410:  BTFSC  03.2
0411:  GOTO   433
0412:  XORLW  03
0413:  BTFSC  03.2
0414:  GOTO   450
0415:  GOTO   46C
....................             case 0:  if (color_actual.r < paso && y_state == -1) {break;}
0416:  MOVF   3B,W
0417:  SUBWF  26,W
0418:  BTFSC  03.0
0419:  GOTO   420
041A:  MOVF   3C,W
041B:  SUBLW  FF
041C:  BTFSS  03.2
041D:  GOTO   420
041E:  GOTO   46C
041F:  GOTO   42A
....................                      else if (color_actual.r > 255 - paso && y_state == 1) {break;}
0420:  MOVF   3B,W
0421:  SUBLW  FF
0422:  SUBWF  26,W
0423:  BTFSC  03.2
0424:  GOTO   42A
0425:  BTFSS  03.0
0426:  GOTO   42A
0427:  DECFSZ 3C,W
0428:  GOTO   42A
0429:  GOTO   46C
....................                      color_actual.r = color_actual.r + (y_state*paso);
042A:  MOVF   3C,W
042B:  MOVWF  47
042C:  MOVF   3B,W
042D:  MOVWF  48
042E:  CALL   1B1
042F:  MOVF   78,W
0430:  ADDWF  26,W
0431:  MOVWF  26
....................                      break;
0432:  GOTO   46C
....................             case 1: if (color_actual.g < paso && y_state == -1) {break;}
0433:  MOVF   3B,W
0434:  SUBWF  27,W
0435:  BTFSC  03.0
0436:  GOTO   43D
0437:  MOVF   3C,W
0438:  SUBLW  FF
0439:  BTFSS  03.2
043A:  GOTO   43D
043B:  GOTO   46C
043C:  GOTO   447
....................                      else if (color_actual.g > 255 - paso && y_state == 1) {break;}
043D:  MOVF   3B,W
043E:  SUBLW  FF
043F:  SUBWF  27,W
0440:  BTFSC  03.2
0441:  GOTO   447
0442:  BTFSS  03.0
0443:  GOTO   447
0444:  DECFSZ 3C,W
0445:  GOTO   447
0446:  GOTO   46C
....................                      color_actual.g = color_actual.g + (y_state*paso);
0447:  MOVF   3C,W
0448:  MOVWF  47
0449:  MOVF   3B,W
044A:  MOVWF  48
044B:  CALL   1B1
044C:  MOVF   78,W
044D:  ADDWF  27,W
044E:  MOVWF  27
....................                      break;
044F:  GOTO   46C
....................             case 2: if (color_actual.b < paso && y_state == -1) {break;}
0450:  MOVF   3B,W
0451:  SUBWF  28,W
0452:  BTFSC  03.0
0453:  GOTO   45A
0454:  MOVF   3C,W
0455:  SUBLW  FF
0456:  BTFSS  03.2
0457:  GOTO   45A
0458:  GOTO   46C
0459:  GOTO   464
....................                      else if (color_actual.b > 255 - paso && y_state == 1) {break;}
045A:  MOVF   3B,W
045B:  SUBLW  FF
045C:  SUBWF  28,W
045D:  BTFSC  03.2
045E:  GOTO   464
045F:  BTFSS  03.0
0460:  GOTO   464
0461:  DECFSZ 3C,W
0462:  GOTO   464
0463:  GOTO   46C
....................                      color_actual.b = color_actual.b + (y_state*paso);
0464:  MOVF   3C,W
0465:  MOVWF  47
0466:  MOVF   3B,W
0467:  MOVWF  48
0468:  CALL   1B1
0469:  MOVF   78,W
046A:  ADDWF  28,W
046B:  MOVWF  28
....................                      break;
....................         }
....................         // Fin lógica Eje Y
.................... 
.................... 
....................         // 3. Lógica de Actualización de LCD (Sin parpadeo)
....................         // Actualizar selector (R/G/B)
....................         if (current_selector != last_selector) {
046C:  MOVF   36,W
046D:  SUBWF  35,W
046E:  BTFSC  03.2
046F:  GOTO   485
....................             lcd_gotoxy(5,1);
0470:  MOVLW  05
0471:  MOVWF  4A
0472:  MOVLW  01
0473:  MOVWF  4B
0474:  CALL   218
....................             if(current_selector == 0) printf(lcd_putc, "R");
0475:  MOVF   35,F
0476:  BTFSS  03.2
0477:  GOTO   47C
0478:  MOVLW  52
0479:  MOVWF  49
047A:  CALL   24F
047B:  GOTO   485
....................             else if(current_selector == 1) printf(lcd_putc, "G");
047C:  DECFSZ 35,W
047D:  GOTO   482
047E:  MOVLW  47
047F:  MOVWF  49
0480:  CALL   24F
0481:  GOTO   485
....................             else printf(lcd_putc, "B");
0482:  MOVLW  42
0483:  MOVWF  49
0484:  CALL   24F
....................         }
.................... 
....................         // Actualizar valores R, G, B si han cambiado
....................         if (color_actual.r != last_color.r) {
0485:  MOVF   37,W
0486:  SUBWF  26,W
0487:  BTFSC  03.2
0488:  GOTO   493
....................             lcd_gotoxy(9,1);
0489:  MOVLW  09
048A:  MOVWF  4A
048B:  MOVLW  01
048C:  MOVWF  4B
048D:  CALL   218
....................             printf(lcd_putc, "%03u", color_actual.r);
048E:  MOVF   26,W
048F:  MOVWF  43
0490:  MOVLW  03
0491:  MOVWF  44
0492:  CALL   2D9
....................         }
....................         if (color_actual.g != last_color.g) {
0493:  MOVF   38,W
0494:  SUBWF  27,W
0495:  BTFSC  03.2
0496:  GOTO   4A1
....................             lcd_gotoxy(3,2);
0497:  MOVLW  03
0498:  MOVWF  4A
0499:  MOVLW  02
049A:  MOVWF  4B
049B:  CALL   218
....................             printf(lcd_putc, "%03u", color_actual.g);
049C:  MOVF   27,W
049D:  MOVWF  43
049E:  MOVLW  03
049F:  MOVWF  44
04A0:  CALL   2D9
....................         }
....................         if (color_actual.b != last_color.b) {
04A1:  MOVF   39,W
04A2:  SUBWF  28,W
04A3:  BTFSC  03.2
04A4:  GOTO   4AF
....................             lcd_gotoxy(9,2);
04A5:  MOVLW  09
04A6:  MOVWF  4A
04A7:  MOVLW  02
04A8:  MOVWF  4B
04A9:  CALL   218
....................             printf(lcd_putc, "%03u", color_actual.b);
04AA:  MOVF   28,W
04AB:  MOVWF  43
04AC:  MOVLW  03
04AD:  MOVWF  44
04AE:  CALL   2D9
....................         }
.................... 
....................         // 4. Actualizar LED
....................         set_rgb(color_actual.r, color_actual.g, color_actual.b);
04AF:  MOVF   26,W
04B0:  MOVWF  42
04B1:  MOVF   27,W
04B2:  MOVWF  43
04B3:  MOVF   28,W
04B4:  MOVWF  44
04B5:  CALL   30E
.................... 
....................         // 5. Guardar estados anteriores
....................         last_selector = current_selector;
04B6:  MOVF   35,W
04B7:  MOVWF  36
....................         last_color = color_actual;
04B8:  MOVF   28,W
04B9:  MOVWF  39
04BA:  MOVF   27,W
04BB:  MOVWF  38
04BC:  MOVF   26,W
04BD:  MOVWF  37
....................         
....................         // 6. Lógica de Botón (Guardar y Salir)
....................         if (!button && last_btn) {
04BE:  BTFSC  3A.0
04BF:  GOTO   574
04C0:  BTFSS  3A.1
04C1:  GOTO   574
....................             // 1. Guardar
....................             int idx = get_color_count();
04C2:  CALL   1D6
04C3:  MOVF   78,W
04C4:  MOVWF  3D
....................             if (idx < MAX_COLORS) {
04C5:  MOVF   3D,W
04C6:  SUBLW  54
04C7:  BTFSS  03.0
04C8:  GOTO   554
....................                 guardar_color(color_actual, idx);
04C9:  MOVF   28,W
04CA:  MOVWF  40
04CB:  MOVF   27,W
04CC:  MOVWF  3F
04CD:  MOVF   26,W
04CE:  MOVWF  3E
04CF:  MOVF   3D,W
04D0:  MOVWF  41
....................                 lcd_clear();
*
052E:  CALL   104
....................                 lcd_gotoxy(1,1);
052F:  MOVLW  01
0530:  MOVWF  4A
0531:  MOVWF  4B
0532:  CALL   218
....................                 printf(lcd_putc, "Guardado #%u", idx+1);
0533:  MOVLW  01
0534:  ADDWF  3D,W
0535:  MOVWF  3E
0536:  MOVLW  18
0537:  MOVLB  03
0538:  MOVWF  11
0539:  MOVLW  00
053A:  MOVWF  12
053B:  BCF    03.0
053C:  MOVLW  0A
053D:  MOVLB  00
053E:  MOVWF  43
053F:  CALL   274
0540:  MOVF   3E,W
0541:  MOVWF  43
0542:  MOVLW  1B
0543:  MOVWF  44
0544:  CALL   2D9
....................                 delay_ms(1000);
0545:  MOVLW  04
0546:  MOVWF  3E
0547:  MOVLW  FA
0548:  MOVWF  4A
0549:  CALL   072
054A:  DECFSZ 3E,F
054B:  GOTO   547
....................                 delay_ms(1000);
054C:  MOVLW  04
054D:  MOVWF  3E
054E:  MOVLW  FA
054F:  MOVWF  4A
0550:  CALL   072
0551:  DECFSZ 3E,F
0552:  GOTO   54E
....................             } else {
0553:  GOTO   56E
....................                 lcd_clear();
0554:  CALL   104
....................                 lcd_gotoxy(1,1);
0555:  MOVLW  01
0556:  MOVWF  4A
0557:  MOVWF  4B
0558:  CALL   218
....................                 printf(lcd_putc, "EEPROM Llena");
0559:  MOVLW  1F
055A:  MOVLB  03
055B:  MOVWF  11
055C:  MOVLW  00
055D:  MOVWF  12
055E:  MOVLB  00
055F:  CALL   31B
....................                 delay_ms(1000);
0560:  MOVLW  04
0561:  MOVWF  3E
0562:  MOVLW  FA
0563:  MOVWF  4A
0564:  CALL   072
0565:  DECFSZ 3E,F
0566:  GOTO   562
....................                 delay_ms(1000);
0567:  MOVLW  04
0568:  MOVWF  3E
0569:  MOVLW  FA
056A:  MOVWF  4A
056B:  CALL   072
056C:  DECFSZ 3E,F
056D:  GOTO   569
....................             }
....................             
....................             // 2. Salir
....................             while(!input(BUTTON_PIN));  // Esperamos a que suelte el botón
056E:  MOVLB  01
056F:  BSF    0D.0
0570:  MOVLB  00
0571:  BTFSS  0D.0
0572:  GOTO   56E
....................             return; // Vuelve al main()
0573:  GOTO   57B
....................         }
....................         last_btn = button;
0574:  BCF    3A.1
0575:  BTFSC  3A.0
0576:  BSF    3A.1
.................... 
....................         delay_ms(100); // Polling más rápido para mejor respuesta del joystick
0577:  MOVLW  64
0578:  MOVWF  4A
0579:  CALL   072
057A:  GOTO   3D5
....................     }
057B:  RETURN
.................... }
.................... 
.................... 
.................... // ---------- REESCRITO (GOAL 2): Lógica "Idle-Middle" Relativa ----------
.................... void menu_mostrar_colores_guardados() {
057C:  CALL   1D6
057D:  MOVF   78,W
057E:  MOVWF  33
057F:  CLRF   34
0580:  MOVLW  FF
0581:  MOVWF  35
0582:  BSF    36.0
0583:  CLRF   38
0584:  CLRF   39
....................     int total_guardados = get_color_count();
....................     int8 current_index = 0;
....................     int8 last_index = -1; // Forzar actualización en el primer bucle
....................     int1 last_btn = 1;
.................... 
....................     // --- GOAL 2: Idle-Middle (Relative) ---
....................     unsigned int8 adc_y1;
....................     signed int8 y_state = 0; // -1=down, 0=middle, 1=up
....................     signed int8 last_y_state = 0; // Para detectar flancos (transiciones)
.................... 
.................... 
....................     // Caso 1: No hay colores (Sin cambios)
....................     if (total_guardados == 0) {
0585:  MOVF   33,F
0586:  BTFSS  03.2
0587:  GOTO   5A1
....................         lcd_clear();
0588:  CALL   104
....................         lcd_gotoxy(1,1);
0589:  MOVLW  01
058A:  MOVWF  4A
058B:  MOVWF  4B
058C:  CALL   218
....................         printf(lcd_putc, "No hay colores");
058D:  MOVLW  26
058E:  MOVLB  03
058F:  MOVWF  11
0590:  MOVLW  00
0591:  MOVWF  12
0592:  MOVLB  00
0593:  CALL   31B
....................         delay_ms(1000);
0594:  MOVLW  04
0595:  MOVWF  40
0596:  MOVLW  FA
0597:  MOVWF  4A
0598:  CALL   072
0599:  DECFSZ 40,F
059A:  GOTO   596
....................         while(!input(BUTTON_PIN));
059B:  MOVLB  01
059C:  BSF    0D.0
059D:  MOVLB  00
059E:  BTFSS  0D.0
059F:  GOTO   59B
....................         return;
05A0:  GOTO   687
....................     }
....................     delay_ms(750);
05A1:  MOVLW  03
05A2:  MOVWF  40
05A3:  MOVLW  FA
05A4:  MOVWF  4A
05A5:  CALL   072
05A6:  DECFSZ 40,F
05A7:  GOTO   5A3
....................     // Espera a que suelte el botón (el que usó para entrar)
....................     while(!input(BUTTON_PIN));
05A8:  MOVLB  01
05A9:  BSF    0D.0
05AA:  MOVLB  00
05AB:  BTFSS  0D.0
05AC:  GOTO   5A8
....................     delay_ms(50); // Antirebote
05AD:  MOVLW  32
05AE:  MOVWF  4A
05AF:  CALL   072
.................... 
....................     lcd_clear();
05B0:  CALL   104
.................... 
....................     // Caso 2: Bucle interactivo para navegar
....................     while(TRUE) {
....................         // 1. Leer Entradas
....................         adc_y1 = read_adc_8bit(ADC_Y);
05B1:  MOVLW  01
05B2:  MOVWF  42
05B3:  CALL   373
05B4:  MOVF   78,W
05B5:  MOVWF  37
....................         int1 btn = input(BUTTON_PIN);
05B6:  MOVLB  01
05B7:  BSF    0D.0
05B8:  MOVLB  00
05B9:  BCF    36.1
05BA:  BTFSC  0D.0
05BB:  BSF    36.1
.................... 
....................         // 2. Procesar Lógica (Relativa)
....................         y_state = 0;
05BC:  CLRF   38
....................         if (adc_y1 <= JOY_DEADZONE_LOW) y_state = -1;
05BD:  MOVF   37,W
05BE:  SUBLW  32
05BF:  BTFSS  03.0
05C0:  GOTO   5C4
05C1:  MOVLW  FF
05C2:  MOVWF  38
05C3:  GOTO   5CA
....................         else if (adc_y1 >= JOY_DEADZONE_HIGH) y_state = 1;
05C4:  MOVF   37,W
05C5:  SUBLW  CC
05C6:  BTFSC  03.0
05C7:  GOTO   5CA
05C8:  MOVLW  01
05C9:  MOVWF  38
.................... 
....................         // Detectar *flanco* (transición) del joystick
....................         // (Solo cambia de índice cuando se empuja, no mientras se mantiene)
....................         if (y_state != 0 && y_state != last_y_state) {
05CA:  MOVF   38,F
05CB:  BTFSC  03.2
05CC:  GOTO   5E1
05CD:  MOVF   39,W
05CE:  SUBWF  38,W
05CF:  BTFSC  03.2
05D0:  GOTO   5E1
....................             if (y_state == 1 && current_index < (total_guardados - 1)) {
05D1:  DECFSZ 38,W
05D2:  GOTO   5DA
05D3:  MOVLW  01
05D4:  SUBWF  33,W
05D5:  SUBWF  34,W
05D6:  BTFSC  03.0
05D7:  GOTO   5DA
....................                 current_index++;
05D8:  INCF   34,F
....................             } else if (y_state == -1 && current_index > 0) {
05D9:  GOTO   5E1
05DA:  MOVF   38,W
05DB:  SUBLW  FF
05DC:  BTFSS  03.2
05DD:  GOTO   5E1
05DE:  MOVF   34,F
05DF:  BTFSS  03.2
....................                 current_index--;
05E0:  DECF   34,F
....................             }
....................         }
....................         
....................         // 3. Actualizar Salidas (Solo si el índice cambió)
....................         if (current_index != last_index) {
05E1:  MOVF   35,W
05E2:  SUBWF  34,W
05E3:  BTFSC  03.2
05E4:  GOTO   66E
....................             unsigned int8 r,g,b;
....................             unsigned int16 addr = current_index * 3;
05E5:  MOVF   34,W
05E6:  MOVWF  47
05E7:  MOVLW  03
05E8:  MOVWF  48
05E9:  CALL   1B1
05EA:  CLRF   3E
05EB:  MOVF   78,W
05EC:  MOVWF  3D
....................             r = read_eeprom(addr + 0);
05ED:  MOVF   3D,W
05EE:  MOVLB  03
05EF:  MOVWF  11
05F0:  BCF    15.7
05F1:  BSF    15.0
05F2:  MOVF   13,W
05F3:  MOVLB  00
05F4:  MOVWF  3A
....................             g = read_eeprom(addr + 1);
05F5:  MOVLW  01
05F6:  ADDWF  3D,W
05F7:  MOVWF  40
05F8:  MOVLW  00
05F9:  ADDWFC 3E,W
05FA:  MOVWF  41
05FB:  MOVF   40,W
05FC:  MOVLB  03
05FD:  MOVWF  11
05FE:  BCF    15.7
05FF:  BSF    15.0
0600:  MOVF   13,W
0601:  MOVLB  00
0602:  MOVWF  3B
....................             b = read_eeprom(addr + 2);
0603:  MOVLW  02
0604:  ADDWF  3D,W
0605:  MOVWF  40
0606:  MOVLW  00
0607:  ADDWFC 3E,W
0608:  MOVWF  41
0609:  MOVF   40,W
060A:  MOVLB  03
060B:  MOVWF  11
060C:  BCF    15.7
060D:  BSF    15.0
060E:  MOVF   13,W
060F:  MOVLB  00
0610:  MOVWF  3C
.................... 
....................             set_rgb(r, g, b); // Mostrar color en el LED
0611:  MOVF   3A,W
0612:  MOVWF  42
0613:  MOVF   3B,W
0614:  MOVWF  43
0615:  MOVF   3C,W
0616:  MOVWF  44
0617:  CALL   30E
.................... 
....................             // Actualizar LCD
....................             lcd_gotoxy(1,1);
0618:  MOVLW  01
0619:  MOVWF  4A
061A:  MOVWF  4B
061B:  CALL   218
....................             printf(lcd_putc, "Color %u/%u:      ", current_index + 1, total_guardados);
061C:  MOVLW  01
061D:  ADDWF  34,W
061E:  MOVWF  40
061F:  MOVLW  2E
0620:  MOVLB  03
0621:  MOVWF  11
0622:  MOVLW  00
0623:  MOVWF  12
0624:  BCF    03.0
0625:  MOVLW  06
0626:  MOVLB  00
0627:  MOVWF  43
0628:  CALL   274
0629:  MOVF   40,W
062A:  MOVWF  43
062B:  MOVLW  1B
062C:  MOVWF  44
062D:  CALL   2D9
062E:  MOVLW  2F
062F:  MOVWF  49
0630:  CALL   24F
0631:  MOVF   33,W
0632:  MOVWF  43
0633:  MOVLW  1B
0634:  MOVWF  44
0635:  CALL   2D9
0636:  MOVLW  33
0637:  MOVLB  03
0638:  MOVWF  11
0639:  MOVLW  00
063A:  MOVWF  12
063B:  BSF    03.0
063C:  MOVLW  07
063D:  MOVLB  00
063E:  MOVWF  43
063F:  CALL   274
....................             lcd_gotoxy(12,1);
0640:  MOVLW  0C
0641:  MOVWF  4A
0642:  MOVLW  01
0643:  MOVWF  4B
0644:  CALL   218
....................             printf(lcd_putc, "R:%03u",r);
0645:  MOVLW  52
0646:  MOVWF  49
0647:  CALL   24F
0648:  MOVLW  3A
0649:  MOVWF  49
064A:  CALL   24F
064B:  MOVF   3A,W
064C:  MOVWF  43
064D:  MOVLW  03
064E:  MOVWF  44
064F:  CALL   2D9
....................             lcd_gotoxy(1,2);
0650:  MOVLW  01
0651:  MOVWF  4A
0652:  MOVLW  02
0653:  MOVWF  4B
0654:  CALL   218
....................             printf(lcd_putc, "G:%03u B:%03u",g,b);
0655:  MOVLW  47
0656:  MOVWF  49
0657:  CALL   24F
0658:  MOVLW  3A
0659:  MOVWF  49
065A:  CALL   24F
065B:  MOVF   3B,W
065C:  MOVWF  43
065D:  MOVLW  03
065E:  MOVWF  44
065F:  CALL   2D9
0660:  MOVLW  20
0661:  MOVWF  49
0662:  CALL   24F
0663:  MOVLW  42
0664:  MOVWF  49
0665:  CALL   24F
0666:  MOVLW  3A
0667:  MOVWF  49
0668:  CALL   24F
0669:  MOVF   3C,W
066A:  MOVWF  43
066B:  MOVLW  03
066C:  MOVWF  44
066D:  CALL   2D9
....................         }
.................... 
....................         // 4. Comprobar Salida
....................         if (!btn && last_btn) { // Si presiona el botón (flanco de bajada)
066E:  BTFSC  36.1
066F:  GOTO   67C
0670:  BTFSS  36.0
0671:  GOTO   67C
....................             while(!input(BUTTON_PIN)); // Esperar a que lo suelte
0672:  MOVLB  01
0673:  BSF    0D.0
0674:  MOVLB  00
0675:  BTFSS  0D.0
0676:  GOTO   672
....................             set_rgb(0,0,0); // Apagar el LED al salir
0677:  CLRF   42
0678:  CLRF   43
0679:  CLRF   44
067A:  CALL   30E
....................             return; // Vuelve al main
067B:  GOTO   687
....................         }
.................... 
....................         // 5. Guardar estados anteriores
....................         last_index = current_index;
067C:  MOVF   34,W
067D:  MOVWF  35
....................         last_y_state = y_state; // <-- IMPORTANTE
067E:  MOVF   38,W
067F:  MOVWF  39
....................         last_btn = btn;
0680:  BCF    36.0
0681:  BTFSC  36.1
0682:  BSF    36.0
....................         
....................         delay_ms(50); // Tasa de sondeo
0683:  MOVLW  32
0684:  MOVWF  4A
0685:  CALL   072
0686:  GOTO   5B1
....................     }
0687:  MOVLP  08
0688:  GOTO   0E6 (RETURN)
.................... }
.................... // ---------- NUEVO: Recuperar color desde EEPROM ----------
.................... void menu_recuperar_color() {
0689:  CALL   1D6
068A:  MOVF   78,W
068B:  MOVWF  33
068C:  CLRF   34
068D:  MOVLW  FF
068E:  MOVWF  35
068F:  BSF    36.0
0690:  CLRF   38
0691:  CLRF   39
....................     int total_guardados = get_color_count();
....................     int8 current_index = 0;
....................     int8 last_index = -1;
....................     int1 last_btn = 1;
.................... 
....................     unsigned int8 adc_y1;
....................     signed int8 y_state = 0; 
....................     signed int8 last_y_state = 0;
.................... 
....................     // Si no hay colores guardados
....................     if (total_guardados == 0) {
0692:  MOVF   33,F
0693:  BTFSS  03.2
0694:  GOTO   6AE
....................         lcd_clear();
0695:  CALL   104
....................         lcd_gotoxy(1,1);
0696:  MOVLW  01
0697:  MOVWF  4A
0698:  MOVWF  4B
0699:  CALL   218
....................         printf(lcd_putc, "No hay colores");
069A:  MOVLW  38
069B:  MOVLB  03
069C:  MOVWF  11
069D:  MOVLW  00
069E:  MOVWF  12
069F:  MOVLB  00
06A0:  CALL   31B
....................         delay_ms(1000);
06A1:  MOVLW  04
06A2:  MOVWF  42
06A3:  MOVLW  FA
06A4:  MOVWF  4A
06A5:  CALL   072
06A6:  DECFSZ 42,F
06A7:  GOTO   6A3
....................         while(!input(BUTTON_PIN));
06A8:  MOVLB  01
06A9:  BSF    0D.0
06AA:  MOVLB  00
06AB:  BTFSS  0D.0
06AC:  GOTO   6A8
....................         return;
06AD:  GOTO   7C6
....................     }
....................     delay_ms(750);
06AE:  MOVLW  03
06AF:  MOVWF  42
06B0:  MOVLW  FA
06B1:  MOVWF  4A
06B2:  CALL   072
06B3:  DECFSZ 42,F
06B4:  GOTO   6B0
....................     // Espera a que suelte el botón de entrada
....................     while(!input(BUTTON_PIN));
06B5:  MOVLB  01
06B6:  BSF    0D.0
06B7:  MOVLB  00
06B8:  BTFSS  0D.0
06B9:  GOTO   6B5
....................     delay_ms(50);
06BA:  MOVLW  32
06BB:  MOVWF  4A
06BC:  CALL   072
.................... 
....................     lcd_clear();
06BD:  CALL   104
.................... 
....................     while(TRUE) {
....................         adc_y1 = read_adc_8bit(ADC_Y);
06BE:  MOVLW  01
06BF:  MOVWF  42
06C0:  CALL   373
06C1:  MOVF   78,W
06C2:  MOVWF  37
....................         int1 btn = input(BUTTON_PIN);
06C3:  MOVLB  01
06C4:  BSF    0D.0
06C5:  MOVLB  00
06C6:  BCF    36.1
06C7:  BTFSC  0D.0
06C8:  BSF    36.1
.................... 
....................         // Eje Y relativo (arriba/abajo)
....................         y_state = 0;
06C9:  CLRF   38
....................         if (adc_y1 <= JOY_DEADZONE_LOW) y_state = -1;
06CA:  MOVF   37,W
06CB:  SUBLW  32
06CC:  BTFSS  03.0
06CD:  GOTO   6D1
06CE:  MOVLW  FF
06CF:  MOVWF  38
06D0:  GOTO   6D7
....................         else if (adc_y1 >= JOY_DEADZONE_HIGH) y_state = 1;
06D1:  MOVF   37,W
06D2:  SUBLW  CC
06D3:  BTFSC  03.0
06D4:  GOTO   6D7
06D5:  MOVLW  01
06D6:  MOVWF  38
.................... 
....................         // Flancos del joystick
....................         if (y_state != 0 && y_state != last_y_state) {
06D7:  MOVF   38,F
06D8:  BTFSC  03.2
06D9:  GOTO   6EE
06DA:  MOVF   39,W
06DB:  SUBWF  38,W
06DC:  BTFSC  03.2
06DD:  GOTO   6EE
....................             if (y_state == 1 && current_index < (total_guardados - 1))
06DE:  DECFSZ 38,W
06DF:  GOTO   6E7
06E0:  MOVLW  01
06E1:  SUBWF  33,W
06E2:  SUBWF  34,W
06E3:  BTFSC  03.0
06E4:  GOTO   6E7
....................                 current_index++;
06E5:  INCF   34,F
06E6:  GOTO   6EE
....................             else if (y_state == -1 && current_index > 0)
06E7:  MOVF   38,W
06E8:  SUBLW  FF
06E9:  BTFSS  03.2
06EA:  GOTO   6EE
06EB:  MOVF   34,F
06EC:  BTFSS  03.2
....................                 current_index--;
06ED:  DECF   34,F
....................         }
.................... 
....................         // Mostrar si el índice cambió
....................         if (current_index != last_index) {
06EE:  MOVF   35,W
06EF:  SUBWF  34,W
06F0:  BTFSC  03.2
06F1:  GOTO   76B
....................             unsigned int8 r,g,b;
....................             unsigned int16 addr = current_index * 3;
06F2:  MOVF   34,W
06F3:  MOVWF  47
06F4:  MOVLW  03
06F5:  MOVWF  48
06F6:  CALL   1B1
06F7:  CLRF   3E
06F8:  MOVF   78,W
06F9:  MOVWF  3D
....................             r = read_eeprom(addr + 0);
06FA:  MOVF   3D,W
06FB:  MOVLB  03
06FC:  MOVWF  11
06FD:  BCF    15.7
06FE:  BSF    15.0
06FF:  MOVF   13,W
0700:  MOVLB  00
0701:  MOVWF  3A
....................             g = read_eeprom(addr + 1);
0702:  MOVLW  01
0703:  ADDWF  3D,W
0704:  MOVWF  42
0705:  MOVLW  00
0706:  ADDWFC 3E,W
0707:  MOVWF  43
0708:  MOVF   42,W
0709:  MOVLB  03
070A:  MOVWF  11
070B:  BCF    15.7
070C:  BSF    15.0
070D:  MOVF   13,W
070E:  MOVLB  00
070F:  MOVWF  3B
....................             b = read_eeprom(addr + 2);
0710:  MOVLW  02
0711:  ADDWF  3D,W
0712:  MOVWF  42
0713:  MOVLW  00
0714:  ADDWFC 3E,W
0715:  MOVWF  43
0716:  MOVF   42,W
0717:  MOVLB  03
0718:  MOVWF  11
0719:  BCF    15.7
071A:  BSF    15.0
071B:  MOVF   13,W
071C:  MOVLB  00
071D:  MOVWF  3C
.................... 
....................             lcd_clear();
071E:  CALL   104
....................             lcd_gotoxy(1,1);
071F:  MOVLW  01
0720:  MOVWF  4A
0721:  MOVWF  4B
0722:  CALL   218
....................             printf(lcd_putc, "Recup %u/%u", current_index+1, total_guardados);
0723:  MOVLW  01
0724:  ADDWF  34,W
0725:  MOVWF  42
0726:  MOVLW  40
0727:  MOVLB  03
0728:  MOVWF  11
0729:  MOVLW  00
072A:  MOVWF  12
072B:  BCF    03.0
072C:  MOVLW  06
072D:  MOVLB  00
072E:  MOVWF  43
072F:  CALL   274
0730:  MOVF   42,W
0731:  MOVWF  43
0732:  MOVLW  1B
0733:  MOVWF  44
0734:  CALL   2D9
0735:  MOVLW  2F
0736:  MOVWF  49
0737:  CALL   24F
0738:  MOVF   33,W
0739:  MOVWF  43
073A:  MOVLW  1B
073B:  MOVWF  44
073C:  CALL   2D9
....................             lcd_gotoxy(12,1);
073D:  MOVLW  0C
073E:  MOVWF  4A
073F:  MOVLW  01
0740:  MOVWF  4B
0741:  CALL   218
....................             printf(lcd_putc, "R:%03u", r);
0742:  MOVLW  52
0743:  MOVWF  49
0744:  CALL   24F
0745:  MOVLW  3A
0746:  MOVWF  49
0747:  CALL   24F
0748:  MOVF   3A,W
0749:  MOVWF  43
074A:  MOVLW  03
074B:  MOVWF  44
074C:  CALL   2D9
....................             lcd_gotoxy(1,2);
074D:  MOVLW  01
074E:  MOVWF  4A
074F:  MOVLW  02
0750:  MOVWF  4B
0751:  CALL   218
....................             printf(lcd_putc, "G:%03u B:%03u", g,b);
0752:  MOVLW  47
0753:  MOVWF  49
0754:  CALL   24F
0755:  MOVLW  3A
0756:  MOVWF  49
0757:  CALL   24F
0758:  MOVF   3B,W
0759:  MOVWF  43
075A:  MOVLW  03
075B:  MOVWF  44
075C:  CALL   2D9
075D:  MOVLW  20
075E:  MOVWF  49
075F:  CALL   24F
0760:  MOVLW  42
0761:  MOVWF  49
0762:  CALL   24F
0763:  MOVLW  3A
0764:  MOVWF  49
0765:  CALL   24F
0766:  MOVF   3C,W
0767:  MOVWF  43
0768:  MOVLW  03
0769:  MOVWF  44
076A:  CALL   2D9
....................         }
.................... 
....................         // Botón presionado ? aplicar color y salir
....................         if (!btn && last_btn) {
076B:  BTFSC  36.1
076C:  GOTO   7BB
076D:  BTFSS  36.0
076E:  GOTO   7BB
....................             unsigned int16 addr = current_index * 3;
076F:  MOVF   34,W
0770:  MOVWF  47
0771:  MOVLW  03
0772:  MOVWF  48
0773:  CALL   1B1
0774:  CLRF   40
0775:  MOVF   78,W
0776:  MOVWF  3F
....................             color_actual.r = read_eeprom(addr + 0);
0777:  MOVF   3F,W
0778:  MOVLB  03
0779:  MOVWF  11
077A:  BCF    15.7
077B:  BSF    15.0
077C:  MOVF   13,W
077D:  MOVLB  00
077E:  MOVWF  26
....................             color_actual.g = read_eeprom(addr + 1);
077F:  MOVLW  01
0780:  ADDWF  3F,W
0781:  MOVWF  42
0782:  MOVLW  00
0783:  ADDWFC 40,W
0784:  MOVWF  43
0785:  MOVF   42,W
0786:  MOVLB  03
0787:  MOVWF  11
0788:  BCF    15.7
0789:  BSF    15.0
078A:  MOVF   13,W
078B:  MOVLB  00
078C:  MOVWF  27
....................             color_actual.b = read_eeprom(addr + 2);
078D:  MOVLW  02
078E:  ADDWF  3F,W
078F:  MOVWF  42
0790:  MOVLW  00
0791:  ADDWFC 40,W
0792:  MOVWF  43
0793:  MOVF   42,W
0794:  MOVLB  03
0795:  MOVWF  11
0796:  BCF    15.7
0797:  BSF    15.0
0798:  MOVF   13,W
0799:  MOVLB  00
079A:  MOVWF  28
.................... 
....................             set_rgb(color_actual.r, color_actual.g, color_actual.b);
079B:  MOVF   26,W
079C:  MOVWF  42
079D:  MOVF   27,W
079E:  MOVWF  43
079F:  MOVF   28,W
07A0:  MOVWF  44
07A1:  CALL   30E
.................... 
....................             lcd_clear();
07A2:  CALL   104
....................             lcd_gotoxy(1,1);
07A3:  MOVLW  01
07A4:  MOVWF  4A
07A5:  MOVWF  4B
07A6:  CALL   218
....................             printf(lcd_putc, "Color aplicado!");
07A7:  MOVLW  46
07A8:  MOVLB  03
07A9:  MOVWF  11
07AA:  MOVLW  00
07AB:  MOVWF  12
07AC:  MOVLB  00
07AD:  CALL   31B
....................             delay_ms(1000);
07AE:  MOVLW  04
07AF:  MOVWF  42
07B0:  MOVLW  FA
07B1:  MOVWF  4A
07B2:  CALL   072
07B3:  DECFSZ 42,F
07B4:  GOTO   7B0
....................             while(!input(BUTTON_PIN));
07B5:  MOVLB  01
07B6:  BSF    0D.0
07B7:  MOVLB  00
07B8:  BTFSS  0D.0
07B9:  GOTO   7B5
....................             return;
07BA:  GOTO   7C6
....................         }
.................... 
....................         last_index = current_index;
07BB:  MOVF   34,W
07BC:  MOVWF  35
....................         last_y_state = y_state;
07BD:  MOVF   38,W
07BE:  MOVWF  39
....................         last_btn = btn;
07BF:  BCF    36.0
07C0:  BTFSC  36.1
07C1:  BSF    36.0
.................... 
....................         delay_ms(50);
07C2:  MOVLW  32
07C3:  MOVWF  4A
07C4:  CALL   072
07C5:  GOTO   6BE
....................     }
07C6:  MOVLP  08
07C7:  GOTO   0E5 (RETURN)
.................... }
.................... 
.................... // ------------------ Inicialización (Sin Cambios) ------------------
.................... void hardware_init() {
....................     setup_oscillator(OSC_4MHZ);
*
010E:  MOVLW  68
010F:  MOVLB  01
0110:  MOVWF  19
....................     setup_adc_ports(sAN0 | sAN1, VSS_VDD);
0111:  BCF    1E.0
0112:  BCF    1E.1
0113:  BCF    1E.2
0114:  MOVLW  03
0115:  MOVLB  03
0116:  MOVWF  0C
0117:  MOVLW  00
0118:  MOVWF  0D
....................     setup_adc(ADC_CLOCK_INTERNAL);
0119:  MOVLB  01
011A:  BSF    1E.4
011B:  BSF    1E.5
011C:  BCF    1E.6
011D:  BSF    1E.7
011E:  BSF    1D.0
.................... 
....................     lcd_init(LCD_ADDR << 1, 16, 2);
011F:  MOVLW  4E
0120:  MOVLB  00
0121:  MOVWF  33
0122:  MOVLW  10
0123:  MOVWF  34
0124:  MOVLW  02
0125:  MOVWF  35
....................     lcd_clear();
*
016F:  CALL   104
....................     setup_ccp1(CCP_PWM);
0170:  MOVLB  02
0171:  BCF    1D.0
0172:  BCF    1D.1
0173:  BCF    1D.2
0174:  MOVLB  01
0175:  BCF    0D.3
0176:  MOVLB  02
0177:  BCF    0D.3
0178:  MOVLW  0C
0179:  MOVLB  05
017A:  MOVWF  13
017B:  CLRF   14
017C:  CLRF   15
017D:  BCF    1E.0
017E:  BCF    1E.1
017F:  MOVLW  01
0180:  MOVWF  16
....................     setup_ccp2(CCP_PWM);
0181:  MOVLB  02
0182:  BCF    1D.3
0183:  BCF    1D.4
0184:  MOVLB  01
0185:  BCF    0D.6
0186:  MOVLB  02
0187:  BCF    0D.6
0188:  MOVLW  0C
0189:  MOVLB  05
018A:  MOVWF  1A
018B:  CLRF   1B
018C:  CLRF   1C
018D:  BCF    1E.2
018E:  BCF    1E.3
018F:  MOVLW  01
0190:  MOVWF  1D
....................     setup_ccp3(CCP_PWM);
0191:  MOVLB  01
0192:  BCF    0C.3
0193:  MOVLB  02
0194:  BCF    0C.3
0195:  MOVLW  0C
0196:  MOVLB  06
0197:  MOVWF  13
0198:  MOVLB  05
0199:  BCF    1E.4
019A:  BCF    1E.5
....................     setup_timer_2(T2_DIV_BY_16, 255, 1);
019B:  MOVLW  00
019C:  MOVWF  78
019D:  IORLW  06
019E:  MOVLB  00
019F:  MOVWF  1C
01A0:  MOVLW  FF
01A1:  MOVWF  1B
....................     set_tris_b(get_tris_b() & 0b11110111);  
01A2:  MOVLB  01
01A3:  MOVF   0D,W
01A4:  ANDLW  F7
01A5:  MOVLB  00
01A6:  MOVWF  33
01A7:  MOVLB  01
01A8:  MOVWF  0D
....................     set_pwm1_duty(0);
01A9:  MOVLB  05
01AA:  CLRF   11
....................     set_pwm2_duty(0);
01AB:  CLRF   18
....................     set_pwm3_duty(0);
01AC:  MOVLB  06
01AD:  CLRF   11
01AE:  MOVLP  08
01AF:  MOVLB  00
01B0:  GOTO   02A (RETURN)
.................... 
.................... //!    setup_timer_0(RTCC_INTERNAL | RTCC_DIV_256);
.................... //!    set_timer0(0);
.................... //!    enable_interrupts(INT_TIMER0);
.................... //!    enable_interrupts(GLOBAL);
.................... }
.................... 
.................... // ------------------ Main ------------------
.................... // (Lógica de "idle-middle" ya estaba correcta aquí)
.................... void main() {
*
0800:  MOVLW  6A
0801:  MOVLB  01
0802:  MOVWF  19
0803:  BSF    0D.4
0804:  BSF    0D.1
0805:  MOVLB  04
0806:  BCF    17.0
0807:  BCF    17.1
0808:  BCF    17.3
0809:  MOVLW  09
080A:  MOVWF  12
080B:  MOVLW  28
080C:  MOVWF  15
080D:  BSF    14.7
080E:  BCF    14.6
080F:  MOVLW  01
0810:  MOVLB  00
0811:  MOVWF  23
0812:  MOVLW  08
0813:  MOVWF  24
0814:  MOVLW  01
0815:  MOVWF  29
0816:  BSF    2A.0
0817:  CLRF   2B
0818:  CLRF   2C
0819:  CLRF   2E
081A:  CLRF   2D
081B:  MOVLB  03
081C:  CLRF   0C
081D:  CLRF   0D
081E:  MOVLB  02
081F:  CLRF   12
0820:  CLRF   11
0821:  CLRF   14
0822:  CLRF   13
0823:  MOVLB  00
0824:  CLRF   25
0825:  CLRF   26
0826:  CLRF   27
0827:  CLRF   28
....................     hardware_init();
0828:  MOVLP  00
0829:  GOTO   10E
082A:  MOVLP  08
.................... 
....................     int total = get_color_count();
....................     int remaining = MAX_COLORS - total;
082B:  MOVLP  00
082C:  CALL   1D6
082D:  MOVLP  08
082E:  MOVF   78,W
082F:  MOVWF  2F
0830:  SUBLW  55
0831:  MOVWF  30
....................     lcd_clear();
0832:  MOVLP  00
0833:  CALL   104
0834:  MOVLP  08
....................     lcd_gotoxy(1,1);
0835:  MOVLW  01
0836:  MOVWF  4A
0837:  MOVWF  4B
0838:  MOVLP  00
0839:  CALL   218
083A:  MOVLP  08
....................     printf(lcd_putc, "Col:%u Libres:%u", total, remaining);
083B:  MOVLW  4E
083C:  MOVLB  03
083D:  MOVWF  11
083E:  MOVLW  00
083F:  MOVWF  12
0840:  BCF    03.0
0841:  MOVLW  04
0842:  MOVLB  00
0843:  MOVWF  43
0844:  MOVLP  00
0845:  CALL   274
0846:  MOVLP  08
0847:  MOVF   2F,W
0848:  MOVWF  43
0849:  MOVLW  1B
084A:  MOVWF  44
084B:  MOVLP  00
084C:  CALL   2D9
084D:  MOVLP  08
084E:  MOVLW  51
084F:  MOVLB  03
0850:  MOVWF  11
0851:  MOVLW  00
0852:  MOVWF  12
0853:  BCF    03.0
0854:  MOVLW  08
0855:  MOVLB  00
0856:  MOVWF  43
0857:  MOVLP  00
0858:  CALL   274
0859:  MOVLP  08
085A:  MOVF   30,W
085B:  MOVWF  43
085C:  MOVLW  1B
085D:  MOVWF  44
085E:  MOVLP  00
085F:  CALL   2D9
0860:  MOVLP  08
....................     delay_ms(1200);
0861:  MOVLW  05
0862:  MOVWF  33
0863:  MOVLW  F0
0864:  MOVWF  4A
0865:  MOVLP  00
0866:  CALL   072
0867:  MOVLP  08
0868:  DECFSZ 33,F
0869:  GOTO   063
.................... 
....................     color_actual.r = 0; color_actual.g = 0; color_actual.b = 0;
086A:  CLRF   26
086B:  CLRF   27
086C:  CLRF   28
....................     set_rgb(0,0,0);
086D:  CLRF   42
086E:  CLRF   43
086F:  CLRF   44
0870:  MOVLP  00
0871:  CALL   30E
0872:  MOVLP  08
.................... 
....................     while(TRUE) {
....................     mostrar_menu_principal();
0873:  MOVLP  00
0874:  GOTO   365
0875:  MOVLP  08
....................         
....................     unsigned int8 pos = read_adc_8bit(ADC_X);
0876:  CLRF   42
0877:  MOVLP  00
0878:  CALL   373
0879:  MOVLP  08
087A:  MOVF   78,W
087B:  MOVWF  31
....................         
....................     // Lógica de selección con zona muerta (idle-middle)
....................     if (pos <= JOY_DEADZONE_LOW) menu_opcion = 1;       // Izquierda
087C:  MOVF   31,W
087D:  SUBLW  32
087E:  BTFSS  03.0
087F:  GOTO   083
0880:  MOVLW  01
0881:  MOVWF  29
0882:  GOTO   094
....................     else if (pos >= JOY_DEADZONE_HIGH) menu_opcion = 2; // Derecha
0883:  MOVF   31,W
0884:  SUBLW  CC
0885:  BTFSC  03.0
0886:  GOTO   08A
0887:  MOVLW  02
0888:  MOVWF  29
0889:  GOTO   094
....................     else if (pos > 120 && pos < 135) menu_opcion = 3;   // Centro (nuevo)
088A:  MOVF   31,W
088B:  SUBLW  78
088C:  BTFSC  03.0
088D:  GOTO   094
088E:  MOVF   31,W
088F:  SUBLW  86
0890:  BTFSS  03.0
0891:  GOTO   094
0892:  MOVLW  03
0893:  MOVWF  29
.................... 
....................     // Mostrar opciones
....................     lcd_gotoxy(1,2);
0894:  MOVLW  01
0895:  MOVWF  4A
0896:  MOVLW  02
0897:  MOVWF  4B
0898:  MOVLP  00
0899:  CALL   218
089A:  MOVLP  08
....................     if (menu_opcion == 1)
089B:  DECFSZ 29,W
089C:  GOTO   0A7
....................         printf(lcd_putc, ">Set Color       ");
089D:  MOVLW  57
089E:  MOVLB  03
089F:  MOVWF  11
08A0:  MOVLW  00
08A1:  MOVWF  12
08A2:  MOVLP  00
08A3:  MOVLB  00
08A4:  CALL   31B
08A5:  MOVLP  08
08A6:  GOTO   0C2
....................     else if (menu_opcion == 2)
08A7:  MOVF   29,W
08A8:  SUBLW  02
08A9:  BTFSS  03.2
08AA:  GOTO   0B5
....................         printf(lcd_putc, " >Ver Guardados  ");
08AB:  MOVLW  60
08AC:  MOVLB  03
08AD:  MOVWF  11
08AE:  MOVLW  00
08AF:  MOVWF  12
08B0:  MOVLP  00
08B1:  MOVLB  00
08B2:  CALL   31B
08B3:  MOVLP  08
08B4:  GOTO   0C2
....................     else if (menu_opcion == 3)
08B5:  MOVF   29,W
08B6:  SUBLW  03
08B7:  BTFSS  03.2
08B8:  GOTO   0C2
....................         printf(lcd_putc, "  >Recuperar     ");
08B9:  MOVLW  69
08BA:  MOVLB  03
08BB:  MOVWF  11
08BC:  MOVLW  00
08BD:  MOVWF  12
08BE:  MOVLP  00
08BF:  MOVLB  00
08C0:  CALL   31B
08C1:  MOVLP  08
.................... 
....................     // Leer botón
....................     int1 btn = input(BUTTON_PIN);
08C2:  MOVLB  01
08C3:  BSF    0D.0
08C4:  MOVLB  00
08C5:  BCF    32.0
08C6:  BTFSC  0D.0
08C7:  BSF    32.0
....................     if (!btn && main_last_button_state) {
08C8:  BTFSC  32.0
08C9:  GOTO   0EF
08CA:  BTFSS  2A.0
08CB:  GOTO   0EF
....................         while(!input(BUTTON_PIN)); // esperar suelta
08CC:  MOVLB  01
08CD:  BSF    0D.0
08CE:  MOVLB  00
08CF:  BTFSS  0D.0
08D0:  GOTO   0CC
.................... 
....................         if (menu_opcion == 1)
08D1:  DECFSZ 29,W
08D2:  GOTO   0D7
....................             menu_set_color();
08D3:  MOVLP  00
08D4:  CALL   39B
08D5:  MOVLP  08
08D6:  GOTO   0E6
....................         else if (menu_opcion == 2)
08D7:  MOVF   29,W
08D8:  SUBLW  02
08D9:  BTFSS  03.2
08DA:  GOTO   0DF
....................             menu_mostrar_colores_guardados();
08DB:  MOVLP  00
08DC:  GOTO   57C
08DD:  MOVLP  08
08DE:  GOTO   0E6
....................         else if (menu_opcion == 3)
08DF:  MOVF   29,W
08E0:  SUBLW  03
08E1:  BTFSS  03.2
08E2:  GOTO   0E6
....................             menu_recuperar_color();
08E3:  MOVLP  00
08E4:  GOTO   689
08E5:  MOVLP  08
.................... 
....................         delay_ms(300);
08E6:  MOVLW  02
08E7:  MOVWF  33
08E8:  MOVLW  96
08E9:  MOVWF  4A
08EA:  MOVLP  00
08EB:  CALL   072
08EC:  MOVLP  08
08ED:  DECFSZ 33,F
08EE:  GOTO   0E8
....................     }
.................... 
....................     main_last_button_state = btn;
08EF:  BCF    2A.0
08F0:  BTFSC  32.0
08F1:  BSF    2A.0
....................     delay_ms(100);
08F2:  MOVLW  64
08F3:  MOVWF  4A
08F4:  MOVLP  00
08F5:  CALL   072
08F6:  MOVLP  08
08F7:  GOTO   073
.................... }
.................... 
....................         
....................         menu_set_color();
08F8:  MOVLP  00
08F9:  CALL   39B
08FA:  MOVLP  08
....................         //ACA HAY QUE HACER LOGICA DE GUARDADO CUANDO SE APRETE 1 OTRA VEZ, Y VOLVER AL MENU. REVISAR MENU SET COLOR
....................         delay_ms(100);
08FB:  MOVLW  64
08FC:  MOVWF  4A
08FD:  MOVLP  00
08FE:  CALL   072
08FF:  MOVLP  08
....................     }
.................... 
0900:  SLEEP

Configuration Fuses:
   Word  1: 3F84   INTRC_IO NOWDT PUT NOMCLR NOPROTECT NOCPD BROWNOUT NOCLKOUT IESO FCMEN
   Word  2: 1EFF   NOWRT PLL_SW STVREN BORV19 NODEBUG NOLVP
