
ROM used:   1523/4096 (37%)
            1523/4096 (37%) including unused fragments

            1.0 Average locations per line
            5.3 Average locations per statement

RAM used:   23/383 (6%) at main() level
            65/383 (17%) worst case

Stack used: 6 worst case (6 in main + 0 for interrupts)
Stack size: 16

Lines Stmts  %   Files
----- ----- ---  -----
  395   210  73  main.c
  965     0   0  ..\..\..\..\..\..\..\..\Program Files (x86)\PICC\Devices\16F1827.h
  211    77  27  i2c_Flex_LCD.c
----- -----
 1571   287 Total

Page ROM  %  RAM    Vol Diff  Functions:
---- --- --- ---    --- ----  ----------
0     22   1    1             @delay_ms1
0     20   1    1    116  4.2  @I2C_WRITEU_129
0     74   5    3    574  5.9  i2c_send_nibble
0     30   2    3    149  2.8  lcd_send_byte
0     10   1    0     61  1.9  lcd_clear
0      5   0    0             @const747
 Inline         5    902  5.8  lcd_init
0     55   4    7    681  8.0  lcd_gotoxy
0     37   2    1    335  3.9  LCD_PUTC
0     37   2    2             @MUL88
 Inline         9    300  5.8  guardar_color
0     66   4    6    478  8.0  get_color_count
0     13   1    3    100  2.5  set_rgb
0     40   3    3    136  3.2  read_adc_8bit
0     14   1    0     65  1.4  mostrar_menu_principal
0      9   1    0    136  3.2  @const793
0     74   5    3             @PSTRINGC7_757
0    482  32   12   4619 13.3  menu_set_color
0      7   0    0             @const807
0     80   5    5   4619 13.3  @PSTRINGCN7_757
0     21   1    3             @DIV88
0     53   3    2             @PRINTF_U_757
0      7   0    0             @const824
0      7   0    0             @const825
0      8   1    0             @const833
0     10   1    0   2172 11.6  @const839
0    168  11    1    399  3.8  hardware_init
0    145  10    4    895  6.9  MAIN
0      9   1    0    351  3.3  @const847
0      9   1    0    895  6.9  @const849
0      8   1    0             @const850
 Inline         0             @cinit1

Program metrics:
    Functions               20
    Statements              287
    Comments                345
    Volume (V)              27234
    Difficulty (D)          117.0
    Effort to implement (E) 3185983
    Time to implement (T)   49 hours, 10 minutes
    Est Delivered Bugs (B)  7
    Cyclomatic Complexity   82
    Maintainability (MI)    97

 Segment     Used  Free
-----------  ----  ----
00000-00002     3  0  
00003-007FF  1520  525  
00800-00FFF     0  2048  



