
ROM used:   131/4096 (3%)
            131/4096 (3%) including unused fragments

            0.1 Average locations per line
            5.2 Average locations per statement

RAM used:   10/383 (3%) at main() level
            21/383 (5%) worst case

Stack used: 4 worst case (3 in main + 1 for interrupts)
Stack size: 16

Lines Stmts  %   Files
----- ----- ---  -----
   78    25 100  main.c
  965     0   0  ..\..\..\..\..\..\..\..\..\..\..\..\..\Program Files (x86)\PICC\Devices\16F1827.h
----- -----
 1043    25 Total

Page ROM  %  RAM    Vol Diff  Functions:
---- --- --- ---    --- ----  ----------
0     20  15    0     54  1.5  TIMER0_ISR
0     24  18    0     67  1.2  INIT_ADC
0      6   5    0     30  1.3  INIT_DAC
0      7   5    0     32  1.0  INIT_INTERRUPTS
0     13  10    0     78  1.6  INIT_TIMER_0
0      8   6    0     37  1.1  INIT_GPIO
0     24  18    0     95  1.9  MAIN
 Inline         0     37  1.1  @cinit1

Program metrics:
    Functions               8
    Statements              25
    Comments                180
    Volume (V)              778
    Difficulty (D)          10.9
    Effort to implement (E) 8462
    Time to implement (T)   8 minutes
    Est Delivered Bugs (B)  0
    Cyclomatic Complexity   1
    Maintainability (MI)    172

 Segment     Used  Free
-----------  ----  ----
00000-00002     3  0  
00003-00003     0  1  
00004-0001D    26  0  
0001E-007FF   102  1916  
00800-00FFF     0  2048  



