CCS PCM C Compiler, Version 5.093, 4770               18-sep.-25 13:52

               Filename:   C:\Users\adrie\OneDrive\Escritorio\EDI2\TP2(Teclado+LCD)\Ejercicio_7\Pic c\main.lst

               ROM used:   210 words (5%)
                           Largest free fragment is 2048
               RAM used:   10 (3%) at main() level
                           28 (7%) worst case
               Stack used: 1 locations (0 in main + 1 for interrupts)
               Stack size: 16

0000:  MOVLP  00
0001:  GOTO   0BE
0002:  NOP
*
0004:  CLRF   03
0005:  MOVLP  00
0006:  MOVLB  00
0007:  MOVF   77,W
0008:  MOVWF  20
0009:  MOVF   78,W
000A:  MOVWF  21
000B:  MOVF   79,W
000C:  MOVWF  22
000D:  MOVF   7A,W
000E:  MOVWF  23
000F:  BTFSS  0B.5
0010:  GOTO   013
0011:  BTFSC  0B.2
0012:  GOTO   023
0013:  CLRF   05
0014:  MOVLW  91
0015:  MOVWF  04
0016:  BTFSS  00.6
0017:  GOTO   01A
0018:  BTFSC  11.6
0019:  GOTO   025
001A:  MOVF   20,W
001B:  MOVWF  77
001C:  MOVF   21,W
001D:  MOVWF  78
001E:  MOVF   22,W
001F:  MOVWF  79
0020:  MOVF   23,W
0021:  MOVWF  7A
0022:  RETFIE
0023:  MOVLP  00
0024:  GOTO   089
0025:  MOVLP  00
0026:  GOTO   027
.................... #include <16F1827.h>
.................... //////////// Standard Header file for the PIC16F1827 device ////////////////
.................... ///////////////////////////////////////////////////////////////////////////
.................... ////        (C) Copyright 1996, 2014 Custom Computer Services          ////
.................... //// This source code may only be used by licensed users of the CCS C  ////
.................... //// compiler.  This source code may only be distributed to other      ////
.................... //// licensed users of the CCS C compiler.  No other use, reproduction ////
.................... //// or distribution is permitted without written permission.          ////
.................... //// Derivative programs created using this software in object code    ////
.................... //// form are not restricted in any way.                               ////
.................... ///////////////////////////////////////////////////////////////////////////
.................... #device PIC16F1827
*
003C:  MOVLW  10
003D:  MOVWF  2A
003E:  CLRF   77
003F:  CLRF   7A
0040:  RRF    27,F
0041:  RRF    26,F
0042:  BTFSS  03.0
0043:  GOTO   04A
0044:  MOVF   28,W
0045:  ADDWF  77,F
0046:  BTFSC  03.0
0047:  INCF   7A,F
0048:  MOVF   29,W
0049:  ADDWF  7A,F
004A:  RRF    7A,F
004B:  RRF    77,F
004C:  RRF    79,F
004D:  RRF    78,F
004E:  DECFSZ 2A,F
004F:  GOTO   040
*
005C:  CLRF   78
005D:  CLRF   79
005E:  CLRF   77
005F:  CLRF   7A
0060:  MOVF   2B,W
0061:  BTFSS  03.2
0062:  GOTO   066
0063:  MOVF   2A,W
0064:  BTFSC  03.2
0065:  GOTO   080
0066:  MOVLW  10
0067:  MOVWF  2C
0068:  BCF    03.0
0069:  RLF    28,F
006A:  RLF    29,F
006B:  RLF    77,F
006C:  RLF    7A,F
006D:  MOVF   2B,W
006E:  SUBWF  7A,W
006F:  BTFSS  03.2
0070:  GOTO   073
0071:  MOVF   2A,W
0072:  SUBWF  77,W
0073:  BTFSS  03.0
0074:  GOTO   07C
0075:  MOVF   2A,W
0076:  SUBWF  77,F
0077:  BTFSS  03.0
0078:  DECF   7A,F
0079:  MOVF   2B,W
007A:  SUBWF  7A,F
007B:  BSF    03.0
007C:  RLF    78,F
007D:  RLF    79,F
007E:  DECFSZ 2C,F
007F:  GOTO   068
.................... 
.................... #list
.................... 
.................... #device ADC=10
.................... #use delay(internal=4MHz)
.................... 
.................... #fuses NOWDT, INTRC_IO, NOMCLR
.................... 
.................... //======= VARIABLES GLOBALES =======
.................... volatile int16 adc_value = 0;
.................... 
.................... //======= PROTOTIPOS =======
.................... void INIT_ADC();
.................... void INIT_INTERRUPTS();
.................... void INIT_GPIO();
.................... void INIT_DAC();
.................... void INIT_TIMER_0();
.................... 
.................... //======= RUTINA DE INTERRUPCIÓN =======
.................... #INT_AD
.................... void isr_adc(void){
....................    adc_value = read_adc(ADC_READ_ONLY); // Leo el resultado
*
0027:  MOVLW  11
0028:  MOVWF  77
0029:  MOVLB  01
002A:  BTFSS  1D.1
002B:  GOTO   02E
002C:  DECFSZ 77,F
002D:  GOTO   02A
002E:  MOVF   1B,W
002F:  MOVWF  78
0030:  MOVF   1C,W
0031:  MOVLB  00
0032:  MOVWF  25
0033:  MOVF   78,W
0034:  MOVWF  24
....................    dac_write(adc_value*31/(1023));                // Lo mando al DAC
0035:  MOVF   25,W
0036:  MOVWF  27
0037:  MOVF   24,W
0038:  MOVWF  26
0039:  CLRF   29
003A:  MOVLW  1F
003B:  MOVWF  28
*
0050:  MOVF   79,W
0051:  MOVWF  27
0052:  MOVF   78,W
0053:  MOVWF  26
0054:  MOVF   27,W
0055:  MOVWF  29
0056:  MOVF   26,W
0057:  MOVWF  28
0058:  MOVLW  03
0059:  MOVWF  2B
005A:  MOVLW  FF
005B:  MOVWF  2A
*
0080:  MOVF   78,W
0081:  MOVLB  02
0082:  MOVWF  19
....................    read_adc(ADC_START_ONLY);
0083:  MOVLB  01
0084:  BSF    1D.1
.................... }
.................... 
0085:  MOVLB  00
0086:  BCF    11.6
0087:  MOVLP  00
0088:  GOTO   01A
.................... #INT_TIMER0 
.................... void TIMER0_ISR()
.................... {
....................    set_timer0(0);
0089:  CLRF   15
....................    read_adc(ADC_START_ONLY); // Inicio nueva conversión
008A:  MOVLB  01
008B:  BSF    1D.1
008C:  BCF    0B.2
008D:  MOVLP  00
008E:  MOVLB  00
008F:  GOTO   01A
.................... }
.................... 
.................... //======= INICIALIZACIONES =======
.................... void INIT_ADC() {
....................    setup_adc_ports(sAN0);         // RA0 como analógico
*
009E:  MOVLB  01
009F:  BCF    1E.0
00A0:  BCF    1E.1
00A1:  BCF    1E.2
00A2:  MOVLW  01
00A3:  MOVLB  03
00A4:  MOVWF  0C
00A5:  MOVLW  00
00A6:  MOVWF  0D
....................    setup_adc(ADC_CLOCK_INTERNAL); // Reloj ADC interno
00A7:  MOVLB  01
00A8:  BSF    1E.4
00A9:  BSF    1E.5
00AA:  BCF    1E.6
00AB:  BSF    1E.7
00AC:  BSF    1D.0
....................    set_adc_channel(0);            // Canal AN0
00AD:  MOVWF  78
00AE:  MOVF   1D,W
00AF:  ANDLW  83
00B0:  IORWF  78,W
00B1:  MOVWF  1D
....................    read_adc(ADC_START_ONLY);
00B2:  BSF    1D.1
00B3:  MOVLP  00
00B4:  MOVLB  00
00B5:  GOTO   0D0 (RETURN)
.................... }
.................... 
.................... void INIT_DAC(void){
....................    setup_dac(DAC_VSS_VDD | DAC_OUTPUT); // Habilito DAC con salida física
*
0098:  MOVLW  A0
0099:  MOVLB  02
009A:  MOVWF  18
009B:  MOVLP  00
009C:  MOVLB  00
009D:  GOTO   0CF (RETURN)
.................... }
.................... 
.................... void INIT_INTERRUPTS() {
....................    enable_interrupts(INT_AD);     // Habilita interrupción del ADC
*
00B6:  MOVLB  01
00B7:  BSF    11.6
....................    enable_interrupts(INT_TIMER0); // Habilita interrupcion timer0
00B8:  BSF    0B.5
....................    enable_interrupts(GLOBAL);     // Interrupciones globales
00B9:  MOVLW  C0
00BA:  IORWF  0B,F
00BB:  MOVLP  00
00BC:  MOVLB  00
00BD:  GOTO   0D1 (RETURN)
.................... }
.................... 
.................... void INIT_TIMER_0()
.................... {
....................    setup_timer_0(RTCC_INTERNAL | RTCC_DIV_32); // Más lento para que dé tiempo
....................    set_timer0(0);
.................... }
.................... 
.................... void INIT_GPIO(void){
....................     set_tris_a(0b00000001);   // RA0 como entrada 
*
0090:  MOVLW  01
0091:  MOVLB  01
0092:  MOVWF  0C
....................     set_tris_b(0x00);         // PORTB como salida
0093:  MOVLW  00
0094:  MOVWF  0D
0095:  MOVLP  00
0096:  MOVLB  00
0097:  GOTO   0CE (RETURN)
.................... }
.................... 
.................... //======= PROGRAMA PRINCIPAL =======
.................... void main() {
*
00BE:  MOVLW  6A
00BF:  MOVLB  01
00C0:  MOVWF  19
00C1:  MOVLB  00
00C2:  CLRF   25
00C3:  CLRF   24
00C4:  MOVLB  03
00C5:  CLRF   0C
00C6:  CLRF   0D
00C7:  MOVLB  02
00C8:  CLRF   12
00C9:  CLRF   11
00CA:  CLRF   14
00CB:  CLRF   13
....................    INIT_GPIO();
00CC:  MOVLB  00
00CD:  GOTO   090
....................    INIT_DAC();
00CE:  GOTO   098
....................    INIT_ADC();
00CF:  GOTO   09E
.................... //!   INIT_TIMER_0();
....................    INIT_INTERRUPTS();
00D0:  GOTO   0B6
.................... 
.................... 
....................    while(TRUE) {
00D1:  GOTO   0D1
....................       // Nada que hacer en el loop principal
....................    }
.................... }
.................... 
00D2:  SLEEP

Configuration Fuses:
   Word  1: 3F84   INTRC_IO NOWDT PUT NOMCLR NOPROTECT NOCPD BROWNOUT NOCLKOUT IESO FCMEN
   Word  2: 1EFF   NOWRT PLL_SW STVREN BORV19 NODEBUG NOLVP
