
ROM used:   835/4096 (20%)
            835/4096 (20%) including unused fragments

            0.8 Average locations per line
            15.8 Average locations per statement

RAM used:   23/383 (6%) at main() level
            46/383 (12%) worst case

Stack used: 2 worst case (0 in main + 2 for interrupts)
Stack size: 16

Lines Stmts  %   Files
----- ----- ---  -----
  134    53 100  Comunicacion serial rs232.c
    5     0   0  Comunicacion serial rs232.h
  965     0   0  ..\..\..\..\..\..\..\Program Files (x86)\PICC\Devices\16F1827.h
----- -----
 1104    53 Total

Page ROM  %  RAM    Vol Diff  Functions:
---- --- --- ---    --- ----  ----------
0     94  11    3    292  6.0  RDA_isr
 Inline         0    372  4.1  procesar_comando
0     23   3    0    351  7.0  @const744
0     80  10    3    231  6.6  @PSTRINGC7_9600_106_105
0     26   3    0    231  6.6  @const749
0     23   3    0    343  8.6  @const750
0     18   2    0     47  1.5  ADC_isr
0    281  34    0    212  4.0  timer1_isr
0     24   3    0     67  1.2  init_adc
0     13   2    0     59  1.6  init_timer1
0      9   1    0     48  1.1  init_rda
 Inline         2     35  1.4  enviar_valor
0      9   1    0     35  1.4  @const754
0     86  10    5     48  1.1  @PSTRINGCN7_9600_106_105
 Inline        10     35  1.4  @PRINTF_LU_9600_106_105
 Inline         1     59  1.8  enviar_estado_pin
0      9   1    0     59  1.8  @const760
0     21   3    3     50  1.3  @DIV88
 Inline         8     59  1.8  @PRINTF_D_9600_106_105
0     37   4    0     50  1.3  MAIN
 Inline         0     50  1.3  @cinit1

Program metrics:
    Functions               21
    Statements              53
    Comments                190
    Volume (V)              5116
    Difficulty (D)          62.3
    Effort to implement (E) 318705
    Time to implement (T)   4 hours, 55 minutes
    Est Delivered Bugs (B)  2
    Cyclomatic Complexity   16
    Maintainability (MI)    77

 Segment     Used  Free
-----------  ----  ----
00000-00002     3  0  
00003-00003     0  1  
00004-00052    79  0  
00053-007FF   753  1212  
00800-00FFF     0  2048  



