CCS PCM C Compiler, Version 5.093, 4770               26-oct.-25 09:56

               Filename:   C:\Users\adrie\OneDrive\Escritorio\EDI2\TPFinal\EEPROM\Pic c\eeprom.lst

               ROM used:   1216 words (30%)
                           Largest free fragment is 2048
               RAM used:   26 (7%) at main() level
                           68 (18%) worst case
               Stack used: 6 locations
               Stack size: 16

0000:  MOVLP  00
0001:  GOTO   3D9
0002:  NOP
.................... #include <eeprom.h>
.................... #include <16F1827.h>
.................... //////////// Standard Header file for the PIC16F1827 device ////////////////
.................... ///////////////////////////////////////////////////////////////////////////
.................... ////        (C) Copyright 1996, 2014 Custom Computer Services          ////
.................... //// This source code may only be used by licensed users of the CCS C  ////
.................... //// compiler.  This source code may only be distributed to other      ////
.................... //// licensed users of the CCS C compiler.  No other use, reproduction ////
.................... //// or distribution is permitted without written permission.          ////
.................... //// Derivative programs created using this software in object code    ////
.................... //// form are not restricted in any way.                               ////
.................... ///////////////////////////////////////////////////////////////////////////
.................... #device PIC16F1827
0003:  BRW
0004:  RETLW  28
0005:  RETLW  0C
0006:  RETLW  01
0007:  RETLW  06
0008:  DATA CC,32
0009:  DATA 63,3A
000A:  DATA 75,39
000B:  DATA 61,10
000C:  DATA C5,22
000D:  DATA 50,29
000E:  DATA CF,26
000F:  DATA 3A,00
0010:  DATA D2,32
0011:  DATA 67,10
0012:  DATA A5,3A
0013:  DATA 3A,10
0014:  DATA 25,36
0015:  DATA 75,10
0016:  DATA 73,00
0017:  DATA D2,32
0018:  DATA 67,1D
0019:  DATA A5,3A
001A:  DATA 20,26
001B:  DATA 69,31
001C:  DATA F2,32
001D:  DATA 73,1D
001E:  DATA A5,3A
001F:  DATA 00,01
0020:  DATA D4,34
0021:  DATA E5,36
0022:  DATA F0,37
0023:  DATA 3A,10
0024:  DATA 25,36
0025:  DATA 75,10
0026:  DATA 73,00
0027:  DATA C7,3A
0028:  DATA 61,39
0029:  DATA E4,30
002A:  DATA 72,10
002B:  DATA 42,3A
002C:  DATA 6E,10
002D:  DATA 52,21
002E:  DATA 30,00
002F:  DATA C7,3A
0030:  DATA 61,39
0031:  DATA E4,30
0032:  DATA E4,37
0033:  DATA A0,11
0034:  DATA A5,3A
0035:  DATA 00,01
0036:  DATA D1,3A
0037:  DATA 65,32
0038:  DATA 61,37
0039:  DATA BA,12
003A:  DATA 75,00
*
017E:  MOVF   0B,W
017F:  BCF    0B.7
0180:  MOVLB  03
0181:  BSF    15.7
0182:  BSF    15.0
0183:  NOP
0184:  NOP
0185:  BTFSC  09.7
0186:  BSF    0B.7
0187:  MOVF   13,W
0188:  ANDLW  7F
0189:  BTFSC  03.2
018A:  GOTO   1C6
018B:  MOVLB  00
018C:  MOVWF  3A
018D:  MOVLB  03
018E:  MOVF   11,W
018F:  MOVLB  00
0190:  MOVWF  3B
0191:  MOVLB  03
0192:  MOVF   12,W
0193:  MOVLB  00
0194:  MOVWF  3C
0195:  MOVF   3A,W
0196:  MOVWF  46
0197:  CALL   159
0198:  MOVF   3B,W
0199:  MOVLB  03
019A:  MOVWF  11
019B:  MOVLB  00
019C:  MOVF   3C,W
019D:  MOVLB  03
019E:  MOVWF  12
019F:  MOVF   0B,W
01A0:  BCF    0B.7
01A1:  BSF    15.7
01A2:  BSF    15.0
01A3:  NOP
01A4:  NOP
01A5:  BTFSC  09.7
01A6:  BSF    0B.7
01A7:  RLF    13,W
01A8:  RLF    14,W
01A9:  ANDLW  7F
01AA:  BTFSC  03.2
01AB:  GOTO   1C6
01AC:  MOVLB  00
01AD:  MOVWF  3A
01AE:  MOVLB  03
01AF:  MOVF   11,W
01B0:  MOVLB  00
01B1:  MOVWF  3B
01B2:  MOVLB  03
01B3:  MOVF   12,W
01B4:  MOVLB  00
01B5:  MOVWF  3C
01B6:  MOVF   3A,W
01B7:  MOVWF  46
01B8:  CALL   159
01B9:  MOVF   3B,W
01BA:  MOVLB  03
01BB:  MOVWF  11
01BC:  MOVLB  00
01BD:  MOVF   3C,W
01BE:  MOVLB  03
01BF:  MOVWF  12
01C0:  INCF   11,F
01C1:  BTFSC  03.2
01C2:  INCF   12,F
01C3:  MOVLB  00
01C4:  GOTO   17E
01C5:  MOVLB  03
01C6:  MOVLB  00
01C7:  RETURN
01C8:  MOVF   0B,W
01C9:  BCF    0B.7
01CA:  MOVLB  03
01CB:  BSF    15.7
01CC:  BSF    15.0
01CD:  NOP
01CE:  NOP
01CF:  BTFSC  09.7
01D0:  BSF    0B.7
01D1:  BTFSC  03.0
01D2:  GOTO   1F9
01D3:  MOVF   13,W
01D4:  ANDLW  7F
01D5:  MOVLB  00
01D6:  MOVWF  3A
01D7:  MOVLB  03
01D8:  MOVF   11,W
01D9:  MOVLB  00
01DA:  MOVWF  3B
01DB:  MOVLB  03
01DC:  MOVF   12,W
01DD:  MOVLB  00
01DE:  MOVWF  3C
01DF:  MOVF   3A,W
01E0:  MOVWF  46
01E1:  CALL   159
01E2:  MOVF   3B,W
01E3:  MOVLB  03
01E4:  MOVWF  11
01E5:  MOVLB  00
01E6:  MOVF   3C,W
01E7:  MOVLB  03
01E8:  MOVWF  12
01E9:  MOVF   0B,W
01EA:  BCF    0B.7
01EB:  BSF    15.7
01EC:  BSF    15.0
01ED:  NOP
01EE:  NOP
01EF:  BTFSC  09.7
01F0:  BSF    0B.7
01F1:  MOVLB  00
01F2:  DECFSZ 39,F
01F3:  GOTO   1F5
01F4:  GOTO   1F7
01F5:  MOVLB  03
01F6:  GOTO   1F9
01F7:  GOTO   217
01F8:  MOVLB  03
01F9:  RLF    13,W
01FA:  RLF    14,W
01FB:  ANDLW  7F
01FC:  MOVLB  00
01FD:  MOVWF  3A
01FE:  MOVLB  03
01FF:  MOVF   11,W
0200:  MOVLB  00
0201:  MOVWF  3B
0202:  MOVLB  03
0203:  MOVF   12,W
0204:  MOVLB  00
0205:  MOVWF  3C
0206:  MOVF   3A,W
0207:  MOVWF  46
0208:  CALL   159
0209:  MOVF   3B,W
020A:  MOVLB  03
020B:  MOVWF  11
020C:  MOVLB  00
020D:  MOVF   3C,W
020E:  MOVLB  03
020F:  MOVWF  12
0210:  INCF   11,F
0211:  BTFSC  03.2
0212:  INCF   12,F
0213:  BCF    03.0
0214:  MOVLB  00
0215:  DECFSZ 39,F
0216:  GOTO   1C8
0217:  RETURN
0218:  MOVF   3C,W
0219:  CLRF   78
021A:  SUBWF  3B,W
021B:  BTFSC  03.0
021C:  GOTO   220
021D:  MOVF   3B,W
021E:  MOVWF  77
021F:  GOTO   22C
0220:  CLRF   77
0221:  MOVLW  08
0222:  MOVWF  3D
0223:  RLF    3B,F
0224:  RLF    77,F
0225:  MOVF   3C,W
0226:  SUBWF  77,W
0227:  BTFSC  03.0
0228:  MOVWF  77
0229:  RLF    78,F
022A:  DECFSZ 3D,F
022B:  GOTO   223
022C:  RETURN
022D:  MOVF   78,W
022E:  MOVF   39,W
022F:  MOVWF  3B
0230:  MOVLW  64
0231:  MOVWF  3C
0232:  CALL   218
0233:  MOVF   77,W
0234:  MOVWF  39
0235:  MOVF   78,W
0236:  MOVLW  30
0237:  BTFSS  03.2
0238:  GOTO   240
0239:  BTFSS  3A.1
023A:  GOTO   247
023B:  BTFSC  3A.3
023C:  GOTO   247
023D:  BTFSC  3A.4
023E:  MOVLW  20
023F:  GOTO   243
0240:  BCF    3A.3
0241:  BCF    3A.4
0242:  BSF    3A.0
0243:  ADDWF  78,F
0244:  MOVF   78,W
0245:  MOVWF  46
0246:  CALL   159
0247:  MOVF   39,W
0248:  MOVWF  3B
0249:  MOVLW  0A
024A:  MOVWF  3C
024B:  CALL   218
024C:  MOVF   77,W
024D:  MOVWF  39
024E:  MOVF   78,W
024F:  MOVLW  30
0250:  BTFSS  03.2
0251:  GOTO   258
0252:  BTFSC  3A.3
0253:  GOTO   25C
0254:  BTFSS  3A.0
0255:  GOTO   25C
0256:  BTFSC  3A.4
0257:  MOVLW  20
0258:  ADDWF  78,F
0259:  MOVF   78,W
025A:  MOVWF  46
025B:  CALL   159
025C:  MOVLW  30
025D:  ADDWF  39,F
025E:  MOVF   39,W
025F:  MOVWF  46
0260:  CALL   159
0261:  RETURN
0262:  MOVF   05,W
0263:  MOVWF  45
0264:  MOVF   04,W
0265:  MOVWF  44
0266:  SWAPF  3A,W
0267:  IORLW  F0
0268:  MOVWF  40
0269:  ADDWF  40,F
026A:  ADDLW  E2
026B:  MOVWF  41
026C:  ADDLW  32
026D:  MOVWF  43
026E:  MOVF   3A,W
026F:  ANDLW  0F
0270:  ADDWF  41,F
0271:  ADDWF  41,F
0272:  ADDWF  43,F
0273:  ADDLW  E9
0274:  MOVWF  42
0275:  ADDWF  42,F
0276:  ADDWF  42,F
0277:  SWAPF  39,W
0278:  ANDLW  0F
0279:  ADDWF  42,F
027A:  ADDWF  43,F
027B:  RLF    42,F
027C:  RLF    43,F
027D:  COMF   43,F
027E:  RLF    43,F
027F:  MOVF   39,W
0280:  ANDLW  0F
0281:  ADDWF  43,F
0282:  RLF    40,F
0283:  MOVLW  07
0284:  MOVWF  3F
0285:  MOVLW  0A
0286:  ADDWF  43,F
0287:  DECF   42,F
0288:  BTFSS  03.0
0289:  GOTO   286
028A:  ADDWF  42,F
028B:  DECF   41,F
028C:  BTFSS  03.0
028D:  GOTO   28A
028E:  ADDWF  41,F
028F:  DECF   40,F
0290:  BTFSS  03.0
0291:  GOTO   28E
0292:  ADDWF  40,F
0293:  DECF   3F,F
0294:  BTFSS  03.0
0295:  GOTO   292
0296:  MOVLW  20
0297:  MOVWF  05
0298:  MOVLW  1F
0299:  MOVWF  04
029A:  MOVLW  07
029B:  ANDWF  44,W
029C:  BCF    44.6
029D:  ADDWF  04,F
029E:  MOVLW  00
029F:  ADDWFC 05,F
02A0:  MOVF   04,W
02A1:  SUBLW  23
02A2:  BTFSS  03.2
02A3:  GOTO   2A8
02A4:  MOVF   05,W
02A5:  SUBLW  20
02A6:  BTFSC  03.2
02A7:  BSF    44.6
02A8:  MOVF   00,W
02A9:  MOVWF  77
02AA:  BTFSS  03.2
02AB:  GOTO   2B4
02AC:  BTFSC  44.6
02AD:  GOTO   2B4
02AE:  BTFSC  44.4
02AF:  GOTO   2C3
02B0:  BTFSC  44.3
02B1:  GOTO   2B4
02B2:  MOVLW  20
02B3:  GOTO   2B7
02B4:  BSF    44.3
02B5:  BCF    44.4
02B6:  MOVLW  30
02B7:  ADDWF  77,F
02B8:  MOVF   05,W
02B9:  MOVWF  3A
02BA:  MOVF   04,W
02BB:  MOVWF  39
02BC:  MOVF   77,W
02BD:  MOVWF  46
02BE:  CALL   159
02BF:  MOVF   3A,W
02C0:  MOVWF  05
02C1:  MOVF   39,W
02C2:  MOVWF  04
02C3:  ADDFSR 01,FSR0
02C4:  BTFSS  44.6
02C5:  GOTO   2A0
02C6:  RETURN
.................... 
.................... #list
.................... 
.................... #device ADC=10
.................... #use delay(internal=4MHz)
*
003B:  MOVLW  20
003C:  MOVWF  05
003D:  MOVLW  27
003E:  MOVWF  04
003F:  MOVF   00,W
0040:  BTFSC  03.2
0041:  GOTO   050
0042:  MOVLW  01
0043:  MOVWF  78
0044:  CLRF   77
0045:  DECFSZ 77,F
0046:  GOTO   045
0047:  DECFSZ 78,F
0048:  GOTO   044
0049:  MOVLW  4A
004A:  MOVWF  77
004B:  DECFSZ 77,F
004C:  GOTO   04B
004D:  GOTO   04E
004E:  DECFSZ 00,F
004F:  GOTO   042
0050:  RETURN
.................... 
.................... 
.................... #fuses NOWDT, NOPROTECT, NOLVP, INTRC_IO
.................... #use i2c(Master, SDA=PIN_B1, SCL=PIN_B4, slow)
0051:  MOVLB  04
0052:  BCF    15.7
0053:  MOVLB  00
0054:  BCF    11.3
0055:  MOVF   54,W
0056:  MOVLB  04
0057:  MOVWF  11
0058:  MOVLW  02
0059:  BTFSC  15.7
005A:  GOTO   062
005B:  MOVLB  00
005C:  BTFSS  11.3
005D:  GOTO   05C
005E:  MOVLW  00
005F:  MOVLB  04
0060:  BTFSC  16.6
0061:  MOVLW  01
0062:  MOVWF  78
0063:  MOVLB  00
0064:  RETURN
.................... #include "i2c_Flex_LCD.c"
.................... //----------------------------------------------------------------------------- 
.................... // Title:         i2c_Flex_LCD 
.................... // Description:   Driver for common LCD with 1/2/3 or 4 rows by 1...20 columns 
.................... //                using PCF8574T interface board with I2C protocol. 
.................... // Date:          Nov-2013 
.................... // Ver.Rev.:      1.1 
.................... // Author:        Hugo Silva (sergio-hugo@bol.com.br) #Based on the routines of 
.................... //                "20X4_LCD_I2C_DRIVER.h" from Pumrin S. and "lcd4_i2c.c" from XP8100 
.................... //----------------------------------------------------------------------------- 
.................... // 
.................... // lcd_init() Must be called before any other function. 
.................... // 
.................... // lcd_putc(c) Will display c on the next position of the LCD. 
.................... //  
.................... //     \f Clear LCD display 
.................... //     \n Set write position on next lcd line 
.................... //     \b LCD backspace 
.................... //     lcd_gotoxy(x,y) Set write position on LCD (upper left is 1,1) 
.................... // 
.................... // lcd_backlight_led(ON)/lcd_backlight_led(OFF) = Turn ON/OFF LCD Backlight LED 
.................... // 
.................... //----------------------------------------------------------------------------- 
.................... // LCD pins D0-D3 are not used. 
.................... //----------------------------------------------------------------------------- 
.................... // 
.................... // Comment   : Control of a compatible LCD (1...4 rows by 1...4 columns) from 
.................... //              a bus I2C with an EXPANDER of I/O with connection I2C. 
.................... //              The tests of these routines have been programmed using the IC 
.................... //              Phillips PCF8574T. I've used 4 bits mode programming. 
.................... //              The 8 bits mode programming is possible if you use 2 x PCF8574T. 
.................... //              RW Pin is not being used. 
.................... // 
.................... // As defined in the following structure the pin connection is as follows: 
.................... // 
.................... //  PCF8574P     LCD 
.................... //  ========     ====== 
.................... //     P0        RS 
.................... //     P1        RW    (Not used!) 
.................... //     P2        Enable  
.................... //     P3        Led Backlight 
.................... //     P4        D4 
.................... //     P5        D5 
.................... //     P6        D6 
.................... //     P7        D7 
.................... // 
.................... //  The SCL and SDA pins should be pull-up resistor as shown below: 
.................... // 
.................... //             +5v 
.................... //               | 
.................... //               < 
.................... //               > 4.7K        
.................... //               <          
.................... //To PIC         |          To i2c slave 
.................... //pin xx ------------------ SDA pin  
.................... //(SDA)                      
.................... //              +5v 
.................... //               | 
.................... //               < 
.................... //               > 4.7K        
.................... //               <          
.................... //To PIC         |          To i2c slave 
.................... //pin xx ------------------ SCL pin  
.................... //(SCL) 
.................... // 
.................... //To PIC                    To i2c slave 
.................... //Vss pin ----------------- Vss or ground pin  
.................... //                | 
.................... //              ----- 
.................... //               ---  Ground 
.................... //                -  
.................... //  
.................... // THIS DOCUMENT IS PROVIDED TO THE USER "AS IS" 
.................... //----------------------------------------------------------------------------- 
.................... byte LCD_ADDR ;//             0x4E        //I2C slave address for LCD module 
.................... byte lcd_total_rows ;//       2           //Number of rows: 1,2,3 or 4 
.................... byte lcd_total_columns ;//    16          //Number of columns: 1...20   
.................... 
.................... #define RS                    0b00000001  //P0 - PCF8574T Pin connected to RS 
.................... #define RW                    0b00000010  //P1 - PCF8574T Pin connected to RW 
.................... #define ENABLE                0b00000100  //P2 - PCF8574T Pin connected to EN 
.................... #define LCD_BACKLIGHT         0b00001000  //P3 - PCF8574T Pin connected to BACKLIGHT LED 
.................... 
.................... #define addr_row_one          0x00        //LCD RAM address for row 1 
.................... #define addr_row_two          0x40        //LCD RAM address for row 2 
.................... #define addr_row_three        0x14        //LCD RAM address for row 3 
.................... #define addr_row_four         0x54        //LCD RAM address for row 4 
.................... 
.................... #define ON                    1 
.................... #define OFF                   0 
.................... #define NOT                   ~ 
.................... #define data_shifted          data<<4 
.................... int8 new_row_request=1, BACKLIGHT_LED=LCD_BACKLIGHT; 
.................... 
.................... void lcd_backlight_led(byte bl) 
.................... {  
....................       If (bl) BACKLIGHT_LED=LCD_BACKLIGHT; else BACKLIGHT_LED=OFF; 
.................... } 
.................... 
.................... void i2c_send_nibble(byte data, byte type) 
.................... {    
....................    switch (type) 
0065:  MOVF   52,W
0066:  XORLW  00
0067:  BTFSC  03.2
0068:  GOTO   06D
0069:  XORLW  01
006A:  BTFSC  03.2
006B:  GOTO   08D
006C:  GOTO   0AE
....................    {      
....................       case 0 :      
....................       i2c_write(data_shifted | BACKLIGHT_LED); 
006D:  SWAPF  51,W
006E:  MOVWF  77
006F:  MOVLW  F0
0070:  ANDWF  77,F
0071:  MOVF   77,W
0072:  IORWF  24,W
0073:  MOVWF  53
0074:  MOVWF  54
0075:  CALL   051
....................       delay_cycles(1); 
0076:  NOP
....................       i2c_write(data_shifted | ENABLE | BACKLIGHT_LED ); 
0077:  SWAPF  51,W
0078:  MOVWF  77
0079:  MOVLW  F0
007A:  ANDWF  77,F
007B:  MOVF   77,W
007C:  IORLW  04
007D:  IORWF  24,W
007E:  MOVWF  53
007F:  MOVWF  54
0080:  CALL   051
....................       delay_us(2); 
0081:  GOTO   082
....................       i2c_write(data_shifted & NOT ENABLE | BACKLIGHT_LED); 
0082:  SWAPF  51,W
0083:  MOVWF  77
0084:  MOVLW  F0
0085:  ANDWF  77,F
0086:  MOVF   77,W
0087:  ANDLW  FB
0088:  IORWF  24,W
0089:  MOVWF  53
008A:  MOVWF  54
008B:  CALL   051
....................       break; 
008C:  GOTO   0AE
....................       
....................       case 1 : 
....................       i2c_write(data_shifted | RS | BACKLIGHT_LED); 
008D:  SWAPF  51,W
008E:  MOVWF  77
008F:  MOVLW  F0
0090:  ANDWF  77,F
0091:  MOVF   77,W
0092:  IORLW  01
0093:  IORWF  24,W
0094:  MOVWF  53
0095:  MOVWF  54
0096:  CALL   051
....................       delay_cycles(1); 
0097:  NOP
....................       i2c_write(data_shifted | RS | ENABLE | BACKLIGHT_LED ); 
0098:  SWAPF  51,W
0099:  MOVWF  77
009A:  MOVLW  F0
009B:  ANDWF  77,F
009C:  MOVF   77,W
009D:  IORLW  01
009E:  IORLW  04
009F:  IORWF  24,W
00A0:  MOVWF  53
00A1:  MOVWF  54
00A2:  CALL   051
....................       delay_us(2); 
00A3:  GOTO   0A4
....................       i2c_write(data_shifted | RS | BACKLIGHT_LED); 
00A4:  SWAPF  51,W
00A5:  MOVWF  77
00A6:  MOVLW  F0
00A7:  ANDWF  77,F
00A8:  MOVF   77,W
00A9:  IORLW  01
00AA:  IORWF  24,W
00AB:  MOVWF  53
00AC:  MOVWF  54
00AD:  CALL   051
....................       break; 
....................    } 
00AE:  RETURN
.................... } 
....................     
.................... void lcd_send_byte(byte data, byte type) 
....................    { 
....................         i2c_start(); 
00AF:  MOVLB  04
00B0:  BSF    16.0
00B1:  BTFSC  16.0
00B2:  GOTO   0B1
....................         i2c_write(LCD_ADDR); 
00B3:  MOVLB  00
00B4:  MOVF   20,W
00B5:  MOVWF  54
00B6:  CALL   051
....................         i2c_send_nibble(data >> 4 , type); 
00B7:  SWAPF  4E,W
00B8:  MOVWF  50
00B9:  MOVLW  0F
00BA:  ANDWF  50,F
00BB:  MOVF   50,W
00BC:  MOVWF  51
00BD:  MOVF   4F,W
00BE:  MOVWF  52
00BF:  CALL   065
....................         i2c_send_nibble(data & 0xf , type); 
00C0:  MOVF   4E,W
00C1:  ANDLW  0F
00C2:  MOVWF  50
00C3:  MOVWF  51
00C4:  MOVF   4F,W
00C5:  MOVWF  52
00C6:  CALL   065
....................         i2c_stop();        
00C7:  MOVLB  04
00C8:  BSF    16.2
00C9:  BTFSC  16.2
00CA:  GOTO   0C9
00CB:  MOVLB  00
00CC:  RETURN
....................    } 
.................... 
.................... void lcd_clear() 
.................... {  
....................         lcd_send_byte(0x01,0); 
00CD:  MOVLW  01
00CE:  MOVWF  4E
00CF:  CLRF   4F
00D0:  CALL   0AF
....................         delay_ms(2); 
00D1:  MOVLW  02
00D2:  MOVWF  47
00D3:  CALL   03B
....................         new_row_request=1; 
00D4:  MOVLW  01
00D5:  MOVWF  23
00D6:  RETURN
.................... } 
.................... 
.................... void lcd_init(byte ADDR, byte col, byte row) 
.................... { 
....................    byte i;
....................    byte CONST lcd_type=2;  // 0=5x7, 1=5x10, 2=2 lines 
....................    byte CONST LCD_INIT_STRING[4] = {0x20 | (lcd_type << 2), 0xc, 1, 6}; // These bytes need to be sent to the LCD to start it up.
....................    
....................    LCD_ADDR =ADDR;//             0x4E        //I2C slave address for LCD module 
00D7:  MOVF   34,W
00D8:  MOVWF  20
....................    lcd_total_rows =row;//       2           //Number of rows: 1,2,3 or 4 
00D9:  MOVF   36,W
00DA:  MOVWF  21
....................    lcd_total_columns= col ;
00DB:  MOVF   35,W
00DC:  MOVWF  22
....................    disable_interrupts(GLOBAL); 
00DD:  BCF    0B.6
00DE:  BCF    0B.7
00DF:  BTFSC  0B.7
00E0:  GOTO   0DE
....................    delay_ms(50); //LCD power up delay 
00E1:  MOVLW  32
00E2:  MOVWF  47
00E3:  CALL   03B
....................     
....................    i2c_start(); 
00E4:  MOVLB  04
00E5:  BSF    16.0
00E6:  BTFSC  16.0
00E7:  GOTO   0E6
....................    i2c_write(LCD_ADDR); 
00E8:  MOVLB  00
00E9:  MOVF   20,W
00EA:  MOVWF  54
00EB:  CALL   051
....................       i2c_send_nibble(0x00,0); 
00EC:  CLRF   51
00ED:  CLRF   52
00EE:  CALL   065
....................       delay_ms(15); 
00EF:  MOVLW  0F
00F0:  MOVWF  47
00F1:  CALL   03B
....................     
....................    for (i=1;i<=3;++i)    
00F2:  MOVLW  01
00F3:  MOVWF  37
00F4:  MOVF   37,W
00F5:  SUBLW  03
00F6:  BTFSS  03.0
00F7:  GOTO   101
....................    { 
....................       i2c_send_nibble(0x03,0); 
00F8:  MOVLW  03
00F9:  MOVWF  51
00FA:  CLRF   52
00FB:  CALL   065
....................       delay_ms(5); 
00FC:  MOVLW  05
00FD:  MOVWF  47
00FE:  CALL   03B
00FF:  INCF   37,F
0100:  GOTO   0F4
....................    }    
....................       i2c_send_nibble(0x02,0); 
0101:  MOVLW  02
0102:  MOVWF  51
0103:  CLRF   52
0104:  CALL   065
....................       delay_ms(5); 
0105:  MOVLW  05
0106:  MOVWF  47
0107:  CALL   03B
....................    i2c_stop(); 
0108:  MOVLB  04
0109:  BSF    16.2
010A:  BTFSC  16.2
010B:  GOTO   10A
....................     
....................    for (i=0;i<=3;++i) { 
010C:  MOVLB  00
010D:  CLRF   37
010E:  MOVF   37,W
010F:  SUBLW  03
0110:  BTFSS  03.0
0111:  GOTO   11D
....................    lcd_send_byte(LCD_INIT_STRING[i],0); 
0112:  MOVF   37,W
0113:  CALL   003
0114:  MOVWF  38
0115:  MOVWF  4E
0116:  CLRF   4F
0117:  CALL   0AF
....................    delay_ms(5); 
0118:  MOVLW  05
0119:  MOVWF  47
011A:  CALL   03B
011B:  INCF   37,F
011C:  GOTO   10E
....................    } 
....................    lcd_clear();  //Clear Display 
011D:  CALL   0CD
....................    enable_interrupts(GLOBAL); 
011E:  MOVLW  C0
011F:  IORWF  0B,F
0120:  MOVLP  00
0121:  GOTO   406 (RETURN)
.................... } 
.................... 
.................... void lcd_gotoxy( byte x, byte y) 
.................... { 
.................... byte row,column,row_addr,lcd_address; 
.................... static char data; 
.................... 
....................    if (y>lcd_total_rows) row=lcd_total_rows; else row=y; 
0122:  MOVF   48,W
0123:  SUBWF  21,W
0124:  BTFSC  03.0
0125:  GOTO   129
0126:  MOVF   21,W
0127:  MOVWF  49
0128:  GOTO   12B
0129:  MOVF   48,W
012A:  MOVWF  49
....................   
....................    switch(row) 
012B:  MOVF   49,W
012C:  XORLW  01
012D:  BTFSC  03.2
012E:  GOTO   139
012F:  XORLW  03
0130:  BTFSC  03.2
0131:  GOTO   13B
0132:  XORLW  01
0133:  BTFSC  03.2
0134:  GOTO   13E
0135:  XORLW  07
0136:  BTFSC  03.2
0137:  GOTO   141
0138:  GOTO   144
....................    { 
....................       case 1:  row_addr=addr_row_one;     break; 
0139:  CLRF   4B
013A:  GOTO   145
....................       case 2:  row_addr=addr_row_two;     break; 
013B:  MOVLW  40
013C:  MOVWF  4B
013D:  GOTO   145
....................       case 3:  row_addr=addr_row_three;   break; 
013E:  MOVLW  14
013F:  MOVWF  4B
0140:  GOTO   145
....................       case 4:  row_addr=addr_row_four;    break; 
0141:  MOVLW  54
0142:  MOVWF  4B
0143:  GOTO   145
....................       default: row_addr=addr_row_one;     break;  
0144:  CLRF   4B
....................    }  
....................     
....................    if (x>lcd_total_columns) column=lcd_total_columns; else column=x;  
0145:  MOVF   47,W
0146:  SUBWF  22,W
0147:  BTFSC  03.0
0148:  GOTO   14C
0149:  MOVF   22,W
014A:  MOVWF  4A
014B:  GOTO   14E
014C:  MOVF   47,W
014D:  MOVWF  4A
....................    lcd_address=(row_addr+(column-1)); 
014E:  MOVLW  01
014F:  SUBWF  4A,W
0150:  ADDWF  4B,W
0151:  MOVWF  4C
....................    lcd_send_byte(0x80|lcd_address,0); 
0152:  MOVF   4C,W
0153:  IORLW  80
0154:  MOVWF  4D
0155:  MOVWF  4E
0156:  CLRF   4F
0157:  CALL   0AF
0158:  RETURN
.................... } 
.................... 
.................... //Display the character on LCD screen. 
.................... void LCD_PUTC(char in_data) 
.................... {    
....................   switch(in_data) 
0159:  MOVF   46,W
015A:  XORLW  0C
015B:  BTFSC  03.2
015C:  GOTO   164
015D:  XORLW  06
015E:  BTFSC  03.2
015F:  GOTO   166
0160:  XORLW  02
0161:  BTFSC  03.2
0162:  GOTO   173
0163:  GOTO   178
....................    {  
....................      case '\f': lcd_clear();                       break;                
0164:  CALL   0CD
0165:  GOTO   17D
....................       
....................      case '\n': 
....................      new_row_request++; 
0166:  INCF   23,F
....................      if (new_row_request>lcd_total_rows) new_row_request=1; 
0167:  MOVF   23,W
0168:  SUBWF  21,W
0169:  BTFSC  03.0
016A:  GOTO   16D
016B:  MOVLW  01
016C:  MOVWF  23
....................      lcd_gotoxy(1, new_row_request); 
016D:  MOVLW  01
016E:  MOVWF  47
016F:  MOVF   23,W
0170:  MOVWF  48
0171:  CALL   122
....................      break; 
0172:  GOTO   17D
....................                   
....................      case '\b': lcd_send_byte(0x10,0);             break; 
0173:  MOVLW  10
0174:  MOVWF  4E
0175:  CLRF   4F
0176:  CALL   0AF
0177:  GOTO   17D
....................         
....................      default: lcd_send_byte(in_data,1);            break;      
0178:  MOVF   46,W
0179:  MOVWF  4E
017A:  MOVLW  01
017B:  MOVWF  4F
017C:  CALL   0AF
....................       
....................    } 
017D:  RETURN
.................... } 
.................... 
.................... #use fast_io(b)
.................... #define LCD_ADDR 0x27
.................... #define BUTTON PIN_B0
.................... 
.................... // --- Configuración EEPROM ---
.................... #define EEPROM_MAX 256        // EEPROM interna 256 bytes
.................... #define ENTRY_SIZE 2          // Cada tiempo ocupa 2 bytes
.................... #define MAX_RECORDS (EEPROM_MAX / ENTRY_SIZE)
.................... 
.................... // --- Variables globales ---
.................... unsigned int32 run_time = 0;
.................... unsigned int8 record_index = 0;
.................... int1 last_button_state = 1;  // pull-up
.................... unsigned int16 stored_value;
.................... 
.................... // --- Función para leer registros ---
.................... void show_all_records() {
....................     lcd_clear();
*
02C7:  CALL   0CD
....................     lcd_gotoxy(1,1);
02C8:  MOVLW  01
02C9:  MOVWF  47
02CA:  MOVWF  48
02CB:  CALL   122
....................     printf(lcd_putc, "Lectura EEPROM:");
02CC:  MOVLW  08
02CD:  MOVLB  03
02CE:  MOVWF  11
02CF:  MOVLW  00
02D0:  MOVWF  12
02D1:  MOVLB  00
02D2:  CALL   17E
.................... 
....................     delay_ms(1500);
02D3:  MOVLW  06
02D4:  MOVWF  38
02D5:  MOVLW  FA
02D6:  MOVWF  47
02D7:  CALL   03B
02D8:  DECFSZ 38,F
02D9:  GOTO   2D5
....................     lcd_clear();
02DA:  CALL   0CD
....................     for (int i = 0; i < MAX_RECORDS; i++) {
02DB:  CLRF   34
02DC:  MOVF   34,W
02DD:  SUBLW  7F
02DE:  BTFSS  03.0
02DF:  GOTO   339
....................         unsigned int16 val = make16(read_eeprom(i*2), read_eeprom(i*2+1));
02E0:  BCF    03.0
02E1:  RLF    34,W
02E2:  MOVWF  38
02E3:  MOVF   38,W
02E4:  MOVLB  03
02E5:  MOVWF  11
02E6:  BCF    15.7
02E7:  BSF    15.0
02E8:  MOVF   13,W
02E9:  MOVLB  00
02EA:  MOVWF  38
02EB:  BCF    03.0
02EC:  RLF    34,W
02ED:  ADDLW  01
02EE:  MOVWF  39
02EF:  MOVF   39,W
02F0:  MOVLB  03
02F1:  MOVWF  11
02F2:  BCF    15.7
02F3:  BSF    15.0
02F4:  MOVF   13,W
02F5:  MOVLB  00
02F6:  MOVWF  39
02F7:  MOVF   38,W
02F8:  MOVWF  36
02F9:  MOVF   39,W
02FA:  MOVWF  35
....................         if (val == 0xFFFF || val == 0x0000)
02FB:  INCFSZ 35,W
02FC:  GOTO   300
02FD:  INCFSZ 36,W
02FE:  GOTO   300
02FF:  GOTO   305
0300:  MOVF   35,F
0301:  BTFSS  03.2
0302:  GOTO   306
0303:  MOVF   36,F
0304:  BTFSC  03.2
....................             break;
0305:  GOTO   339
....................         lcd_clear();
0306:  CALL   0CD
....................         lcd_gotoxy(1,1);
0307:  MOVLW  01
0308:  MOVWF  47
0309:  MOVWF  48
030A:  CALL   122
....................         printf(lcd_putc, "Reg %u: %lu s", i+1, (unsigned long)val);
030B:  MOVLW  01
030C:  ADDWF  34,W
030D:  MOVWF  38
030E:  MOVLW  10
030F:  MOVLB  03
0310:  MOVWF  11
0311:  MOVLW  00
0312:  MOVWF  12
0313:  BCF    03.0
0314:  MOVLW  04
0315:  MOVLB  00
0316:  MOVWF  39
0317:  CALL   1C8
0318:  MOVF   38,W
0319:  MOVWF  39
031A:  MOVLW  1B
031B:  MOVWF  3A
031C:  CALL   22D
031D:  MOVLW  3A
031E:  MOVWF  46
031F:  CALL   159
0320:  MOVLW  20
0321:  MOVWF  46
0322:  CALL   159
0323:  MOVLW  10
0324:  MOVWF  04
0325:  MOVF   36,W
0326:  MOVWF  3A
0327:  MOVF   35,W
0328:  MOVWF  39
0329:  CALL   262
032A:  MOVLW  20
032B:  MOVWF  46
032C:  CALL   159
032D:  MOVLW  73
032E:  MOVWF  46
032F:  CALL   159
....................         delay_ms(1500);
0330:  MOVLW  06
0331:  MOVWF  38
0332:  MOVLW  FA
0333:  MOVWF  47
0334:  CALL   03B
0335:  DECFSZ 38,F
0336:  GOTO   332
0337:  INCF   34,F
0338:  GOTO   2DC
....................     }
0339:  MOVLP  00
033A:  GOTO   407 (RETURN)
.................... }
.................... 
.................... // --- Escribir nuevo valor ---
.................... void save_run_time(unsigned int16 seconds) {
*
036D:  MOVF   36,W
036E:  MOVWF  38
036F:  MOVF   37,W
0370:  MOVWF  39
....................     unsigned int8 lowb = make8(seconds,0);
....................     unsigned int8 highb = make8(seconds,1);
.................... 
....................     // Buscar siguiente espacio libre
....................     for (int i = 0; i < MAX_RECORDS; i++) {
0371:  CLRF   3A
0372:  MOVF   3A,W
0373:  SUBLW  7F
0374:  BTFSS  03.0
0375:  GOTO   3D7
....................         unsigned int16 val = make16(read_eeprom(i*2), read_eeprom(i*2+1));
0376:  BCF    03.0
0377:  RLF    3A,W
0378:  MOVWF  3E
0379:  MOVF   3E,W
037A:  MOVLB  03
037B:  MOVWF  11
037C:  BCF    15.7
037D:  BSF    15.0
037E:  MOVF   13,W
037F:  MOVLB  00
0380:  MOVWF  3E
0381:  BCF    03.0
0382:  RLF    3A,W
0383:  ADDLW  01
0384:  MOVWF  3F
0385:  MOVF   3F,W
0386:  MOVLB  03
0387:  MOVWF  11
0388:  BCF    15.7
0389:  BSF    15.0
038A:  MOVF   13,W
038B:  MOVLB  00
038C:  MOVWF  3F
038D:  MOVF   3E,W
038E:  MOVWF  3C
038F:  MOVF   3F,W
0390:  MOVWF  3B
....................         if (val == 0xFFFF || val == 0x0000) {
0391:  INCFSZ 3B,W
0392:  GOTO   396
0393:  INCFSZ 3C,W
0394:  GOTO   396
0395:  GOTO   39C
0396:  MOVF   3B,F
0397:  BTFSS  03.2
0398:  GOTO   3D5
0399:  MOVF   3C,F
039A:  BTFSS  03.2
039B:  GOTO   3D5
....................             write_eeprom(i*2, highb);
039C:  BCF    03.0
039D:  RLF    3A,W
039E:  MOVWF  3E
039F:  MOVF   0B,W
03A0:  MOVWF  77
03A1:  BCF    0B.7
03A2:  MOVF   3E,W
03A3:  MOVLB  03
03A4:  MOVWF  11
03A5:  MOVLB  00
03A6:  MOVF   39,W
03A7:  MOVLB  03
03A8:  MOVWF  13
03A9:  BCF    15.7
03AA:  BSF    15.2
03AB:  MOVLW  55
03AC:  MOVWF  16
03AD:  MOVLW  AA
03AE:  MOVWF  16
03AF:  BSF    15.1
03B0:  BTFSC  15.1
03B1:  GOTO   3B0
03B2:  BCF    15.2
03B3:  MOVF   77,W
03B4:  IORWF  0B,F
....................             write_eeprom(i*2+1, lowb);
03B5:  BCF    03.0
03B6:  MOVLB  00
03B7:  RLF    3A,W
03B8:  ADDLW  01
03B9:  MOVWF  3E
03BA:  MOVF   0B,W
03BB:  MOVWF  77
03BC:  BCF    0B.7
03BD:  MOVF   3E,W
03BE:  MOVLB  03
03BF:  MOVWF  11
03C0:  MOVLB  00
03C1:  MOVF   38,W
03C2:  MOVLB  03
03C3:  MOVWF  13
03C4:  BCF    15.7
03C5:  BSF    15.2
03C6:  MOVLW  55
03C7:  MOVWF  16
03C8:  MOVLW  AA
03C9:  MOVWF  16
03CA:  BSF    15.1
03CB:  BTFSC  15.1
03CC:  GOTO   3CB
03CD:  BCF    15.2
03CE:  MOVF   77,W
03CF:  IORWF  0B,F
....................             record_index = i + 1;
03D0:  MOVLW  01
03D1:  MOVLB  00
03D2:  ADDWF  3A,W
03D3:  MOVWF  2A
....................             return;
03D4:  GOTO   3D7
....................         }
03D5:  INCF   3A,F
03D6:  GOTO   372
....................     }
03D7:  MOVLP  00
03D8:  GOTO   486 (RETURN)
.................... }
.................... 
.................... // --- Calcular cuántos registros hay ---
.................... int get_record_count() {
*
033B:  CLRF   34
....................     int count = 0;
....................     for (int i = 0; i < MAX_RECORDS; i++) {
033C:  CLRF   35
033D:  MOVF   35,W
033E:  SUBLW  7F
033F:  BTFSS  03.0
0340:  GOTO   36A
....................         unsigned int16 val = make16(read_eeprom(i*2), read_eeprom(i*2+1));
0341:  BCF    03.0
0342:  RLF    35,W
0343:  MOVWF  38
0344:  MOVF   38,W
0345:  MOVLB  03
0346:  MOVWF  11
0347:  BCF    15.7
0348:  BSF    15.0
0349:  MOVF   13,W
034A:  MOVLB  00
034B:  MOVWF  38
034C:  BCF    03.0
034D:  RLF    35,W
034E:  ADDLW  01
034F:  MOVWF  39
0350:  MOVF   39,W
0351:  MOVLB  03
0352:  MOVWF  11
0353:  BCF    15.7
0354:  BSF    15.0
0355:  MOVF   13,W
0356:  MOVLB  00
0357:  MOVWF  39
0358:  MOVF   38,W
0359:  MOVWF  37
035A:  MOVF   39,W
035B:  MOVWF  36
....................         if (val == 0xFFFF || val == 0x0000)
035C:  INCFSZ 36,W
035D:  GOTO   361
035E:  INCFSZ 37,W
035F:  GOTO   361
0360:  GOTO   366
0361:  MOVF   36,F
0362:  BTFSS  03.2
0363:  GOTO   367
0364:  MOVF   37,F
0365:  BTFSC  03.2
....................             break;
0366:  GOTO   36A
....................         count++;
0367:  INCF   34,F
0368:  INCF   35,F
0369:  GOTO   33D
....................     }
....................     return count;
036A:  MOVF   34,W
036B:  MOVWF  78
036C:  RETURN
.................... }
.................... 
.................... // --- Principal ---
.................... void main() {
*
03D9:  MOVLW  6A
03DA:  MOVLB  01
03DB:  MOVWF  19
03DC:  BSF    0D.4
03DD:  BSF    0D.1
03DE:  MOVLB  04
03DF:  BCF    17.0
03E0:  BCF    17.1
03E1:  BCF    17.3
03E2:  MOVLW  09
03E3:  MOVWF  12
03E4:  MOVLW  28
03E5:  MOVWF  15
03E6:  BSF    14.7
03E7:  BCF    14.6
03E8:  MOVLW  01
03E9:  MOVLB  00
03EA:  MOVWF  23
03EB:  MOVLW  08
03EC:  MOVWF  24
03ED:  CLRF   29
03EE:  CLRF   28
03EF:  CLRF   27
03F0:  CLRF   26
03F1:  CLRF   2A
03F2:  BSF    2B.0
03F3:  CLRF   2F
03F4:  CLRF   2E
03F5:  MOVLB  03
03F6:  CLRF   0C
03F7:  CLRF   0D
03F8:  MOVLB  02
03F9:  CLRF   12
03FA:  CLRF   11
03FB:  CLRF   14
03FC:  CLRF   13
03FD:  MOVLB  00
03FE:  CLRF   25
....................     //set_tris_b(0b00000001); // RB0 como entrada (botón)
....................     //output_b(0b00000000);
.................... 
....................     lcd_init(LCD_ADDR << 1, 16, 2);
03FF:  MOVLW  4E
0400:  MOVWF  34
0401:  MOVLW  10
0402:  MOVWF  35
0403:  MOVLW  02
0404:  MOVWF  36
0405:  GOTO   0D7
.................... 
....................     // Mostrar registros guardados
....................     show_all_records();
0406:  GOTO   2C7
.................... 
....................     int total_records = get_record_count();
....................     int remaining = MAX_RECORDS - total_records;
0407:  CALL   33B
0408:  MOVF   78,W
0409:  MOVWF  30
040A:  SUBLW  80
040B:  MOVWF  31
.................... 
....................     lcd_clear();
040C:  CALL   0CD
....................     lcd_gotoxy(1,1);
040D:  MOVLW  01
040E:  MOVWF  47
040F:  MOVWF  48
0410:  CALL   122
....................     printf(lcd_putc, "Reg:%u Libres:%u", total_records, remaining);
0411:  MOVLW  17
0412:  MOVLB  03
0413:  MOVWF  11
0414:  MOVLW  00
0415:  MOVWF  12
0416:  BCF    03.0
0417:  MOVLW  04
0418:  MOVLB  00
0419:  MOVWF  39
041A:  CALL   1C8
041B:  MOVF   30,W
041C:  MOVWF  39
041D:  MOVLW  1B
041E:  MOVWF  3A
041F:  CALL   22D
0420:  MOVLW  1A
0421:  MOVLB  03
0422:  MOVWF  11
0423:  MOVLW  00
0424:  MOVWF  12
0425:  BCF    03.0
0426:  MOVLW  08
0427:  MOVLB  00
0428:  MOVWF  39
0429:  CALL   1C8
042A:  MOVF   31,W
042B:  MOVWF  39
042C:  MOVLW  1B
042D:  MOVWF  3A
042E:  CALL   22D
....................     delay_ms(2000);
042F:  MOVLW  08
0430:  MOVWF  34
0431:  MOVLW  FA
0432:  MOVWF  47
0433:  CALL   03B
0434:  DECFSZ 34,F
0435:  GOTO   431
.................... 
....................     // Reset contador
....................     run_time = 0;
0436:  CLRF   29
0437:  CLRF   28
0438:  CLRF   27
0439:  CLRF   26
.................... 
....................     while(TRUE) {
....................         delay_ms(1000);
043A:  MOVLW  04
043B:  MOVWF  34
043C:  MOVLW  FA
043D:  MOVWF  47
043E:  CALL   03B
043F:  DECFSZ 34,F
0440:  GOTO   43C
....................         run_time++;
0441:  MOVLW  01
0442:  ADDWF  26,F
0443:  BTFSC  03.0
0444:  INCF   27,F
0445:  BTFSC  03.2
0446:  INCF   28,F
0447:  BTFSC  03.2
0448:  INCF   29,F
.................... 
....................         // Mostrar tiempo
....................         lcd_clear();
0449:  CALL   0CD
....................         lcd_gotoxy(1,1);
044A:  MOVLW  01
044B:  MOVWF  47
044C:  MOVWF  48
044D:  CALL   122
....................         printf(lcd_putc, "Tiempo: %lu s", (unsigned long)run_time);
044E:  MOVLW  20
044F:  MOVLB  03
0450:  MOVWF  11
0451:  MOVLW  00
0452:  MOVWF  12
0453:  BCF    03.0
0454:  MOVLW  08
0455:  MOVLB  00
0456:  MOVWF  39
0457:  CALL   1C8
0458:  MOVLW  10
0459:  MOVWF  04
045A:  MOVF   27,W
045B:  MOVWF  3A
045C:  MOVF   26,W
045D:  MOVWF  39
045E:  CALL   262
045F:  MOVLW  20
0460:  MOVWF  46
0461:  CALL   159
0462:  MOVLW  73
0463:  MOVWF  46
0464:  CALL   159
....................         lcd_gotoxy(1,2);
0465:  MOVLW  01
0466:  MOVWF  47
0467:  MOVLW  02
0468:  MOVWF  48
0469:  CALL   122
....................         printf(lcd_putc, "Guardar Btn RB0");
046A:  MOVLW  27
046B:  MOVLB  03
046C:  MOVWF  11
046D:  MOVLW  00
046E:  MOVWF  12
046F:  MOVLB  00
0470:  CALL   17E
.................... 
....................         // Leer botón (pull-up)
....................         int1 button_state = input(BUTTON);
0471:  BCF    32.0
0472:  BTFSC  0D.0
0473:  BSF    32.0
.................... 
....................         if (!button_state && last_button_state) {
0474:  BTFSC  32.0
0475:  GOTO   4BB
0476:  BTFSS  2B.0
0477:  GOTO   4BB
....................             delay_ms(50); // debounce
0478:  MOVLW  32
0479:  MOVWF  47
047A:  CALL   03B
....................             if (!input(BUTTON)) {
047B:  BTFSC  0D.0
047C:  GOTO   4BB
....................                 save_run_time(run_time);
047D:  MOVF   27,W
047E:  MOVWF  35
047F:  MOVF   26,W
0480:  MOVWF  34
0481:  MOVF   27,W
0482:  MOVWF  37
0483:  MOVF   26,W
0484:  MOVWF  36
0485:  GOTO   36D
....................                 int saved = get_record_count();
0486:  CALL   33B
0487:  MOVF   78,W
0488:  MOVWF  33
....................                 remaining = MAX_RECORDS - saved;
0489:  MOVF   33,W
048A:  SUBLW  80
048B:  MOVWF  31
.................... 
....................                 lcd_clear();
048C:  CALL   0CD
....................                 lcd_gotoxy(1,1);
048D:  MOVLW  01
048E:  MOVWF  47
048F:  MOVWF  48
0490:  CALL   122
....................                 printf(lcd_putc, "Guardado #%u", saved);
0491:  MOVLW  2F
0492:  MOVLB  03
0493:  MOVWF  11
0494:  MOVLW  00
0495:  MOVWF  12
0496:  BCF    03.0
0497:  MOVLW  0A
0498:  MOVLB  00
0499:  MOVWF  39
049A:  CALL   1C8
049B:  MOVF   33,W
049C:  MOVWF  39
049D:  MOVLW  1B
049E:  MOVWF  3A
049F:  CALL   22D
....................                 lcd_gotoxy(1,2);
04A0:  MOVLW  01
04A1:  MOVWF  47
04A2:  MOVLW  02
04A3:  MOVWF  48
04A4:  CALL   122
....................                 printf(lcd_putc, "Quedan:%u", remaining);
04A5:  MOVLW  36
04A6:  MOVLB  03
04A7:  MOVWF  11
04A8:  MOVLW  00
04A9:  MOVWF  12
04AA:  BCF    03.0
04AB:  MOVLW  07
04AC:  MOVLB  00
04AD:  MOVWF  39
04AE:  CALL   1C8
04AF:  MOVF   31,W
04B0:  MOVWF  39
04B1:  MOVLW  1B
04B2:  MOVWF  3A
04B3:  CALL   22D
....................                 delay_ms(1500);
04B4:  MOVLW  06
04B5:  MOVWF  34
04B6:  MOVLW  FA
04B7:  MOVWF  47
04B8:  CALL   03B
04B9:  DECFSZ 34,F
04BA:  GOTO   4B6
....................             }
....................         }
....................         last_button_state = button_state;
04BB:  BCF    2B.0
04BC:  BTFSC  32.0
04BD:  BSF    2B.0
04BE:  GOTO   43A
....................     }
.................... }
.................... 
04BF:  SLEEP

Configuration Fuses:
   Word  1: 3FC4   INTRC_IO NOWDT PUT MCLR NOPROTECT NOCPD BROWNOUT NOCLKOUT IESO FCMEN
   Word  2: 1EFF   NOWRT PLL_SW STVREN BORV19 NODEBUG NOLVP
