
ROM used:   1598/4096 (39%)
            1598/4096 (39%) including unused fragments

            1.1 Average locations per line
            12.4 Average locations per statement

RAM used:   28/383 (7%) at main() level
            72/383 (19%) worst case

Stack used: 6 worst case (5 in main + 1 for interrupts)
Stack size: 16

Lines Stmts  %   Files
----- ----- ---  -----
   81    29  22  main.c
    5     0   0  main.h
  965     0   0  ..\..\..\..\..\..\..\..\..\..\..\..\..\Program Files (x86)\PICC\Devices\16F1827.h
  456   100  78  ..\..\..\..\..\..\..\..\..\..\..\..\..\Program Files (x86)\PICC\Drivers\lcd.c
----- -----
 1507   129 Total

Page ROM  %  RAM    Vol Diff  Functions:
---- --- --- ---    --- ----  ----------
0     22   1    1             @delay_ms1
 Inline         3    760  4.5  lcd_read_byte
0     49   3    2    262  3.7  lcd_read_nibble
0     55   3    1    399  2.4  lcd_send_nibble
0     97   6    3    415  3.7  lcd_send_byte
 Inline         6    852  6.2  lcd_init
0     18   1    4    208  6.3  lcd_gotoxy
0     44   3    1    354  4.7  lcd_putc
0     10   1    0     25  1.9  ext_isr
0     23   1    0     48  1.1  init_adc
0      9   1    0     32  1.0  init_interrupts
0     79   5    0     48  1.1  init_GPIO
0    201  13   13    566  4.6  MAIN
0      8   1    0             @const767
0     74   5    3             @PSTRINGC7_745
0     30   2    2             @ITOF
0    117   7   15             @MULFF
0    203  13   14             @DIVFF
0      1   0    0             @const780
0      5   0    0             @const781
0     81   5    6             @PSTRINGCN7_745
0    102   6   11             @PRINTF_LU_745
 Inline         5             @FTOSD
0     77   5   15             @DIV3232
0    225  14   20             @PRINTF_L32D_745FPFPF
0      7   0    0             @const795
 Inline         0             @cinit1

Program metrics:
    Functions               12
    Statements              129
    Comments                279
    Volume (V)              6288
    Difficulty (D)          39.9
    Effort to implement (E) 251062
    Time to implement (T)   3 hours, 52 minutes
    Est Delivered Bugs (B)  1
    Cyclomatic Complexity   9
    Maintainability (MI)    146

 Segment     Used  Free
-----------  ----  ----
00000-00002     3  0  
00003-00003     1  0  
00004-0003D    58  0  
0003E-007FF  1536  450  
00800-00FFF     0  2048  



