CCS PCM C Compiler, Version 5.093, 4770               16-Sep-25 10:53

               Filename:   C:\Users\bauti\OneDrive\Escritorio\pepe\Estudio\Universidad\3RO\EDI2\REPO\CAD-DAC\pic c compiler\main.lst

               ROM used:   1582 words (39%)
                           Largest free fragment is 2048
               RAM used:   28 (7%) at main() level
                           72 (19%) worst case
               Stack used: 6 locations (5 in main + 1 for interrupts)
               Stack size: 16

0000:  MOVLP  00
0001:  GOTO   57B
0002:  NOP
*
0004:  CLRF   03
0005:  MOVLP  00
0006:  MOVLB  00
0007:  MOVF   77,W
0008:  MOVWF  20
0009:  MOVF   78,W
000A:  MOVWF  21
000B:  MOVF   79,W
000C:  MOVWF  22
000D:  MOVF   7A,W
000E:  MOVWF  23
000F:  MOVLB  03
0010:  MOVF   11,W
0011:  MOVLB  00
0012:  MOVWF  24
0013:  MOVLB  03
0014:  MOVF   12,W
0015:  MOVLB  00
0016:  MOVWF  25
0017:  MOVLB  03
0018:  MOVF   13,W
0019:  MOVLB  00
001A:  MOVWF  26
001B:  MOVLB  03
001C:  MOVF   14,W
001D:  MOVLB  00
001E:  MOVWF  27
001F:  BTFSS  0B.3
0020:  GOTO   023
0021:  BTFSC  0B.0
0022:  GOTO   03C
0023:  MOVF   20,W
0024:  MOVWF  77
0025:  MOVF   21,W
0026:  MOVWF  78
0027:  MOVF   22,W
0028:  MOVWF  79
0029:  MOVF   23,W
002A:  MOVWF  7A
002B:  MOVF   24,W
002C:  MOVLB  03
002D:  MOVWF  11
002E:  MOVLB  00
002F:  MOVF   25,W
0030:  MOVLB  03
0031:  MOVWF  12
0032:  MOVLB  00
0033:  MOVF   26,W
0034:  MOVLB  03
0035:  MOVWF  13
0036:  MOVLB  00
0037:  MOVF   27,W
0038:  MOVLB  03
0039:  MOVWF  14
003A:  RETFIE
003B:  MOVLB  00
003C:  MOVLP  00
003D:  GOTO   03E
.................... #include <main.h>
.................... #include <16F1827.h>
.................... //////////// Standard Header file for the PIC16F1827 device ////////////////
.................... ///////////////////////////////////////////////////////////////////////////
.................... ////        (C) Copyright 1996, 2014 Custom Computer Services          ////
.................... //// This source code may only be used by licensed users of the CCS C  ////
.................... //// compiler.  This source code may only be distributed to other      ////
.................... //// licensed users of the CCS C compiler.  No other use, reproduction ////
.................... //// or distribution is permitted without written permission.          ////
.................... //// Derivative programs created using this software in object code    ////
.................... //// form are not restricted in any way.                               ////
.................... ///////////////////////////////////////////////////////////////////////////
.................... #device PIC16F1827
*
0003:  DATA 0C,00
*
0048:  DATA 8C,20
0049:  DATA C4,21
004A:  DATA 20,28
004B:  DATA C9,21
004C:  DATA 31,1B
004D:  DATA C6,18
004E:  DATA 38,19
004F:  DATA 37,00
0050:  DATA 41,22
0051:  DATA 43,1D
0052:  DATA A0,12
0053:  DATA 34,26
0054:  DATA 75,00
0055:  DATA 8C,20
0056:  DATA C4,21
0057:  DATA 20,28
0058:  DATA C1,2A
0059:  DATA D3,20
005A:  DATA C4,27
005B:  DATA 00,00
*
01C8:  MOVF   0B,W
01C9:  BCF    0B.7
01CA:  MOVLB  03
01CB:  BSF    15.7
01CC:  BSF    15.0
01CD:  NOP
01CE:  NOP
01CF:  BTFSC  09.7
01D0:  BSF    0B.7
01D1:  MOVF   13,W
01D2:  ANDLW  7F
01D3:  BTFSC  03.2
01D4:  GOTO   210
01D5:  MOVLB  00
01D6:  MOVWF  34
01D7:  MOVLB  03
01D8:  MOVF   11,W
01D9:  MOVLB  00
01DA:  MOVWF  35
01DB:  MOVLB  03
01DC:  MOVF   12,W
01DD:  MOVLB  00
01DE:  MOVWF  36
01DF:  MOVF   34,W
01E0:  MOVWF  48
01E1:  CALL   19C
01E2:  MOVF   35,W
01E3:  MOVLB  03
01E4:  MOVWF  11
01E5:  MOVLB  00
01E6:  MOVF   36,W
01E7:  MOVLB  03
01E8:  MOVWF  12
01E9:  MOVF   0B,W
01EA:  BCF    0B.7
01EB:  BSF    15.7
01EC:  BSF    15.0
01ED:  NOP
01EE:  NOP
01EF:  BTFSC  09.7
01F0:  BSF    0B.7
01F1:  RLF    13,W
01F2:  RLF    14,W
01F3:  ANDLW  7F
01F4:  BTFSC  03.2
01F5:  GOTO   210
01F6:  MOVLB  00
01F7:  MOVWF  34
01F8:  MOVLB  03
01F9:  MOVF   11,W
01FA:  MOVLB  00
01FB:  MOVWF  35
01FC:  MOVLB  03
01FD:  MOVF   12,W
01FE:  MOVLB  00
01FF:  MOVWF  36
0200:  MOVF   34,W
0201:  MOVWF  48
0202:  CALL   19C
0203:  MOVF   35,W
0204:  MOVLB  03
0205:  MOVWF  11
0206:  MOVLB  00
0207:  MOVF   36,W
0208:  MOVLB  03
0209:  MOVWF  12
020A:  INCF   11,F
020B:  BTFSC  03.2
020C:  INCF   12,F
020D:  MOVLB  00
020E:  GOTO   1C8
020F:  MOVLB  03
0210:  MOVLB  00
0211:  RETURN
*
0237:  MOVLW  8E
0238:  MOVWF  77
0239:  MOVF   35,W
023A:  MOVWF  78
023B:  MOVF   34,W
023C:  MOVWF  79
023D:  CLRF   7A
023E:  MOVF   78,F
023F:  BTFSS  03.2
0240:  GOTO   24B
0241:  MOVF   79,W
0242:  MOVWF  78
0243:  CLRF   79
0244:  MOVLW  08
0245:  SUBWF  77,F
0246:  MOVF   78,F
0247:  BTFSS  03.2
0248:  GOTO   24B
0249:  CLRF   77
024A:  GOTO   253
024B:  BCF    03.0
024C:  BTFSC  78.7
024D:  GOTO   252
024E:  RLF    79,F
024F:  RLF    78,F
0250:  DECF   77,F
0251:  GOTO   24B
0252:  BCF    78.7
0253:  MOVLP  00
0254:  GOTO   5B2 (RETURN)
0255:  MOVF   48,W
0256:  BTFSC  03.2
0257:  GOTO   2C5
0258:  MOVWF  52
0259:  MOVF   4C,W
025A:  BTFSC  03.2
025B:  GOTO   2C5
025C:  ADDWF  52,F
025D:  BTFSC  03.0
025E:  GOTO   266
025F:  MOVLW  7F
0260:  SUBWF  52,F
0261:  BTFSS  03.0
0262:  GOTO   2C5
0263:  BTFSC  03.2
0264:  GOTO   2C5
0265:  GOTO   26A
0266:  MOVLW  81
0267:  ADDWF  52,F
0268:  BTFSC  03.0
0269:  GOTO   2C5
026A:  MOVF   52,W
026B:  MOVWF  77
026C:  CLRF   78
026D:  CLRF   79
026E:  CLRF   7A
026F:  MOVF   49,W
0270:  MOVWF  56
0271:  BSF    56.7
0272:  MOVF   4A,W
0273:  MOVWF  55
0274:  MOVF   4B,W
0275:  MOVWF  54
0276:  MOVLW  18
0277:  MOVWF  52
0278:  CLRF   53
0279:  BTFSS  54.0
027A:  GOTO   293
027B:  MOVF   4F,W
027C:  ADDWF  7A,F
027D:  BTFSS  03.0
027E:  GOTO   285
027F:  INCF   79,F
0280:  BTFSS  03.2
0281:  GOTO   285
0282:  INCF   78,F
0283:  BTFSC  03.2
0284:  BSF    53.7
0285:  MOVF   4E,W
0286:  ADDWF  79,F
0287:  BTFSS  03.0
0288:  GOTO   28C
0289:  INCF   78,F
028A:  BTFSC  03.2
028B:  BSF    53.7
028C:  MOVF   4D,W
028D:  MOVWF  4A
028E:  BSF    4A.7
028F:  MOVF   4A,W
0290:  ADDWF  78,F
0291:  BTFSC  03.0
0292:  BSF    53.7
0293:  RLF    53,F
0294:  RRF    78,F
0295:  RRF    79,F
0296:  RRF    7A,F
0297:  RRF    56,F
0298:  RRF    55,F
0299:  RRF    54,F
029A:  BCF    03.0
029B:  DECFSZ 52,F
029C:  GOTO   278
029D:  MOVLW  01
029E:  ADDWF  77,F
029F:  BTFSC  03.0
02A0:  GOTO   2C5
02A1:  BTFSC  78.7
02A2:  GOTO   2AA
02A3:  RLF    56,F
02A4:  RLF    7A,F
02A5:  RLF    79,F
02A6:  RLF    78,F
02A7:  DECF   77,F
02A8:  BTFSC  03.2
02A9:  GOTO   2C5
02AA:  BTFSS  56.7
02AB:  GOTO   2BB
02AC:  INCF   7A,F
02AD:  BTFSS  03.2
02AE:  GOTO   2BB
02AF:  INCF   79,F
02B0:  BTFSS  03.2
02B1:  GOTO   2BB
02B2:  INCF   78,F
02B3:  BTFSS  03.2
02B4:  GOTO   2BB
02B5:  RRF    78,F
02B6:  RRF    79,F
02B7:  RRF    7A,F
02B8:  INCF   77,F
02B9:  BTFSC  03.2
02BA:  GOTO   2C5
02BB:  MOVF   49,W
02BC:  MOVWF  53
02BD:  MOVF   4D,W
02BE:  XORWF  53,F
02BF:  BTFSS  53.7
02C0:  GOTO   2C3
02C1:  BSF    78.7
02C2:  GOTO   2C9
02C3:  BCF    78.7
02C4:  GOTO   2C9
02C5:  CLRF   77
02C6:  CLRF   78
02C7:  CLRF   79
02C8:  CLRF   7A
02C9:  RETURN
02CA:  MOVF   38,W
02CB:  BTFSC  03.2
02CC:  GOTO   38F
02CD:  MOVWF  44
02CE:  MOVF   3C,W
02CF:  BTFSC  03.2
02D0:  GOTO   38F
02D1:  SUBWF  44,F
02D2:  BTFSS  03.0
02D3:  GOTO   2D9
02D4:  MOVLW  7F
02D5:  ADDWF  44,F
02D6:  BTFSC  03.0
02D7:  GOTO   38F
02D8:  GOTO   2DF
02D9:  MOVLW  81
02DA:  SUBWF  44,F
02DB:  BTFSS  03.0
02DC:  GOTO   38F
02DD:  BTFSC  03.2
02DE:  GOTO   38F
02DF:  MOVF   44,W
02E0:  MOVWF  77
02E1:  CLRF   78
02E2:  CLRF   79
02E3:  CLRF   7A
02E4:  CLRF   43
02E5:  MOVF   39,W
02E6:  MOVWF  42
02E7:  BSF    42.7
02E8:  MOVF   3A,W
02E9:  MOVWF  41
02EA:  MOVF   3B,W
02EB:  MOVWF  40
02EC:  MOVLW  19
02ED:  MOVWF  44
02EE:  MOVF   3F,W
02EF:  SUBWF  40,F
02F0:  BTFSC  03.0
02F1:  GOTO   302
02F2:  MOVLW  01
02F3:  SUBWF  41,F
02F4:  BTFSC  03.0
02F5:  GOTO   302
02F6:  SUBWF  42,F
02F7:  BTFSC  03.0
02F8:  GOTO   302
02F9:  SUBWF  43,F
02FA:  BTFSC  03.0
02FB:  GOTO   302
02FC:  INCF   43,F
02FD:  INCF   42,F
02FE:  INCF   41,F
02FF:  MOVF   3F,W
0300:  ADDWF  40,F
0301:  GOTO   334
0302:  MOVF   3E,W
0303:  SUBWF  41,F
0304:  BTFSC  03.0
0305:  GOTO   31D
0306:  MOVLW  01
0307:  SUBWF  42,F
0308:  BTFSC  03.0
0309:  GOTO   31D
030A:  SUBWF  43,F
030B:  BTFSC  03.0
030C:  GOTO   31D
030D:  INCF   43,F
030E:  INCF   42,F
030F:  MOVF   3E,W
0310:  ADDWF  41,F
0311:  MOVF   3F,W
0312:  ADDWF  40,F
0313:  BTFSS  03.0
0314:  GOTO   334
0315:  INCF   41,F
0316:  BTFSS  03.2
0317:  GOTO   334
0318:  INCF   42,F
0319:  BTFSS  03.2
031A:  GOTO   334
031B:  INCF   43,F
031C:  GOTO   334
031D:  MOVF   3D,W
031E:  IORLW  80
031F:  SUBWF  42,F
0320:  BTFSC  03.0
0321:  GOTO   333
0322:  MOVLW  01
0323:  SUBWF  43,F
0324:  BTFSC  03.0
0325:  GOTO   333
0326:  INCF   43,F
0327:  MOVF   3D,W
0328:  IORLW  80
0329:  ADDWF  42,F
032A:  MOVF   3E,W
032B:  ADDWF  41,F
032C:  BTFSS  03.0
032D:  GOTO   311
032E:  INCF   42,F
032F:  BTFSS  03.2
0330:  GOTO   311
0331:  INCF   43,F
0332:  GOTO   311
0333:  BSF    7A.0
0334:  DECFSZ 44,F
0335:  GOTO   337
0336:  GOTO   342
0337:  BCF    03.0
0338:  RLF    40,F
0339:  RLF    41,F
033A:  RLF    42,F
033B:  RLF    43,F
033C:  BCF    03.0
033D:  RLF    7A,F
033E:  RLF    79,F
033F:  RLF    78,F
0340:  RLF    45,F
0341:  GOTO   2EE
0342:  BTFSS  45.0
0343:  GOTO   34A
0344:  BCF    03.0
0345:  RRF    78,F
0346:  RRF    79,F
0347:  RRF    7A,F
0348:  RRF    45,F
0349:  GOTO   34D
034A:  DECF   77,F
034B:  BTFSC  03.2
034C:  GOTO   38F
034D:  BTFSC  45.7
034E:  GOTO   376
034F:  BCF    03.0
0350:  RLF    40,F
0351:  RLF    41,F
0352:  RLF    42,F
0353:  RLF    43,F
0354:  MOVF   3F,W
0355:  SUBWF  40,F
0356:  BTFSC  03.0
0357:  GOTO   362
0358:  MOVLW  01
0359:  SUBWF  41,F
035A:  BTFSC  03.0
035B:  GOTO   362
035C:  SUBWF  42,F
035D:  BTFSC  03.0
035E:  GOTO   362
035F:  SUBWF  43,F
0360:  BTFSS  03.0
0361:  GOTO   385
0362:  MOVF   3E,W
0363:  SUBWF  41,F
0364:  BTFSC  03.0
0365:  GOTO   36D
0366:  MOVLW  01
0367:  SUBWF  42,F
0368:  BTFSC  03.0
0369:  GOTO   36D
036A:  SUBWF  43,F
036B:  BTFSS  03.0
036C:  GOTO   385
036D:  MOVF   3D,W
036E:  IORLW  80
036F:  SUBWF  42,F
0370:  BTFSC  03.0
0371:  GOTO   376
0372:  MOVLW  01
0373:  SUBWF  43,F
0374:  BTFSS  03.0
0375:  GOTO   385
0376:  INCF   7A,F
0377:  BTFSS  03.2
0378:  GOTO   385
0379:  INCF   79,F
037A:  BTFSS  03.2
037B:  GOTO   385
037C:  INCF   78,F
037D:  BTFSS  03.2
037E:  GOTO   385
037F:  INCF   77,F
0380:  BTFSC  03.2
0381:  GOTO   38F
0382:  RRF    78,F
0383:  RRF    79,F
0384:  RRF    7A,F
0385:  MOVF   39,W
0386:  MOVWF  44
0387:  MOVF   3D,W
0388:  XORWF  44,F
0389:  BTFSS  44.7
038A:  GOTO   38D
038B:  BSF    78.7
038C:  GOTO   393
038D:  BCF    78.7
038E:  GOTO   393
038F:  CLRF   77
0390:  CLRF   78
0391:  CLRF   79
0392:  CLRF   7A
0393:  MOVLP  00
0394:  GOTO   5D9 (RETURN)
0395:  MOVF   0B,W
0396:  BCF    0B.7
0397:  MOVLB  03
0398:  BSF    15.7
0399:  BSF    15.0
039A:  NOP
039B:  NOP
039C:  BTFSC  09.7
039D:  BSF    0B.7
039E:  BTFSC  03.0
039F:  GOTO   3C6
03A0:  MOVF   13,W
03A1:  ANDLW  7F
03A2:  MOVLB  00
03A3:  MOVWF  37
03A4:  MOVLB  03
03A5:  MOVF   11,W
03A6:  MOVLB  00
03A7:  MOVWF  38
03A8:  MOVLB  03
03A9:  MOVF   12,W
03AA:  MOVLB  00
03AB:  MOVWF  39
03AC:  MOVF   37,W
03AD:  MOVWF  48
03AE:  CALL   19C
03AF:  MOVF   38,W
03B0:  MOVLB  03
03B1:  MOVWF  11
03B2:  MOVLB  00
03B3:  MOVF   39,W
03B4:  MOVLB  03
03B5:  MOVWF  12
03B6:  MOVF   0B,W
03B7:  BCF    0B.7
03B8:  BSF    15.7
03B9:  BSF    15.0
03BA:  NOP
03BB:  NOP
03BC:  BTFSC  09.7
03BD:  BSF    0B.7
03BE:  MOVLB  00
03BF:  DECFSZ 34,F
03C0:  GOTO   3C2
03C1:  GOTO   3C4
03C2:  MOVLB  03
03C3:  GOTO   3C6
03C4:  GOTO   3E4
03C5:  MOVLB  03
03C6:  RLF    13,W
03C7:  RLF    14,W
03C8:  ANDLW  7F
03C9:  MOVLB  00
03CA:  MOVWF  37
03CB:  MOVLB  03
03CC:  MOVF   11,W
03CD:  MOVLB  00
03CE:  MOVWF  38
03CF:  MOVLB  03
03D0:  MOVF   12,W
03D1:  MOVLB  00
03D2:  MOVWF  39
03D3:  MOVF   37,W
03D4:  MOVWF  48
03D5:  CALL   19C
03D6:  MOVF   38,W
03D7:  MOVLB  03
03D8:  MOVWF  11
03D9:  MOVLB  00
03DA:  MOVF   39,W
03DB:  MOVLB  03
03DC:  MOVWF  12
03DD:  INCF   11,F
03DE:  BTFSC  03.2
03DF:  INCF   12,F
03E0:  BCF    03.0
03E1:  MOVLB  00
03E2:  DECFSZ 34,F
03E3:  GOTO   395
03E4:  MOVLP  00
03E5:  GOTO   5F2 (RETURN)
03E6:  MOVF   05,W
03E7:  MOVWF  3E
03E8:  MOVF   04,W
03E9:  MOVWF  3D
03EA:  SWAPF  35,W
03EB:  IORLW  F0
03EC:  MOVWF  39
03ED:  ADDWF  39,F
03EE:  ADDLW  E2
03EF:  MOVWF  3A
03F0:  ADDLW  32
03F1:  MOVWF  3C
03F2:  MOVF   35,W
03F3:  ANDLW  0F
03F4:  ADDWF  3A,F
03F5:  ADDWF  3A,F
03F6:  ADDWF  3C,F
03F7:  ADDLW  E9
03F8:  MOVWF  3B
03F9:  ADDWF  3B,F
03FA:  ADDWF  3B,F
03FB:  SWAPF  34,W
03FC:  ANDLW  0F
03FD:  ADDWF  3B,F
03FE:  ADDWF  3C,F
03FF:  RLF    3B,F
0400:  RLF    3C,F
0401:  COMF   3C,F
0402:  RLF    3C,F
0403:  MOVF   34,W
0404:  ANDLW  0F
0405:  ADDWF  3C,F
0406:  RLF    39,F
0407:  MOVLW  07
0408:  MOVWF  38
0409:  MOVLW  0A
040A:  ADDWF  3C,F
040B:  DECF   3B,F
040C:  BTFSS  03.0
040D:  GOTO   40A
040E:  ADDWF  3B,F
040F:  DECF   3A,F
0410:  BTFSS  03.0
0411:  GOTO   40E
0412:  ADDWF  3A,F
0413:  DECF   39,F
0414:  BTFSS  03.0
0415:  GOTO   412
0416:  ADDWF  39,F
0417:  DECF   38,F
0418:  BTFSS  03.0
0419:  GOTO   416
041A:  MOVLW  20
041B:  MOVWF  05
041C:  MOVLW  18
041D:  MOVWF  04
041E:  MOVLW  07
041F:  ANDWF  3D,W
0420:  BCF    3D.6
0421:  ADDWF  04,F
0422:  MOVLW  00
0423:  ADDWFC 05,F
0424:  MOVF   04,W
0425:  SUBLW  1C
0426:  BTFSS  03.2
0427:  GOTO   42C
0428:  MOVF   05,W
0429:  SUBLW  20
042A:  BTFSC  03.2
042B:  BSF    3D.6
042C:  MOVF   00,W
042D:  MOVWF  77
042E:  BTFSS  03.2
042F:  GOTO   438
0430:  BTFSC  3D.6
0431:  GOTO   438
0432:  BTFSC  3D.4
0433:  GOTO   447
0434:  BTFSC  3D.3
0435:  GOTO   438
0436:  MOVLW  20
0437:  GOTO   43B
0438:  BSF    3D.3
0439:  BCF    3D.4
043A:  MOVLW  30
043B:  ADDWF  77,F
043C:  MOVF   05,W
043D:  MOVWF  35
043E:  MOVF   04,W
043F:  MOVWF  34
0440:  MOVF   77,W
0441:  MOVWF  48
0442:  CALL   19C
0443:  MOVF   35,W
0444:  MOVWF  05
0445:  MOVF   34,W
0446:  MOVWF  04
0447:  ADDFSR 01,FSR0
0448:  BTFSS  3D.6
0449:  GOTO   424
044A:  MOVLP  00
044B:  GOTO   5F9 (RETURN)
044C:  BTFSC  03.1
044D:  GOTO   452
044E:  MOVLW  20
044F:  MOVWF  05
0450:  MOVLW  32
0451:  MOVWF  04
0452:  CLRF   77
0453:  CLRF   78
0454:  CLRF   79
0455:  CLRF   7A
0456:  CLRF   52
0457:  CLRF   53
0458:  CLRF   54
0459:  CLRF   55
045A:  MOVF   4F,W
045B:  IORWF  4E,W
045C:  IORWF  4D,W
045D:  IORWF  4C,W
045E:  BTFSC  03.2
045F:  GOTO   490
0460:  MOVLW  20
0461:  MOVWF  56
0462:  BCF    03.0
0463:  RLF    48,F
0464:  RLF    49,F
0465:  RLF    4A,F
0466:  RLF    4B,F
0467:  RLF    52,F
0468:  RLF    53,F
0469:  RLF    54,F
046A:  RLF    55,F
046B:  MOVF   4F,W
046C:  SUBWF  55,W
046D:  BTFSS  03.2
046E:  GOTO   479
046F:  MOVF   4E,W
0470:  SUBWF  54,W
0471:  BTFSS  03.2
0472:  GOTO   479
0473:  MOVF   4D,W
0474:  SUBWF  53,W
0475:  BTFSS  03.2
0476:  GOTO   479
0477:  MOVF   4C,W
0478:  SUBWF  52,W
0479:  BTFSS  03.0
047A:  GOTO   48A
047B:  MOVF   4C,W
047C:  SUBWF  52,F
047D:  MOVF   4D,W
047E:  BTFSS  03.0
047F:  INCFSZ 4D,W
0480:  SUBWF  53,F
0481:  MOVF   4E,W
0482:  BTFSS  03.0
0483:  INCFSZ 4E,W
0484:  SUBWF  54,F
0485:  MOVF   4F,W
0486:  BTFSS  03.0
0487:  INCFSZ 4F,W
0488:  SUBWF  55,F
0489:  BSF    03.0
048A:  RLF    77,F
048B:  RLF    78,F
048C:  RLF    79,F
048D:  RLF    7A,F
048E:  DECFSZ 56,F
048F:  GOTO   462
0490:  MOVF   52,W
0491:  MOVWF  00
0492:  MOVF   53,W
0493:  MOVWI  W,[FSR0+01]
0494:  MOVF   54,W
0495:  MOVWI  W,[FSR0+02]
0496:  MOVF   55,W
0497:  MOVWI  W,[FSR0+03]
0498:  RETURN
0499:  MOVF   04,W
049A:  MOVWF  40
049B:  MOVF   38,W
049C:  MOVWF  42
049D:  BTFSC  03.2
049E:  GOTO   4B8
049F:  MOVF   37,W
04A0:  MOVWF  4B
04A1:  MOVF   36,W
04A2:  MOVWF  4A
04A3:  MOVF   35,W
04A4:  MOVWF  49
04A5:  MOVF   34,W
04A6:  MOVWF  48
04A7:  CLRF   4F
04A8:  CLRF   4E
04A9:  MOVLW  20
04AA:  MOVWF  4D
04AB:  MOVLW  82
04AC:  MOVWF  4C
04AD:  CALL   255
04AE:  MOVF   7A,W
04AF:  MOVWF  37
04B0:  MOVF   79,W
04B1:  MOVWF  36
04B2:  MOVF   78,W
04B3:  MOVWF  35
04B4:  MOVF   77,W
04B5:  MOVWF  34
04B6:  DECFSZ 42,F
04B7:  GOTO   49F
04B8:  MOVF   37,W
04B9:  MOVWF  4B
04BA:  MOVF   36,W
04BB:  MOVWF  4A
04BC:  MOVF   35,W
04BD:  MOVWF  49
04BE:  MOVF   34,W
04BF:  MOVWF  48
04C0:  MOVF   48,W
04C1:  SUBLW  B6
04C2:  MOVWF  48
04C3:  CLRF   7A
04C4:  MOVF   49,W
04C5:  MOVWF  4C
04C6:  BSF    49.7
04C7:  BCF    03.0
04C8:  RRF    49,F
04C9:  RRF    4A,F
04CA:  RRF    4B,F
04CB:  RRF    7A,F
04CC:  RRF    79,F
04CD:  RRF    78,F
04CE:  RRF    77,F
04CF:  DECFSZ 48,F
04D0:  GOTO   4C7
04D1:  BTFSS  4C.7
04D2:  GOTO   4DE
04D3:  COMF   77,F
04D4:  COMF   78,F
04D5:  COMF   79,F
04D6:  COMF   7A,F
04D7:  INCF   77,F
04D8:  BTFSC  03.2
04D9:  INCF   78,F
04DA:  BTFSC  03.2
04DB:  INCF   79,F
04DC:  BTFSC  03.2
04DD:  INCF   7A,F
04DE:  MOVF   7A,W
04DF:  MOVWF  37
04E0:  MOVF   79,W
04E1:  MOVWF  36
04E2:  MOVF   78,W
04E3:  MOVWF  35
04E4:  MOVF   77,W
04E5:  MOVWF  34
04E6:  BTFSS  37.7
04E7:  GOTO   4F5
04E8:  DECF   40,F
04E9:  BSF    40.5
04EA:  COMF   34,F
04EB:  COMF   35,F
04EC:  COMF   36,F
04ED:  COMF   37,F
04EE:  INCF   34,F
04EF:  BTFSC  03.2
04F0:  INCF   35,F
04F1:  BTFSC  03.2
04F2:  INCF   36,F
04F3:  BTFSC  03.2
04F4:  INCF   37,F
04F5:  MOVLW  3B
04F6:  MOVWF  47
04F7:  MOVLW  9A
04F8:  MOVWF  46
04F9:  MOVLW  CA
04FA:  MOVWF  45
04FB:  CLRF   44
04FC:  MOVLW  0A
04FD:  MOVWF  42
04FE:  MOVF   38,W
04FF:  BTFSC  03.2
0500:  INCF   40,F
0501:  BSF    03.1
0502:  MOVLW  20
0503:  MOVWF  05
0504:  MOVLW  14
0505:  MOVWF  04
0506:  MOVF   37,W
0507:  MOVWF  4B
0508:  MOVF   36,W
0509:  MOVWF  4A
050A:  MOVF   35,W
050B:  MOVWF  49
050C:  MOVF   34,W
050D:  MOVWF  48
050E:  MOVF   47,W
050F:  MOVWF  4F
0510:  MOVF   46,W
0511:  MOVWF  4E
0512:  MOVF   45,W
0513:  MOVWF  4D
0514:  MOVF   44,W
0515:  MOVWF  4C
0516:  CALL   44C
0517:  MOVF   78,W
0518:  MOVF   77,F
0519:  BTFSS  03.2
051A:  GOTO   52E
051B:  INCF   38,W
051C:  SUBWF  42,W
051D:  BTFSC  03.2
051E:  GOTO   52E
051F:  MOVF   40,W
0520:  BTFSC  03.2
0521:  GOTO   530
0522:  ANDLW  0F
0523:  SUBWF  42,W
0524:  BTFSC  03.2
0525:  GOTO   528
0526:  BTFSC  03.0
0527:  GOTO   560
0528:  BTFSC  40.7
0529:  GOTO   560
052A:  BTFSC  40.6
052B:  GOTO   530
052C:  MOVLW  20
052D:  GOTO   55C
052E:  MOVLW  20
052F:  ANDWF  40,F
0530:  BTFSS  40.5
0531:  GOTO   53E
0532:  BCF    40.5
0533:  MOVF   38,W
0534:  BTFSS  03.2
0535:  DECF   40,F
0536:  MOVF   77,W
0537:  MOVWF  40
0538:  MOVLW  2D
0539:  MOVWF  48
053A:  CALL   19C
053B:  MOVF   40,W
053C:  MOVWF  77
053D:  CLRF   40
053E:  MOVF   38,W
053F:  SUBWF  42,W
0540:  BTFSS  03.2
0541:  GOTO   54C
0542:  MOVF   77,W
0543:  MOVWF  40
0544:  MOVLW  2E
0545:  MOVWF  48
0546:  CALL   19C
0547:  MOVF   40,W
0548:  MOVWF  77
0549:  MOVLW  20
054A:  ANDWF  40,F
054B:  MOVLW  00
054C:  MOVLW  30
054D:  BTFSS  40.5
054E:  GOTO   55C
054F:  BCF    40.5
0550:  MOVF   38,W
0551:  BTFSS  03.2
0552:  DECF   40,F
0553:  MOVF   77,W
0554:  MOVWF  40
0555:  MOVLW  2D
0556:  MOVWF  48
0557:  CALL   19C
0558:  MOVF   40,W
0559:  MOVWF  77
055A:  CLRF   40
055B:  MOVLW  30
055C:  ADDWF  77,F
055D:  MOVF   77,W
055E:  MOVWF  48
055F:  CALL   19C
0560:  BCF    03.1
0561:  MOVF   47,W
0562:  MOVWF  4B
0563:  MOVF   46,W
0564:  MOVWF  4A
0565:  MOVF   45,W
0566:  MOVWF  49
0567:  MOVF   44,W
0568:  MOVWF  48
0569:  CLRF   4F
056A:  CLRF   4E
056B:  CLRF   4D
056C:  MOVLW  0A
056D:  MOVWF  4C
056E:  CALL   44C
056F:  MOVF   7A,W
0570:  MOVWF  47
0571:  MOVF   79,W
0572:  MOVWF  46
0573:  MOVF   78,W
0574:  MOVWF  45
0575:  MOVF   77,W
0576:  MOVWF  44
0577:  DECFSZ 42,F
0578:  GOTO   501
0579:  MOVLP  00
057A:  GOTO   614 (RETURN)
.................... 
.................... #list
.................... 
.................... #device ADC=10
.................... #use delay(internal=4MHz)
*
005C:  MOVLW  20
005D:  MOVWF  05
005E:  MOVLW  29
005F:  MOVWF  04
0060:  MOVF   00,W
0061:  BTFSC  03.2
0062:  GOTO   071
0063:  MOVLW  01
0064:  MOVWF  78
0065:  CLRF   77
0066:  DECFSZ 77,F
0067:  GOTO   066
0068:  DECFSZ 78,F
0069:  GOTO   065
006A:  MOVLW  4A
006B:  MOVWF  77
006C:  DECFSZ 77,F
006D:  GOTO   06C
006E:  GOTO   06F
006F:  DECFSZ 00,F
0070:  GOTO   063
0071:  RETURN
.................... 
.................... 
.................... #fuses NOWDT, INTRC_IO, NOMCLR, NOBROWNOUT
.................... 
.................... #define LCD_ENABLE_PIN PIN_B3 //Librerias para el LCD 
.................... #define LCD_RS_PIN PIN_B1 
.................... #define LCD_RW_PIN PIN_B2 
.................... #define LCD_DATA4 PIN_B4 
.................... #define LCD_DATA5 PIN_B5 
.................... #define LCD_DATA6 PIN_B6 
.................... #define LCD_DATA7 PIN_B7
.................... 
.................... #include <lcd.c>
.................... ///////////////////////////////////////////////////////////////////////////////
.................... ////                             LCD.C                                     ////
.................... ////                 Driver for common LCD modules                         ////
.................... ////                                                                       ////
.................... ////  lcd_init()   Must be called before any other function.               ////
.................... ////                                                                       ////
.................... ////  lcd_putc(c)  Will display c on the next position of the LCD.         ////
.................... ////                 \a  Set cursor position to upper left                 ////
.................... ////                 \f  Clear display, set cursor to upper left           ////
.................... ////                 \n  Go to start of second line                        ////
.................... ////                 \b  Move back one position                            ////
.................... ////              If LCD_EXTENDED_NEWLINE is defined, the \n character     ////
.................... ////              will erase all remanining characters on the current      ////
.................... ////              line, and move the cursor to the beginning of the next   ////
.................... ////              line.                                                    ////
.................... ////              If LCD_EXTENDED_NEWLINE is defined, the \r character     ////
.................... ////              will move the cursor to the start of the current         ////
.................... ////              line.                                                    ////
.................... ////                                                                       ////
.................... ////  lcd_gotoxy(x,y) Set write position on LCD (upper left is 1,1)        ////
.................... ////                                                                       ////
.................... ////  lcd_getc(x,y)   Returns character at position x,y on LCD             ////
.................... ////                                                                       ////
.................... ////  lcd_cursor_on(int1 on)   Turn the cursor on (on=TRUE) or off         ////
.................... ////              (on=FALSE).                                              ////
.................... ////                                                                       ////
.................... ////  lcd_set_cgram_char(w, *p)   Write a custom character to the CGRAM.   ////
.................... ////                                                                       ////
.................... ////                                                                       ////
.................... ////  CONFIGURATION                                                        ////
.................... ////  The LCD can be configured in one of two ways: a.) port access or     ////
.................... ////  b.) pin access.  Port access requires the entire 7 bit interface     ////
.................... ////  connected to one GPIO port, and the data bits (D4:D7 of the LCD)     ////
.................... ////  connected to sequential pins on the GPIO.  Pin access                ////
.................... ////  has no requirements, all 7 bits of the control interface can         ////
.................... ////  can be connected to any GPIO using several ports.                    ////
.................... ////                                                                       ////
.................... ////  To use port access, #define LCD_DATA_PORT to the SFR location of     ////
.................... ////  of the GPIO port that holds the interface, -AND- edit LCD_PIN_MAP    ////
.................... ////  of this file to configure the pin order.  If you are using a         ////
.................... ////  baseline PIC (PCB), then LCD_OUTPUT_MAP and LCD_INPUT_MAP also must  ////
.................... ////  be defined.                                                          ////
.................... ////                                                                       ////
.................... ////  Example of port access:                                              ////
.................... ////     #define LCD_DATA_PORT getenv("SFR:PORTD")                         ////
.................... ////                                                                       ////
.................... ////  To use pin access, the following pins must be defined:               ////
.................... ////     LCD_ENABLE_PIN                                                    ////
.................... ////     LCD_RS_PIN                                                        ////
.................... ////     LCD_RW_PIN                                                        ////
.................... ////     LCD_DATA4                                                         ////
.................... ////     LCD_DATA5                                                         ////
.................... ////     LCD_DATA6                                                         ////
.................... ////     LCD_DATA7                                                         ////
.................... ////                                                                       ////
.................... ////  Example of pin access:                                               ////
.................... ////     #define LCD_ENABLE_PIN  PIN_E0                                    ////
.................... ////     #define LCD_RS_PIN      PIN_E1                                    ////
.................... ////     #define LCD_RW_PIN      PIN_E2                                    ////
.................... ////     #define LCD_DATA4       PIN_D4                                    ////
.................... ////     #define LCD_DATA5       PIN_D5                                    ////
.................... ////     #define LCD_DATA6       PIN_D6                                    ////
.................... ////     #define LCD_DATA7       PIN_D7                                    ////
.................... ////                                                                       ////
.................... ///////////////////////////////////////////////////////////////////////////////
.................... ////        (C) Copyright 1996,2010 Custom Computer Services           ////
.................... //// This source code may only be used by licensed users of the CCS C  ////
.................... //// compiler.  This source code may only be distributed to other      ////
.................... //// licensed users of the CCS C compiler.  No other use, reproduction ////
.................... //// or distribution is permitted without written permission.          ////
.................... //// Derivative programs created using this software in object code    ////
.................... //// form are not restricted in any way.                               ////
.................... ///////////////////////////////////////////////////////////////////////////
.................... 
.................... #ifndef __LCD_C__
.................... #define __LCD_C__
.................... 
.................... // define the pinout.
.................... // only required if port access is being used.
.................... typedef struct  
.................... {                            // This structure is overlayed
....................    int1 enable;           // on to an I/O port to gain
....................    int1 rs;               // access to the LCD pins.
....................    int1 rw;               // The bits are allocated from
....................    int1 unused;           // low order up.  ENABLE will
....................    unsigned int     data : 4;         // be LSB pin of that port.
....................   #if defined(__PCD__)       // The port used will be LCD_DATA_PORT.
....................    unsigned int    reserved: 8;
....................   #endif
.................... } LCD_PIN_MAP;
.................... 
.................... // this is to improve compatability with previous LCD drivers that accepted
.................... // a define labeled 'use_portb_lcd' that configured the LCD onto port B.
.................... #if ((defined(use_portb_lcd)) && (use_portb_lcd==TRUE))
....................  #define LCD_DATA_PORT getenv("SFR:PORTB")
.................... #endif
.................... 
.................... #if defined(__PCB__)
....................    // these definitions only need to be modified for baseline PICs.
....................    // all other PICs use LCD_PIN_MAP or individual LCD_xxx pin definitions.
.................... /*                                    EN, RS,   RW,   UNUSED,  DATA  */
....................  const LCD_PIN_MAP LCD_OUTPUT_MAP =  {0,  0,    0,    0,       0};
....................  const LCD_PIN_MAP LCD_INPUT_MAP =   {0,  0,    0,    0,       0xF};
.................... #endif
.................... 
.................... ////////////////////// END CONFIGURATION ///////////////////////////////////
.................... 
.................... #ifndef LCD_ENABLE_PIN
....................    #define lcd_output_enable(x) lcdlat.enable=x
....................    #define lcd_enable_tris()   lcdtris.enable=0
.................... #else
....................    #define lcd_output_enable(x) output_bit(LCD_ENABLE_PIN, x)
....................    #define lcd_enable_tris()  output_drive(LCD_ENABLE_PIN)
.................... #endif
.................... 
.................... #ifndef LCD_RS_PIN
....................    #define lcd_output_rs(x) lcdlat.rs=x
....................    #define lcd_rs_tris()   lcdtris.rs=0
.................... #else
....................    #define lcd_output_rs(x) output_bit(LCD_RS_PIN, x)
....................    #define lcd_rs_tris()  output_drive(LCD_RS_PIN)
.................... #endif
.................... 
.................... #ifndef LCD_RW_PIN
....................    #define lcd_output_rw(x) lcdlat.rw=x
....................    #define lcd_rw_tris()   lcdtris.rw=0
.................... #else
....................    #define lcd_output_rw(x) output_bit(LCD_RW_PIN, x)
....................    #define lcd_rw_tris()  output_drive(LCD_RW_PIN)
.................... #endif
.................... 
.................... // original version of this library incorrectly labeled LCD_DATA0 as LCD_DATA4,
.................... // LCD_DATA1 as LCD_DATA5, and so on.  this block of code makes the driver
.................... // compatible with any code written for the original library
.................... #if (defined(LCD_DATA0) && defined(LCD_DATA1) && defined(LCD_DATA2) && defined(LCD_DATA3) && !defined(LCD_DATA4) && !defined(LCD_DATA5) && !defined(LCD_DATA6) && !defined(LCD_DATA7))
....................    #define  LCD_DATA4    LCD_DATA0
....................    #define  LCD_DATA5    LCD_DATA1
....................    #define  LCD_DATA6    LCD_DATA2
....................    #define  LCD_DATA7    LCD_DATA3
.................... #endif
.................... 
.................... #ifndef LCD_DATA4
.................... #ifndef LCD_DATA_PORT
....................    #if defined(__PCB__)
....................       #define LCD_DATA_PORT      0x06     //portb
....................       #define set_tris_lcd(x)   set_tris_b(x)
....................    #else
....................      #if defined(PIN_D0)
....................       #define LCD_DATA_PORT      getenv("SFR:PORTD")     //portd
....................      #else
....................       #define LCD_DATA_PORT      getenv("SFR:PORTB")     //portb
....................      #endif
....................    #endif   
.................... #endif
.................... 
.................... #if defined(__PCB__)
....................    LCD_PIN_MAP lcd, lcdlat;
....................    #byte lcd = LCD_DATA_PORT
....................    #byte lcdlat = LCD_DATA_PORT
.................... #elif defined(__PCM__)
....................    LCD_PIN_MAP lcd, lcdlat, lcdtris;
....................    #byte lcd = LCD_DATA_PORT
....................    #byte lcdlat = LCD_DATA_PORT
....................    #byte lcdtris = LCD_DATA_PORT+0x80
.................... #elif defined(__PCH__)
....................    LCD_PIN_MAP lcd, lcdlat, lcdtris;
....................    #byte lcd = LCD_DATA_PORT
....................    #byte lcdlat = LCD_DATA_PORT+9
....................    #byte lcdtris = LCD_DATA_PORT+0x12
.................... #elif defined(__PCD__)
....................    LCD_PIN_MAP lcd, lcdlat, lcdtris;
....................    #word lcd = LCD_DATA_PORT
....................    #word lcdlat = LCD_DATA_PORT+2
....................    #word lcdtris = LCD_DATA_PORT-0x02
.................... #endif
.................... #endif   //LCD_DATA4 not defined
.................... 
.................... #ifndef LCD_TYPE
....................    #define LCD_TYPE 2           // 0=5x7, 1=5x10, 2=2 lines
.................... #endif
.................... 
.................... #ifndef LCD_LINE_TWO
....................    #define LCD_LINE_TWO 0x40    // LCD RAM address for the second line
.................... #endif
.................... 
.................... #ifndef LCD_LINE_LENGTH
....................    #define LCD_LINE_LENGTH 20
.................... #endif
.................... 
.................... unsigned int8 lcd_read_nibble(void);
.................... 
.................... unsigned int8 lcd_read_byte(void)
.................... {
....................    unsigned int8 low,high;
.................... 
....................  #if defined(__PCB__)
....................    set_tris_lcd(LCD_INPUT_MAP);
....................  #else
....................   #if (defined(LCD_DATA4) && defined(LCD_DATA5) && defined(LCD_DATA6) && defined(LCD_DATA7))
....................    output_float(LCD_DATA4);
*
00E2:  BSF    0D.4
....................    output_float(LCD_DATA5);
00E3:  BSF    0D.5
....................    output_float(LCD_DATA6);
00E4:  BSF    0D.6
....................    output_float(LCD_DATA7);
00E5:  BSF    0D.7
....................   #else
....................    lcdtris.data = 0xF;
....................   #endif
....................  #endif
....................         
....................    lcd_output_rw(1);
00E6:  MOVLB  02
00E7:  BSF    0D.2
00E8:  MOVLB  01
00E9:  BCF    0D.2
....................    delay_cycles(1);
00EA:  NOP
....................    lcd_output_enable(1);
00EB:  MOVLB  02
00EC:  BSF    0D.3
00ED:  MOVLB  01
00EE:  BCF    0D.3
....................    delay_cycles(1);
00EF:  NOP
....................    high = lcd_read_nibble();
00F0:  MOVLB  00
00F1:  CALL   0A9
00F2:  MOVF   78,W
00F3:  MOVWF  50
....................       
....................    lcd_output_enable(0);
00F4:  MOVLB  02
00F5:  BCF    0D.3
00F6:  MOVLB  01
00F7:  BCF    0D.3
....................    delay_cycles(1);
00F8:  NOP
....................    lcd_output_enable(1);
00F9:  MOVLB  02
00FA:  BSF    0D.3
00FB:  MOVLB  01
00FC:  BCF    0D.3
....................    delay_us(1);
00FD:  NOP
....................    low = lcd_read_nibble();
00FE:  MOVLB  00
00FF:  CALL   0A9
0100:  MOVF   78,W
0101:  MOVWF  4F
....................       
....................    lcd_output_enable(0);
0102:  MOVLB  02
0103:  BCF    0D.3
0104:  MOVLB  01
0105:  BCF    0D.3
.................... 
....................  #if defined(__PCB__)
....................    set_tris_lcd(LCD_OUTPUT_MAP);
....................  #else
....................   #if (defined(LCD_DATA4) && defined(LCD_DATA5) && defined(LCD_DATA6) && defined(LCD_DATA7))
....................    output_drive(LCD_DATA4);
0106:  BCF    0D.4
....................    output_drive(LCD_DATA5);
0107:  BCF    0D.5
....................    output_drive(LCD_DATA6);
0108:  BCF    0D.6
....................    output_drive(LCD_DATA7);
0109:  BCF    0D.7
....................   #else
....................    lcdtris.data = 0x0;
....................   #endif
....................  #endif
.................... 
....................    return( (high<<4) | low);
010A:  MOVLB  00
010B:  SWAPF  50,W
010C:  MOVWF  77
010D:  MOVLW  F0
010E:  ANDWF  77,F
010F:  MOVF   77,W
0110:  IORWF  4F,W
0111:  MOVWF  78
.................... }
.................... 
.................... unsigned int8 lcd_read_nibble(void)
.................... {
....................   #if (defined(LCD_DATA4) && defined(LCD_DATA5) && defined(LCD_DATA6) && defined(LCD_DATA7))
*
00A9:  CLRF   51
....................    unsigned int8 n = 0x00;
.................... 
....................    /* Read the data port */
....................    n |= input(LCD_DATA4);
00AA:  MOVLB  01
00AB:  BSF    0D.4
00AC:  MOVLW  00
00AD:  MOVLB  00
00AE:  BTFSC  0D.4
00AF:  MOVLW  01
00B0:  IORWF  51,F
....................    n |= input(LCD_DATA5) << 1;
00B1:  MOVLB  01
00B2:  BSF    0D.5
00B3:  MOVLW  00
00B4:  MOVLB  00
00B5:  BTFSC  0D.5
00B6:  MOVLW  01
00B7:  MOVWF  77
00B8:  BCF    03.0
00B9:  RLF    77,F
00BA:  MOVF   77,W
00BB:  IORWF  51,F
....................    n |= input(LCD_DATA6) << 2;
00BC:  MOVLB  01
00BD:  BSF    0D.6
00BE:  MOVLW  00
00BF:  MOVLB  00
00C0:  BTFSC  0D.6
00C1:  MOVLW  01
00C2:  MOVWF  77
00C3:  RLF    77,F
00C4:  RLF    77,F
00C5:  MOVLW  FC
00C6:  ANDWF  77,F
00C7:  MOVF   77,W
00C8:  IORWF  51,F
....................    n |= input(LCD_DATA7) << 3;
00C9:  MOVLB  01
00CA:  BSF    0D.7
00CB:  MOVLW  00
00CC:  MOVLB  00
00CD:  BTFSC  0D.7
00CE:  MOVLW  01
00CF:  MOVWF  77
00D0:  RLF    77,F
00D1:  RLF    77,F
00D2:  RLF    77,F
00D3:  MOVLW  F8
00D4:  ANDWF  77,F
00D5:  MOVF   77,W
00D6:  IORWF  51,F
....................    
....................    return(n);
00D7:  MOVF   51,W
00D8:  MOVWF  78
....................   #else
00D9:  RETURN
....................    return(lcd.data);
....................   #endif
.................... }
.................... 
.................... void lcd_send_nibble(unsigned int8 n)
.................... {
....................   #if (defined(LCD_DATA4) && defined(LCD_DATA5) && defined(LCD_DATA6) && defined(LCD_DATA7))
....................    /* Write to the data port */
....................    output_bit(LCD_DATA4, bit_test(n, 0));
*
0072:  BTFSC  50.0
0073:  GOTO   078
0074:  MOVLB  02
0075:  BCF    0D.4
0076:  GOTO   07A
0077:  MOVLB  00
0078:  MOVLB  02
0079:  BSF    0D.4
007A:  MOVLB  01
007B:  BCF    0D.4
....................    output_bit(LCD_DATA5, bit_test(n, 1));
007C:  MOVLB  00
007D:  BTFSC  50.1
007E:  GOTO   083
007F:  MOVLB  02
0080:  BCF    0D.5
0081:  GOTO   085
0082:  MOVLB  00
0083:  MOVLB  02
0084:  BSF    0D.5
0085:  MOVLB  01
0086:  BCF    0D.5
....................    output_bit(LCD_DATA6, bit_test(n, 2));
0087:  MOVLB  00
0088:  BTFSC  50.2
0089:  GOTO   08E
008A:  MOVLB  02
008B:  BCF    0D.6
008C:  GOTO   090
008D:  MOVLB  00
008E:  MOVLB  02
008F:  BSF    0D.6
0090:  MOVLB  01
0091:  BCF    0D.6
....................    output_bit(LCD_DATA7, bit_test(n, 3));
0092:  MOVLB  00
0093:  BTFSC  50.3
0094:  GOTO   099
0095:  MOVLB  02
0096:  BCF    0D.7
0097:  GOTO   09B
0098:  MOVLB  00
0099:  MOVLB  02
009A:  BSF    0D.7
009B:  MOVLB  01
009C:  BCF    0D.7
....................   #else      
....................    lcdlat.data = n;
....................   #endif
....................       
....................    delay_cycles(1);
009D:  NOP
....................    lcd_output_enable(1);
009E:  MOVLB  02
009F:  BSF    0D.3
00A0:  MOVLB  01
00A1:  BCF    0D.3
....................    delay_us(2);
00A2:  GOTO   0A3
....................    lcd_output_enable(0);
00A3:  MOVLB  02
00A4:  BCF    0D.3
00A5:  MOVLB  01
00A6:  BCF    0D.3
00A7:  MOVLB  00
00A8:  RETURN
.................... }
.................... 
.................... void lcd_send_byte(unsigned int8 address, unsigned int8 n)
.................... {
....................   #if defined(__PCB__)
....................    set_tris_lcd(LCD_OUTPUT_MAP);
....................   #else
....................    lcd_enable_tris();
*
00DA:  MOVLB  01
00DB:  BCF    0D.3
....................    lcd_rs_tris();
00DC:  BCF    0D.1
....................    lcd_rw_tris();
00DD:  BCF    0D.2
....................   #endif
.................... 
....................    lcd_output_rs(0);
00DE:  MOVLB  02
00DF:  BCF    0D.1
00E0:  MOVLB  01
00E1:  BCF    0D.1
....................    while ( bit_test(lcd_read_byte(),7) ) ;
*
0112:  MOVF   78,W
0113:  MOVWF  4F
0114:  BTFSS  4F.7
0115:  GOTO   118
0116:  MOVLB  01
0117:  GOTO   0E2
....................    lcd_output_rs(address);
0118:  MOVF   4D,F
0119:  BTFSS  03.2
011A:  GOTO   11F
011B:  MOVLB  02
011C:  BCF    0D.1
011D:  GOTO   121
011E:  MOVLB  00
011F:  MOVLB  02
0120:  BSF    0D.1
0121:  MOVLB  01
0122:  BCF    0D.1
....................    delay_cycles(1);
0123:  NOP
....................    lcd_output_rw(0);
0124:  MOVLB  02
0125:  BCF    0D.2
0126:  MOVLB  01
0127:  BCF    0D.2
....................    delay_cycles(1);
0128:  NOP
....................    lcd_output_enable(0);
0129:  MOVLB  02
012A:  BCF    0D.3
012B:  MOVLB  01
012C:  BCF    0D.3
....................    lcd_send_nibble(n >> 4);
012D:  MOVLB  00
012E:  SWAPF  4E,W
012F:  MOVWF  4F
0130:  MOVLW  0F
0131:  ANDWF  4F,F
0132:  MOVF   4F,W
0133:  MOVWF  50
0134:  CALL   072
....................    lcd_send_nibble(n & 0xf);
0135:  MOVF   4E,W
0136:  ANDLW  0F
0137:  MOVWF  4F
0138:  MOVWF  50
0139:  CALL   072
013A:  RETURN
.................... }
.................... 
.................... #if defined(LCD_EXTENDED_NEWLINE)
.................... unsigned int8 g_LcdX, g_LcdY;
.................... #endif
.................... 
.................... void lcd_init(void) 
.................... {
....................    unsigned int8 i;
....................    unsigned int8 LCD_INIT_STRING[4] = {0x20 | (LCD_TYPE << 2), 0xc, 1, 6};
*
0140:  MOVLW  28
0141:  MOVLB  00
0142:  MOVWF  35
0143:  MOVLW  0C
0144:  MOVWF  36
0145:  MOVLW  01
0146:  MOVWF  37
0147:  MOVLW  06
0148:  MOVWF  38
....................                              // These bytes need to be sent to the LCD
....................                              // to start it up.
....................    
.................... 
....................    lcd_output_enable(0);
0149:  MOVLB  02
014A:  BCF    0D.3
014B:  MOVLB  01
014C:  BCF    0D.3
....................    lcd_output_rs(0);
014D:  MOVLB  02
014E:  BCF    0D.1
014F:  MOVLB  01
0150:  BCF    0D.1
....................    lcd_output_rw(0);
0151:  MOVLB  02
0152:  BCF    0D.2
0153:  MOVLB  01
0154:  BCF    0D.2
.................... 
....................  #if defined(__PCB__)
....................    set_tris_lcd(LCD_OUTPUT_MAP);
....................  #else
....................   #if (defined(LCD_DATA4) && defined(LCD_DATA5) && defined(LCD_DATA6) && defined(LCD_DATA7))
....................    output_drive(LCD_DATA4);
0155:  BCF    0D.4
....................    output_drive(LCD_DATA5);
0156:  BCF    0D.5
....................    output_drive(LCD_DATA6);
0157:  BCF    0D.6
....................    output_drive(LCD_DATA7);
0158:  BCF    0D.7
....................   #else
....................    lcdtris.data = 0x0;
....................   #endif
....................    lcd_enable_tris();
0159:  BCF    0D.3
....................    lcd_rs_tris();
015A:  BCF    0D.1
....................    lcd_rw_tris();
015B:  BCF    0D.2
....................  #endif
....................     
....................    delay_ms(15);
015C:  MOVLW  0F
015D:  MOVLB  00
015E:  MOVWF  49
015F:  CALL   05C
....................    for(i=1;i<=3;++i)
0160:  MOVLW  01
0161:  MOVWF  34
0162:  MOVF   34,W
0163:  SUBLW  03
0164:  BTFSS  03.0
0165:  GOTO   16E
....................    {
....................        lcd_send_nibble(3);
0166:  MOVLW  03
0167:  MOVWF  50
0168:  CALL   072
....................        delay_ms(5);
0169:  MOVLW  05
016A:  MOVWF  49
016B:  CALL   05C
016C:  INCF   34,F
016D:  GOTO   162
....................    }
....................    
....................    lcd_send_nibble(2);
016E:  MOVLW  02
016F:  MOVWF  50
0170:  CALL   072
....................    delay_ms(5);
0171:  MOVLW  05
0172:  MOVWF  49
0173:  CALL   05C
....................    for(i=0;i<=3;++i)
0174:  CLRF   34
0175:  MOVF   34,W
0176:  SUBLW  03
0177:  BTFSS  03.0
0178:  GOTO   188
....................       lcd_send_byte(0,LCD_INIT_STRING[i]);
0179:  MOVLW  15
017A:  ADDWF  34,W
017B:  MOVWF  04
017C:  MOVLW  20
017D:  MOVWF  05
017E:  BTFSC  03.0
017F:  INCF   05,F
0180:  MOVF   00,W
0181:  MOVWF  39
0182:  CLRF   4D
0183:  MOVF   39,W
0184:  MOVWF  4E
0185:  CALL   0DA
.................... 
....................   #if defined(LCD_EXTENDED_NEWLINE)
0186:  INCF   34,F
0187:  GOTO   175
....................    g_LcdX = 0;
....................    g_LcdY = 0;
....................   #endif
.................... }
.................... 
.................... void lcd_gotoxy(unsigned int8 x, unsigned int8 y)
.................... {
....................    unsigned int8 address;
....................    
....................    if(y!=1)
*
018A:  DECFSZ 4A,W
018B:  GOTO   18D
018C:  GOTO   190
....................       address=LCD_LINE_TWO;
018D:  MOVLW  40
018E:  MOVWF  4B
018F:  GOTO   191
....................    else
....................       address=0;
0190:  CLRF   4B
....................      
....................    address+=x-1;
0191:  MOVLW  01
0192:  SUBWF  49,W
0193:  ADDWF  4B,F
....................    lcd_send_byte(0,0x80|address);
0194:  MOVF   4B,W
0195:  IORLW  80
0196:  MOVWF  4C
0197:  CLRF   4D
0198:  MOVF   4C,W
0199:  MOVWF  4E
019A:  CALL   0DA
.................... 
....................   #if defined(LCD_EXTENDED_NEWLINE)
019B:  RETURN
....................    g_LcdX = x - 1;
....................    g_LcdY = y - 1;
....................   #endif
.................... }
.................... 
.................... void lcd_putc(char c)
.................... {
....................    switch (c)
019C:  MOVF   48,W
019D:  XORLW  07
019E:  BTFSC  03.2
019F:  GOTO   1AA
01A0:  XORLW  0B
01A1:  BTFSC  03.2
01A2:  GOTO   1AF
01A3:  XORLW  06
01A4:  BTFSC  03.2
01A5:  GOTO   1B7
01A6:  XORLW  02
01A7:  BTFSC  03.2
01A8:  GOTO   1BD
01A9:  GOTO   1C2
....................    {
....................       case '\a'   :  lcd_gotoxy(1,1);     break;
01AA:  MOVLW  01
01AB:  MOVWF  49
01AC:  MOVWF  4A
01AD:  CALL   18A
01AE:  GOTO   1C7
.................... 
....................       case '\f'   :  lcd_send_byte(0,1);
01AF:  CLRF   4D
01B0:  MOVLW  01
01B1:  MOVWF  4E
01B2:  CALL   0DA
....................                      delay_ms(2);
01B3:  MOVLW  02
01B4:  MOVWF  49
01B5:  CALL   05C
....................                     #if defined(LCD_EXTENDED_NEWLINE)
....................                      g_LcdX = 0;
....................                      g_LcdY = 0;
....................                     #endif
....................                      break;
01B6:  GOTO   1C7
.................... 
....................      #if defined(LCD_EXTENDED_NEWLINE)
....................       case '\r'   :  lcd_gotoxy(1, g_LcdY+1);   break;
....................       case '\n'   :
....................          while (g_LcdX++ < LCD_LINE_LENGTH)
....................          {
....................             lcd_send_byte(1, ' ');
....................          }
....................          lcd_gotoxy(1, g_LcdY+2);
....................          break;
....................      #else
....................       case '\n'   : lcd_gotoxy(1,2);        break;
01B7:  MOVLW  01
01B8:  MOVWF  49
01B9:  MOVLW  02
01BA:  MOVWF  4A
01BB:  CALL   18A
01BC:  GOTO   1C7
....................      #endif
....................      
....................       case '\b'   : lcd_send_byte(0,0x10);  break;
01BD:  CLRF   4D
01BE:  MOVLW  10
01BF:  MOVWF  4E
01C0:  CALL   0DA
01C1:  GOTO   1C7
....................      
....................      #if defined(LCD_EXTENDED_NEWLINE)
....................       default     : 
....................          if (g_LcdX < LCD_LINE_LENGTH)
....................          {
....................             lcd_send_byte(1, c);
....................             g_LcdX++;
....................          }
....................          break;
....................      #else
....................       default     : lcd_send_byte(1,c);     break;
01C2:  MOVLW  01
01C3:  MOVWF  4D
01C4:  MOVF   48,W
01C5:  MOVWF  4E
01C6:  CALL   0DA
....................      #endif
....................    }
01C7:  RETURN
.................... }
....................  
.................... char lcd_getc(unsigned int8 x, unsigned int8 y)
.................... {
....................    char value;
.................... 
....................    lcd_gotoxy(x,y);
....................    while ( bit_test(lcd_read_byte(),7) ); // wait until busy flag is low
....................    lcd_output_rs(1);
....................    value = lcd_read_byte();
....................    lcd_output_rs(0);
....................    
....................    return(value);
.................... }
.................... 
.................... // write a custom character to the ram
.................... // which is 0-7 and specifies which character array we are modifying.
.................... // ptr points to an array of 8 bytes, where each byte is the next row of
.................... //    pixels.  only bits 0-4 are used.  the last row is the cursor row, and
.................... //    usually you will want to leave this byte 0x00.
.................... void lcd_set_cgram_char(unsigned int8 which, unsigned int8 *ptr)
.................... {
....................    unsigned int i;
.................... 
....................    which <<= 3;
....................    which &= 0x38;
.................... 
....................    lcd_send_byte(0, 0x40 | which);  //set cgram address
.................... 
....................    for(i=0; i<8; i++)
....................    {
....................       lcd_send_byte(1, *ptr++);
....................    }
....................   
....................    #if defined(LCD_EXTENDED_NEWLINE)
....................     lcd_gotoxy(g_LcdX+1, g_LcdY+1);  //set ddram address
....................    #endif
.................... }
.................... 
.................... void lcd_cursor_on(int1 on)
.................... {
....................    if (on)
....................    {
....................       lcd_send_byte(0,0x0F);           //turn LCD cursor ON
....................    }
....................    else
....................    {
....................       lcd_send_byte(0,0x0C);           //turn LCD cursor OFF
....................    }
.................... }
.................... 
.................... #endif
.................... 
.................... //======= VARIABLES GLOBALES =======
.................... volatile int1 adc_enable = 1;   // Habilitación del ADC (1 = activo, 0 = pausado)
.................... 
.................... //======= PROTOTIPOS =======
.................... void init_adc();
.................... void init_interrupts();
.................... void init_GPIO();
.................... 
.................... //======= RUTINA DE INTERRUPCIÓN =======
.................... #INT_IOC
.................... void ext_isr(void) {
....................    // Cada flanco en RB0 alterna el estado de lectura ADC
....................    adc_enable = !adc_enable;
*
003E:  MOVLW  01
003F:  XORWF  28,F
0040:  MOVLW  FF
0041:  MOVLB  07
0042:  XORWF  16,W
0043:  ANDWF  16,F
0044:  BCF    0B.0
0045:  MOVLP  00
0046:  MOVLB  00
0047:  GOTO   023
.................... }
.................... 
.................... //======= INICIALIZACIONES =======
.................... void init_adc() {
....................    setup_adc_ports(sAN0);         // RA0 como analógico
*
0212:  MOVLB  01
0213:  BCF    1E.0
0214:  BCF    1E.1
0215:  BCF    1E.2
0216:  MOVLW  01
0217:  MOVLB  03
0218:  MOVWF  0C
0219:  MOVLW  00
021A:  MOVWF  0D
....................    setup_adc(ADC_CLOCK_INTERNAL); // Reloj ADC interno
021B:  MOVLB  01
021C:  BSF    1E.4
021D:  BSF    1E.5
021E:  BCF    1E.6
021F:  BSF    1E.7
0220:  BSF    1D.0
....................    set_adc_channel(0);            // Canal 0 = RA0
0221:  MOVWF  78
0222:  MOVF   1D,W
0223:  ANDLW  83
0224:  IORWF  78,W
0225:  MOVWF  1D
....................    delay_us(20);                  // Tiempo de adquisición
0226:  MOVLW  06
0227:  MOVWF  77
0228:  DECFSZ 77,F
0229:  GOTO   228
022A:  NOP
022B:  MOVLP  00
022C:  MOVLB  00
022D:  GOTO   59B (RETURN)
.................... }
.................... 
.................... void init_interrupts() {
....................    enable_interrupts(INT_IOC_B0);    // Habilita interrupción externa en RB0
022E:  BSF    0B.3
022F:  MOVLB  07
0230:  BSF    14.0
0231:  BSF    15.0
....................    enable_interrupts(GLOBAL);
0232:  MOVLW  C0
0233:  IORWF  0B,F
0234:  MOVLP  00
0235:  MOVLB  00
0236:  GOTO   59C (RETURN)
.................... }
.................... 
.................... 
.................... void init_GPIO(void){
....................     set_tris_a(0xFF);   // A es ENTRADA
*
013B:  MOVLW  FF
013C:  MOVLB  01
013D:  MOVWF  0C
....................     set_tris_b(0b00000001);   // PORTB como SALIDA
013E:  MOVLW  01
013F:  MOVWF  0D
....................     lcd_init(); 
*
0188:  MOVLP  00
0189:  GOTO   58C (RETURN)
.................... }
.................... //======= PROGRAMA PRINCIPAL =======
.................... void main() {
*
057B:  MOVLW  6A
057C:  MOVLB  01
057D:  MOVWF  19
057E:  MOVLB  00
057F:  BSF    28.0
0580:  CLRF   2A
0581:  CLRF   29
0582:  MOVLB  03
0583:  CLRF   0C
0584:  CLRF   0D
0585:  MOVLB  02
0586:  CLRF   12
0587:  CLRF   11
0588:  CLRF   14
0589:  CLRF   13
....................    int16 adc_value;
....................    float voltage;
....................    
....................    init_GPIO();
058A:  MOVLB  00
058B:  GOTO   13B
....................    lcd_putc("\fADC PIC16F1827");  
058C:  MOVLW  48
058D:  MOVLB  03
058E:  MOVWF  11
058F:  MOVLW  00
0590:  MOVWF  12
0591:  MOVLB  00
0592:  CALL   1C8
....................    delay_ms(1000);
0593:  MOVLW  04
0594:  MOVWF  34
0595:  MOVLW  FA
0596:  MOVWF  49
0597:  CALL   05C
0598:  DECFSZ 34,F
0599:  GOTO   595
.................... 
....................    init_adc();
059A:  GOTO   212
....................    init_interrupts();
059B:  GOTO   22E
.................... 
....................    while(TRUE) {
....................       if(adc_enable) {
059C:  BTFSS  28.0
059D:  GOTO   61E
....................          adc_value = read_adc();        // Leer ADC (10 bits)
059E:  MOVLB  01
059F:  BSF    1D.1
05A0:  MOVLW  11
05A1:  MOVWF  77
05A2:  BTFSS  1D.1
05A3:  GOTO   5A6
05A4:  DECFSZ 77,F
05A5:  GOTO   5A2
05A6:  MOVF   1B,W
05A7:  MOVWF  78
05A8:  MOVF   1C,W
05A9:  MOVLB  00
05AA:  MOVWF  2C
05AB:  MOVF   78,W
05AC:  MOVWF  2B
....................          voltage = (adc_value * 5.0) / 1023.0;   // Convertir a voltaje (0-5V)
05AD:  MOVF   2C,W
05AE:  MOVWF  35
05AF:  MOVF   2B,W
05B0:  MOVWF  34
05B1:  GOTO   237
05B2:  MOVF   7A,W
05B3:  MOVWF  4B
05B4:  MOVF   79,W
05B5:  MOVWF  4A
05B6:  MOVF   78,W
05B7:  MOVWF  49
05B8:  MOVF   77,W
05B9:  MOVWF  48
05BA:  CLRF   4F
05BB:  CLRF   4E
05BC:  MOVLW  20
05BD:  MOVWF  4D
05BE:  MOVLW  81
05BF:  MOVWF  4C
05C0:  CALL   255
05C1:  MOVF   7A,W
05C2:  MOVWF  37
05C3:  MOVF   79,W
05C4:  MOVWF  36
05C5:  MOVF   78,W
05C6:  MOVWF  35
05C7:  MOVF   77,W
05C8:  MOVWF  34
05C9:  MOVF   7A,W
05CA:  MOVWF  3B
05CB:  MOVF   79,W
05CC:  MOVWF  3A
05CD:  MOVF   78,W
05CE:  MOVWF  39
05CF:  MOVF   77,W
05D0:  MOVWF  38
05D1:  CLRF   3F
05D2:  MOVLW  C0
05D3:  MOVWF  3E
05D4:  MOVLW  7F
05D5:  MOVWF  3D
05D6:  MOVLW  88
05D7:  MOVWF  3C
05D8:  GOTO   2CA
05D9:  MOVF   7A,W
05DA:  MOVWF  30
05DB:  MOVF   79,W
05DC:  MOVWF  2F
05DD:  MOVF   78,W
05DE:  MOVWF  2E
05DF:  MOVF   77,W
05E0:  MOVWF  2D
.................... 
....................          lcd_putc("\f");  
05E1:  MOVLW  03
05E2:  MOVLB  03
05E3:  MOVWF  11
05E4:  MOVLW  00
05E5:  MOVWF  12
05E6:  MOVLB  00
05E7:  CALL   1C8
....................          printf(lcd_putc, "ADC: %4Lu", adc_value);
05E8:  MOVLW  50
05E9:  MOVLB  03
05EA:  MOVWF  11
05EB:  MOVLW  00
05EC:  MOVWF  12
05ED:  BCF    03.0
05EE:  MOVLW  05
05EF:  MOVLB  00
05F0:  MOVWF  34
05F1:  GOTO   395
05F2:  MOVLW  01
05F3:  MOVWF  04
05F4:  MOVF   2C,W
05F5:  MOVWF  35
05F6:  MOVF   2B,W
05F7:  MOVWF  34
05F8:  GOTO   3E6
....................          lcd_gotoxy(1,2);
05F9:  MOVLW  01
05FA:  MOVWF  49
05FB:  MOVLW  02
05FC:  MOVWF  4A
05FD:  CALL   18A
....................          printf(lcd_putc, "V= %1.2f V", voltage);
05FE:  MOVLW  56
05FF:  MOVWF  48
0600:  CALL   19C
0601:  MOVLW  3D
0602:  MOVWF  48
0603:  CALL   19C
0604:  MOVLW  20
0605:  MOVWF  48
0606:  CALL   19C
0607:  MOVLW  89
0608:  MOVWF  04
0609:  MOVF   30,W
060A:  MOVWF  37
060B:  MOVF   2F,W
060C:  MOVWF  36
060D:  MOVF   2E,W
060E:  MOVWF  35
060F:  MOVF   2D,W
0610:  MOVWF  34
0611:  MOVLW  02
0612:  MOVWF  38
0613:  GOTO   499
0614:  MOVLW  20
0615:  MOVWF  48
0616:  CALL   19C
0617:  MOVLW  56
0618:  MOVWF  48
0619:  CALL   19C
.................... 
....................          delay_ms(200);
061A:  MOVLW  C8
061B:  MOVWF  49
061C:  CALL   05C
....................       }
061D:  GOTO   62C
....................       else {
....................          // Si está pausado, mostrar mensaje
....................          lcd_putc("\fADC PAUSADO");
061E:  MOVLW  55
061F:  MOVLB  03
0620:  MOVWF  11
0621:  MOVLW  00
0622:  MOVWF  12
0623:  MOVLB  00
0624:  CALL   1C8
....................          delay_ms(500);
0625:  MOVLW  02
0626:  MOVWF  34
0627:  MOVLW  FA
0628:  MOVWF  49
0629:  CALL   05C
062A:  DECFSZ 34,F
062B:  GOTO   627
....................       }
062C:  GOTO   59C
....................    }
.................... }
062D:  SLEEP

Configuration Fuses:
   Word  1: 3984   INTRC_IO NOWDT PUT NOMCLR NOPROTECT NOCPD NOBROWNOUT NOCLKOUT IESO FCMEN
   Word  2: 1EFF   NOWRT PLL_SW STVREN BORV19 NODEBUG NOLVP
