
ROM used:   136/4096 (3%)
            136/4096 (3%) including unused fragments

            0.1 Average locations per line
            4.4 Average locations per statement

RAM used:   11/383 (3%) at main() level
            22/383 (6%) worst case

Stack used: 1 worst case (0 in main + 1 for interrupts)
Stack size: 16

Lines Stmts  %   Files
----- ----- ---  -----
   81    31 100  Ejercicio 3.c
  965     0   0  ..\..\..\..\..\..\..\..\..\..\Program Files (x86)\PICC\Devices\16F1827.h
----- -----
 1046    31 Total

Page ROM  %  RAM    Vol Diff  Functions:
---- --- --- ---    --- ----  ----------
0     21  15    0     50  1.3  main
0     15  11    0     67  1.2  INIT_GPIO
0     12   9    0     78  1.6  INIT_TIMER_0
0     16  12    0     67  1.2  INIT_INTER
0     26  19    0    170  3.5  TIMER0_ISR
0     11   8    0     56  1.6  EXT_isr
 Inline         0    341  3.3  @cinit1

Program metrics:
    Functions               7
    Statements              31
    Comments                162
    Volume (V)              1314
    Difficulty (D)          14.0
    Effort to implement (E) 18350
    Time to implement (T)   17 minutes
    Est Delivered Bugs (B)  0
    Cyclomatic Complexity   6
    Maintainability (MI)    166

 Segment     Used  Free
-----------  ----  ----
00000-00002     3  0  
00003-00003     0  1  
00004-00023    32  0  
00024-007FF   101  1911  
00800-00FFF     0  2048  



