
ROM used:   548/4096 (13%)
            548/4096 (13%) including unused fragments

            0.5 Average locations per line
            3.6 Average locations per statement

RAM used:   36/383 (9%) at main() level
            47/383 (12%) worst case

Stack used: 1 worst case (0 in main + 1 for interrupts)
Stack size: 16

Lines Stmts  %   Files
----- ----- ---  -----
  240   153 100  ej5.c
    5     0   0  main.h
  965     0   0  ..\..\..\..\..\..\..\..\..\..\..\..\Program Files (x86)\PICC\Devices\16F1827.h
----- -----
 1210   153 Total

Page ROM  %  RAM    Vol Diff  Functions:
---- --- --- ---    --- ----  ----------
 Inline         1             @I2C_WRITEU_129
0     16   3    1             @I2C_READU_129
0     24   4    0     92  2.9  isr_t1
0     29   5    0    163  2.1  hw_init
0     20   4    2             @PSTRINGR_9600_106_105
0     29   5    2     43  1.8  i2c_escribir
0      9   2    2     78  3.1  ctrl_por_canal
0    107  20    2   1010  7.2  procesar_rx
0    261  48   11   2360 10.5  MAIN
0     11   2    0             @goto65333
0     10   2    0             @goto65344
 Inline         0             @cinit1

Program metrics:
    Functions               6
    Statements              153
    Comments                184
    Volume (V)              4754
    Difficulty (D)          28.2
    Effort to implement (E) 133882
    Time to implement (T)   2 hours, 4 minutes
    Est Delivered Bugs (B)  1
    Cyclomatic Complexity   30
    Maintainability (MI)    120

 Segment     Used  Free
-----------  ----  ----
00000-00002     3  0  
00003-00003     0  1  
00004-00020    29  0  
00021-007FF   516  1499  
00800-00FFF     0  2048  



