CCS PCM C Compiler, Version 5.093, 4770               08-oct-25 12:03

               Filename:   C:\Users\zavid\OneDrive\Escritorio\Facu\tercero(2cuatri)\EDI2\TP3\Ej5\ej5.lst

               ROM used:   548 words (13%)
                           Largest free fragment is 2048
               RAM used:   36 (9%) at main() level
                           47 (12%) worst case
               Stack used: 1 locations (0 in main + 1 for interrupts)
               Stack size: 16

0000:  MOVLP  00
0001:  GOTO   10B
0002:  NOP
*
0004:  CLRF   03
0005:  MOVLP  00
0006:  MOVLB  00
0007:  MOVF   77,W
0008:  MOVWF  20
0009:  MOVF   78,W
000A:  MOVWF  21
000B:  MOVF   79,W
000C:  MOVWF  22
000D:  MOVF   7A,W
000E:  MOVWF  23
000F:  CLRF   05
0010:  MOVLW  91
0011:  MOVWF  04
0012:  BTFSS  00.0
0013:  GOTO   016
0014:  BTFSC  11.0
0015:  GOTO   01F
0016:  MOVF   20,W
0017:  MOVWF  77
0018:  MOVF   21,W
0019:  MOVWF  78
001A:  MOVF   22,W
001B:  MOVWF  79
001C:  MOVF   23,W
001D:  MOVWF  7A
001E:  RETFIE
001F:  MOVLP  00
0020:  GOTO   021
.................... // ===============================================================
.................... //  TP: Lectura MAX128 por I2C + estado simple + consola RS232
.................... //  MCU: PIC16F1827  (CCS/PICC)
.................... //  Fosc: 8 MHz interno
.................... //  UART: 9600-8-N-1  (TX=RB5, RX=RB2)
.................... //  I2C : I2C1 (SCL=RB6, SDA=RB4)  pull-ups 4k7 a +5V
.................... //  Tick: Timer1 -> 1ms; H = 100/500/10000 ms
.................... // ===============================================================
.................... #include <16F1827.h>
.................... //////////// Standard Header file for the PIC16F1827 device ////////////////
.................... ///////////////////////////////////////////////////////////////////////////
.................... ////        (C) Copyright 1996, 2014 Custom Computer Services          ////
.................... //// This source code may only be used by licensed users of the CCS C  ////
.................... //// compiler.  This source code may only be distributed to other      ////
.................... //// licensed users of the CCS C compiler.  No other use, reproduction ////
.................... //// or distribution is permitted without written permission.          ////
.................... //// Derivative programs created using this software in object code    ////
.................... //// form are not restricted in any way.                               ////
.................... ///////////////////////////////////////////////////////////////////////////
.................... #device PIC16F1827
*
0039:  MOVF   00,F
003A:  BTFSC  03.2
003B:  GOTO   04C
003C:  MOVF   05,W
003D:  MOVWF  3F
003E:  MOVF   04,W
003F:  MOVWF  3E
0040:  MOVF   00,W
0041:  BTFSS  11.4
0042:  GOTO   041
0043:  MOVLB  03
0044:  MOVWF  1A
0045:  MOVLB  00
0046:  MOVF   3F,W
0047:  MOVWF  05
0048:  MOVF   3E,W
0049:  MOVWF  04
004A:  ADDFSR 01,FSR0
004B:  GOTO   039
004C:  RETURN
*
0210:  BCF    0A.0
0211:  BSF    0A.1
0212:  BCF    0A.2
0213:  ADDWF  02,F
0214:  GOTO   16A
0215:  GOTO   16D
0216:  GOTO   183
0217:  GOTO   200
0218:  GOTO   1AB
0219:  GOTO   1C0
021A:  GOTO   1F7
021B:  BCF    0A.0
021C:  BSF    0A.1
021D:  BCF    0A.2
021E:  ADDWF  02,F
021F:  GOTO   14B
0220:  GOTO   152
0221:  GOTO   15F
0222:  GOTO   164
0223:  GOTO   201
0224:  GOTO   208
.................... 
.................... #list
.................... 
.................... #fuses INTRC_IO, NOWDT, NOLVP, NOMCLR, PUT
.................... #use delay(internal=8MHz)
.................... 
.................... // ----- Consola -----
.................... #use rs232(UART1, baud=9600, parity=N, bits=8, stop=1, stream=SER)
.................... 
.................... // ----- I2C (MSSP1: RB6=SCL, RB4=SDA) -----
.................... #use i2c(MASTER, I2C1, FAST=100000)
*
00D7:  MOVLB  04
00D8:  BCF    15.7
00D9:  MOVLB  00
00DA:  BCF    11.3
00DB:  MOVF   3E,W
00DC:  MOVLB  04
00DD:  MOVWF  11
00DE:  MOVLW  02
00DF:  BTFSC  15.7
00E0:  GOTO   0E8
00E1:  MOVLB  00
00E2:  BTFSS  11.3
00E3:  GOTO   0E2
00E4:  MOVLW  00
00E5:  MOVLB  04
00E6:  BTFSC  16.6
00E7:  MOVLW  01
00E8:  MOVWF  78
*
00FB:  MOVLB  04
00FC:  BCF    15.6
00FD:  BSF    16.3
00FE:  BTFSC  16.3
00FF:  GOTO   0FE
0100:  BTFSC  77.0
0101:  BCF    16.5
0102:  BTFSS  77.0
0103:  BSF    16.5
0104:  BSF    16.4
0105:  BTFSC  16.4
0106:  GOTO   105
0107:  MOVF   11,W
0108:  MOVWF  78
0109:  MOVLB  00
010A:  RETURN
.................... 
.................... // ------------------ Utilidades ------------------
.................... #define ADDR_W(a7)  (((a7)<<1) | 0)
.................... #define ADDR_R(a7)  (((a7)<<1) | 1)
.................... 
.................... // Dirección 7-bit del MAX128 (A2..A0 = 0)
.................... #define MAX128_ADDR7  0x50     
.................... #define MAX128_W      ((MAX128_ADDR7<<1) | 0)  // 0x90
.................... #define MAX128_R      ((MAX128_ADDR7<<1) | 1)  // 0x91
.................... 
.................... 
.................... // ------------------ Tick H ms -------------------
.................... volatile int1 flag_tickH = 0;
.................... unsigned int16 acum_ms = 0;
.................... unsigned int16 H_ms = 500;       // C0=100, C1=500, C2=10000
.................... 
.................... #int_timer1
.................... void isr_t1(void){
....................    // Fosc=8MHz -> Fosc/4=2MHz -> T1 tick=0.5us
....................    // Para 1ms necesitamos 2000 ticks: preload = 65536-2000 = 63536
....................    set_timer1(63536);
*
0021:  CLRF   16
0022:  MOVLW  F8
0023:  MOVWF  17
0024:  MOVLW  30
0025:  MOVWF  16
....................    if (++acum_ms >= H_ms){
0026:  INCF   25,F
0027:  BTFSC  03.2
0028:  INCF   26,F
0029:  MOVF   28,W
002A:  SUBWF  26,W
002B:  BTFSS  03.0
002C:  GOTO   036
002D:  BTFSS  03.2
002E:  GOTO   033
002F:  MOVF   27,W
0030:  SUBWF  25,W
0031:  BTFSS  03.0
0032:  GOTO   036
....................       acum_ms = 0;
0033:  CLRF   26
0034:  CLRF   25
....................       flag_tickH = 1;
0035:  BSF    24.0
....................    }
0036:  BCF    11.0
0037:  MOVLP  00
0038:  GOTO   016
.................... }
.................... 
.................... // ----------------- Estados (nombres simples) ---------------
.................... typedef enum {
....................    ST_ARRANQUE,
....................    ST_ESPERA,
....................    ST_PAUSADO,
....................    ST_CICLO_LECTURA,
....................    ST_MOSTRAR,
....................    ST_ERROR_I2C
.................... } estado_app_t;
.................... 
.................... typedef enum {
....................    I2C_ELEGIR_CANAL,
....................    I2C_COMIENZO_ESCRIBIR,
....................    I2C_MANDAR_CONTROL,
....................    I2C_REINICIO_LEER,
....................    I2C_LEER_ALTO,
....................    I2C_LEER_BAJO,
....................    I2C_GUARDAR_Y_SEGUIR
.................... } estado_i2c_t;
.................... 
.................... estado_app_t estado_app = ST_ARRANQUE;
.................... estado_i2c_t estado_i2c = I2C_ELEGIR_CANAL;
.................... 
.................... int1 muestreo_activo = 1;   // S1/S0
.................... int8 canal = 0;             // 0:CH0 (Dx), 1:CH1 (Dy), 2:CH2 (Dz)
.................... unsigned int16 valores[3] = {0,0,0};
.................... 
.................... // ----------------- I/O & setup -------------------
.................... static void hw_init(void){
....................    // Desactivar analógico en todos los pines para evitar conflictos I2C/UART
....................    setup_adc_ports(NO_ANALOGS);
*
004D:  MOVLB  01
004E:  BCF    1E.0
004F:  BCF    1E.1
0050:  BCF    1E.2
0051:  MOVLW  00
0052:  MOVLB  03
0053:  MOVWF  0C
0054:  MOVWF  0D
.................... 
....................    // Timer1 1ms
....................    setup_timer_1(T1_INTERNAL | T1_DIV_BY_1);
0055:  MOVLW  05
0056:  MOVLB  00
0057:  MOVWF  18
0058:  CLRF   19
....................    set_timer1(63536);
0059:  CLRF   16
005A:  MOVLW  F8
005B:  MOVWF  17
005C:  MOVLW  30
005D:  MOVWF  16
....................    clear_interrupt(INT_TIMER1);
005E:  BCF    11.0
....................    enable_interrupts(INT_TIMER1);
005F:  MOVLB  01
0060:  BSF    11.0
....................    enable_interrupts(GLOBAL);
0061:  MOVLW  C0
0062:  IORWF  0B,F
.................... 
....................    // Mensajito de arranque
....................    printf(SER, "\r\n[BOOT] 16F1827 @8MHz | RS232 9600 | I2C 100kHz\r\n");
0063:  CLRF   05
0064:  MOVLW  01
0065:  MOVWF  04
0066:  MOVLB  00
0067:  CALL   039
0068:  MOVLP  00
0069:  GOTO   144 (RETURN)
.................... }
.................... 
.................... // --------------- Helpers I2C ---------------------
.................... int1 i2c_escribir(byte b){
....................    return (i2c_write(b) == 0);  // true si ACK
*
00D5:  MOVF   3D,W
00D6:  MOVWF  3E
*
00E9:  MOVF   78,F
00EA:  BTFSC  03.2
00EB:  GOTO   0EE
00EC:  MOVLW  00
00ED:  GOTO   0EF
00EE:  MOVLW  01
00EF:  MOVWF  78
00F0:  MOVLB  00
00F1:  RETURN
.................... }
.................... 
.................... // Byte de control según canal (ajusta a tu datasheet si difiere):
.................... // bit7=1 (start/single), unipolar, ganancia=1, single-ended
.................... byte ctrl_por_canal(int8 ch){
00F2:  MOVLW  80
00F3:  MOVWF  3D
....................    byte c = 0b10000000;
....................    c |= (ch & 0x07);         // SEL2..SEL0 en [2..0]
00F4:  MOVF   3C,W
00F5:  ANDLW  07
00F6:  IORWF  3D,F
....................    return c;
00F7:  MOVF   3D,W
00F8:  MOVWF  78
00F9:  MOVLP  00
00FA:  GOTO   186 (RETURN)
.................... }
.................... 
.................... // Preparar lectura: Write(ctrl) + RepeatedStart + Read
.................... int1 max128_preparar(int8 ch){
....................    i2c_start();
....................    if(!i2c_escribir(MAX128_W)){ i2c_stop(); return 0; }           // Dir+W
....................    if(!i2c_escribir(ctrl_por_canal(ch))){ i2c_stop(); return 0; } // Control
....................    i2c_start();
....................    if(!i2c_escribir(MAX128_R)){ i2c_stop(); return 0; }           // Dir+R
....................    return 1;
.................... }
.................... 
.................... // Lee 12 bits (devuelve 0..4095)
.................... int1 max128_leer12(int8 ch, unsigned int16 *out){
....................    if(!max128_preparar(ch)) return 0;
.................... 
....................    byte hi = i2c_read(1);     // ACK para pedir siguiente
....................    byte lo = i2c_read(0);     // NACK último byte
....................    i2c_stop();
.................... 
....................    unsigned int16 raw16 = make16(hi, lo);
.................... 
....................    // *** Elegir uno: la mayoría es LEFT-justified => >>4 ***
....................    unsigned int16 v12 = (raw16 >> 4);       // limpia 4 LSB "basura"
....................    //unsigned int16 v12 = (raw16 & 0x0FFF); // usar esto si fuera RIGHT-justified
.................... 
....................    *out = v12;
....................    return 1;
.................... }
.................... 
.................... // Lectura de 3 canales (CH0, CH1, CH2)
.................... int1 max128_leer_triple(unsigned int16 *Dx, unsigned int16 *Dy, unsigned int16 *Dz){
....................    if(!max128_leer12(0, Dx)) return 0;
....................    if(!max128_leer12(1, Dy)) return 0;
....................    if(!max128_leer12(2, Dz)) return 0;
....................    return 1;
.................... }
.................... 
.................... // Scanner (debug opcional)
.................... void i2c_scan(void){
....................    printf(SER,"[SCAN] I2C:\r\n");
....................    for (int8 a=0; a<128; a++){
....................       i2c_start();
....................       int1 nack = i2c_write(ADDR_W(a));
....................       i2c_stop();
....................       if(!nack) printf(SER,"  ACK @0x%02X (W=0x%02X R=0x%02X)\r\n", a, ADDR_W(a), ADDR_R(a));
....................       delay_ms(3);
....................    }
.................... }
.................... 
.................... // ------------------ Parser S/C/M -----------------
.................... static int1 have_cmd0 = 0;
.................... static char cmd0;
.................... 
.................... void procesar_rx(void){
....................    while (kbhit(SER)){
*
006A:  BTFSS  11.5
006B:  GOTO   0D3
....................       char c = getc(SER);
006C:  BTFSS  11.5
006D:  GOTO   06C
006E:  MOVLB  03
006F:  MOVF   19,W
0070:  MOVLB  00
0071:  MOVWF  3C
....................       if(!have_cmd0){
0072:  BTFSC  24.2
0073:  GOTO   084
....................          if (c=='S' || c=='C' || c=='M'){ have_cmd0=1; cmd0=c; }
0074:  MOVF   3C,W
0075:  SUBLW  53
0076:  BTFSC  03.2
0077:  GOTO   080
0078:  MOVF   3C,W
0079:  SUBLW  43
007A:  BTFSC  03.2
007B:  GOTO   080
007C:  MOVF   3C,W
007D:  SUBLW  4D
007E:  BTFSS  03.2
007F:  GOTO   083
0080:  BSF    24.2
0081:  MOVF   3C,W
0082:  MOVWF  34
....................       }else{
0083:  GOTO   0CA
....................          have_cmd0=0;
0084:  BCF    24.2
....................          if(cmd0=='S'){ muestreo_activo = (c=='1'); printf(SER,"[S] %u\r\n", muestreo_activo); }
0085:  MOVF   34,W
0086:  SUBLW  53
0087:  BTFSS  03.2
0088:  GOTO   097
0089:  BCF    24.1
008A:  MOVF   3C,W
008B:  SUBLW  31
008C:  BTFSC  03.2
008D:  BSF    24.1
008E:  MOVLW  00
008F:  BTFSC  24.1
0090:  MOVLW  01
0091:  MOVWF  3D
0092:  CLRF   05
0093:  MOVLW  01
0094:  MOVWF  04
0095:  CALL   039
0096:  GOTO   0CA
....................          else if(cmd0=='C'){
0097:  MOVF   34,W
0098:  SUBLW  43
0099:  BTFSS  03.2
009A:  GOTO   0B9
....................             if(c=='0') H_ms=100; else if(c=='1') H_ms=500; else if(c=='2') H_ms=10000;
009B:  MOVF   3C,W
009C:  SUBLW  30
009D:  BTFSS  03.2
009E:  GOTO   0A3
009F:  CLRF   28
00A0:  MOVLW  64
00A1:  MOVWF  27
00A2:  GOTO   0B4
00A3:  MOVF   3C,W
00A4:  SUBLW  31
00A5:  BTFSS  03.2
00A6:  GOTO   0AC
00A7:  MOVLW  01
00A8:  MOVWF  28
00A9:  MOVLW  F4
00AA:  MOVWF  27
00AB:  GOTO   0B4
00AC:  MOVF   3C,W
00AD:  SUBLW  32
00AE:  BTFSS  03.2
00AF:  GOTO   0B4
00B0:  MOVLW  27
00B1:  MOVWF  28
00B2:  MOVLW  10
00B3:  MOVWF  27
....................             printf(SER,"[C] H=%lu ms\r\n", (unsigned long)H_ms);
00B4:  CLRF   05
00B5:  MOVLW  01
00B6:  MOVWF  04
00B7:  CALL   039
....................          }else if(cmd0=='M'){
00B8:  GOTO   0CA
00B9:  MOVF   34,W
00BA:  SUBLW  4D
00BB:  BTFSS  03.2
00BC:  GOTO   0CA
....................             if(c>='0' && c<='2'){ canal = c-'0'; estado_app = ST_CICLO_LECTURA; }
00BD:  MOVF   3C,W
00BE:  SUBLW  2F
00BF:  BTFSC  03.0
00C0:  GOTO   0CA
00C1:  MOVF   3C,W
00C2:  SUBLW  32
00C3:  BTFSS  03.0
00C4:  GOTO   0CA
00C5:  MOVLW  30
00C6:  SUBWF  3C,W
00C7:  MOVWF  2B
00C8:  MOVLW  03
00C9:  MOVWF  29
....................          }
....................       }
....................       if(c=='\r' || c=='\n'){ have_cmd0=0; }
00CA:  MOVF   3C,W
00CB:  SUBLW  0D
00CC:  BTFSC  03.2
00CD:  GOTO   0D1
00CE:  MOVF   3C,W
00CF:  SUBLW  0A
00D0:  BTFSC  03.2
00D1:  BCF    24.2
00D2:  GOTO   06A
....................    }
00D3:  MOVLP  00
00D4:  GOTO   145 (RETURN)
.................... }
.................... 
.................... // -------------------- MAIN -----------------------
.................... void main(){
*
010B:  MOVLW  72
010C:  MOVLB  01
010D:  MOVWF  19
010E:  MOVLB  03
010F:  BCF    1F.3
0110:  MOVLW  0C
0111:  MOVWF  1B
0112:  MOVLW  A2
0113:  MOVWF  1E
0114:  MOVLW  90
0115:  MOVWF  1D
0116:  MOVLB  01
0117:  BSF    0D.4
0118:  BSF    0D.1
0119:  MOVLB  04
011A:  BCF    17.0
011B:  BCF    17.1
011C:  BCF    17.3
011D:  MOVLW  13
011E:  MOVWF  12
011F:  MOVLW  28
0120:  MOVWF  15
0121:  BSF    14.7
0122:  BCF    14.6
0123:  MOVLB  00
0124:  BCF    24.0
0125:  CLRF   26
0126:  CLRF   25
0127:  MOVLW  01
0128:  MOVWF  28
0129:  MOVLW  F4
012A:  MOVWF  27
012B:  CLRF   29
012C:  CLRF   2A
012D:  BSF    24.1
012E:  CLRF   2B
012F:  CLRF   33
0130:  CLRF   32
0131:  MOVLB  03
0132:  CLRF   0C
0133:  CLRF   0D
0134:  MOVLB  02
0135:  CLRF   12
0136:  CLRF   11
0137:  CLRF   14
0138:  CLRF   13
0139:  MOVLB  00
013A:  BCF    24.2
013B:  CLRF   2C
013C:  CLRF   2D
013D:  CLRF   2E
013E:  CLRF   2F
013F:  CLRF   30
0140:  CLRF   31
0141:  BCF    24.2
0142:  CLRF   34
....................    hw_init();
0143:  GOTO   04D
....................    // (Opcional) correr un escaneo una vez
....................    //i2c_scan();
.................... 
....................    while(TRUE){
....................       procesar_rx();
0144:  GOTO   06A
.................... 
....................       switch(estado_app){
0145:  MOVF   29,W
0146:  ADDLW  FA
0147:  BTFSC  03.0
0148:  GOTO   20E
0149:  ADDLW  06
014A:  GOTO   21B
.................... 
....................          case ST_ARRANQUE:
....................             printf(SER,"[ARRANQUE] OK\r\n");
014B:  CLRF   05
014C:  MOVLW  01
014D:  MOVWF  04
014E:  CALL   039
....................             estado_app = ST_ESPERA;
014F:  MOVLW  01
0150:  MOVWF  29
....................             break;
0151:  GOTO   20E
.................... 
....................          case ST_ESPERA:
....................             if(!muestreo_activo){ estado_app = ST_PAUSADO; break; }
0152:  BTFSC  24.1
0153:  GOTO   157
0154:  MOVLW  02
0155:  MOVWF  29
0156:  GOTO   20E
....................             if(flag_tickH){
0157:  BTFSS  24.0
0158:  GOTO   15E
....................                flag_tickH=0;
0159:  BCF    24.0
....................                canal = 0;
015A:  CLRF   2B
....................                estado_i2c = I2C_ELEGIR_CANAL;
015B:  CLRF   2A
....................                estado_app = ST_CICLO_LECTURA;
015C:  MOVLW  03
015D:  MOVWF  29
....................             }
....................             break;
015E:  GOTO   20E
.................... 
....................          case ST_PAUSADO:
....................             if(muestreo_activo) estado_app = ST_ESPERA;
015F:  BTFSS  24.1
0160:  GOTO   163
0161:  MOVLW  01
0162:  MOVWF  29
....................             break;
0163:  GOTO   20E
.................... 
....................          case ST_CICLO_LECTURA:
....................             switch(estado_i2c){
0164:  MOVF   2A,W
0165:  ADDLW  F9
0166:  BTFSC  03.0
0167:  GOTO   200
0168:  ADDLW  07
0169:  GOTO   210
....................                case I2C_ELEGIR_CANAL:
....................                   estado_i2c = I2C_COMIENZO_ESCRIBIR;
016A:  MOVLW  01
016B:  MOVWF  2A
....................                   break;
016C:  GOTO   200
.................... 
....................                case I2C_COMIENZO_ESCRIBIR:
....................                   i2c_start();
016D:  MOVLB  04
016E:  BSF    16.0
016F:  BTFSC  16.0
0170:  GOTO   16F
....................                   if(!i2c_escribir(MAX128_W)){ i2c_stop(); estado_app=ST_ERROR_I2C; }
0171:  MOVLW  A0
0172:  MOVLB  00
0173:  MOVWF  3D
0174:  CALL   0D5
0175:  MOVF   78,F
0176:  BTFSS  03.2
0177:  GOTO   180
0178:  MOVLB  04
0179:  BSF    16.2
017A:  BTFSC  16.2
017B:  GOTO   17A
017C:  MOVLW  05
017D:  MOVLB  00
017E:  MOVWF  29
017F:  GOTO   182
....................                   else estado_i2c = I2C_MANDAR_CONTROL;
0180:  MOVLW  02
0181:  MOVWF  2A
....................                   break;
0182:  GOTO   200
.................... 
....................                case I2C_MANDAR_CONTROL:
....................                   if(!i2c_escribir(ctrl_por_canal(canal))){ i2c_stop(); estado_app=ST_ERROR_I2C; }
0183:  MOVF   2B,W
0184:  MOVWF  3C
0185:  GOTO   0F2
0186:  MOVF   78,W
0187:  MOVWF  3C
0188:  MOVWF  3D
0189:  CALL   0D5
018A:  MOVF   78,F
018B:  BTFSS  03.2
018C:  GOTO   195
018D:  MOVLB  04
018E:  BSF    16.2
018F:  BTFSC  16.2
0190:  GOTO   18F
0191:  MOVLW  05
0192:  MOVLB  00
0193:  MOVWF  29
0194:  GOTO   1AA
....................                   else { i2c_start(); if(!i2c_escribir(MAX128_R)){ i2c_stop(); estado_app=ST_ERROR_I2C; } else estado_i2c = I2C_LEER_ALTO; }
0195:  MOVLB  04
0196:  BSF    16.0
0197:  BTFSC  16.0
0198:  GOTO   197
0199:  MOVLW  A1
019A:  MOVLB  00
019B:  MOVWF  3D
019C:  CALL   0D5
019D:  MOVF   78,F
019E:  BTFSS  03.2
019F:  GOTO   1A8
01A0:  MOVLB  04
01A1:  BSF    16.2
01A2:  BTFSC  16.2
01A3:  GOTO   1A2
01A4:  MOVLW  05
01A5:  MOVLB  00
01A6:  MOVWF  29
01A7:  GOTO   1AA
01A8:  MOVLW  04
01A9:  MOVWF  2A
....................                   break;
01AA:  GOTO   200
.................... 
....................                case I2C_LEER_ALTO: {
....................                      byte hi = i2c_read(1);               // ACK
01AB:  MOVLW  01
01AC:  MOVWF  77
01AD:  CALL   0FB
01AE:  MOVF   78,W
01AF:  MOVWF  35
....................                      valores[canal] = ((unsigned int16)hi)<<8;
01B0:  BCF    03.0
01B1:  RLF    2B,W
01B2:  ADDLW  0C
01B3:  MOVWF  04
01B4:  MOVLW  20
01B5:  MOVWF  05
01B6:  BTFSC  03.0
01B7:  INCF   05,F
01B8:  CLRF   3F
01B9:  MOVLW  00
01BA:  MOVWF  00
01BB:  MOVF   35,W
01BC:  MOVWI  W,[FSR0+01]
....................                      estado_i2c = I2C_LEER_BAJO;
01BD:  MOVLW  05
01BE:  MOVWF  2A
....................                   } break;
01BF:  GOTO   200
.................... 
....................                case I2C_LEER_BAJO: {
....................                      byte lo = i2c_read(0);               // NACK
01C0:  CLRF   77
01C1:  CALL   0FB
01C2:  MOVF   78,W
01C3:  MOVWF  36
....................                      i2c_stop();
01C4:  MOVLB  04
01C5:  BSF    16.2
01C6:  BTFSC  16.2
01C7:  GOTO   1C6
....................                      unsigned int16 raw16 = make16((valores[canal]>>8)&0xFF, lo);
01C8:  BCF    03.0
01C9:  MOVLB  00
01CA:  RLF    2B,W
01CB:  ADDLW  0C
01CC:  MOVWF  04
01CD:  MOVLW  20
01CE:  MOVWF  05
01CF:  BTFSC  03.0
01D0:  INCF   05,F
01D1:  MOVF   00,W
01D2:  MOVWF  3C
01D3:  MOVIW  [FSR0+01],W
01D4:  MOVWF  3D
01D5:  MOVWF  3C
01D6:  CLRF   3D
01D7:  CLRF   3D
01D8:  MOVF   3C,W
01D9:  MOVWF  38
01DA:  MOVF   36,W
01DB:  MOVWF  37
....................                      // Limpieza de 4 bits basura:
....................                      valores[canal] = (raw16 >> 4);       // usar &0x0FFF si hiciera falta
01DC:  BCF    03.0
01DD:  RLF    2B,W
01DE:  ADDLW  0C
01DF:  MOVWF  04
01E0:  MOVLW  20
01E1:  MOVWF  05
01E2:  BTFSC  03.0
01E3:  INCF   05,F
01E4:  RRF    38,W
01E5:  MOVWF  7A
01E6:  RRF    37,W
01E7:  MOVWF  79
01E8:  RRF    7A,F
01E9:  RRF    79,F
01EA:  RRF    7A,F
01EB:  RRF    79,F
01EC:  RRF    7A,F
01ED:  RRF    79,F
01EE:  MOVLW  0F
01EF:  ANDWF  7A,F
01F0:  MOVF   79,W
01F1:  MOVWF  00
01F2:  MOVF   7A,W
01F3:  MOVWI  W,[FSR0+01]
....................                      estado_i2c = I2C_GUARDAR_Y_SEGUIR;
01F4:  MOVLW  06
01F5:  MOVWF  2A
....................                   } break;
01F6:  GOTO   200
.................... 
....................                case I2C_GUARDAR_Y_SEGUIR:
....................                   if(canal < 2){ canal++; estado_i2c = I2C_ELEGIR_CANAL; }
01F7:  MOVF   2B,W
01F8:  SUBLW  01
01F9:  BTFSS  03.0
01FA:  GOTO   1FE
01FB:  INCF   2B,F
01FC:  CLRF   2A
01FD:  GOTO   200
....................                   else { estado_app = ST_MOSTRAR; }
01FE:  MOVLW  04
01FF:  MOVWF  29
....................                   break;
....................             }
....................             break;
0200:  GOTO   20E
.................... 
....................          case ST_MOSTRAR:
....................             // Enviá por consola (podés reemplazar por LCD si lo tenés)
....................             printf(SER,"D:%lu,%lu,%lu\r\n",
....................                    (unsigned long)valores[0],
....................                    (unsigned long)valores[1],
....................                    (unsigned long)valores[2]);
0201:  CLRF   05
0202:  MOVLW  01
0203:  MOVWF  04
0204:  CALL   039
....................             estado_app = ST_ESPERA;
0205:  MOVLW  01
0206:  MOVWF  29
....................             break;
0207:  GOTO   20E
.................... 
....................          case ST_ERROR_I2C:
....................             printf(SER,"[ERR] I2C NACK\r\n");
0208:  CLRF   05
0209:  MOVLW  01
020A:  MOVWF  04
020B:  CALL   039
....................             estado_app = ST_ESPERA;   // reintenta en el próximo tick
020C:  MOVLW  01
020D:  MOVWF  29
....................             break;
....................       }
020E:  GOTO   144
....................    }
.................... }
.................... 
020F:  SLEEP

Configuration Fuses:
   Word  1: 3F84   INTRC_IO NOWDT PUT NOMCLR NOPROTECT NOCPD BROWNOUT NOCLKOUT IESO FCMEN
   Word  2: 1EFF   NOWRT PLL_SW STVREN BORV19 NODEBUG NOLVP
