CCS PCM C Compiler, Version 5.093, 4770               28-oct.-25 14:21

               Filename:   C:\Users\adrie\OneDrive\Escritorio\EDI2\TPFinal\Stick\pic c\Stick.lst

               ROM used:   631 words (15%)
                           Largest free fragment is 2048
               RAM used:   12 (3%) at main() level
                           34 (9%) worst case
               Stack used: 0 locations
               Stack size: 16

0000:  MOVLP  00
0001:  GOTO   1BB
0002:  NOP
.................... #include <Stick.h>
.................... #include <16F1827.h>
.................... //////////// Standard Header file for the PIC16F1827 device ////////////////
.................... ///////////////////////////////////////////////////////////////////////////
.................... ////        (C) Copyright 1996, 2014 Custom Computer Services          ////
.................... //// This source code may only be used by licensed users of the CCS C  ////
.................... //// compiler.  This source code may only be distributed to other      ////
.................... //// licensed users of the CCS C compiler.  No other use, reproduction ////
.................... //// or distribution is permitted without written permission.          ////
.................... //// Derivative programs created using this software in object code    ////
.................... //// form are not restricted in any way.                               ////
.................... ///////////////////////////////////////////////////////////////////////////
.................... #device PIC16F1827
0003:  DATA 0D,05
0004:  DATA AD,16
0005:  DATA 2D,10
0006:  DATA CC,32
0007:  DATA 63,3A
0008:  DATA 75,39
0009:  DATA 61,10
000A:  DATA CA,37
000B:  DATA F9,39
000C:  DATA F4,34
000D:  DATA E3,35
000E:  DATA 20,28
000F:  DATA C9,21
0010:  DATA 31,1B
0011:  DATA C6,18
0012:  DATA 38,19
0013:  DATA 37,10
0014:  DATA AD,16
0015:  DATA AD,06
0016:  DATA 0A,00
0017:  DATA D8,1E
0018:  DATA 25,1A
0019:  DATA CC,3A
001A:  DATA 89,2C
001B:  DATA BD,12
001C:  DATA 34,26
001D:  DATA F5,04
001E:  DATA 42,2A
001F:  DATA CE,1E
0020:  DATA 25,32
0021:  DATA 0D,05
0022:  DATA 00,00
0023:  MOVF   0B,W
0024:  BCF    0B.7
0025:  MOVLB  03
0026:  BSF    15.7
0027:  BSF    15.0
0028:  NOP
0029:  NOP
002A:  BTFSC  09.7
002B:  BSF    0B.7
002C:  MOVF   13,W
002D:  ANDLW  7F
002E:  BTFSC  03.2
002F:  GOTO   071
0030:  MOVLB  00
0031:  MOVWF  28
0032:  MOVLB  03
0033:  MOVF   11,W
0034:  MOVLB  00
0035:  MOVWF  29
0036:  MOVLB  03
0037:  MOVF   12,W
0038:  MOVLB  00
0039:  MOVWF  2A
003A:  MOVF   28,W
003B:  BTFSS  11.4
003C:  GOTO   03B
003D:  MOVLB  03
003E:  MOVWF  1A
003F:  MOVLB  00
0040:  MOVF   29,W
0041:  MOVLB  03
0042:  MOVWF  11
0043:  MOVLB  00
0044:  MOVF   2A,W
0045:  MOVLB  03
0046:  MOVWF  12
0047:  MOVF   0B,W
0048:  BCF    0B.7
0049:  BSF    15.7
004A:  BSF    15.0
004B:  NOP
004C:  NOP
004D:  BTFSC  09.7
004E:  BSF    0B.7
004F:  RLF    13,W
0050:  RLF    14,W
0051:  ANDLW  7F
0052:  BTFSC  03.2
0053:  GOTO   071
0054:  MOVLB  00
0055:  MOVWF  28
0056:  MOVLB  03
0057:  MOVF   11,W
0058:  MOVLB  00
0059:  MOVWF  29
005A:  MOVLB  03
005B:  MOVF   12,W
005C:  MOVLB  00
005D:  MOVWF  2A
005E:  MOVF   28,W
005F:  BTFSS  11.4
0060:  GOTO   05F
0061:  MOVLB  03
0062:  MOVWF  1A
0063:  MOVLB  00
0064:  MOVF   29,W
0065:  MOVLB  03
0066:  MOVWF  11
0067:  MOVLB  00
0068:  MOVF   2A,W
0069:  MOVLB  03
006A:  MOVWF  12
006B:  INCF   11,F
006C:  BTFSC  03.2
006D:  INCF   12,F
006E:  MOVLB  00
006F:  GOTO   023
0070:  MOVLB  03
0071:  MOVLP  00
0072:  MOVLB  00
0073:  GOTO   1ED (RETURN)
0074:  MOVF   05,W
0075:  MOVWF  30
0076:  MOVF   04,W
0077:  MOVWF  2F
0078:  SWAPF  29,W
0079:  IORLW  F0
007A:  MOVWF  2B
007B:  ADDWF  2B,F
007C:  ADDLW  E2
007D:  MOVWF  2C
007E:  ADDLW  32
007F:  MOVWF  2E
0080:  MOVF   29,W
0081:  ANDLW  0F
0082:  ADDWF  2C,F
0083:  ADDWF  2C,F
0084:  ADDWF  2E,F
0085:  ADDLW  E9
0086:  MOVWF  2D
0087:  ADDWF  2D,F
0088:  ADDWF  2D,F
0089:  SWAPF  28,W
008A:  ANDLW  0F
008B:  ADDWF  2D,F
008C:  ADDWF  2E,F
008D:  RLF    2D,F
008E:  RLF    2E,F
008F:  COMF   2E,F
0090:  RLF    2E,F
0091:  MOVF   28,W
0092:  ANDLW  0F
0093:  ADDWF  2E,F
0094:  RLF    2B,F
0095:  MOVLW  07
0096:  MOVWF  2A
0097:  MOVLW  0A
0098:  ADDWF  2E,F
0099:  DECF   2D,F
009A:  BTFSS  03.0
009B:  GOTO   098
009C:  ADDWF  2D,F
009D:  DECF   2C,F
009E:  BTFSS  03.0
009F:  GOTO   09C
00A0:  ADDWF  2C,F
00A1:  DECF   2B,F
00A2:  BTFSS  03.0
00A3:  GOTO   0A0
00A4:  ADDWF  2B,F
00A5:  DECF   2A,F
00A6:  BTFSS  03.0
00A7:  GOTO   0A4
00A8:  MOVLW  20
00A9:  MOVWF  05
00AA:  MOVLW  0A
00AB:  MOVWF  04
00AC:  MOVLW  07
00AD:  ANDWF  2F,W
00AE:  BCF    2F.6
00AF:  ADDWF  04,F
00B0:  MOVLW  00
00B1:  ADDWFC 05,F
00B2:  MOVF   04,W
00B3:  SUBLW  0E
00B4:  BTFSS  03.2
00B5:  GOTO   0BA
00B6:  MOVF   05,W
00B7:  SUBLW  20
00B8:  BTFSC  03.2
00B9:  BSF    2F.6
00BA:  MOVF   00,W
00BB:  MOVWF  77
00BC:  BTFSS  03.2
00BD:  GOTO   0C6
00BE:  BTFSC  2F.6
00BF:  GOTO   0C6
00C0:  BTFSC  2F.4
00C1:  GOTO   0D0
00C2:  BTFSC  2F.3
00C3:  GOTO   0C6
00C4:  MOVLW  20
00C5:  GOTO   0C9
00C6:  BSF    2F.3
00C7:  BCF    2F.4
00C8:  MOVLW  30
00C9:  ADDWF  77,F
00CA:  MOVF   77,W
00CB:  BTFSS  11.4
00CC:  GOTO   0CB
00CD:  MOVLB  03
00CE:  MOVWF  1A
00CF:  MOVLB  00
00D0:  ADDFSR 01,FSR0
00D1:  BTFSS  2F.6
00D2:  GOTO   0B2
00D3:  RETURN
00D4:  MOVF   0B,W
00D5:  BCF    0B.7
00D6:  MOVLB  03
00D7:  BSF    15.7
00D8:  BSF    15.0
00D9:  NOP
00DA:  NOP
00DB:  BTFSC  09.7
00DC:  BSF    0B.7
00DD:  BTFSC  03.0
00DE:  GOTO   108
00DF:  MOVF   13,W
00E0:  ANDLW  7F
00E1:  MOVLB  00
00E2:  MOVWF  2B
00E3:  MOVLB  03
00E4:  MOVF   11,W
00E5:  MOVLB  00
00E6:  MOVWF  2C
00E7:  MOVLB  03
00E8:  MOVF   12,W
00E9:  MOVLB  00
00EA:  MOVWF  2D
00EB:  MOVF   2B,W
00EC:  BTFSS  11.4
00ED:  GOTO   0EC
00EE:  MOVLB  03
00EF:  MOVWF  1A
00F0:  MOVLB  00
00F1:  MOVF   2C,W
00F2:  MOVLB  03
00F3:  MOVWF  11
00F4:  MOVLB  00
00F5:  MOVF   2D,W
00F6:  MOVLB  03
00F7:  MOVWF  12
00F8:  MOVF   0B,W
00F9:  BCF    0B.7
00FA:  BSF    15.7
00FB:  BSF    15.0
00FC:  NOP
00FD:  NOP
00FE:  BTFSC  09.7
00FF:  BSF    0B.7
0100:  MOVLB  00
0101:  DECFSZ 28,F
0102:  GOTO   104
0103:  GOTO   106
0104:  MOVLB  03
0105:  GOTO   108
0106:  GOTO   129
0107:  MOVLB  03
0108:  RLF    13,W
0109:  RLF    14,W
010A:  ANDLW  7F
010B:  MOVLB  00
010C:  MOVWF  2B
010D:  MOVLB  03
010E:  MOVF   11,W
010F:  MOVLB  00
0110:  MOVWF  2C
0111:  MOVLB  03
0112:  MOVF   12,W
0113:  MOVLB  00
0114:  MOVWF  2D
0115:  MOVF   2B,W
0116:  BTFSS  11.4
0117:  GOTO   116
0118:  MOVLB  03
0119:  MOVWF  1A
011A:  MOVLB  00
011B:  MOVF   2C,W
011C:  MOVLB  03
011D:  MOVWF  11
011E:  MOVLB  00
011F:  MOVF   2D,W
0120:  MOVLB  03
0121:  MOVWF  12
0122:  INCF   11,F
0123:  BTFSC  03.2
0124:  INCF   12,F
0125:  BCF    03.0
0126:  MOVLB  00
0127:  DECFSZ 28,F
0128:  GOTO   0D4
0129:  MOVLP  00
012A:  GOTO   261 (RETURN)
012B:  MOVF   31,W
012C:  CLRF   78
012D:  SUBWF  30,W
012E:  BTFSC  03.0
012F:  GOTO   133
0130:  MOVF   30,W
0131:  MOVWF  77
0132:  GOTO   13F
0133:  CLRF   77
0134:  MOVLW  08
0135:  MOVWF  32
0136:  RLF    30,F
0137:  RLF    77,F
0138:  MOVF   31,W
0139:  SUBWF  77,W
013A:  BTFSC  03.0
013B:  MOVWF  77
013C:  RLF    78,F
013D:  DECFSZ 32,F
013E:  GOTO   136
013F:  RETURN
0140:  MOVLW  20
0141:  BTFSS  29.4
0142:  MOVLW  30
0143:  MOVWF  2C
0144:  MOVF   28,W
0145:  MOVWF  77
0146:  BTFSS  28.7
0147:  GOTO   150
0148:  COMF   77,F
0149:  INCF   77,F
014A:  MOVF   77,W
014B:  MOVWF  28
014C:  MOVLW  2D
014D:  MOVWF  2C
014E:  BSF    29.7
014F:  BSF    29.0
0150:  MOVF   28,W
0151:  MOVWF  30
0152:  MOVLW  64
0153:  MOVWF  31
0154:  CALL   12B
0155:  MOVF   77,W
0156:  MOVWF  28
0157:  MOVLW  30
0158:  ADDWF  78,W
0159:  MOVWF  2D
015A:  MOVF   28,W
015B:  MOVWF  30
015C:  MOVLW  0A
015D:  MOVWF  31
015E:  CALL   12B
015F:  MOVLW  30
0160:  ADDWF  77,W
0161:  MOVWF  2F
0162:  MOVLW  30
0163:  ADDWF  78,W
0164:  MOVWF  2E
0165:  MOVF   2C,W
0166:  MOVWF  77
0167:  MOVLW  30
0168:  SUBWF  2D,W
0169:  BTFSC  03.2
016A:  GOTO   16F
016B:  BSF    29.1
016C:  BTFSC  29.7
016D:  BSF    29.2
016E:  GOTO   183
016F:  MOVF   2C,W
0170:  MOVWF  2D
0171:  MOVLW  20
0172:  MOVWF  2C
0173:  MOVLW  30
0174:  SUBWF  2E,W
0175:  BTFSC  03.2
0176:  GOTO   17B
0177:  BSF    29.0
0178:  BTFSC  29.7
0179:  BSF    29.1
017A:  GOTO   183
017B:  BTFSS  03.2
017C:  BSF    29.0
017D:  BTFSS  03.2
017E:  GOTO   183
017F:  MOVF   2D,W
0180:  MOVWF  2E
0181:  MOVLW  20
0182:  MOVWF  2D
0183:  BTFSC  29.2
0184:  GOTO   18A
0185:  BTFSC  29.1
0186:  GOTO   190
0187:  BTFSC  29.0
0188:  GOTO   196
0189:  GOTO   19C
018A:  MOVF   2C,W
018B:  BTFSS  11.4
018C:  GOTO   18B
018D:  MOVLB  03
018E:  MOVWF  1A
018F:  MOVLB  00
0190:  MOVF   2D,W
0191:  BTFSS  11.4
0192:  GOTO   191
0193:  MOVLB  03
0194:  MOVWF  1A
0195:  MOVLB  00
0196:  MOVF   2E,W
0197:  BTFSS  11.4
0198:  GOTO   197
0199:  MOVLB  03
019A:  MOVWF  1A
019B:  MOVLB  00
019C:  MOVF   2F,W
019D:  BTFSS  11.4
019E:  GOTO   19D
019F:  MOVLB  03
01A0:  MOVWF  1A
01A1:  MOVLP  00
01A2:  MOVLB  00
01A3:  GOTO   266 (RETURN)
.................... 
.................... #list
.................... 
.................... #device ADC=10
.................... #use delay(internal=4000000)
.................... 
.................... 
.................... #fuses NOWDT, INTRC_IO, NOPROTECT, NOLVP, NOMCLR
.................... #use delay(clock=4MHz)
01A4:  MOVLW  20
01A5:  MOVWF  05
01A6:  MOVLW  07
01A7:  MOVWF  04
01A8:  MOVF   00,W
01A9:  BTFSC  03.2
01AA:  GOTO   1B9
01AB:  MOVLW  01
01AC:  MOVWF  78
01AD:  CLRF   77
01AE:  DECFSZ 77,F
01AF:  GOTO   1AE
01B0:  DECFSZ 78,F
01B1:  GOTO   1AD
01B2:  MOVLW  4A
01B3:  MOVWF  77
01B4:  DECFSZ 77,F
01B5:  GOTO   1B4
01B6:  GOTO   1B7
01B7:  DECFSZ 00,F
01B8:  GOTO   1AB
01B9:  MOVLP  00
01BA:  GOTO   275 (RETURN)
.................... #use RS232(BAUD=9600, BITS=8, PARITY=N, XMIT=PIN_B5, RCV=PIN_B1)
.................... 
.................... // ---------------- Definiciones ----------------
.................... #define PIN_X   PIN_A0   // Eje X del joystick (VRx)
.................... #define PIN_Y   PIN_A1   // Eje Y del joystick (VRy)
.................... #define PIN_BTN PIN_B0   // Botón del joystick (SW)
.................... 
.................... // ---------------- Programa principal ----------------
.................... void main() {
01BB:  MOVLW  6A
01BC:  MOVLB  01
01BD:  MOVWF  19
01BE:  MOVLB  02
01BF:  BSF    1E.0
01C0:  MOVLB  03
01C1:  BCF    1F.3
01C2:  MOVLW  19
01C3:  MOVWF  1B
01C4:  MOVLW  A6
01C5:  MOVWF  1E
01C6:  MOVLW  90
01C7:  MOVWF  1D
01C8:  MOVLB  00
01C9:  CLRF   21
01CA:  CLRF   20
01CB:  MOVLB  03
01CC:  CLRF   0C
01CD:  CLRF   0D
01CE:  MOVLB  02
01CF:  CLRF   12
01D0:  CLRF   11
01D1:  CLRF   14
01D2:  CLRF   13
....................    // Configuración básica
....................    setup_adc_ports(sAN0 | sAN1, VSS_VDD);
01D3:  MOVLB  01
01D4:  BCF    1E.0
01D5:  BCF    1E.1
01D6:  BCF    1E.2
01D7:  MOVLW  03
01D8:  MOVLB  03
01D9:  MOVWF  0C
01DA:  MOVLW  00
01DB:  MOVWF  0D
....................    setup_adc(ADC_CLOCK_INTERNAL);
01DC:  MOVLB  01
01DD:  BSF    1E.4
01DE:  BSF    1E.5
01DF:  BCF    1E.6
01E0:  BSF    1E.7
01E1:  BSF    1D.0
.................... 
....................    set_tris_a(0b00000011); // RA0 y RA1 entradas analógicas
01E2:  MOVLW  03
01E3:  MOVWF  0C
....................    set_tris_b(0b00000001); // RB0 entrada digital (botón)
01E4:  MOVLW  01
01E5:  MOVWF  0D
.................... 
....................    unsigned int16 ejeX, ejeY;
....................    int1 boton;
.................... 
....................    printf("\r\n--- Lectura Joystick PIC16F1827 ---\r\n");
01E6:  MOVLW  03
01E7:  MOVLB  03
01E8:  MOVWF  11
01E9:  MOVLW  00
01EA:  MOVWF  12
01EB:  MOVLB  00
01EC:  GOTO   023
.................... 
....................    while(TRUE) {
....................       // Leer eje X
....................       set_adc_channel(0);
01ED:  MOVLW  00
01EE:  MOVWF  78
01EF:  MOVLB  01
01F0:  MOVF   1D,W
01F1:  ANDLW  83
01F2:  IORWF  78,W
01F3:  MOVWF  1D
....................       delay_us(20);
01F4:  MOVLW  06
01F5:  MOVWF  77
01F6:  DECFSZ 77,F
01F7:  GOTO   1F6
01F8:  NOP
....................       ejeX = read_adc();
01F9:  BSF    1D.1
01FA:  MOVLW  11
01FB:  MOVWF  77
01FC:  BTFSS  1D.1
01FD:  GOTO   200
01FE:  DECFSZ 77,F
01FF:  GOTO   1FC
0200:  MOVF   1B,W
0201:  MOVWF  78
0202:  MOVF   1C,W
0203:  MOVLB  00
0204:  MOVWF  23
0205:  MOVF   78,W
0206:  MOVWF  22
.................... 
....................       // Leer eje Y
....................       set_adc_channel(1);
0207:  MOVLW  04
0208:  MOVWF  78
0209:  MOVLB  01
020A:  MOVF   1D,W
020B:  ANDLW  83
020C:  IORWF  78,W
020D:  MOVWF  1D
....................       delay_us(20);
020E:  MOVLW  06
020F:  MOVWF  77
0210:  DECFSZ 77,F
0211:  GOTO   210
0212:  NOP
....................       ejeY = read_adc();
0213:  BSF    1D.1
0214:  MOVLW  11
0215:  MOVWF  77
0216:  BTFSS  1D.1
0217:  GOTO   21A
0218:  DECFSZ 77,F
0219:  GOTO   216
021A:  MOVF   1B,W
021B:  MOVWF  78
021C:  MOVF   1C,W
021D:  MOVLB  00
021E:  MOVWF  25
021F:  MOVF   78,W
0220:  MOVWF  24
.................... 
....................       // Leer botón (activo en 0)
....................       boton = input(PIN_BTN);
0221:  MOVLB  01
0222:  BSF    0D.0
0223:  MOVLB  00
0224:  BCF    26.0
0225:  BTFSC  0D.0
0226:  BSF    26.0
.................... 
....................       // Mostrar los valores
....................       printf("X=%4Lu\tY=%4Lu\tBTN=%d\r\n", ejeX, ejeY, boton);
0227:  MOVLW  00
0228:  BTFSC  26.0
0229:  MOVLW  01
022A:  MOVWF  27
022B:  MOVLW  58
022C:  BTFSS  11.4
022D:  GOTO   22C
022E:  MOVLB  03
022F:  MOVWF  1A
0230:  MOVLW  3D
0231:  MOVLB  00
0232:  BTFSS  11.4
0233:  GOTO   232
0234:  MOVLB  03
0235:  MOVWF  1A
0236:  MOVLW  01
0237:  MOVWF  04
0238:  MOVLB  00
0239:  MOVF   23,W
023A:  MOVWF  29
023B:  MOVF   22,W
023C:  MOVWF  28
023D:  CALL   074
023E:  MOVLW  09
023F:  BTFSS  11.4
0240:  GOTO   23F
0241:  MOVLB  03
0242:  MOVWF  1A
0243:  MOVLW  59
0244:  MOVLB  00
0245:  BTFSS  11.4
0246:  GOTO   245
0247:  MOVLB  03
0248:  MOVWF  1A
0249:  MOVLW  3D
024A:  MOVLB  00
024B:  BTFSS  11.4
024C:  GOTO   24B
024D:  MOVLB  03
024E:  MOVWF  1A
024F:  MOVLW  01
0250:  MOVWF  04
0251:  MOVLB  00
0252:  MOVF   25,W
0253:  MOVWF  29
0254:  MOVF   24,W
0255:  MOVWF  28
0256:  CALL   074
0257:  MOVLW  1D
0258:  MOVLB  03
0259:  MOVWF  11
025A:  MOVLW  00
025B:  MOVWF  12
025C:  BSF    03.0
025D:  MOVLW  05
025E:  MOVLB  00
025F:  MOVWF  28
0260:  GOTO   0D4
0261:  MOVF   27,W
0262:  MOVWF  28
0263:  MOVLW  18
0264:  MOVWF  29
0265:  GOTO   140
0266:  MOVLW  0D
0267:  BTFSS  11.4
0268:  GOTO   267
0269:  MOVLB  03
026A:  MOVWF  1A
026B:  MOVLW  0A
026C:  MOVLB  00
026D:  BTFSS  11.4
026E:  GOTO   26D
026F:  MOVLB  03
0270:  MOVWF  1A
.................... 
....................       delay_ms(200);
0271:  MOVLW  C8
0272:  MOVLB  00
0273:  MOVWF  27
0274:  GOTO   1A4
0275:  GOTO   1ED
....................    }
.................... }
0276:  SLEEP

Configuration Fuses:
   Word  1: 3F84   INTRC_IO NOWDT PUT NOMCLR NOPROTECT NOCPD BROWNOUT NOCLKOUT IESO FCMEN
   Word  2: 1EFF   NOWRT PLL_SW STVREN BORV19 NODEBUG NOLVP
