CCS PCM C Compiler, Version 5.093, 4770               03-Nov-25 17:05

               Filename:   C:\Users\bauti\OneDrive\Escritorio\pepe\Estudio\Universidad\3RO\EDI2\REPO\TPFinal\Stick\pic c\Stick.lst

               ROM used:   736 words (18%)
                           Largest free fragment is 2048
               RAM used:   14 (4%) at main() level
                           36 (9%) worst case
               Stack used: 2 locations
               Stack size: 16

0000:  MOVLP  00
0001:  GOTO   1B6
0002:  NOP
.................... #include <16F1827.h>
.................... //////////// Standard Header file for the PIC16F1827 device ////////////////
.................... ///////////////////////////////////////////////////////////////////////////
.................... ////        (C) Copyright 1996, 2014 Custom Computer Services          ////
.................... //// This source code may only be used by licensed users of the CCS C  ////
.................... //// compiler.  This source code may only be distributed to other      ////
.................... //// licensed users of the CCS C compiler.  No other use, reproduction ////
.................... //// or distribution is permitted without written permission.          ////
.................... //// Derivative programs created using this software in object code    ////
.................... //// form are not restricted in any way.                               ////
.................... ///////////////////////////////////////////////////////////////////////////
.................... #device PIC16F1827
0003:  DATA 0D,05
0004:  DATA AD,16
0005:  DATA 2D,10
0006:  DATA CC,32
0007:  DATA 63,3A
0008:  DATA 75,39
0009:  DATA 61,10
000A:  DATA CA,37
000B:  DATA F9,39
000C:  DATA F4,34
000D:  DATA E3,35
000E:  DATA 20,28
000F:  DATA C9,21
0010:  DATA 31,1B
0011:  DATA C6,18
0012:  DATA 38,19
0013:  DATA 37,10
0014:  DATA AD,16
0015:  DATA AD,06
0016:  DATA 0A,00
0017:  DATA D8,1E
0018:  DATA 25,1A
0019:  DATA CC,3A
001A:  DATA 20,14
001B:  DATA A5,19
001C:  DATA F5,14
001D:  DATA A0,04
001E:  DATA A0,2C
001F:  DATA BD,12
0020:  DATA 34,26
0021:  DATA 75,10
0022:  DATA A8,12
0023:  DATA B3,3A
0024:  DATA 29,10
0025:  DATA 09,10
0026:  DATA 42,2A
0027:  DATA CE,1E
0028:  DATA 50,29
0029:  DATA C5,29
002A:  DATA C9,27
002B:  DATA CE,20
002C:  DATA C4,27
002D:  DATA 0D,05
002E:  DATA 00,00
002F:  DATA D8,1E
0030:  DATA 25,1A
0031:  DATA CC,3A
0032:  DATA 20,14
0033:  DATA A5,19
0034:  DATA F5,14
0035:  DATA A0,04
0036:  DATA A0,2C
0037:  DATA BD,12
0038:  DATA 34,26
0039:  DATA 75,10
003A:  DATA A8,12
003B:  DATA B3,3A
003C:  DATA 29,10
003D:  DATA 09,10
003E:  DATA 42,2A
003F:  DATA CE,1E
0040:  DATA D3,2A
0041:  DATA 45,26
0042:  DATA D4,27
0043:  DATA 0D,05
0044:  DATA 00,00
0045:  MOVF   0B,W
0046:  BCF    0B.7
0047:  MOVLB  03
0048:  BSF    15.7
0049:  BSF    15.0
004A:  NOP
004B:  NOP
004C:  BTFSC  09.7
004D:  BSF    0B.7
004E:  MOVF   13,W
004F:  ANDLW  7F
0050:  BTFSC  03.2
0051:  GOTO   093
0052:  MOVLB  00
0053:  MOVWF  2B
0054:  MOVLB  03
0055:  MOVF   11,W
0056:  MOVLB  00
0057:  MOVWF  2C
0058:  MOVLB  03
0059:  MOVF   12,W
005A:  MOVLB  00
005B:  MOVWF  2D
005C:  MOVF   2B,W
005D:  BTFSS  11.4
005E:  GOTO   05D
005F:  MOVLB  03
0060:  MOVWF  1A
0061:  MOVLB  00
0062:  MOVF   2C,W
0063:  MOVLB  03
0064:  MOVWF  11
0065:  MOVLB  00
0066:  MOVF   2D,W
0067:  MOVLB  03
0068:  MOVWF  12
0069:  MOVF   0B,W
006A:  BCF    0B.7
006B:  BSF    15.7
006C:  BSF    15.0
006D:  NOP
006E:  NOP
006F:  BTFSC  09.7
0070:  BSF    0B.7
0071:  RLF    13,W
0072:  RLF    14,W
0073:  ANDLW  7F
0074:  BTFSC  03.2
0075:  GOTO   093
0076:  MOVLB  00
0077:  MOVWF  2B
0078:  MOVLB  03
0079:  MOVF   11,W
007A:  MOVLB  00
007B:  MOVWF  2C
007C:  MOVLB  03
007D:  MOVF   12,W
007E:  MOVLB  00
007F:  MOVWF  2D
0080:  MOVF   2B,W
0081:  BTFSS  11.4
0082:  GOTO   081
0083:  MOVLB  03
0084:  MOVWF  1A
0085:  MOVLB  00
0086:  MOVF   2C,W
0087:  MOVLB  03
0088:  MOVWF  11
0089:  MOVLB  00
008A:  MOVF   2D,W
008B:  MOVLB  03
008C:  MOVWF  12
008D:  INCF   11,F
008E:  BTFSC  03.2
008F:  INCF   12,F
0090:  MOVLB  00
0091:  GOTO   045
0092:  MOVLB  03
0093:  MOVLP  00
0094:  MOVLB  00
0095:  GOTO   1EA (RETURN)
0096:  MOVF   05,W
0097:  MOVWF  37
0098:  MOVF   04,W
0099:  MOVWF  36
009A:  SWAPF  2A,W
009B:  IORLW  F0
009C:  MOVWF  32
009D:  ADDWF  32,F
009E:  ADDLW  E2
009F:  MOVWF  33
00A0:  ADDLW  32
00A1:  MOVWF  35
00A2:  MOVF   2A,W
00A3:  ANDLW  0F
00A4:  ADDWF  33,F
00A5:  ADDWF  33,F
00A6:  ADDWF  35,F
00A7:  ADDLW  E9
00A8:  MOVWF  34
00A9:  ADDWF  34,F
00AA:  ADDWF  34,F
00AB:  SWAPF  29,W
00AC:  ANDLW  0F
00AD:  ADDWF  34,F
00AE:  ADDWF  35,F
00AF:  RLF    34,F
00B0:  RLF    35,F
00B1:  COMF   35,F
00B2:  RLF    35,F
00B3:  MOVF   29,W
00B4:  ANDLW  0F
00B5:  ADDWF  35,F
00B6:  RLF    32,F
00B7:  MOVLW  07
00B8:  MOVWF  31
00B9:  MOVLW  0A
00BA:  ADDWF  35,F
00BB:  DECF   34,F
00BC:  BTFSS  03.0
00BD:  GOTO   0BA
00BE:  ADDWF  34,F
00BF:  DECF   33,F
00C0:  BTFSS  03.0
00C1:  GOTO   0BE
00C2:  ADDWF  33,F
00C3:  DECF   32,F
00C4:  BTFSS  03.0
00C5:  GOTO   0C2
00C6:  ADDWF  32,F
00C7:  DECF   31,F
00C8:  BTFSS  03.0
00C9:  GOTO   0C6
00CA:  MOVLW  20
00CB:  MOVWF  05
00CC:  MOVLW  11
00CD:  MOVWF  04
00CE:  MOVLW  07
00CF:  ANDWF  36,W
00D0:  BCF    36.6
00D1:  ADDWF  04,F
00D2:  MOVLW  00
00D3:  ADDWFC 05,F
00D4:  MOVF   04,W
00D5:  SUBLW  15
00D6:  BTFSS  03.2
00D7:  GOTO   0DC
00D8:  MOVF   05,W
00D9:  SUBLW  20
00DA:  BTFSC  03.2
00DB:  BSF    36.6
00DC:  MOVF   00,W
00DD:  MOVWF  77
00DE:  BTFSS  03.2
00DF:  GOTO   0E8
00E0:  BTFSC  36.6
00E1:  GOTO   0E8
00E2:  BTFSC  36.4
00E3:  GOTO   0F2
00E4:  BTFSC  36.3
00E5:  GOTO   0E8
00E6:  MOVLW  20
00E7:  GOTO   0EB
00E8:  BSF    36.3
00E9:  BCF    36.4
00EA:  MOVLW  30
00EB:  ADDWF  77,F
00EC:  MOVF   77,W
00ED:  BTFSS  11.4
00EE:  GOTO   0ED
00EF:  MOVLB  03
00F0:  MOVWF  1A
00F1:  MOVLB  00
00F2:  ADDFSR 01,FSR0
00F3:  BTFSS  36.6
00F4:  GOTO   0D4
00F5:  RETURN
00F6:  MOVF   2C,W
00F7:  CLRF   78
00F8:  SUBWF  2B,W
00F9:  BTFSC  03.0
00FA:  GOTO   0FE
00FB:  MOVF   2B,W
00FC:  MOVWF  77
00FD:  GOTO   10A
00FE:  CLRF   77
00FF:  MOVLW  08
0100:  MOVWF  2D
0101:  RLF    2B,F
0102:  RLF    77,F
0103:  MOVF   2C,W
0104:  SUBWF  77,W
0105:  BTFSC  03.0
0106:  MOVWF  77
0107:  RLF    78,F
0108:  DECFSZ 2D,F
0109:  GOTO   101
010A:  RETURN
010B:  MOVF   78,W
010C:  MOVF   29,W
010D:  MOVWF  2B
010E:  MOVLW  64
010F:  MOVWF  2C
0110:  CALL   0F6
0111:  MOVF   77,W
0112:  MOVWF  29
0113:  MOVF   78,W
0114:  MOVLW  30
0115:  BTFSS  03.2
0116:  GOTO   11E
0117:  BTFSS  2A.1
0118:  GOTO   128
0119:  BTFSC  2A.3
011A:  GOTO   128
011B:  BTFSC  2A.4
011C:  MOVLW  20
011D:  GOTO   121
011E:  BCF    2A.3
011F:  BCF    2A.4
0120:  BSF    2A.0
0121:  ADDWF  78,F
0122:  MOVF   78,W
0123:  BTFSS  11.4
0124:  GOTO   123
0125:  MOVLB  03
0126:  MOVWF  1A
0127:  MOVLB  00
0128:  MOVF   29,W
0129:  MOVWF  2B
012A:  MOVLW  0A
012B:  MOVWF  2C
012C:  CALL   0F6
012D:  MOVF   77,W
012E:  MOVWF  29
012F:  MOVF   78,W
0130:  MOVLW  30
0131:  BTFSS  03.2
0132:  GOTO   139
0133:  BTFSC  2A.3
0134:  GOTO   140
0135:  BTFSS  2A.0
0136:  GOTO   140
0137:  BTFSC  2A.4
0138:  MOVLW  20
0139:  ADDWF  78,F
013A:  MOVF   78,W
013B:  BTFSS  11.4
013C:  GOTO   13B
013D:  MOVLB  03
013E:  MOVWF  1A
013F:  MOVLB  00
0140:  MOVLW  30
0141:  ADDWF  29,F
0142:  MOVF   29,W
0143:  BTFSS  11.4
0144:  GOTO   143
0145:  MOVLB  03
0146:  MOVWF  1A
0147:  MOVLB  00
0148:  RETURN
0149:  MOVF   0B,W
014A:  BCF    0B.7
014B:  MOVLB  03
014C:  BSF    15.7
014D:  BSF    15.0
014E:  NOP
014F:  NOP
0150:  BTFSC  09.7
0151:  BSF    0B.7
0152:  BTFSC  03.0
0153:  GOTO   17D
0154:  MOVF   13,W
0155:  ANDLW  7F
0156:  MOVLB  00
0157:  MOVWF  2B
0158:  MOVLB  03
0159:  MOVF   11,W
015A:  MOVLB  00
015B:  MOVWF  2C
015C:  MOVLB  03
015D:  MOVF   12,W
015E:  MOVLB  00
015F:  MOVWF  2D
0160:  MOVF   2B,W
0161:  BTFSS  11.4
0162:  GOTO   161
0163:  MOVLB  03
0164:  MOVWF  1A
0165:  MOVLB  00
0166:  MOVF   2C,W
0167:  MOVLB  03
0168:  MOVWF  11
0169:  MOVLB  00
016A:  MOVF   2D,W
016B:  MOVLB  03
016C:  MOVWF  12
016D:  MOVF   0B,W
016E:  BCF    0B.7
016F:  BSF    15.7
0170:  BSF    15.0
0171:  NOP
0172:  NOP
0173:  BTFSC  09.7
0174:  BSF    0B.7
0175:  MOVLB  00
0176:  DECFSZ 29,F
0177:  GOTO   179
0178:  GOTO   17B
0179:  MOVLB  03
017A:  GOTO   17D
017B:  GOTO   19E
017C:  MOVLB  03
017D:  RLF    13,W
017E:  RLF    14,W
017F:  ANDLW  7F
0180:  MOVLB  00
0181:  MOVWF  2B
0182:  MOVLB  03
0183:  MOVF   11,W
0184:  MOVLB  00
0185:  MOVWF  2C
0186:  MOVLB  03
0187:  MOVF   12,W
0188:  MOVLB  00
0189:  MOVWF  2D
018A:  MOVF   2B,W
018B:  BTFSS  11.4
018C:  GOTO   18B
018D:  MOVLB  03
018E:  MOVWF  1A
018F:  MOVLB  00
0190:  MOVF   2C,W
0191:  MOVLB  03
0192:  MOVWF  11
0193:  MOVLB  00
0194:  MOVF   2D,W
0195:  MOVLB  03
0196:  MOVWF  12
0197:  INCF   11,F
0198:  BTFSC  03.2
0199:  INCF   12,F
019A:  BCF    03.0
019B:  MOVLB  00
019C:  DECFSZ 29,F
019D:  GOTO   149
019E:  RETURN
.................... 
.................... #list
.................... 
.................... #device ADC=10
.................... #fuses NOWDT, INTRC_IO, NOPROTECT, NOLVP, NOMCLR
.................... #use delay(clock=4MHz)
019F:  MOVLW  20
01A0:  MOVWF  05
01A1:  MOVLW  0A
01A2:  MOVWF  04
01A3:  MOVF   00,W
01A4:  BTFSC  03.2
01A5:  GOTO   1B4
01A6:  MOVLW  01
01A7:  MOVWF  78
01A8:  CLRF   77
01A9:  DECFSZ 77,F
01AA:  GOTO   1A9
01AB:  DECFSZ 78,F
01AC:  GOTO   1A8
01AD:  MOVLW  4A
01AE:  MOVWF  77
01AF:  DECFSZ 77,F
01B0:  GOTO   1AF
01B1:  GOTO   1B2
01B2:  DECFSZ 00,F
01B3:  GOTO   1A6
01B4:  MOVLP  00
01B5:  GOTO   2DC (RETURN)
.................... #use RS232(BAUD=9600, BITS=8, PARITY=N, XMIT=PIN_B5, RCV=PIN_B1)
.................... 
.................... // ---------------- Definiciones ----------------
.................... #define PIN_X   PIN_A0    // Eje X del joystick (VRx)
.................... #define PIN_Y   PIN_A1    // Eje Y del joystick (VRy)
.................... #define PIN_BTN PIN_B0    // Botón del joystick (SW)
.................... 
.................... // ---------------- Programa principal ----------------
.................... void main() {
01B6:  MOVLW  6A
01B7:  MOVLB  01
01B8:  MOVWF  19
01B9:  MOVLB  02
01BA:  BSF    1E.0
01BB:  MOVLB  03
01BC:  BCF    1F.3
01BD:  MOVLW  19
01BE:  MOVWF  1B
01BF:  MOVLW  A6
01C0:  MOVWF  1E
01C1:  MOVLW  90
01C2:  MOVWF  1D
01C3:  MOVLB  00
01C4:  CLRF   21
01C5:  CLRF   20
01C6:  MOVLB  03
01C7:  CLRF   0C
01C8:  CLRF   0D
01C9:  MOVLB  02
01CA:  CLRF   12
01CB:  CLRF   11
01CC:  CLRF   14
01CD:  CLRF   13
....................     // Configuración básica
....................     setup_oscillator(OSC_4MHZ);
01CE:  MOVLW  68
01CF:  MOVLB  01
01D0:  MOVWF  19
....................     setup_adc_ports(sAN0 | sAN1, VSS_VDD);
01D1:  BCF    1E.0
01D2:  BCF    1E.1
01D3:  BCF    1E.2
01D4:  MOVLW  03
01D5:  MOVLB  03
01D6:  MOVWF  0C
01D7:  MOVLW  00
01D8:  MOVWF  0D
....................     setup_adc(ADC_CLOCK_INTERNAL);
01D9:  MOVLB  01
01DA:  BSF    1E.4
01DB:  BSF    1E.5
01DC:  BCF    1E.6
01DD:  BSF    1E.7
01DE:  BSF    1D.0
.................... 
....................     set_tris_a(0b00000011); // RA0 y RA1 entradas analógicas
01DF:  MOVLW  03
01E0:  MOVWF  0C
....................     set_tris_b(0b00000001); // RB0 entrada digital (botón)
01E1:  MOVLW  01
01E2:  MOVWF  0D
.................... 
....................     unsigned int16 ejeX, ejeY;           // Originales 0-1023
....................     unsigned int8  ejeX_8bit, ejeY_8bit; // Convertidos 0-255
....................     int1 boton;
.................... 
....................     printf("\r\n--- Lectura Joystick PIC16F1827 ---\r\n");
01E3:  MOVLW  03
01E4:  MOVLB  03
01E5:  MOVWF  11
01E6:  MOVLW  00
01E7:  MOVWF  12
01E8:  MOVLB  00
01E9:  GOTO   045
.................... 
....................     while(TRUE) {
....................     // Leer eje X
....................     set_adc_channel(0);
01EA:  MOVLW  00
01EB:  MOVWF  78
01EC:  MOVLB  01
01ED:  MOVF   1D,W
01EE:  ANDLW  83
01EF:  IORWF  78,W
01F0:  MOVWF  1D
....................     delay_us(20);
01F1:  MOVLW  06
01F2:  MOVWF  77
01F3:  DECFSZ 77,F
01F4:  GOTO   1F3
01F5:  NOP
....................     ejeX = read_adc();
01F6:  BSF    1D.1
01F7:  MOVLW  11
01F8:  MOVWF  77
01F9:  BTFSS  1D.1
01FA:  GOTO   1FD
01FB:  DECFSZ 77,F
01FC:  GOTO   1F9
01FD:  MOVF   1B,W
01FE:  MOVWF  78
01FF:  MOVF   1C,W
0200:  MOVLB  00
0201:  MOVWF  23
0202:  MOVF   78,W
0203:  MOVWF  22
.................... 
....................     // Leer eje Y
....................     set_adc_channel(1);
0204:  MOVLW  04
0205:  MOVWF  78
0206:  MOVLB  01
0207:  MOVF   1D,W
0208:  ANDLW  83
0209:  IORWF  78,W
020A:  MOVWF  1D
....................     delay_us(20);
020B:  MOVLW  06
020C:  MOVWF  77
020D:  DECFSZ 77,F
020E:  GOTO   20D
020F:  NOP
....................     ejeY = read_adc();
0210:  BSF    1D.1
0211:  MOVLW  11
0212:  MOVWF  77
0213:  BTFSS  1D.1
0214:  GOTO   217
0215:  DECFSZ 77,F
0216:  GOTO   213
0217:  MOVF   1B,W
0218:  MOVWF  78
0219:  MOVF   1C,W
021A:  MOVLB  00
021B:  MOVWF  25
021C:  MOVF   78,W
021D:  MOVWF  24
.................... 
....................     // Leer botón (activo en 0)
....................     boton = input(PIN_BTN);
021E:  MOVLB  01
021F:  BSF    0D.0
0220:  MOVLB  00
0221:  BCF    28.0
0222:  BTFSC  0D.0
0223:  BSF    28.0
.................... 
....................     // Convertir de 10 bits (0-1023) a 8 bits (0-255)
....................     ejeX_8bit = ejeX >> 2;
0224:  RRF    23,W
0225:  MOVWF  7A
0226:  RRF    22,W
0227:  MOVWF  79
0228:  RRF    7A,F
0229:  RRF    79,F
022A:  MOVF   79,W
022B:  MOVWF  26
....................     ejeY_8bit = ejeY >> 2;
022C:  RRF    25,W
022D:  MOVWF  7A
022E:  RRF    24,W
022F:  MOVWF  79
0230:  RRF    7A,F
0231:  RRF    79,F
0232:  MOVF   79,W
0233:  MOVWF  27
....................     
....................     
....................     // ***** INICIO DE LA MODIFICACIÓN (ALTERNATIVA) *****
....................     
....................     // Usamos un IF/ELSE para decidir qué línea completa imprimir.
....................     // Esto evita poner lógica (como el '? :') dentro del printf.
.................... 
....................     if (boton == 0) {
0234:  BTFSC  28.0
0235:  GOTO   287
....................         // Si el botón está presionado (lee 0)
....................         printf("X=%4Lu (%3u) \t Y=%4Lu (%3u) \t BTN=PRESIONADO\r\n",
....................                ejeX, ejeX_8bit,
....................                ejeY, ejeY_8bit);
0236:  MOVLW  58
0237:  BTFSS  11.4
0238:  GOTO   237
0239:  MOVLB  03
023A:  MOVWF  1A
023B:  MOVLW  3D
023C:  MOVLB  00
023D:  BTFSS  11.4
023E:  GOTO   23D
023F:  MOVLB  03
0240:  MOVWF  1A
0241:  MOVLW  01
0242:  MOVWF  04
0243:  MOVLB  00
0244:  MOVF   23,W
0245:  MOVWF  2A
0246:  MOVF   22,W
0247:  MOVWF  29
0248:  CALL   096
0249:  MOVLW  20
024A:  BTFSS  11.4
024B:  GOTO   24A
024C:  MOVLB  03
024D:  MOVWF  1A
024E:  MOVLW  28
024F:  MOVLB  00
0250:  BTFSS  11.4
0251:  GOTO   250
0252:  MOVLB  03
0253:  MOVWF  1A
0254:  MOVLB  00
0255:  MOVF   26,W
0256:  MOVWF  29
0257:  MOVLW  13
0258:  MOVWF  2A
0259:  CALL   10B
025A:  MOVLW  1C
025B:  MOVLB  03
025C:  MOVWF  11
025D:  MOVLW  00
025E:  MOVWF  12
025F:  BSF    03.0
0260:  MOVLW  06
0261:  MOVLB  00
0262:  MOVWF  29
0263:  CALL   149
0264:  MOVLW  01
0265:  MOVWF  04
0266:  MOVF   25,W
0267:  MOVWF  2A
0268:  MOVF   24,W
0269:  MOVWF  29
026A:  CALL   096
026B:  MOVLW  20
026C:  BTFSS  11.4
026D:  GOTO   26C
026E:  MOVLB  03
026F:  MOVWF  1A
0270:  MOVLW  28
0271:  MOVLB  00
0272:  BTFSS  11.4
0273:  GOTO   272
0274:  MOVLB  03
0275:  MOVWF  1A
0276:  MOVLB  00
0277:  MOVF   27,W
0278:  MOVWF  29
0279:  MOVLW  13
027A:  MOVWF  2A
027B:  CALL   10B
027C:  MOVLW  24
027D:  MOVLB  03
027E:  MOVWF  11
027F:  MOVLW  00
0280:  MOVWF  12
0281:  BCF    03.0
0282:  MOVLW  14
0283:  MOVLB  00
0284:  MOVWF  29
0285:  CALL   149
....................     } else {
0286:  GOTO   2D7
....................         // Si el botón está suelto (lee 1)
....................         printf("X=%4Lu (%3u) \t Y=%4Lu (%3u) \t BTN=SUELTO\r\n",
....................                ejeX, ejeX_8bit,
....................                ejeY, ejeY_8bit);
0287:  MOVLW  58
0288:  BTFSS  11.4
0289:  GOTO   288
028A:  MOVLB  03
028B:  MOVWF  1A
028C:  MOVLW  3D
028D:  MOVLB  00
028E:  BTFSS  11.4
028F:  GOTO   28E
0290:  MOVLB  03
0291:  MOVWF  1A
0292:  MOVLW  01
0293:  MOVWF  04
0294:  MOVLB  00
0295:  MOVF   23,W
0296:  MOVWF  2A
0297:  MOVF   22,W
0298:  MOVWF  29
0299:  CALL   096
029A:  MOVLW  20
029B:  BTFSS  11.4
029C:  GOTO   29B
029D:  MOVLB  03
029E:  MOVWF  1A
029F:  MOVLW  28
02A0:  MOVLB  00
02A1:  BTFSS  11.4
02A2:  GOTO   2A1
02A3:  MOVLB  03
02A4:  MOVWF  1A
02A5:  MOVLB  00
02A6:  MOVF   26,W
02A7:  MOVWF  29
02A8:  MOVLW  13
02A9:  MOVWF  2A
02AA:  CALL   10B
02AB:  MOVLW  34
02AC:  MOVLB  03
02AD:  MOVWF  11
02AE:  MOVLW  00
02AF:  MOVWF  12
02B0:  BSF    03.0
02B1:  MOVLW  06
02B2:  MOVLB  00
02B3:  MOVWF  29
02B4:  CALL   149
02B5:  MOVLW  01
02B6:  MOVWF  04
02B7:  MOVF   25,W
02B8:  MOVWF  2A
02B9:  MOVF   24,W
02BA:  MOVWF  29
02BB:  CALL   096
02BC:  MOVLW  20
02BD:  BTFSS  11.4
02BE:  GOTO   2BD
02BF:  MOVLB  03
02C0:  MOVWF  1A
02C1:  MOVLW  28
02C2:  MOVLB  00
02C3:  BTFSS  11.4
02C4:  GOTO   2C3
02C5:  MOVLB  03
02C6:  MOVWF  1A
02C7:  MOVLB  00
02C8:  MOVF   27,W
02C9:  MOVWF  29
02CA:  MOVLW  13
02CB:  MOVWF  2A
02CC:  CALL   10B
02CD:  MOVLW  3C
02CE:  MOVLB  03
02CF:  MOVWF  11
02D0:  MOVLW  00
02D1:  MOVWF  12
02D2:  BCF    03.0
02D3:  MOVLW  10
02D4:  MOVLB  00
02D5:  MOVWF  29
02D6:  CALL   149
....................     }
....................     
....................     // ***** FIN DE LA MODIFICACIÓN *****
.................... 
....................     delay_ms(1000);
02D7:  MOVLW  04
02D8:  MOVWF  29
02D9:  MOVLW  FA
02DA:  MOVWF  2A
02DB:  GOTO   19F
02DC:  DECFSZ 29,F
02DD:  GOTO   2D9
02DE:  GOTO   1EA
.................... }
.................... }
02DF:  SLEEP

Configuration Fuses:
   Word  1: 3F84   INTRC_IO NOWDT PUT NOMCLR NOPROTECT NOCPD BROWNOUT NOCLKOUT IESO FCMEN
   Word  2: 1EFF   NOWRT PLL_SW STVREN BORV19 NODEBUG NOLVP
