
ROM used:   1554/4096 (38%)
            1554/4096 (38%) including unused fragments

            1.0 Average locations per line
            11.2 Average locations per statement

RAM used:   21/383 (5%) at main() level
            60/383 (16%) worst case

Stack used: 5 worst case (4 in main + 1 for interrupts)
Stack size: 16

Lines Stmts  %   Files
----- ----- ---  -----
  101    39  28  Ejercicio_6.c
    5     0   0  Ejercicio_6.h
  965     0   0  ..\..\..\..\..\..\..\..\..\Program Files (x86)\PICC\Devices\16F1827.h
  456   100  72  ..\..\..\..\..\..\..\..\..\Program Files (x86)\PICC\Drivers\lcd.c
----- -----
 1527   139 Total

Page ROM  %  RAM    Vol Diff  Functions:
---- --- --- ---    --- ----  ----------
0     22   1    1             @delay_ms1
0     38   2    1             @PUTCHAR_1_
0     20   1    1     59  4.2  @I2C_WRITEU_129
0     16   1    1    760  4.5  @I2C_READU_129
 Inline         3    760  4.5  lcd_read_byte
0     49   3    2    262  3.7  lcd_read_nibble
0     55   4    1    399  2.4  lcd_send_nibble
0     97   6    3    415  3.7  lcd_send_byte
0     73   5    6    852  6.2  lcd_init
0     18   1    4    208  6.3  lcd_gotoxy
0     44   3    1    354  4.7  lcd_putc
0     16   1    0    102  2.9  timer1_isr
0     85   5    6    346  3.5  lm75_read_temp
 Inline         2    280  5.5  @ITOF
0     30   2    0    170  1.8  init
0    128   8    5    351  4.1  MAIN
0     12   1    0    231  6.6  @const783
0     80   5    4    231  6.6  @PSTRINGCN7_721
0    117   8   13    343  8.6  @MULFF
0     31   2    5    380  8.1  @FTOSD
0     77   5   13    264  6.8  @DIV3232
0    197  13   16    145  5.0  @PRINTF_L32D_721FPFPF
0      7   0    0    315  6.5  @const797
0     81   5    4    288  6.0  @PSTRINGCN7_755
0    197  13   16    200  5.5  @PRINTF_L32D_755FPFPF
 Inline         0    346  7.5  @cinit1

Program metrics:
    Functions               24
    Statements              139
    Comments                278
    Volume (V)              14728
    Difficulty (D)          124.2
    Effort to implement (E) 1829743
    Time to implement (T)   28 hours, 14 minutes
    Est Delivered Bugs (B)  5
    Cyclomatic Complexity   39
    Maintainability (MI)    66

 Segment     Used  Free
-----------  ----  ----
00000-00002     3  0  
00003-00003     0  1  
00004-00040    61  0  
00041-007FF  1490  493  
00800-00FFF     0  2048  



