
ROM used:   556/4096 (14%)
            556/4096 (14%) including unused fragments

            0.5 Average locations per line
            30.9 Average locations per statement

RAM used:   12/383 (3%) at main() level
            32/383 (8%) worst case

Stack used: 0 worst case (0 in main + 0 for interrupts)
Stack size: 16

Lines Stmts  %   Files
----- ----- ---  -----
   48    18 100  Stick.c
  965     0   0  ..\..\..\..\..\..\..\Program Files (x86)\PICC\Devices\16F1827.h
----- -----
 1013    18 Total

Page ROM  %  RAM    Vol Diff  Functions:
---- --- --- ---    --- ----  ----------
0     23   4    1             @delay_ms1
0    195  35    6    571  4.7  main
0     20   4    0             @const731
0     81  15    4             @PSTRINGC7_9600_106_105
0     12   2    0             @const736
0      7   1    0             @const737
0     11   2    0             @const738
0     96  17    9             @PRINTF_LU_9600_106_105
0     87  16    6             @PSTRINGCN7_9600_106_105
0     21   4    2             @PSTRINGR_9600_106_105
 Inline         0             @cinit1

Program metrics:
    Functions               1
    Statements              18
    Comments                167
    Volume (V)              593
    Difficulty (D)          3.9
    Effort to implement (E) 2310
    Time to implement (T)   2 minutes
    Est Delivered Bugs (B)  0
    Cyclomatic Complexity   1
    Maintainability (MI)    137

 Segment     Used  Free
-----------  ----  ----
00000-00002     3  0  
00003-007FF   553  1492  
00800-00FFF     0  2048  



