Compiling C:\Users\adrie\OneDrive\Escritorio\EDI2\Comunicacion serial RS232\Pic c compiler\Comunicacion serial rs232 on 30-sep.-25 at 14:19
*** Error 1 "C:\Program Files (x86)\PICC\Devices\16F1827.h" Line 723(1,2): Illegal C character in input file  0x80
*** Error 1 "C:\Program Files (x86)\PICC\Devices\16F1827.h" Line 723(1,2): Illegal C character in input file  0x00
*** Error 1 "C:\Program Files (x86)\PICC\Devices\16F1827.h" Line 723(1,2): Illegal C character in input file  0xBE
*** Error 1 "C:\Program Files (x86)\PICC\Devices\16F1827.h" Line 723(3,4): Illegal C character in input file  0x00
*** Error 1 "C:\Program Files (x86)\PICC\Devices\16F1827.h" Line 723(3,4): Illegal C character in input file  0x00
*** Error 1 "C:\Program Files (x86)\PICC\Devices\16F1827.h" Line 723(3,4): Illegal C character in input file  0xFF
*** Error 1 "C:\Program Files (x86)\PICC\Devices\16F1827.h" Line 723(3,4): Illegal C character in input file  0xFF
*** Error 1 "C:\Program Files (x86)\PICC\Devices\16F1827.h" Line 723(3,4): Illegal C character in input file  0xFF
*** Error 1 "C:\Program Files (x86)\PICC\Devices\16F1827.h" Line 723(3,4): Illegal C character in input file  0x00
*** Error 1 "C:\Program Files (x86)\PICC\Devices\16F1827.h" Line 723(3,4): Illegal C character in input file  0x07
*** Error 1 "C:\Program Files (x86)\PICC\Devices\16F1827.h" Line 723(3,4): Illegal C character in input file  0x00
*** Error 1 "C:\Program Files (x86)\PICC\Devices\16F1827.h" Line 723(3,4): Illegal C character in input file  0x00
*** Error 1 "C:\Program Files (x86)\PICC\Devices\16F1827.h" Line 723(3,4): Illegal C character in input file  0x00
*** Error 1 "C:\Program Files (x86)\PICC\Devices\16F1827.h" Line 723(3,4): Illegal C character in input file  0x00
*** Error 1 "C:\Program Files (x86)\PICC\Devices\16F1827.h" Line 723(3,4): Illegal C character in input file  0x00
*** Error 1 "C:\Program Files (x86)\PICC\Devices\16F1827.h" Line 723(3,4): Illegal C character in input file  0x00
*** Error 1 "C:\Program Files (x86)\PICC\Devices\16F1827.h" Line 723(3,4): Illegal C character in input file  0x00
*** Error 32 "C:\Program Files (x86)\PICC\Devices\16F1827.h" Line 723(1,2): Expecting a , or )
*** Error 1 "C:\Program Files (x86)\PICC\Devices\16F1827.h" Line 723(8,9): Illegal C character in input file  0xE3
*** Error 1 "C:\Program Files (x86)\PICC\Devices\16F1827.h" Line 723(8,9): Illegal C character in input file  0xC5
*** Error 1 "C:\Program Files (x86)\PICC\Devices\16F1827.h" Line 723(8,9): Illegal C character in input file  0xEF
*** Error 43 "C:\Program Files (x86)\PICC\Devices\16F1827.h" Line 723(8,9): Expecting a declaration
*** Error 43 "C:\Program Files (x86)\PICC\Devices\16F1827.h" Line 723(12,13): Expecting a declaration
*** Error 1 "C:\Program Files (x86)\PICC\Devices\16F1827.h" Line 723(13,14): Illegal C character in input file  0xDE
*** Error 1 "C:\Program Files (x86)\PICC\Devices\16F1827.h" Line 723(13,14): Illegal C character in input file  0x19
*** Error 1 "C:\Program Files (x86)\PICC\Devices\16F1827.h" Line 723(16,17): Illegal C character in input file  0xE6
*** Error 1 "C:\Program Files (x86)\PICC\Devices\16F1827.h" Line 723(16,17): Illegal C character in input file  0x40
*** Error 1 "C:\Program Files (x86)\PICC\Devices\16F1827.h" Line 723(16,17): Illegal C character in input file  0x00
*** Error 1 "C:\Program Files (x86)\PICC\Devices\16F1827.h" Line 723(16,17): Illegal C character in input file  0x00
*** Error 1 "C:\Program Files (x86)\PICC\Devices\16F1827.h" Line 723(16,17): Illegal C character in input file  0x00
*** Error 1 "C:\Program Files (x86)\PICC\Devices\16F1827.h" Line 723(16,17): Illegal C character in input file  0x00
*** Error 1 "C:\Program Files (x86)\PICC\Devices\16F1827.h" Line 723(16,17): Illegal C character in input file  0x00
*** Error 1 "C:\Program Files (x86)\PICC\Devices\16F1827.h" Line 723(16,17): Illegal C character in input file  0x00
*** Error 1 "C:\Program Files (x86)\PICC\Devices\16F1827.h" Line 723(16,17): Illegal C character in input file  0x00
*** Error 1 "C:\Program Files (x86)\PICC\Devices\16F1827.h" Line 723(16,17): Illegal C character in input file  0x00
*** Error 1 "C:\Program Files (x86)\PICC\Devices\16F1827.h" Line 723(16,17): Illegal C character in input file  0x00
*** Error 1 "C:\Program Files (x86)\PICC\Devices\16F1827.h" Line 723(16,17): Illegal C character in input file  0x00
*** Error 1 "C:\Program Files (x86)\PICC\Devices\16F1827.h" Line 723(16,17): Illegal C character in input file  0x00
*** Error 1 "C:\Program Files (x86)\PICC\Devices\16F1827.h" Line 723(16,17): Illegal C character in input file  0x00
*** Error 1 "C:\Program Files (x86)\PICC\Devices\16F1827.h" Line 723(16,17): Illegal C character in input file  0x00
*** Error 1 "C:\Program Files (x86)\PICC\Devices\16F1827.h" Line 723(16,17): Illegal C character in input file  0x00
*** Error 1 "C:\Program Files (x86)\PICC\Devices\16F1827.h" Line 723(16,17): Illegal C character in input file  0x00
*** Error 1 "C:\Program Files (x86)\PICC\Devices\16F1827.h" Line 723(16,17): Illegal C character in input file  0x00
*** Error 1 "C:\Program Files (x86)\PICC\Devices\16F1827.h" Line 723(16,17): Illegal C character in input file  0x00
*** Error 1 "C:\Program Files (x86)\PICC\Devices\16F1827.h" Line 723(16,17): Illegal C character in input file  0x00
*** Error 1 "C:\Program Files (x86)\PICC\Devices\16F1827.h" Line 723(16,17): Illegal C character in input file  0x00
*** Error 1 "C:\Program Files (x86)\PICC\Devices\16F1827.h" Line 723(16,17): Illegal C character in input file  0x00
*** Error 1 "C:\Program Files (x86)\PICC\Devices\16F1827.h" Line 723(16,17): Illegal C character in input file  0x00
*** Error 1 "C:\Program Files (x86)\PICC\Devices\16F1827.h" Line 723(16,17): Illegal C character in input file  0x00
*** Error 1 "C:\Program Files (x86)\PICC\Devices\16F1827.h" Line 723(16,17): Illegal C character in input file  0x00
*** Error 1 "C:\Program Files (x86)\PICC\Devices\16F1827.h" Line 723(16,17): Illegal C character in input file  0x00
*** Error 1 "C:\Program Files (x86)\PICC\Devices\16F1827.h" Line 723(16,17): Illegal C character in input file  0x00
*** Error 1 "C:\Program Files (x86)\PICC\Devices\16F1827.h" Line 723(16,17): Illegal C character in input file  0x00
*** Error 1 "C:\Program Files (x86)\PICC\Devices\16F1827.h" Line 723(16,17): Illegal C character in input file  0x00
*** Error 1 "C:\Program Files (x86)\PICC\Devices\16F1827.h" Line 723(16,17): Illegal C character in input file  0x00
*** Error 1 "C:\Program Files (x86)\PICC\Devices\16F1827.h" Line 723(16,17): Illegal C character in input file  0x00
*** Error 1 "C:\Program Files (x86)\PICC\Devices\16F1827.h" Line 723(16,17): Illegal C character in input file  0x00
*** Error 1 "C:\Program Files (x86)\PICC\Devices\16F1827.h" Line 723(16,17): Illegal C character in input file  0x00
*** Error 1 "C:\Program Files (x86)\PICC\Devices\16F1827.h" Line 723(16,17): Illegal C character in input file  0x00
*** Error 1 "C:\Program Files (x86)\PICC\Devices\16F1827.h" Line 723(16,17): Illegal C character in input file  0x00
*** Error 1 "C:\Program Files (x86)\PICC\Devices\16F1827.h" Line 723(16,17): Illegal C character in input file  0x00
*** Error 1 "C:\Program Files (x86)\PICC\Devices\16F1827.h" Line 723(16,17): Illegal C character in input file  0x00
*** Error 1 "C:\Program Files (x86)\PICC\Devices\16F1827.h" Line 723(16,17): Illegal C character in input file  0x00
*** Error 1 "C:\Program Files (x86)\PICC\Devices\16F1827.h" Line 723(16,17): Illegal C character in input file  0x00
*** Error 1 "C:\Program Files (x86)\PICC\Devices\16F1827.h" Line 723(16,17): Illegal C character in input file  0x00
*** Error 1 "C:\Program Files (x86)\PICC\Devices\16F1827.h" Line 723(16,17): Illegal C character in input file  0x00
*** Error 1 "C:\Program Files (x86)\PICC\Devices\16F1827.h" Line 723(16,17): Illegal C character in input file  0x00
*** Error 1 "C:\Program Files (x86)\PICC\Devices\16F1827.h" Line 723(16,17): Illegal C character in input file  0x00
*** Error 1 "C:\Program Files (x86)\PICC\Devices\16F1827.h" Line 723(16,17): Illegal C character in input file  0x00
*** Error 1 "C:\Program Files (x86)\PICC\Devices\16F1827.h" Line 723(16,17): Illegal C character in input file  0x00
*** Error 1 "C:\Program Files (x86)\PICC\Devices\16F1827.h" Line 723(16,17): Illegal C character in input file  0x00
*** Error 1 "C:\Program Files (x86)\PICC\Devices\16F1827.h" Line 723(16,17): Illegal C character in input file  0x00
*** Error 1 "C:\Program Files (x86)\PICC\Devices\16F1827.h" Line 723(16,17): Illegal C character in input file  0x00
*** Error 1 "C:\Program Files (x86)\PICC\Devices\16F1827.h" Line 723(16,17): Illegal C character in input file  0x00
*** Error 1 "C:\Program Files (x86)\PICC\Devices\16F1827.h" Line 723(16,17): Illegal C character in input file  0x00
*** Error 1 "C:\Program Files (x86)\PICC\Devices\16F1827.h" Line 723(16,17): Illegal C character in input file  0x00
*** Error 1 "C:\Program Files (x86)\PICC\Devices\16F1827.h" Line 723(16,17): Illegal C character in input file  0x00
*** Error 1 "C:\Program Files (x86)\PICC\Devices\16F1827.h" Line 723(16,17): Illegal C character in input file  0x00
*** Error 1 "C:\Program Files (x86)\PICC\Devices\16F1827.h" Line 723(16,17): Illegal C character in input file  0x00
*** Error 1 "C:\Program Files (x86)\PICC\Devices\16F1827.h" Line 723(16,17): Illegal C character in input file  0x00
*** Error 1 "C:\Program Files (x86)\PICC\Devices\16F1827.h" Line 723(16,17): Illegal C character in input file  0x00
*** Error 1 "C:\Program Files (x86)\PICC\Devices\16F1827.h" Line 723(16,17): Illegal C character in input file  0x00
*** Error 1 "C:\Program Files (x86)\PICC\Devices\16F1827.h" Line 723(16,17): Illegal C character in input file  0x00
*** Error 1 "C:\Program Files (x86)\PICC\Devices\16F1827.h" Line 723(16,17): Illegal C character in input file  0x00
*** Error 1 "C:\Program Files (x86)\PICC\Devices\16F1827.h" Line 723(16,17): Illegal C character in input file  0x00
*** Error 1 "C:\Program Files (x86)\PICC\Devices\16F1827.h" Line 723(16,17): Illegal C character in input file  0x00
*** Error 1 "C:\Program Files (x86)\PICC\Devices\16F1827.h" Line 723(16,17): Illegal C character in input file  0x00
*** Error 1 "C:\Program Files (x86)\PICC\Devices\16F1827.h" Line 723(16,17): Illegal C character in input file  0x00
*** Error 1 "C:\Program Files (x86)\PICC\Devices\16F1827.h" Line 723(16,17): Illegal C character in input file  0x00
*** Error 1 "C:\Program Files (x86)\PICC\Devices\16F1827.h" Line 723(16,17): Illegal C character in input file  0x00
*** Error 1 "C:\Program Files (x86)\PICC\Devices\16F1827.h" Line 723(16,17): Illegal C character in input file  0x00
*** Error 1 "C:\Program Files (x86)\PICC\Devices\16F1827.h" Line 723(16,17): Illegal C character in input file  0x00
*** Error 1 "C:\Program Files (x86)\PICC\Devices\16F1827.h" Line 723(16,17): Illegal C character in input file  0x00
*** Error 1 "C:\Program Files (x86)\PICC\Devices\16F1827.h" Line 723(16,17): Illegal C character in input file  0x00
*** Error 1 "C:\Program Files (x86)\PICC\Devices\16F1827.h" Line 723(16,17): Illegal C character in input file  0x00
*** Error 1 "C:\Program Files (x86)\PICC\Devices\16F1827.h" Line 723(16,17): Illegal C character in input file  0x00
*** Error 1 "C:\Program Files (x86)\PICC\Devices\16F1827.h" Line 723(16,17): Illegal C character in input file  0x00
*** Error 1 "C:\Program Files (x86)\PICC\Devices\16F1827.h" Line 723(16,17): Illegal C character in input file  0x00
*** Error 1 "C:\Program Files (x86)\PICC\Devices\16F1827.h" Line 723(16,17): Illegal C character in input file  0x00
*** Error 1 "C:\Program Files (x86)\PICC\Devices\16F1827.h" Line 723(16,17): Illegal C character in input file  0x00
*** Error 1 "C:\Program Files (x86)\PICC\Devices\16F1827.h" Line 723(16,17): Illegal C character in input file  0x00
