
ROM used:   399/4096 (10%)
            399/4096 (10%) including unused fragments

            0.4 Average locations per line
            17.3 Average locations per statement

RAM used:   15/383 (4%) at main() level
            39/383 (10%) worst case

Stack used: 1 worst case (0 in main + 1 for interrupts)
Stack size: 16

Lines Stmts  %   Files
----- ----- ---  -----
   62    23 100  Comunicacion serial rs232.c
    5     0   0  Comunicacion serial rs232.h
  965     0   0  ..\..\..\..\..\..\..\Program Files (x86)\PICC\Devices\16F1827.h
----- -----
 1032    23 Total

Page ROM  %  RAM    Vol Diff  Functions:
---- --- --- ---    --- ----  ----------
0    229  57    0     65  1.6  ADC_isr
0     18   5    0    123  3.0  timer1_isr
0     24   6    0     67  1.2  init_adc
0     13   3    0     59  1.6  init_timer1
 Inline         2     35  1.4  enviar_valor
0      9   2    0             @const733
 Inline         4     43  1.3  @PSTRINGCN7_9600_106_105
 Inline        11             @PRINTF_LU_9600_106_105
0     33   8    0     55  1.4  MAIN
 Inline         0             @cinit1

Program metrics:
    Functions               7
    Statements              23
    Comments                178
    Volume (V)              777
    Difficulty (D)          11.1
    Effort to implement (E) 8653
    Time to implement (T)   8 minutes
    Est Delivered Bugs (B)  0
    Cyclomatic Complexity   1
    Maintainability (MI)    177

 Segment     Used  Free
-----------  ----  ----
00000-00002     3  0  
00003-00003     0  1  
00004-00049    70  0  
0004A-007FF   326  1648  
00800-00FFF     0  2048  



