
ROM used:   200/4096 (5%)
            200/4096 (5%) including unused fragments

            0.2 Average locations per line
            3.6 Average locations per statement

RAM used:   11/383 (3%) at main() level
            22/383 (6%) worst case

Stack used: 1 worst case (0 in main + 1 for interrupts)
Stack size: 16

Lines Stmts  %   Files
----- ----- ---  -----
  128    55 100  Ej4Picc.c
  965     0   0  ..\..\..\..\..\..\..\..\..\..\Program Files (x86)\PICC\Devices\16F1827.h
----- -----
 1093    55 Total

Page ROM  %  RAM    Vol Diff  Functions:
---- --- --- ---    --- ----  ----------
0     22  11    0     50  1.3  main
0     15   8    0     67  1.2  INIT_GPIO
0     12   6    0     78  1.6  INIT_TIMER_0
0     16   8    0     67  1.2  INIT_INTER
0     57  28    0    421  4.7  TIMER0_ISR
0     43  22    0    341  3.3  EXT_isr
 Inline         0    341  3.3  @cinit1

Program metrics:
    Functions               7
    Statements              55
    Comments                166
    Volume (V)              2070
    Difficulty (D)          16.9
    Effort to implement (E) 34993
    Time to implement (T)   32 minutes
    Est Delivered Bugs (B)  0
    Cyclomatic Complexity   13
    Maintainability (MI)    155

 Segment     Used  Free
-----------  ----  ----
00000-00002     3  0  
00003-00003     0  1  
00004-00023    32  0  
00024-007FF   165  1847  
00800-00FFF     0  2048  



