
ROM used:   631/4096 (15%)
            631/4096 (15%) including unused fragments

            0.4 Average locations per line
            4.8 Average locations per statement

RAM used:   17/383 (4%) at main() level
            43/383 (11%) worst case

Stack used: 6 worst case (5 in main + 1 for interrupts)
Stack size: 16

Lines Stmts  %   Files
----- ----- ---  -----
   66    32  24  Ejercicio_2.c
    5     0   0  Ejercicio_2.h
  965     0   0  ..\..\..\..\..\..\..\..\Program Files (x86)\PICC\Devices\16F1827.h
  456   100  76  ..\..\..\..\..\..\..\..\Program Files (x86)\PICC\Drivers\lcd.c
----- -----
 1492   132 Total

Page ROM  %  RAM    Vol Diff  Functions:
---- --- --- ---    --- ----  ----------
0     22   3    1             @delay_ms1
 Inline         3    760  4.5  lcd_read_byte
0     49   8    2    262  3.7  lcd_read_nibble
0     55   9    1    399  2.4  lcd_send_nibble
0     97  15    3    415  3.7  lcd_send_byte
 Inline         6    852  6.2  lcd_init
0     18   3    4    208  6.3  lcd_gotoxy
0     44   7    1    354  4.7  lcd_putc
0     16   3    0    114  3.4  Timer1_ISR
0     69  11    1    370  3.6  MAIN
0      9   1    0     38  1.4  @const765
0     74  12    5             @PSTRINGC7_745
0      6   1    0             @const770
0      5   1    0             @const771
0      9   1    0     48  1.1  @const772
0     79  13    0     48  1.1  InitGPIO
0     15   2    0     96  2.1  InitTimer1
 Inline         0             @cinit1

Program metrics:
    Functions               13
    Statements              132
    Comments                271
    Volume (V)              6430
    Difficulty (D)          44.2
    Effort to implement (E) 284273
    Time to implement (T)   4 hours, 23 minutes
    Est Delivered Bugs (B)  1
    Cyclomatic Complexity   12
    Maintainability (MI)    136

 Segment     Used  Free
-----------  ----  ----
00000-00002     3  0  
00003-00003     0  1  
00004-00040    61  0  
00041-007FF   567  1416  
00800-00FFF     0  2048  



