
ROM used:   637/4096 (16%)
            637/4096 (16%) including unused fragments

            0.4 Average locations per line
            5.6 Average locations per statement

RAM used:   7/383 (2%) at main() level
            38/383 (10%) worst case

Stack used: 5 worst case (5 in main + 0 for interrupts)
Stack size: 16

Lines Stmts  %   Files
----- ----- ---  -----
   49    14  12  LCD.c
    5     0   0  LCD.h
  965     0   0  ..\..\..\..\..\..\..\..\Program Files (x86)\PICC\Devices\16F1827.h
  456   100  88  ..\..\..\..\..\..\..\..\Program Files (x86)\PICC\Drivers\lcd.c
----- -----
 1475   114 Total

Page ROM  %  RAM    Vol Diff  Functions:
---- --- --- ---    --- ----  ----------
0     22   3    1             @delay_ms1
 Inline         3    760  4.5  lcd_read_byte
0     49   8    2    262  3.7  lcd_read_nibble
0     55   9    1    399  2.4  lcd_send_nibble
0     97  15    3    415  3.7  lcd_send_byte
 Inline         6    852  6.2  lcd_init
0     18   3    4    208  6.3  lcd_gotoxy
0     44   7    1    354  4.7  lcd_putc
0     50   8    2    174  2.9  MAIN
0      6   1    0             @const765
0     80  13    5             @PSTRINGCN7_745
0     21   3    3             @DIV88
0     87  14    9             @PRINTF_D_745
0     79  12    0     48  1.1  InitGPIO
0     20   3    1     68  1.5  EscribirDisplay
0      6   1    0             @const774
 Inline         0             @cinit1

Program metrics:
    Functions               10
    Statements              114
    Comments                274
    Volume (V)              5514
    Difficulty (D)          36.2
    Effort to implement (E) 199695
    Time to implement (T)   3 hours, 5 minutes
    Est Delivered Bugs (B)  1
    Cyclomatic Complexity   8
    Maintainability (MI)    147

 Segment     Used  Free
-----------  ----  ----
00000-00002     3  0  
00003-007FF   634  1411  
00800-00FFF     0  2048  



