
ROM used:   98/4096 (2%)
            98/4096 (2%) including unused fragments

            0.1 Average locations per line
            7.5 Average locations per statement

RAM used:   6/383 (2%) at main() level
            18/383 (5%) worst case

Stack used: 0 worst case (0 in main + 0 for interrupts)
Stack size: 16

Lines Stmts  %   Files
----- ----- ---  -----
   35    13 100  Ejercicio_3.c
    5     0   0  Ejercicio_3.h
  965     0   0  ..\..\..\..\..\..\..\..\Program Files (x86)\PICC\Devices\16F1827.h
----- -----
 1005    13 Total

Page ROM  %  RAM    Vol Diff  Functions:
---- --- --- ---    --- ----  ----------
0     22  22    1             @delay_ms1
0     65  66    2    253  3.8  main
0      8   8    0     37  1.1  GPIO
 Inline         0             @cinit1

Program metrics:
    Functions               2
    Statements              13
    Comments                166
    Volume (V)              336
    Difficulty (D)          4.6
    Effort to implement (E) 1561
    Time to implement (T)   1 minutes
    Est Delivered Bugs (B)  0
    Cyclomatic Complexity   1
    Maintainability (MI)    164

 Segment     Used  Free
-----------  ----  ----
00000-00002     3  0  
00003-007FF    95  1950  
00800-00FFF     0  2048  



