CCS PCM C Compiler, Version 5.093, 4770               07-oct.-25 10:48

               Filename:   C:\Users\adrie\OneDrive\Escritorio\EDI2\TP3(RS323+I2C)\Ejercicio_2\Pic c compiler\Ejercicio_2.lst

               ROM used:   991 words (24%)
                           Largest free fragment is 2048
               RAM used:   22 (6%) at main() level
                           50 (13%) worst case
               Stack used: 4 locations (0 in main + 4 for interrupts)
               Stack size: 16

0000:  MOVLP  00
0001:  GOTO   3BC
0002:  NOP
*
0004:  CLRF   03
0005:  MOVLP  00
0006:  MOVLB  00
0007:  MOVF   77,W
0008:  MOVWF  20
0009:  MOVF   78,W
000A:  MOVWF  21
000B:  MOVF   79,W
000C:  MOVWF  22
000D:  MOVF   7A,W
000E:  MOVWF  23
000F:  MOVLB  03
0010:  MOVF   11,W
0011:  MOVLB  00
0012:  MOVWF  24
0013:  MOVLB  03
0014:  MOVF   12,W
0015:  MOVLB  00
0016:  MOVWF  25
0017:  MOVLB  03
0018:  MOVF   13,W
0019:  MOVLB  00
001A:  MOVWF  26
001B:  MOVLB  03
001C:  MOVF   14,W
001D:  MOVLB  00
001E:  MOVWF  27
001F:  CLRF   05
0020:  MOVLW  91
0021:  MOVWF  04
0022:  BTFSS  00.0
0023:  GOTO   026
0024:  BTFSC  11.0
0025:  GOTO   046
0026:  CLRF   05
0027:  MOVLW  91
0028:  MOVWF  04
0029:  BTFSS  00.5
002A:  GOTO   02D
002B:  BTFSC  11.5
002C:  GOTO   048
002D:  MOVF   20,W
002E:  MOVWF  77
002F:  MOVF   21,W
0030:  MOVWF  78
0031:  MOVF   22,W
0032:  MOVWF  79
0033:  MOVF   23,W
0034:  MOVWF  7A
0035:  MOVF   24,W
0036:  MOVLB  03
0037:  MOVWF  11
0038:  MOVLB  00
0039:  MOVF   25,W
003A:  MOVLB  03
003B:  MOVWF  12
003C:  MOVLB  00
003D:  MOVF   26,W
003E:  MOVLB  03
003F:  MOVWF  13
0040:  MOVLB  00
0041:  MOVF   27,W
0042:  MOVLB  03
0043:  MOVWF  14
0044:  RETFIE
0045:  MOVLB  00
0046:  MOVLP  00
0047:  GOTO   2BB
0048:  MOVLP  00
0049:  GOTO   202
.................... #include <Comunicacion serial rs232.h>  // corregido, sin espacios
.................... #include <16F1827.h>
.................... //////////// Standard Header file for the PIC16F1827 device ////////////////
.................... ///////////////////////////////////////////////////////////////////////////
.................... ////        (C) Copyright 1996, 2014 Custom Computer Services          ////
.................... //// This source code may only be used by licensed users of the CCS C  ////
.................... //// compiler.  This source code may only be distributed to other      ////
.................... //// licensed users of the CCS C compiler.  No other use, reproduction ////
.................... //// or distribution is permitted without written permission.          ////
.................... //// Derivative programs created using this software in object code    ////
.................... //// form are not restricted in any way.                               ////
.................... ///////////////////////////////////////////////////////////////////////////
.................... #device PIC16F1827
004A:  MOVF   00,F
004B:  BTFSC  03.2
004C:  GOTO   05E
004D:  MOVF   05,W
004E:  MOVWF  37
004F:  MOVF   04,W
0050:  MOVWF  36
0051:  MOVF   00,W
0052:  BTFSS  11.4
0053:  GOTO   052
0054:  MOVLB  03
0055:  MOVWF  1A
0056:  MOVLB  00
0057:  MOVF   37,W
0058:  MOVWF  05
0059:  MOVF   36,W
005A:  MOVWF  04
005B:  ADDFSR 01,FSR0
005C:  DECFSZ 34,F
005D:  GOTO   04A
005E:  RETURN
005F:  MOVF   41,W
0060:  CLRF   78
0061:  SUBWF  40,W
0062:  BTFSC  03.0
0063:  GOTO   067
0064:  MOVF   40,W
0065:  MOVWF  77
0066:  GOTO   073
0067:  CLRF   77
0068:  MOVLW  08
0069:  MOVWF  42
006A:  RLF    40,F
006B:  RLF    77,F
006C:  MOVF   41,W
006D:  SUBWF  77,W
006E:  BTFSC  03.0
006F:  MOVWF  77
0070:  RLF    78,F
0071:  DECFSZ 42,F
0072:  GOTO   06A
0073:  RETURN
0074:  MOVF   78,W
0075:  MOVF   34,W
0076:  MOVWF  40
0077:  MOVLW  64
0078:  MOVWF  41
0079:  CALL   05F
007A:  MOVF   77,W
007B:  MOVWF  34
007C:  MOVF   78,W
007D:  MOVLW  30
007E:  BTFSS  03.2
007F:  GOTO   087
0080:  BTFSS  35.1
0081:  GOTO   091
0082:  BTFSC  35.3
0083:  GOTO   091
0084:  BTFSC  35.4
0085:  MOVLW  20
0086:  GOTO   08A
0087:  BCF    35.3
0088:  BCF    35.4
0089:  BSF    35.0
008A:  ADDWF  78,F
008B:  MOVF   78,W
008C:  BTFSS  11.4
008D:  GOTO   08C
008E:  MOVLB  03
008F:  MOVWF  1A
0090:  MOVLB  00
0091:  MOVF   34,W
0092:  MOVWF  40
0093:  MOVLW  0A
0094:  MOVWF  41
0095:  CALL   05F
0096:  MOVF   77,W
0097:  MOVWF  34
0098:  MOVF   78,W
0099:  MOVLW  30
009A:  BTFSS  03.2
009B:  GOTO   0A2
009C:  BTFSC  35.3
009D:  GOTO   0A9
009E:  BTFSS  35.0
009F:  GOTO   0A9
00A0:  BTFSC  35.4
00A1:  MOVLW  20
00A2:  ADDWF  78,F
00A3:  MOVF   78,W
00A4:  BTFSS  11.4
00A5:  GOTO   0A4
00A6:  MOVLB  03
00A7:  MOVWF  1A
00A8:  MOVLB  00
00A9:  MOVLW  30
00AA:  ADDWF  34,F
00AB:  MOVF   34,W
00AC:  BTFSS  11.4
00AD:  GOTO   0AC
00AE:  MOVLB  03
00AF:  MOVWF  1A
00B0:  MOVLB  00
00B1:  RETURN
00B2:  MOVF   0B,W
00B3:  BCF    0B.7
00B4:  MOVLB  03
00B5:  BSF    15.7
00B6:  BSF    15.0
00B7:  NOP
00B8:  NOP
00B9:  BTFSC  09.7
00BA:  BSF    0B.7
00BB:  MOVF   13,W
00BC:  ANDLW  7F
00BD:  BTFSC  03.2
00BE:  GOTO   100
00BF:  MOVLB  00
00C0:  MOVWF  34
00C1:  MOVLB  03
00C2:  MOVF   11,W
00C3:  MOVLB  00
00C4:  MOVWF  35
00C5:  MOVLB  03
00C6:  MOVF   12,W
00C7:  MOVLB  00
00C8:  MOVWF  36
00C9:  MOVF   34,W
00CA:  BTFSS  11.4
00CB:  GOTO   0CA
00CC:  MOVLB  03
00CD:  MOVWF  1A
00CE:  MOVLB  00
00CF:  MOVF   35,W
00D0:  MOVLB  03
00D1:  MOVWF  11
00D2:  MOVLB  00
00D3:  MOVF   36,W
00D4:  MOVLB  03
00D5:  MOVWF  12
00D6:  MOVF   0B,W
00D7:  BCF    0B.7
00D8:  BSF    15.7
00D9:  BSF    15.0
00DA:  NOP
00DB:  NOP
00DC:  BTFSC  09.7
00DD:  BSF    0B.7
00DE:  RLF    13,W
00DF:  RLF    14,W
00E0:  ANDLW  7F
00E1:  BTFSC  03.2
00E2:  GOTO   100
00E3:  MOVLB  00
00E4:  MOVWF  34
00E5:  MOVLB  03
00E6:  MOVF   11,W
00E7:  MOVLB  00
00E8:  MOVWF  35
00E9:  MOVLB  03
00EA:  MOVF   12,W
00EB:  MOVLB  00
00EC:  MOVWF  36
00ED:  MOVF   34,W
00EE:  BTFSS  11.4
00EF:  GOTO   0EE
00F0:  MOVLB  03
00F1:  MOVWF  1A
00F2:  MOVLB  00
00F3:  MOVF   35,W
00F4:  MOVLB  03
00F5:  MOVWF  11
00F6:  MOVLB  00
00F7:  MOVF   36,W
00F8:  MOVLB  03
00F9:  MOVWF  12
00FA:  INCF   11,F
00FB:  BTFSC  03.2
00FC:  INCF   12,F
00FD:  MOVLB  00
00FE:  GOTO   0B2
00FF:  MOVLB  03
0100:  MOVLB  00
0101:  RETURN
0102:  MOVLW  20
0103:  BTFSS  38.4
0104:  MOVLW  30
0105:  MOVWF  3C
0106:  MOVF   37,W
0107:  MOVWF  77
0108:  BTFSS  37.7
0109:  GOTO   112
010A:  COMF   77,F
010B:  INCF   77,F
010C:  MOVF   77,W
010D:  MOVWF  37
010E:  MOVLW  2D
010F:  MOVWF  3C
0110:  BSF    38.7
0111:  BSF    38.0
0112:  MOVF   37,W
0113:  MOVWF  40
0114:  MOVLW  64
0115:  MOVWF  41
0116:  CALL   05F
0117:  MOVF   77,W
0118:  MOVWF  37
0119:  MOVLW  30
011A:  ADDWF  78,W
011B:  MOVWF  3D
011C:  MOVF   37,W
011D:  MOVWF  40
011E:  MOVLW  0A
011F:  MOVWF  41
0120:  CALL   05F
0121:  MOVLW  30
0122:  ADDWF  77,W
0123:  MOVWF  3F
0124:  MOVLW  30
0125:  ADDWF  78,W
0126:  MOVWF  3E
0127:  MOVF   3C,W
0128:  MOVWF  77
0129:  MOVLW  30
012A:  SUBWF  3D,W
012B:  BTFSC  03.2
012C:  GOTO   131
012D:  BSF    38.1
012E:  BTFSC  38.7
012F:  BSF    38.2
0130:  GOTO   145
0131:  MOVF   3C,W
0132:  MOVWF  3D
0133:  MOVLW  20
0134:  MOVWF  3C
0135:  MOVLW  30
0136:  SUBWF  3E,W
0137:  BTFSC  03.2
0138:  GOTO   13D
0139:  BSF    38.0
013A:  BTFSC  38.7
013B:  BSF    38.1
013C:  GOTO   145
013D:  BTFSS  03.2
013E:  BSF    38.0
013F:  BTFSS  03.2
0140:  GOTO   145
0141:  MOVF   3D,W
0142:  MOVWF  3E
0143:  MOVLW  20
0144:  MOVWF  3D
0145:  BTFSC  38.2
0146:  GOTO   14C
0147:  BTFSC  38.1
0148:  GOTO   152
0149:  BTFSC  38.0
014A:  GOTO   158
014B:  GOTO   15E
014C:  MOVF   3C,W
014D:  BTFSS  11.4
014E:  GOTO   14D
014F:  MOVLB  03
0150:  MOVWF  1A
0151:  MOVLB  00
0152:  MOVF   3D,W
0153:  BTFSS  11.4
0154:  GOTO   153
0155:  MOVLB  03
0156:  MOVWF  1A
0157:  MOVLB  00
0158:  MOVF   3E,W
0159:  BTFSS  11.4
015A:  GOTO   159
015B:  MOVLB  03
015C:  MOVWF  1A
015D:  MOVLB  00
015E:  MOVF   3F,W
015F:  BTFSS  11.4
0160:  GOTO   15F
0161:  MOVLB  03
0162:  MOVWF  1A
0163:  MOVLB  00
0164:  RETURN
*
01AC:  MOVF   0B,W
01AD:  BCF    0B.7
01AE:  MOVLB  03
01AF:  BSF    15.7
01B0:  BSF    15.0
01B1:  NOP
01B2:  NOP
01B3:  BTFSC  09.7
01B4:  BSF    0B.7
01B5:  BTFSC  03.0
01B6:  GOTO   1E0
01B7:  MOVF   13,W
01B8:  ANDLW  7F
01B9:  MOVLB  00
01BA:  MOVWF  3A
01BB:  MOVLB  03
01BC:  MOVF   11,W
01BD:  MOVLB  00
01BE:  MOVWF  3B
01BF:  MOVLB  03
01C0:  MOVF   12,W
01C1:  MOVLB  00
01C2:  MOVWF  3C
01C3:  MOVF   3A,W
01C4:  BTFSS  11.4
01C5:  GOTO   1C4
01C6:  MOVLB  03
01C7:  MOVWF  1A
01C8:  MOVLB  00
01C9:  MOVF   3B,W
01CA:  MOVLB  03
01CB:  MOVWF  11
01CC:  MOVLB  00
01CD:  MOVF   3C,W
01CE:  MOVLB  03
01CF:  MOVWF  12
01D0:  MOVF   0B,W
01D1:  BCF    0B.7
01D2:  BSF    15.7
01D3:  BSF    15.0
01D4:  NOP
01D5:  NOP
01D6:  BTFSC  09.7
01D7:  BSF    0B.7
01D8:  MOVLB  00
01D9:  DECFSZ 37,F
01DA:  GOTO   1DC
01DB:  GOTO   1DE
01DC:  MOVLB  03
01DD:  GOTO   1E0
01DE:  GOTO   201
01DF:  MOVLB  03
01E0:  RLF    13,W
01E1:  RLF    14,W
01E2:  ANDLW  7F
01E3:  MOVLB  00
01E4:  MOVWF  3A
01E5:  MOVLB  03
01E6:  MOVF   11,W
01E7:  MOVLB  00
01E8:  MOVWF  3B
01E9:  MOVLB  03
01EA:  MOVF   12,W
01EB:  MOVLB  00
01EC:  MOVWF  3C
01ED:  MOVF   3A,W
01EE:  BTFSS  11.4
01EF:  GOTO   1EE
01F0:  MOVLB  03
01F1:  MOVWF  1A
01F2:  MOVLB  00
01F3:  MOVF   3B,W
01F4:  MOVLB  03
01F5:  MOVWF  11
01F6:  MOVLB  00
01F7:  MOVF   3C,W
01F8:  MOVLB  03
01F9:  MOVWF  12
01FA:  INCF   11,F
01FB:  BTFSC  03.2
01FC:  INCF   12,F
01FD:  BCF    03.0
01FE:  MOVLB  00
01FF:  DECFSZ 37,F
0200:  GOTO   1AC
0201:  RETURN
*
02C2:  MOVLW  10
02C3:  MOVWF  38
02C4:  CLRF   77
02C5:  CLRF   7A
02C6:  RRF    35,F
02C7:  RRF    34,F
02C8:  BTFSS  03.0
02C9:  GOTO   2D0
02CA:  MOVF   36,W
02CB:  ADDWF  77,F
02CC:  BTFSC  03.0
02CD:  INCF   7A,F
02CE:  MOVF   37,W
02CF:  ADDWF  7A,F
02D0:  RRF    7A,F
02D1:  RRF    77,F
02D2:  RRF    79,F
02D3:  RRF    78,F
02D4:  DECFSZ 38,F
02D5:  GOTO   2C6
*
034E:  DATA 42,18
034F:  DATA BA,12
0350:  DATA 64,10
0351:  DATA C2,18
0352:  DATA BA,12
0353:  DATA 64,10
0354:  DATA 42,19
0355:  DATA BA,12
0356:  DATA E4,06
0357:  DATA 0A,00
0358:  RETLW  4D
0359:  RETLW  6F
035A:  RETLW  64
035B:  RETLW  6F
035C:  RETLW  3A
035D:  RETLW  20
035E:  RETLW  65
035F:  RETLW  6E
0360:  RETLW  76
0361:  RETLW  ED
0362:  RETLW  6F
0363:  RETLW  20
0364:  RETLW  64
0365:  RETLW  65
0366:  RETLW  20
0367:  RETLW  62
0368:  RETLW  6F
0369:  RETLW  74
036A:  RETLW  6F
036B:  RETLW  6E
036C:  RETLW  65
036D:  RETLW  73
036E:  RETLW  20
036F:  RETLW  63
0370:  RETLW  61
0371:  RETLW  64
0372:  RETLW  61
0373:  RETLW  20
0374:  RETLW  25
0375:  RETLW  75
0376:  RETLW  20
0377:  RETLW  6D
0378:  RETLW  73
0379:  RETLW  0D
037A:  RETLW  0A
037B:  RETLW  00
037C:  DATA CD,37
037D:  DATA E4,37
037E:  DATA 20,32
037F:  DATA 65,3A
0380:  DATA 65,37
0381:  DATA 69,32
0382:  DATA EF,06
0383:  DATA 0A,00
0384:  DATA D4,34
0385:  DATA E5,36
0386:  DATA F0,37
0387:  DATA 20,32
0388:  DATA 65,10
0389:  DATA ED,3A
038A:  DATA E5,39
038B:  DATA 74,39
038C:  DATA E5,37
038D:  DATA A0,31
038E:  DATA 6F,37
038F:  DATA E6,34
0390:  DATA E7,3A
0391:  DATA F2,30
0392:  DATA E4,37
0393:  DATA A0,30
0394:  DATA A0,12
0395:  DATA 75,10
0396:  DATA ED,39
0397:  DATA 0D,05
0398:  DATA 00,01
0399:  DATA C3,37
039A:  DATA ED,30
039B:  DATA 6E,32
039C:  DATA 6F,10
039D:  DATA E4,32
039E:  DATA F3,31
039F:  DATA 6F,37
03A0:  DATA EF,31
03A1:  DATA 69,32
03A2:  DATA EF,06
03A3:  DATA 0A,00
.................... 
.................... #list
.................... 
.................... #device ADC=10
.................... #use delay(internal=4MHz)
.................... 
.................... 
.................... #use RS232(BAUD=9600, BITS=8, PARITY=N, XMIT=PIN_B5, RCV=PIN_B1)
.................... #define MAX_BUFFER 3
.................... //------------ BOTONES---------------------
.................... #define BTN0 PIN_A0
.................... #define BTN1 PIN_A1
.................... #define BTN2 PIN_A2
.................... 
.................... // ---------- Definición de estados ----------
.................... typedef enum {
....................     STATE_IDLE = 0,          // no envía nada
....................     STATE_SEND_BUTTONS,      // envía los 3 botones periódicamente
....................     STATE_SEND_BUTTON_X      // envía un botón específico periódicamente
.................... } Estado;
.................... 
.................... Estado estado_actual = STATE_IDLE;
.................... // ---------- Variables globales ----------
.................... char dato_rx = 0;         // último byte recibido
.................... char Buffer[MAX_BUFFER];          // buffer para comando recibido
.................... int idx_comando = 0;
.................... char boton_periodico = '0';   // Botón específico para el modo MX
.................... unsigned int muestreo_ms = 100; // Tiempo de muestreo en ms (por defecto 100ms)
.................... //----------- prototipos -----------------
.................... void enviar_valor(int16 valor);
.................... void enviar_estado_pin();
.................... void init_adc();
.................... void init_timer1();
.................... void procesar_comando();
.................... void enviar_botones();
.................... void enviar_boton(char);
.................... // ---------- ISR RDA ----------
.................... #INT_RDA
.................... void RDA_isr(void) {
*
0202:  BTFSS  11.5
0203:  GOTO   202
0204:  MOVLB  03
0205:  MOVF   19,W
0206:  MOVLB  00
0207:  MOVWF  32
....................    char c = fgetc();   // leer el carácter del stream SERIAL
.................... 
....................    // Si se presiona Enter (CR o LF)
....................    if (c == '\r' || c == '\n') {
0208:  MOVF   32,W
0209:  SUBLW  0D
020A:  BTFSC  03.2
020B:  GOTO   210
020C:  MOVF   32,W
020D:  SUBLW  0A
020E:  BTFSS  03.2
020F:  GOTO   2AA
....................       if (idx_comando > 0) {               // sólo si hay algo escrito
0210:  MOVF   2D,F
0211:  BTFSC  03.2
0212:  GOTO   2A9
....................          Buffer[idx_comando] = '\0';       // cierra la cadena con null terminador
0213:  MOVLW  0A
0214:  ADDWF  2D,W
0215:  MOVWF  04
0216:  MOVLW  20
0217:  MOVWF  05
0218:  BTFSC  03.0
0219:  INCF   05,F
021A:  CLRF   00
....................          idx_comando = 0;                  // resetea el índice para la próxima entrada
021B:  CLRF   2D
....................          procesar_comando();
....................       }
....................    }
*
02A9:  GOTO   2B8
....................    else {
....................       // Evita desbordamiento del buffer
....................       if (idx_comando < (MAX_BUFFER - 1)) {
02AA:  MOVF   2D,W
02AB:  SUBLW  01
02AC:  BTFSS  03.0
02AD:  GOTO   2B8
....................          Buffer[idx_comando++] = c;        // guarda carácter
02AE:  MOVF   2D,W
02AF:  INCF   2D,F
02B0:  ADDLW  0A
02B1:  MOVWF  04
02B2:  MOVLW  20
02B3:  MOVWF  05
02B4:  BTFSC  03.0
02B5:  INCF   05,F
02B6:  MOVF   32,W
02B7:  MOVWF  00
....................       }
....................    }
.................... }
.................... 
.................... 
.................... // ---------- ISR Timer1 ----------
02B8:  BCF    11.5
02B9:  MOVLP  00
02BA:  GOTO   02D
.................... #INT_TIMER1
.................... void timer1_isr(void) {
....................    // recarga según el tiempo de muestreo
....................     set_timer1(65536 - muestreo_ms*1000 );  // ajustar según tu clock
02BB:  CLRF   35
02BC:  MOVF   2F,W
02BD:  MOVWF  34
02BE:  MOVLW  03
02BF:  MOVWF  37
02C0:  MOVLW  E8
02C1:  MOVWF  36
*
02D6:  MOVF   78,W
02D7:  SUBLW  00
02D8:  MOVWF  34
02D9:  MOVLW  00
02DA:  MOVWF  35
02DB:  MOVF   79,W
02DC:  SUBWFC 35,F
02DD:  MOVLW  01
02DE:  MOVWF  36
02DF:  MOVLW  00
02E0:  SUBWFC 36,F
02E1:  MOVWF  37
02E2:  SUBWFC 37,F
02E3:  CLRF   16
02E4:  MOVF   35,W
02E5:  MOVWF  17
02E6:  MOVF   34,W
02E7:  MOVWF  16
.................... 
....................     // envío según el estado
....................     switch (estado_actual) {
02E8:  MOVF   28,W
02E9:  XORLW  01
02EA:  BTFSC  03.2
02EB:  GOTO   2F0
02EC:  XORLW  03
02ED:  BTFSC  03.2
02EE:  GOTO   343
02EF:  GOTO   349
....................         case STATE_SEND_BUTTONS:
....................             enviar_botones();
....................             break;
*
0342:  GOTO   34A
....................         case STATE_SEND_BUTTON_X:
....................             enviar_boton(boton_periodico);
0343:  MOVF   2E,W
0344:  MOVWF  34
0345:  CALL   165
....................             break;
0346:  MOVLB  03
0347:  GOTO   34A
0348:  MOVLB  00
....................         default:
....................             break;
0349:  MOVLB  03
....................     }
034A:  MOVLB  00
034B:  BCF    11.0
034C:  MOVLP  00
034D:  GOTO   02D
.................... }
.................... 
.................... 
.................... // ---------- Inicialización Timer1 ----------
.................... void init_timer1() {
....................    setup_timer_1(T1_INTERNAL | T1_DIV_BY_1);
*
03AF:  MOVLW  05
03B0:  MOVWF  18
03B1:  CLRF   19
....................    set_timer1(6072);
03B2:  CLRF   16
03B3:  MOVLW  17
03B4:  MOVWF  17
03B5:  MOVLW  B8
03B6:  MOVWF  16
....................    enable_interrupts(INT_TIMER1);
03B7:  MOVLB  01
03B8:  BSF    11.0
03B9:  MOVLP  00
03BA:  MOVLB  00
03BB:  GOTO   3DE (RETURN)
.................... }
.................... 
.................... // ---------- Inicialización RDA ----------
.................... void init_rda() {
....................    enable_interrupts(INT_RDA);
*
03A4:  MOVLB  01
03A5:  BSF    11.5
....................    enable_interrupts(GLOBAL);
03A6:  MOVLW  C0
03A7:  IORWF  0B,F
....................    set_tris_b(0b00000010); // RB0 como entrada
03A8:  MOVLW  02
03A9:  MOVWF  0D
....................    set_tris_a(0b00000111); // RA0,RA1,RA2 como entrada
03AA:  MOVLW  07
03AB:  MOVWF  0C
03AC:  MOVLP  00
03AD:  MOVLB  00
03AE:  GOTO   3DD (RETURN)
.................... }
.................... 
.................... // ---------- Función para enviar los 3 botones ----------
.................... void enviar_botones() {
*
02F0:  MOVLB  01
02F1:  BSF    0C.0
*
02F6:  MOVLB  01
02F7:  BSF    0C.1
*
02FC:  MOVLB  01
02FD:  BSF    0C.2
....................     int b0 = input(BTN0);
....................     int b1 = input(BTN1);
....................     int b2 = input(BTN2);
....................     printf("B0:%d B1:%d B2:%d\r\n", b0, b1, b2);
*
0302:  MOVLW  42
0303:  BTFSS  11.4
0304:  GOTO   303
0305:  MOVLB  03
0306:  MOVWF  1A
0307:  MOVLW  30
0308:  MOVLB  00
0309:  BTFSS  11.4
030A:  GOTO   309
030B:  MOVLB  03
030C:  MOVWF  1A
030D:  MOVLW  3A
030E:  MOVLB  00
030F:  BTFSS  11.4
0310:  GOTO   30F
0311:  MOVLB  03
0312:  MOVWF  1A
0313:  MOVLB  00
0314:  MOVF   34,W
0315:  MOVWF  37
0316:  MOVLW  18
0317:  MOVWF  38
0318:  CALL   102
0319:  MOVLW  50
031A:  MOVLB  03
031B:  MOVWF  11
031C:  MOVLW  03
031D:  MOVWF  12
031E:  BSF    03.0
031F:  MOVLW  04
0320:  MOVLB  00
0321:  MOVWF  37
0322:  CALL   1AC
0323:  MOVF   35,W
0324:  MOVWF  37
0325:  MOVLW  18
0326:  MOVWF  38
0327:  CALL   102
0328:  MOVLW  53
0329:  MOVLB  03
032A:  MOVWF  11
032B:  MOVLW  03
032C:  MOVWF  12
032D:  BSF    03.0
032E:  MOVLW  04
032F:  MOVLB  00
0330:  MOVWF  37
0331:  CALL   1AC
0332:  MOVF   36,W
0333:  MOVWF  37
0334:  MOVLW  18
0335:  MOVWF  38
0336:  CALL   102
0337:  MOVLW  0D
0338:  BTFSS  11.4
0339:  GOTO   338
033A:  MOVLB  03
033B:  MOVWF  1A
033C:  MOVLW  0A
033D:  MOVLB  00
033E:  BTFSS  11.4
033F:  GOTO   33E
0340:  MOVLB  03
0341:  MOVWF  1A
.................... }
.................... 
.................... // ---------- Función para enviar estado de un botón específico ----------
.................... void enviar_boton(char boton) {
*
0165:  CLRF   35
....................     int estado = 0;
....................     switch(boton) {
0166:  MOVF   34,W
0167:  XORLW  30
0168:  BTFSC  03.2
0169:  GOTO   171
016A:  XORLW  01
016B:  BTFSC  03.2
016C:  GOTO   178
016D:  XORLW  03
016E:  BTFSC  03.2
016F:  GOTO   17F
0170:  GOTO   186
....................         case '0': estado = input(BTN0); break;
0171:  MOVLB  01
0172:  BSF    0C.0
0173:  MOVLB  00
0174:  CLRF   35
0175:  BTFSC  0C.0
0176:  INCF   35,F
0177:  GOTO   188
....................         case '1': estado = input(BTN1); break;
0178:  MOVLB  01
0179:  BSF    0C.1
017A:  MOVLB  00
017B:  CLRF   35
017C:  BTFSC  0C.1
017D:  INCF   35,F
017E:  GOTO   188
....................         case '2': estado = input(BTN2); break;
017F:  MOVLB  01
0180:  BSF    0C.2
0181:  MOVLB  00
0182:  CLRF   35
0183:  BTFSC  0C.2
0184:  INCF   35,F
0185:  GOTO   188
....................         default: estado = -1; break;
0186:  MOVLW  FF
0187:  MOVWF  35
....................     }
....................     printf("B%c:%d\r\n", boton, estado);
0188:  MOVLW  42
0189:  BTFSS  11.4
018A:  GOTO   189
018B:  MOVLB  03
018C:  MOVWF  1A
018D:  MOVLB  00
018E:  MOVF   34,W
018F:  BTFSS  11.4
0190:  GOTO   18F
0191:  MOVLB  03
0192:  MOVWF  1A
0193:  MOVLW  3A
0194:  MOVLB  00
0195:  BTFSS  11.4
0196:  GOTO   195
0197:  MOVLB  03
0198:  MOVWF  1A
0199:  MOVLB  00
019A:  MOVF   35,W
019B:  MOVWF  37
019C:  MOVLW  18
019D:  MOVWF  38
019E:  CALL   102
019F:  MOVLW  0D
01A0:  BTFSS  11.4
01A1:  GOTO   1A0
01A2:  MOVLB  03
01A3:  MOVWF  1A
01A4:  MOVLW  0A
01A5:  MOVLB  00
01A6:  BTFSS  11.4
01A7:  GOTO   1A6
01A8:  MOVLB  03
01A9:  MOVWF  1A
01AA:  MOVLB  00
01AB:  RETURN
.................... }
.................... 
.................... 
.................... // ---------- Función para procesar comando ----------
.................... void procesar_comando() {
....................     // Comando S1 -> iniciar envío periódico de los 3 botones
....................     if (Buffer[0] == 's' && Buffer[1] == '1' && Buffer[2] == '\0') {
*
021C:  MOVF   2A,W
021D:  SUBLW  73
021E:  BTFSS  03.2
021F:  GOTO   23F
0220:  MOVF   2B,W
0221:  SUBLW  31
0222:  BTFSS  03.2
0223:  GOTO   23F
0224:  MOVF   2C,F
0225:  BTFSS  03.2
0226:  GOTO   23F
....................         estado_actual = STATE_SEND_BUTTONS;
0227:  MOVLW  01
0228:  MOVWF  28
....................         printf("Modo: envío de botones cada %u ms\r\n", muestreo_ms);
0229:  MOVLW  58
022A:  CLRF   05
022B:  MOVWF  04
022C:  MOVLW  83
022D:  MOVWF  05
022E:  MOVLW  1C
022F:  MOVWF  34
0230:  CALL   04A
0231:  MOVF   2F,W
0232:  MOVWF  34
0233:  MOVLW  1B
0234:  MOVWF  35
0235:  CALL   074
0236:  MOVLW  76
0237:  CLRF   05
0238:  MOVWF  04
0239:  MOVLW  83
023A:  MOVWF  05
023B:  MOVLW  05
023C:  MOVWF  34
023D:  CALL   04A
....................     }
023E:  GOTO   2A9
....................     // Comando S0 -> detener envío
....................     else if (Buffer[0] == 's' && Buffer[1] == '0' && Buffer[2] == '\0') {
023F:  MOVF   2A,W
0240:  SUBLW  73
0241:  BTFSS  03.2
0242:  GOTO   253
0243:  MOVF   2B,W
0244:  SUBLW  30
0245:  BTFSS  03.2
0246:  GOTO   253
0247:  MOVF   2C,F
0248:  BTFSS  03.2
0249:  GOTO   253
....................         estado_actual = STATE_IDLE;
024A:  CLRF   28
....................         printf("Modo detenido\r\n");
024B:  MOVLW  7C
024C:  MOVLB  03
024D:  MOVWF  11
024E:  MOVLW  03
024F:  MOVWF  12
0250:  MOVLB  00
0251:  CALL   0B2
....................     }
0252:  GOTO   2A9
....................     // Comando MX -> enviar estado de botón X
....................     else if (Buffer[0] == 'm' && Buffer[1] >= '0' && Buffer[1] <= '2' && Buffer[2] == '\0') {
0253:  MOVF   2A,W
0254:  SUBLW  6D
0255:  BTFSS  03.2
0256:  GOTO   266
0257:  MOVF   2B,W
0258:  SUBLW  2F
0259:  BTFSC  03.0
025A:  GOTO   266
025B:  MOVF   2B,W
025C:  SUBLW  32
025D:  BTFSS  03.0
025E:  GOTO   266
025F:  MOVF   2C,F
0260:  BTFSS  03.2
0261:  GOTO   266
....................         enviar_boton(Buffer[1]);
0262:  MOVF   2B,W
0263:  MOVWF  34
0264:  CALL   165
....................     }
0265:  GOTO   2A9
....................     // Comando CX -> configurar tiempo de muestreo
....................     else if (Buffer[0] == 'c' && Buffer[1] >= '0' && Buffer[1] <= '2' && Buffer[2] == '\0') {
0266:  MOVF   2A,W
0267:  SUBLW  63
0268:  BTFSS  03.2
0269:  GOTO   2A2
026A:  MOVF   2B,W
026B:  SUBLW  2F
026C:  BTFSC  03.0
026D:  GOTO   2A2
026E:  MOVF   2B,W
026F:  SUBLW  32
0270:  BTFSS  03.0
0271:  GOTO   2A2
0272:  MOVF   2C,F
0273:  BTFSS  03.2
0274:  GOTO   2A2
....................         switch(Buffer[1]) {
0275:  MOVF   2B,W
0276:  XORLW  30
0277:  BTFSC  03.2
0278:  GOTO   280
0279:  XORLW  01
027A:  BTFSC  03.2
027B:  GOTO   283
027C:  XORLW  03
027D:  BTFSC  03.2
027E:  GOTO   286
027F:  GOTO   288
....................             case '0': muestreo_ms = 100; break;
0280:  MOVLW  64
0281:  MOVWF  2F
0282:  GOTO   288
....................             case '1': muestreo_ms = 500; break;
0283:  MOVLW  F4
0284:  MOVWF  2F
0285:  GOTO   288
....................             case '2': muestreo_ms = 1000; break;
0286:  MOVLW  E8
0287:  MOVWF  2F
....................         }
....................         printf("Tiempo de muestreo configurado a %u ms\r\n", muestreo_ms);
0288:  MOVLW  84
0289:  MOVLB  03
028A:  MOVWF  11
028B:  MOVLW  03
028C:  MOVWF  12
028D:  BCF    03.0
028E:  MOVLW  21
028F:  MOVLB  00
0290:  MOVWF  37
0291:  CALL   1AC
0292:  MOVF   2F,W
0293:  MOVWF  34
0294:  MOVLW  1B
0295:  MOVWF  35
0296:  CALL   074
0297:  MOVLW  95
0298:  MOVLB  03
0299:  MOVWF  11
029A:  MOVLW  03
029B:  MOVWF  12
029C:  BSF    03.0
029D:  MOVLW  05
029E:  MOVLB  00
029F:  MOVWF  37
02A0:  CALL   1AC
....................     }
02A1:  GOTO   2A9
....................     else {
....................         printf("Comando desconocido\r\n");
02A2:  MOVLW  99
02A3:  MOVLB  03
02A4:  MOVWF  11
02A5:  MOVLW  03
02A6:  MOVWF  12
02A7:  MOVLB  00
02A8:  CALL   0B2
....................     }
.................... }
.................... // ---------- Main ----------
.................... void main() {
*
03BC:  MOVLW  6A
03BD:  MOVLB  01
03BE:  MOVWF  19
03BF:  MOVLB  02
03C0:  BSF    1E.0
03C1:  MOVLB  03
03C2:  BCF    1F.3
03C3:  MOVLW  19
03C4:  MOVWF  1B
03C5:  MOVLW  A6
03C6:  MOVWF  1E
03C7:  MOVLW  90
03C8:  MOVWF  1D
03C9:  MOVLB  00
03CA:  CLRF   28
03CB:  CLRF   29
03CC:  CLRF   2D
03CD:  MOVLW  30
03CE:  MOVWF  2E
03CF:  MOVLW  64
03D0:  MOVWF  2F
03D1:  CLRF   31
03D2:  CLRF   30
03D3:  MOVLB  03
03D4:  CLRF   0C
03D5:  CLRF   0D
03D6:  MOVLB  02
03D7:  CLRF   12
03D8:  CLRF   11
03D9:  CLRF   14
03DA:  CLRF   13
....................    init_rda();
03DB:  MOVLB  00
03DC:  GOTO   3A4
....................    init_timer1();
03DD:  GOTO   3AF
....................    //init_gpio();//IMPORTANTE PARA RSA
....................    while(TRUE) {
03DE:  GOTO   3DE
....................       
....................    }
.................... }
.................... 
03DF:  SLEEP

Configuration Fuses:
   Word  1: 3FC4   INTRC_IO NOWDT PUT MCLR NOPROTECT NOCPD BROWNOUT NOCLKOUT IESO FCMEN
   Word  2: 1EFF   NOWRT PLL_SW STVREN BORV19 NODEBUG NOLVP
