
ROM used:   564/4096 (14%)
            564/4096 (14%) including unused fragments

            0.4 Average locations per line
            4.7 Average locations per statement

RAM used:   8/383 (2%) at main() level
            34/383 (9%) worst case

Stack used: 5 worst case (5 in main + 0 for interrupts)
Stack size: 16

Lines Stmts  %   Files
----- ----- ---  -----
   49    21  17  Ejercicio_3.c
    5     0   0  Ejercicio_3.h
  965     0   0  ..\..\..\..\..\..\..\..\Program Files (x86)\PICC\Devices\16F1827.h
  456   100  83  ..\..\..\..\..\..\..\..\Program Files (x86)\PICC\Drivers\lcd.c
----- -----
 1475   121 Total

Page ROM  %  RAM    Vol Diff  Functions:
---- --- --- ---    --- ----  ----------
0     22   4    1             @delay_ms1
 Inline         3    760  4.5  lcd_read_byte
0     49   9    2    262  3.7  lcd_read_nibble
0     55  10    1    399  2.4  lcd_send_nibble
0     97  17    3    415  3.7  lcd_send_byte
 Inline         6    852  6.2  lcd_init
0     18   3    4    208  6.3  lcd_gotoxy
0     44   8    1    354  4.7  lcd_putc
0    101  18    2    529  4.7  MAIN
0     15   3    0             @const762
0     74  13    5             @PSTRINGC7_745
0      1   0    0             @const767
0      3   1    0             @const768
0      1   0    0             @const769
0      3   1    0             @const770
0     78  14    0     48  1.1  InitGPIO
 Inline         0             @cinit1

Program metrics:
    Functions               9
    Statements              121
    Comments                269
    Volume (V)              5874
    Difficulty (D)          36.0
    Effort to implement (E) 211485
    Time to implement (T)   3 hours, 16 minutes
    Est Delivered Bugs (B)  1
    Cyclomatic Complexity   10
    Maintainability (MI)    136

 Segment     Used  Free
-----------  ----  ----
00000-00002     3  0  
00003-007FF   561  1484  
00800-00FFF     0  2048  



